# console (/rosout_agg) log for epic_2026-07-08-23-58-46.bag
# started at 2026-07-08-23-58-46
[INFO] [1783522726.935] [/record_on_goal]: [record_on_goal] event log -> /home/hmcl/stack1/src/EPIC_poongsan/src/EPIC/src/global_planner/exploration_manager/records/epic_2026-07-08-23-58-46/epic_2026-07-08-23-58-46.events.log
[INFO] [1783522726.939] [/record_on_goal]: [record_on_goal] recording started (pid 2916623) -> /home/hmcl/stack1/src/EPIC_poongsan/src/EPIC/src/global_planner/exploration_manager/records/epic_2026-07-08-23-58-46/epic_2026-07-08-23-58-46.bag
[INFO] [1783522727.967] [/local_avoidance]: [local_avoidance] avoiding...  min_dist=0.35 m
[INFO] [1783522729.018] [/local_avoidance]: [local_avoidance] avoiding...  min_dist=0.38 m
[INFO] [1783522729.517] [/local_avoidance]: [local_avoidance] DEACTIVATED
[INFO] [1783522729.554] [/cloud_crop_bridge]: [CloudCrop] 2368 -> 749 pts (32%)
[WARN] [1783522729.568] [/local_avoidance]: [local_avoidance] ACTIVATED  (min_dist=0.35 m, idx=616)
[INFO] [1783522729.717] [/local_avoidance]: [local_avoidance] DEACTIVATED
[WARN] [1783522729.767] [/local_avoidance]: [local_avoidance] ACTIVATED  (min_dist=0.35 m, idx=1471)
[INFO] [1783522729.818] [/local_avoidance]: [local_avoidance] DEACTIVATED
[WARN] [1783522729.867] [/local_avoidance]: [local_avoidance] ACTIVATED  (min_dist=0.35 m, idx=8213)
[INFO] [1783522729.917] [/local_avoidance]: [local_avoidance] DEACTIVATED
[WARN] [1783522729.967] [/local_avoidance]: [local_avoidance] ACTIVATED  (min_dist=0.35 m, idx=1443)
[INFO] [1783522730.017] [/local_avoidance]: [local_avoidance] DEACTIVATED
[WARN] [1783522730.067] [/local_avoidance]: [local_avoidance] ACTIVATED  (min_dist=0.35 m, idx=1167)
[INFO] [1783522730.117] [/local_avoidance]: [local_avoidance] DEACTIVATED
[WARN] [1783522730.168] [/local_avoidance]: [local_avoidance] ACTIVATED  (min_dist=0.35 m, idx=1986)
[INFO] [1783522730.219] [/local_avoidance]: [local_avoidance] DEACTIVATED
[WARN] [1783522730.268] [/local_avoidance]: [local_avoidance] ACTIVATED  (min_dist=0.35 m, idx=8831)
[INFO] [1783522730.317] [/local_avoidance]: [local_avoidance] DEACTIVATED
[WARN] [1783522730.368] [/local_avoidance]: [local_avoidance] ACTIVATED  (min_dist=0.34 m, idx=9824)
[INFO] [1783522730.417] [/local_avoidance]: [local_avoidance] DEACTIVATED
[WARN] [1783522730.467] [/local_avoidance]: [local_avoidance] ACTIVATED  (min_dist=0.35 m, idx=2071)
[INFO] [1783522730.518] [/local_avoidance]: [local_avoidance] DEACTIVATED
[WARN] [1783522730.567] [/local_avoidance]: [local_avoidance] ACTIVATED  (min_dist=0.35 m, idx=8823)
[INFO] [1783522730.618] [/local_avoidance]: [local_avoidance] avoiding...  min_dist=0.35 m
[INFO] [1783522730.718] [/local_avoidance]: [local_avoidance] DEACTIVATED
[WARN] [1783522730.767] [/local_avoidance]: [local_avoidance] ACTIVATED  (min_dist=0.35 m, idx=3437)
[INFO] [1783522731.667] [/local_avoidance]: [local_avoidance] avoiding...  min_dist=0.35 m
[WARN] [1783522731.891] [/exploration_node]: wait for trigger.
[INFO] [1783522732.668] [/local_avoidance]: [local_avoidance] avoiding...  min_dist=0.36 m
[INFO] [1783522733.717] [/local_avoidance]: [local_avoidance] avoiding...  min_dist=0.35 m
[INFO] [1783522734.168] [/local_avoidance]: [local_avoidance] DEACTIVATED
[WARN] [1783522734.217] [/local_avoidance]: [local_avoidance] ACTIVATED  (min_dist=0.35 m, idx=7812)
[INFO] [1783522734.367] [/local_avoidance]: [local_avoidance] DEACTIVATED
[WARN] [1783522734.419] [/local_avoidance]: [local_avoidance] ACTIVATED  (min_dist=0.35 m, idx=573)
[INFO] [1783522734.604] [/cloud_crop_bridge]: [CloudCrop] 2384 -> 726 pts (30%)
[INFO] [1783522734.668] [/local_avoidance]: [local_avoidance] DEACTIVATED
[WARN] [1783522734.717] [/local_avoidance]: [local_avoidance] ACTIVATED  (min_dist=0.34 m, idx=8067)
[INFO] [1783522734.770] [/local_avoidance]: [local_avoidance] avoiding...  min_dist=0.58 m
[INFO] [1783522734.867] [/local_avoidance]: [local_avoidance] DEACTIVATED
[WARN] [1783522734.917] [/local_avoidance]: [local_avoidance] ACTIVATED  (min_dist=0.35 m, idx=1206)
[INFO] [1783522734.967] [/local_avoidance]: [local_avoidance] DEACTIVATED
[WARN] [1783522735.017] [/local_avoidance]: [local_avoidance] ACTIVATED  (min_dist=0.35 m, idx=751)
[INFO] [1783522735.067] [/local_avoidance]: [local_avoidance] DEACTIVATED
[WARN] [1783522735.117] [/local_avoidance]: [local_avoidance] ACTIVATED  (min_dist=0.35 m, idx=1667)
[INFO] [1783522735.167] [/local_avoidance]: [local_avoidance] DEACTIVATED
[WARN] [1783522735.218] [/local_avoidance]: [local_avoidance] ACTIVATED  (min_dist=0.34 m, idx=1186)
[INFO] [1783522735.268] [/local_avoidance]: [local_avoidance] DEACTIVATED
[WARN] [1783522735.317] [/local_avoidance]: [local_avoidance] ACTIVATED  (min_dist=0.35 m, idx=2043)
[INFO] [1783522735.368] [/local_avoidance]: [local_avoidance] DEACTIVATED
[WARN] [1783522735.417] [/local_avoidance]: [local_avoidance] ACTIVATED  (min_dist=0.34 m, idx=1647)
[INFO] [1783522735.467] [/local_avoidance]: [local_avoidance] DEACTIVATED
[WARN] [1783522735.517] [/local_avoidance]: [local_avoidance] ACTIVATED  (min_dist=0.35 m, idx=2644)
[INFO] [1783522735.568] [/local_avoidance]: [local_avoidance] DEACTIVATED
[WARN] [1783522735.618] [/local_avoidance]: [local_avoidance] ACTIVATED  (min_dist=0.35 m, idx=9506)
[INFO] [1783522735.667] [/local_avoidance]: [local_avoidance] DEACTIVATED
[WARN] [1783522735.718] [/local_avoidance]: [local_avoidance] ACTIVATED  (min_dist=0.35 m, idx=3105)
[INFO] [1783522735.803] [/Odometry_relay_1783522735542448094]: advertised as /mavros/odometry/out

[INFO] [1783522735.817] [/local_avoidance]: [local_avoidance] avoiding...  min_dist=0.35 m
[INFO] [1783522736.232] [/epic_rosbag_recorder]: Subscribing to /tf_static
[INFO] [1783522736.233] [/epic_rosbag_recorder]: Subscribing to /mavros/odometry/out
[INFO] [1783522736.872] [/local_avoidance]: [local_avoidance] avoiding...  min_dist=0.35 m
[WARN] [1783522736.901] [/exploration_node]: wait for trigger.
[INFO] [1783522737.917] [/local_avoidance]: [local_avoidance] avoiding...  min_dist=0.35 m
[INFO] [1783522738.967] [/local_avoidance]: [local_avoidance] avoiding...  min_dist=0.35 m
[INFO] [1783522739.518] [/local_avoidance]: [local_avoidance] DEACTIVATED
[WARN] [1783522739.567] [/local_avoidance]: [local_avoidance] ACTIVATED  (min_dist=0.35 m, idx=6551)
[INFO] [1783522739.618] [/local_avoidance]: [local_avoidance] DEACTIVATED
[INFO] [1783522739.653] [/cloud_crop_bridge]: [CloudCrop] 2366 -> 764 pts (32%)
[WARN] [1783522739.667] [/local_avoidance]: [local_avoidance] ACTIVATED  (min_dist=0.35 m, idx=7738)
[INFO] [1783522739.717] [/local_avoidance]: [local_avoidance] DEACTIVATED
[WARN] [1783522739.768] [/local_avoidance]: [local_avoidance] ACTIVATED  (min_dist=0.35 m, idx=1249)
[INFO] [1783522739.818] [/local_avoidance]: [local_avoidance] DEACTIVATED
[WARN] [1783522739.867] [/local_avoidance]: [local_avoidance] ACTIVATED  (min_dist=0.35 m, idx=868)
[INFO] [1783522739.917] [/local_avoidance]: [local_avoidance] DEACTIVATED
[WARN] [1783522739.967] [/local_avoidance]: [local_avoidance] ACTIVATED  (min_dist=0.34 m, idx=9096)
[INFO] [1783522740.017] [/local_avoidance]: [local_avoidance] DEACTIVATED
[WARN] [1783522740.067] [/local_avoidance]: [local_avoidance] ACTIVATED  (min_dist=0.35 m, idx=8647)
[INFO] [1783522740.118] [/local_avoidance]: [local_avoidance] DEACTIVATED
[WARN] [1783522740.167] [/local_avoidance]: [local_avoidance] ACTIVATED  (min_dist=0.35 m, idx=8191)
[INFO] [1783522740.218] [/local_avoidance]: [local_avoidance] DEACTIVATED
[WARN] [1783522740.268] [/local_avoidance]: [local_avoidance] ACTIVATED  (min_dist=0.35 m, idx=1777)
[INFO] [1783522740.318] [/local_avoidance]: [local_avoidance] DEACTIVATED
[WARN] [1783522740.367] [/local_avoidance]: [local_avoidance] ACTIVATED  (min_dist=0.35 m, idx=2802)
[INFO] [1783522740.417] [/local_avoidance]: [local_avoidance] DEACTIVATED
[WARN] [1783522740.468] [/local_avoidance]: [local_avoidance] ACTIVATED  (min_dist=0.34 m, idx=2075)
[INFO] [1783522740.517] [/local_avoidance]: [local_avoidance] DEACTIVATED
[WARN] [1783522740.567] [/local_avoidance]: [local_avoidance] ACTIVATED  (min_dist=0.34 m, idx=1756)
[INFO] [1783522740.618] [/local_avoidance]: [local_avoidance] DEACTIVATED
[WARN] [1783522740.671] [/local_avoidance]: [local_avoidance] ACTIVATED  (min_dist=0.35 m, idx=2772)
[INFO] [1783522740.718] [/local_avoidance]: [local_avoidance] DEACTIVATED
[WARN] [1783522740.768] [/local_avoidance]: [local_avoidance] ACTIVATED  (min_dist=0.35 m, idx=9547)
[INFO] [1783522740.818] [/local_avoidance]: [local_avoidance] avoiding...  min_dist=0.59 m
