# console (/rosout_agg) log for epic_2026-07-20-19-22-24.bag
# started at 2026-07-20-19-22-24
[INFO] [1784542944.621] [/record_on_goal]: [record_on_goal] epic log -> /home/hmcl/EPIC-stack/src/EPIC_poongsan/src/EPIC/src/global_planner/exploration_manager/records/epic_2026-07-20-19-22-24/epic_2026-07-20-19-22-24.epic.log
[INFO] [1784542944.624] [/record_on_goal]: [record_on_goal] event log -> /home/hmcl/EPIC-stack/src/EPIC_poongsan/src/EPIC/src/global_planner/exploration_manager/records/epic_2026-07-20-19-22-24/epic_2026-07-20-19-22-24.events.log
[INFO] [1784542944.900] [/mavros]: HP: requesting home position
[INFO] [1784542945.026] [/exploration_node]: [EV] [1784542945.026][     +1.5s][WAIT_TRIGGER] BATT 23.0V | voltage=23.29V percent=36%
[INFO] [1784542947.024] [/exploration_node]: [EV] [1784542947.024][     +3.5s][WAIT_TRIGGER] BATT 23.0V | voltage=23.28V percent=36%
[INFO] [1784542949.024] [/exploration_node]: [EV] [1784542949.024][     +5.5s][WAIT_TRIGGER] BATT 23.0V | voltage=23.27V percent=36%
[WARN] [1784542949.557] [/exploration_node]: wait for trigger.
[INFO] [1784542953.019] [/exploration_node]: [EV] [1784542953.019][     +9.5s][WAIT_TRIGGER] BATT 23.0V | voltage=23.26V percent=36% (repeated x1)
[WARN] [1784542954.564] [/exploration_node]: wait for trigger.
[INFO] [1784542954.900] [/mavros]: HP: requesting home position
[INFO] [1784542957.019] [/exploration_node]: [EV] [1784542957.019][    +13.5s][WAIT_TRIGGER] BATT 23.0V | voltage=23.26V percent=35% (repeated x1)
[INFO] [1784542959.017] [/exploration_node]: [EV] [1784542959.017][    +15.5s][WAIT_TRIGGER] BATT 23.0V | voltage=23.26V percent=36%
[WARN] [1784542959.574] [/exploration_node]: wait for trigger.
[INFO] [1784542963.015] [/exploration_node]: [EV] [1784542963.015][    +19.5s][WAIT_TRIGGER] BATT 23.0V | voltage=23.26V percent=35% (repeated x1)
[WARN] [1784542964.584] [/exploration_node]: wait for trigger.
[INFO] [1784542964.900] [/mavros]: HP: requesting home position
[INFO] [1784542969.010] [/exploration_node]: [EV] [1784542969.010][    +25.5s][WAIT_TRIGGER] BATT 23.0V | voltage=23.25V percent=35% (repeated x2)
[WARN] [1784542969.584] [/exploration_node]: wait for trigger.
[WARN] [1784542974.594] [/exploration_node]: wait for trigger.
[INFO] [1784542974.900] [/mavros]: HP: requesting home position
[INFO] [1784542977.004] [/exploration_node]: [EV] [1784542977.004][    +33.5s][WAIT_TRIGGER] BATT 23.0V | voltage=23.24V percent=35% (repeated x3)
[WARN] [1784542979.604] [/exploration_node]: wait for trigger.
[WARN] [1784542984.607] [/exploration_node]: wait for trigger.
[INFO] [1784542984.900] [/mavros]: HP: requesting home position
[WARN] [1784542989.614] [/exploration_node]: wait for trigger.
[INFO] [1784542992.997] [/exploration_node]: [EV] [1784542992.996][    +49.5s][WAIT_TRIGGER] BATT 23.0V | voltage=23.23V percent=35% (repeated x7)
[WARN] [1784542994.615] [/exploration_node]: wait for trigger.
[INFO] [1784542994.902] [/mavros]: HP: requesting home position
[INFO] [1784542994.995] [/exploration_node]: [EV] [1784542994.995][    +51.5s][WAIT_TRIGGER] BATT 23.0V | voltage=23.24V percent=35%
[INFO] [1784542996.992] [/exploration_node]: [EV] [1784542996.992][    +53.5s][WAIT_TRIGGER] BATT 23.0V | voltage=23.23V percent=35%
[WARN] [1784542999.625] [/exploration_node]: wait for trigger.
[INFO] [1784543002.997] [/exploration_node]: [EV] [1784543002.997][    +59.5s][WAIT_TRIGGER] BATT 23.0V | voltage=23.23V percent=34% (repeated x2)
[WARN] [1784543004.634] [/exploration_node]: wait for trigger.
[INFO] [1784543004.900] [/mavros]: HP: requesting home position
[INFO] [1784543006.987] [/exploration_node]: [EV] [1784543006.987][    +63.5s][WAIT_TRIGGER] BATT 23.0V | voltage=23.23V percent=35% (repeated x1)
[INFO] [1784543008.985] [/exploration_node]: [EV] [1784543008.985][    +65.5s][WAIT_TRIGGER] BATT 23.0V | voltage=23.22V percent=34%
[WARN] [1784543009.634] [/exploration_node]: wait for trigger.
[INFO] [1784543010.984] [/exploration_node]: [EV] [1784543010.984][    +67.5s][WAIT_TRIGGER] BATT 23.0V | voltage=23.23V percent=34%
[WARN] [1784543014.635] [/exploration_node]: wait for trigger.
[INFO] [1784543014.900] [/mavros]: HP: requesting home position
[INFO] [1784543014.981] [/exploration_node]: [EV] [1784543014.981][    +71.5s][WAIT_TRIGGER] BATT 23.0V | voltage=23.22V percent=34% (repeated x1)
[INFO] [1784543018.980] [/exploration_node]: [EV] [1784543018.980][    +75.5s][WAIT_TRIGGER] BATT 23.0V | voltage=23.21V percent=34% (repeated x1)
[WARN] [1784543019.644] [/exploration_node]: wait for trigger.
[INFO] [1784543020.977] [/exploration_node]: [EV] [1784543020.977][    +77.5s][WAIT_TRIGGER] BATT 23.0V | voltage=23.22V percent=34%
[INFO] [1784543022.976] [/exploration_node]: [EV] [1784543022.976][    +79.5s][WAIT_TRIGGER] BATT 23.0V | voltage=23.21V percent=34%
[WARN] [1784543024.644] [/exploration_node]: wait for trigger.
[INFO] [1784543024.900] [/mavros]: HP: requesting home position
[INFO] [1784543024.977] [/exploration_node]: [EV] [1784543024.977][    +81.5s][WAIT_TRIGGER] BATT 23.0V | voltage=23.22V percent=34%
[INFO] [1784543028.973] [/exploration_node]: [EV] [1784543028.973][    +85.4s][WAIT_TRIGGER] BATT 23.0V | voltage=23.19V percent=33% (repeated x1)
[WARN] [1784543029.644] [/exploration_node]: wait for trigger.
[INFO] [1784543030.971] [/exploration_node]: [EV] [1784543030.971][    +87.4s][WAIT_TRIGGER] BATT 23.0V | voltage=23.20V percent=34%
[INFO] [1784543032.970] [/exploration_node]: [EV] [1784543032.970][    +89.4s][WAIT_TRIGGER] BATT 23.0V | voltage=23.21V percent=34%
[WARN] [1784543034.654] [/exploration_node]: wait for trigger.
[INFO] [1784543034.900] [/mavros]: HP: requesting home position
[INFO] [1784543034.969] [/exploration_node]: [EV] [1784543034.969][    +91.4s][WAIT_TRIGGER] BATT 23.0V | voltage=23.20V percent=34%
[INFO] [1784543038.966] [/exploration_node]: [EV] [1784543038.966][    +95.4s][WAIT_TRIGGER] BATT 23.0V | voltage=23.21V percent=34% (repeated x1)
[WARN] [1784543039.664] [/exploration_node]: wait for trigger.
[INFO] [1784543040.965] [/exploration_node]: [EV] [1784543040.965][    +97.4s][WAIT_TRIGGER] BATT 23.0V | voltage=23.20V percent=34%
[WARN] [1784543044.674] [/exploration_node]: wait for trigger.
[INFO] [1784543044.900] [/mavros]: HP: requesting home position
[WARN] [1784543049.684] [/exploration_node]: wait for trigger.
[INFO] [1784543050.960] [/exploration_node]: [EV] [1784543050.960][   +107.4s][WAIT_TRIGGER] BATT 23.0V | voltage=23.20V percent=33% (repeated x4)
[WARN] [1784543054.684] [/exploration_node]: wait for trigger.
[INFO] [1784543054.900] [/mavros]: HP: requesting home position
[INFO] [1784543056.956] [/exploration_node]: [EV] [1784543056.956][   +113.4s][WAIT_TRIGGER] BATT 23.0V | voltage=23.19V percent=33% (repeated x2)
[WARN] [1784543059.698] [/exploration_node]: wait for trigger.
[WARN] [1784543064.707] [/exploration_node]: wait for trigger.
[INFO] [1784543064.900] [/mavros]: HP: requesting home position
[INFO] [1784543064.951] [/exploration_node]: [EV] [1784543064.950][   +121.4s][WAIT_TRIGGER] BATT 23.0V | voltage=23.18V percent=33% (repeated x3)
[WARN] [1784543069.714] [/exploration_node]: wait for trigger.
[WARN] [1784543074.714] [/exploration_node]: wait for trigger.
[INFO] [1784543074.900] [/mavros]: HP: requesting home position
[WARN] [1784543079.717] [/exploration_node]: wait for trigger.
[INFO] [1784543082.939] [/exploration_node]: [EV] [1784543082.939][   +139.4s][WAIT_TRIGGER] BATT 23.0V | voltage=23.17V percent=33% (repeated x8)
[WARN] [1784543084.724] [/exploration_node]: wait for trigger.
[INFO] [1784543084.900] [/mavros]: HP: requesting home position
[INFO] [1784543084.938] [/exploration_node]: [EV] [1784543084.938][   +141.4s][WAIT_TRIGGER] BATT 23.0V | voltage=23.18V percent=33%
[WARN] [1784543089.727] [/exploration_node]: wait for trigger.
[INFO] [1784543090.934] [/exploration_node]: [EV] [1784543090.934][   +147.4s][WAIT_TRIGGER] BATT 23.0V | voltage=23.17V percent=33% (repeated x2)
[INFO] [1784543092.933] [/exploration_node]: [EV] [1784543092.933][   +149.4s][WAIT_TRIGGER] BATT 23.0V | voltage=23.18V percent=33%
[WARN] [1784543094.734] [/exploration_node]: wait for trigger.
[INFO] [1784543094.900] [/mavros]: HP: requesting home position
[INFO] [1784543094.931] [/exploration_node]: [EV] [1784543094.931][   +151.4s][WAIT_TRIGGER] BATT 23.0V | voltage=23.17V percent=33%
[INFO] [1784543096.930] [/exploration_node]: [EV] [1784543096.930][   +153.4s][WAIT_TRIGGER] BATT 23.0V | voltage=23.17V percent=32%
[WARN] [1784543099.750] [/exploration_node]: wait for trigger.
[INFO] [1784543102.927] [/exploration_node]: [EV] [1784543102.927][   +159.4s][WAIT_TRIGGER] BATT 23.0V | voltage=23.16V percent=32% (repeated x2)
[WARN] [1784543104.756] [/exploration_node]: wait for trigger.
[INFO] [1784543104.900] [/mavros]: HP: requesting home position
[WARN] [1784543109.769] [/exploration_node]: wait for trigger.
[INFO] [1784543110.921] [/exploration_node]: [EV] [1784543110.921][   +167.4s][WAIT_TRIGGER] BATT 23.0V | voltage=23.15V percent=32% (repeated x3)
[INFO] [1784543112.920] [/exploration_node]: [EV] [1784543112.920][   +169.4s][WAIT_TRIGGER] BATT 23.0V | voltage=23.16V percent=32%
[WARN] [1784543114.774] [/exploration_node]: wait for trigger.
[INFO] [1784543114.900] [/mavros]: HP: requesting home position
[INFO] [1784543116.920] [/exploration_node]: [EV] [1784543116.920][   +173.4s][WAIT_TRIGGER] BATT 23.0V | voltage=23.15V percent=32% (repeated x1)
[WARN] [1784543119.774] [/exploration_node]: wait for trigger.
[WARN] [1784543124.774] [/exploration_node]: wait for trigger.
[INFO] [1784543124.900] [/mavros]: HP: requesting home position
[WARN] [1784543129.777] [/exploration_node]: wait for trigger.
[INFO] [1784543132.908] [/exploration_node]: [EV] [1784543132.908][   +189.4s][WAIT_TRIGGER] BATT 23.0V | voltage=23.14V percent=32% (repeated x7)
[WARN] [1784543134.784] [/exploration_node]: wait for trigger.
[INFO] [1784543134.900] [/mavros]: HP: requesting home position
[INFO] [1784543134.907] [/exploration_node]: [EV] [1784543134.907][   +191.4s][WAIT_TRIGGER] BATT 23.0V | voltage=23.15V percent=32%
[INFO] [1784543136.904] [/exploration_node]: [EV] [1784543136.904][   +193.4s][WAIT_TRIGGER] BATT 23.0V | voltage=23.14V percent=31%
[INFO] [1784543138.904] [/exploration_node]: [EV] [1784543138.904][   +195.4s][WAIT_TRIGGER] BATT 23.0V | voltage=23.15V percent=32%
[WARN] [1784543139.795] [/exploration_node]: wait for trigger.
[INFO] [1784543140.905] [/exploration_node]: [EV] [1784543140.905][   +197.4s][WAIT_TRIGGER] BATT 23.0V | voltage=23.14V percent=31%
[INFO] [1784543142.901] [/exploration_node]: [EV] [1784543142.901][   +199.4s][WAIT_TRIGGER] BATT 23.0V | voltage=23.14V percent=32%
[WARN] [1784543144.795] [/exploration_node]: wait for trigger.
[INFO] [1784543144.900] [/mavros]: HP: requesting home position
[INFO] [1784543144.900] [/exploration_node]: [EV] [1784543144.900][   +201.4s][WAIT_TRIGGER] BATT 23.0V | voltage=23.13V percent=31%
[INFO] [1784543146.901] [/exploration_node]: [EV] [1784543146.901][   +203.4s][WAIT_TRIGGER] BATT 23.0V | voltage=23.14V percent=31%
[WARN] [1784543149.804] [/exploration_node]: wait for trigger.
[INFO] [1784543150.896] [/exploration_node]: [EV] [1784543150.896][   +207.4s][WAIT_TRIGGER] BATT 23.0V | voltage=23.14V percent=32% (repeated x1)
[INFO] [1784543152.897] [/exploration_node]: [EV] [1784543152.897][   +209.4s][WAIT_TRIGGER] BATT 23.0V | voltage=23.14V percent=31%
[WARN] [1784543154.814] [/exploration_node]: wait for trigger.
[INFO] [1784543154.897] [/exploration_node]: [EV] [1784543154.897][   +211.4s][WAIT_TRIGGER] BATT 23.0V | voltage=23.14V percent=32%
[INFO] [1784543154.900] [/mavros]: HP: requesting home position
[INFO] [1784543156.896] [/exploration_node]: [EV] [1784543156.896][   +213.4s][WAIT_TRIGGER] BATT 23.0V | voltage=23.14V percent=31%
[INFO] [1784543158.894] [/exploration_node]: [EV] [1784543158.894][   +215.4s][WAIT_TRIGGER] BATT 23.0V | voltage=23.14V percent=32%
[WARN] [1784543159.824] [/exploration_node]: wait for trigger.
[INFO] [1784543160.890] [/exploration_node]: [EV] [1784543160.890][   +217.4s][WAIT_TRIGGER] BATT 23.0V | voltage=23.13V percent=31%
[WARN] [1784543164.835] [/exploration_node]: wait for trigger.
[INFO] [1784543164.900] [/mavros]: HP: requesting home position
[INFO] [1784543166.887] [/exploration_node]: [EV] [1784543166.887][   +223.4s][WAIT_TRIGGER] BATT 23.0V | voltage=23.12V percent=31% (repeated x2)
[WARN] [1784543169.846] [/exploration_node]: wait for trigger.
[WARN] [1784543174.855] [/exploration_node]: wait for trigger.
[INFO] [1784543174.900] [/mavros]: HP: requesting home position
[WARN] [1784543179.864] [/exploration_node]: wait for trigger.
[WARN] [1784543184.874] [/exploration_node]: wait for trigger.
[INFO] [1784543184.901] [/mavros]: HP: requesting home position
[INFO] [1784543186.874] [/exploration_node]: [EV] [1784543186.874][   +243.3s][WAIT_TRIGGER] BATT 23.0V | voltage=23.11V percent=30% (repeated x9)
[INFO] [1784543188.873] [/exploration_node]: [EV] [1784543188.873][   +245.3s][WAIT_TRIGGER] BATT 23.0V | voltage=23.11V percent=31%
[WARN] [1784543189.884] [/exploration_node]: wait for trigger.
[INFO] [1784543190.872] [/exploration_node]: [EV] [1784543190.872][   +247.3s][WAIT_TRIGGER] BATT 23.0V | voltage=23.12V percent=31%
[INFO] [1784543192.870] [/exploration_node]: [EV] [1784543192.870][   +249.3s][WAIT_TRIGGER] BATT 23.0V | voltage=23.11V percent=31%
[WARN] [1784543194.884] [/exploration_node]: wait for trigger.
[INFO] [1784543194.900] [/mavros]: HP: requesting home position
[WARN] [1784543199.885] [/exploration_node]: wait for trigger.
[WARN] [1784543204.894] [/exploration_node]: wait for trigger.
[INFO] [1784543204.901] [/mavros]: HP: requesting home position
[INFO] [1784543206.861] [/exploration_node]: [EV] [1784543206.861][   +263.3s][WAIT_TRIGGER] BATT 23.0V | voltage=23.11V percent=30% (repeated x6)
[INFO] [1784543208.861] [/exploration_node]: [EV] [1784543208.861][   +265.3s][WAIT_TRIGGER] BATT 23.0V | voltage=23.10V percent=30%
[WARN] [1784543209.894] [/exploration_node]: wait for trigger.
[INFO] [1784543214.902] [/mavros]: HP: requesting home position
[WARN] [1784543214.904] [/exploration_node]: wait for trigger.
[WARN] [1784543219.904] [/exploration_node]: wait for trigger.
[INFO] [1784543220.853] [/exploration_node]: [EV] [1784543220.853][   +277.3s][WAIT_TRIGGER] BATT 23.0V | voltage=23.09V percent=30% (repeated x5)
[INFO] [1784543224.849] [/exploration_node]: [EV] [1784543224.849][   +281.3s][WAIT_TRIGGER] BATT 23.0V | voltage=23.10V percent=30% (repeated x1)
[INFO] [1784543224.900] [/mavros]: HP: requesting home position
[WARN] [1784543224.905] [/exploration_node]: wait for trigger.
[INFO] [1784543226.849] [/exploration_node]: [EV] [1784543226.849][   +283.3s][WAIT_TRIGGER] BATT 23.0V | voltage=23.09V percent=30%
[WARN] [1784543229.916] [/exploration_node]: wait for trigger.
[INFO] [1784543234.900] [/mavros]: HP: requesting home position
[WARN] [1784543234.916] [/exploration_node]: wait for trigger.
[INFO] [1784543238.841] [/exploration_node]: [EV] [1784543238.841][   +295.3s][WAIT_TRIGGER] BATT 23.0V | voltage=23.08V percent=30% (repeated x5)
[WARN] [1784543239.924] [/exploration_node]: wait for trigger.
[INFO] [1784543244.900] [/mavros]: HP: requesting home position
[WARN] [1784543244.934] [/exploration_node]: wait for trigger.
[WARN] [1784543249.944] [/exploration_node]: wait for trigger.
[INFO] [1784543252.833] [/exploration_node]: [EV] [1784543252.833][   +309.3s][WAIT_TRIGGER] BATT 23.0V | voltage=23.08V percent=29% (repeated x6)
[INFO] [1784543254.900] [/mavros]: HP: requesting home position
[WARN] [1784543254.944] [/exploration_node]: wait for trigger.
[INFO] [1784543256.829] [/exploration_node]: [EV] [1784543256.829][   +313.3s][WAIT_TRIGGER] BATT 23.0V | voltage=23.07V percent=29% (repeated x1)
[WARN] [1784543259.947] [/exploration_node]: wait for trigger.
[INFO] [1784543260.827] [/exploration_node]: [EV] [1784543260.827][   +317.3s][WAIT_TRIGGER] BATT 23.0V | voltage=23.08V percent=29% (repeated x1)
[INFO] [1784543264.900] [/mavros]: HP: requesting home position
[WARN] [1784543264.954] [/exploration_node]: wait for trigger.
[INFO] [1784543268.823] [/exploration_node]: [EV] [1784543268.823][   +325.3s][WAIT_TRIGGER] BATT 23.0V | voltage=23.07V percent=29% (repeated x3)
[WARN] [1784543269.956] [/exploration_node]: wait for trigger.
[INFO] [1784543274.900] [/mavros]: HP: requesting home position
[WARN] [1784543274.957] [/exploration_node]: wait for trigger.
[WARN] [1784543279.964] [/exploration_node]: wait for trigger.
[INFO] [1784543284.900] [/mavros]: HP: requesting home position
[WARN] [1784543284.965] [/exploration_node]: wait for trigger.
[INFO] [1784543286.811] [/exploration_node]: [EV] [1784543286.811][   +343.3s][WAIT_TRIGGER] BATT 23.0V | voltage=23.06V percent=29% (repeated x8)
[WARN] [1784543289.974] [/exploration_node]: wait for trigger.
[INFO] [1784543294.900] [/mavros]: HP: requesting home position
[WARN] [1784543294.976] [/exploration_node]: wait for trigger.
[WARN] [1784543299.984] [/exploration_node]: wait for trigger.
[INFO] [1784543302.801] [/exploration_node]: [EV] [1784543302.801][   +359.3s][WAIT_TRIGGER] BATT 23.0V | voltage=23.05V percent=29% (repeated x7)
[INFO] [1784543304.900] [/mavros]: HP: requesting home position
[WARN] [1784543304.995] [/exploration_node]: wait for trigger.
[WARN] [1784543310.004] [/exploration_node]: wait for trigger.
[INFO] [1784543314.900] [/mavros]: HP: requesting home position
[WARN] [1784543315.004] [/exploration_node]: wait for trigger.
[WARN] [1784543320.004] [/exploration_node]: wait for trigger.
[INFO] [1784543320.790] [/exploration_node]: [EV] [1784543320.790][   +377.3s][WAIT_TRIGGER] BATT 23.0V | voltage=23.05V percent=28% (repeated x8)
[INFO] [1784543324.788] [/exploration_node]: [EV] [1784543324.788][   +381.3s][WAIT_TRIGGER] BATT 23.0V | voltage=23.05V percent=29% (repeated x1)
[INFO] [1784543324.900] [/mavros]: HP: requesting home position
[WARN] [1784543325.004] [/exploration_node]: wait for trigger.
[INFO] [1784543328.786] [/exploration_node]: [EV] [1784543328.785][   +385.3s][WAIT_TRIGGER] BATT 23.0V | voltage=23.04V percent=28% (repeated x1)
[WARN] [1784543330.014] [/exploration_node]: wait for trigger.
[INFO] [1784543334.900] [/mavros]: HP: requesting home position
[WARN] [1784543335.014] [/exploration_node]: wait for trigger.
[INFO] [1784543336.780] [/exploration_node]: [EV] [1784543336.780][   +393.3s][WAIT_TRIGGER] BATT 23.0V | voltage=23.03V percent=28% (repeated x3)
[WARN] [1784543340.024] [/exploration_node]: wait for trigger.
[INFO] [1784543344.900] [/mavros]: HP: requesting home position
[WARN] [1784543345.034] [/exploration_node]: wait for trigger.
[WARN] [1784543350.034] [/exploration_node]: wait for trigger.
[INFO] [1784543350.771] [/exploration_node]: [EV] [1784543350.771][   +407.2s][WAIT_TRIGGER] BATT 23.0V | voltage=23.02V percent=28% (repeated x6)
[INFO] [1784543354.900] [/mavros]: HP: requesting home position
[WARN] [1784543355.034] [/exploration_node]: wait for trigger.
[INFO] [1784543358.766] [/exploration_node]: [EV] [1784543358.765][   +415.2s][WAIT_TRIGGER] BATT 23.0V | voltage=23.01V percent=27% (repeated x3)
[WARN] [1784543360.044] [/exploration_node]: wait for trigger.
[INFO] [1784543360.765] [/exploration_node]: [EV] [1784543360.765][   +417.2s][WAIT_TRIGGER] BATT 23.0V | voltage=23.02V percent=28%
[INFO] [1784543362.763] [/exploration_node]: [EV] [1784543362.763][   +419.2s][WAIT_TRIGGER] BATT 23.0V | voltage=23.02V percent=27%
[INFO] [1784543364.762] [/exploration_node]: [EV] [1784543364.762][   +421.2s][WAIT_TRIGGER] BATT 23.0V | voltage=23.01V percent=27%
[INFO] [1784543364.900] [/mavros]: HP: requesting home position
[WARN] [1784543365.054] [/exploration_node]: wait for trigger.
[WARN] [1784543370.056] [/exploration_node]: wait for trigger.
[INFO] [1784543374.900] [/mavros]: HP: requesting home position
[WARN] [1784543375.064] [/exploration_node]: wait for trigger.
[WARN] [1784543380.074] [/exploration_node]: wait for trigger.
[INFO] [1784543384.901] [/mavros]: HP: requesting home position
[WARN] [1784543385.075] [/exploration_node]: wait for trigger.
[INFO] [1784543388.747] [/exploration_node]: [EV] [1784543388.747][   +445.2s][WAIT_TRIGGER] BATT 22.5V | voltage=23.00V percent=27% (prev repeated x11 over 22.0s)
[WARN] [1784543390.084] [/exploration_node]: wait for trigger.
[INFO] [1784543394.744] [/exploration_node]: [EV] [1784543394.744][   +451.2s][WAIT_TRIGGER] BATT 23.0V | voltage=23.01V percent=27% (repeated x1)
[INFO] [1784543394.901] [/mavros]: HP: requesting home position
[WARN] [1784543395.086] [/exploration_node]: wait for trigger.
[WARN] [1784543400.095] [/exploration_node]: wait for trigger.
[INFO] [1784543404.901] [/mavros]: HP: requesting home position
[WARN] [1784543405.104] [/exploration_node]: wait for trigger.
[WARN] [1784543410.105] [/exploration_node]: wait for trigger.
[INFO] [1784543414.731] [/exploration_node]: [EV] [1784543414.731][   +471.2s][WAIT_TRIGGER] BATT 22.5V | voltage=23.00V percent=27% (repeated x6)
[INFO] [1784543414.900] [/mavros]: HP: requesting home position
[WARN] [1784543415.114] [/exploration_node]: wait for trigger.
[INFO] [1784543416.729] [/exploration_node]: [EV] [1784543416.729][   +473.2s][WAIT_TRIGGER] BATT 22.5V | voltage=22.99V percent=27%
[INFO] [1784543418.728] [/exploration_node]: [EV] [1784543418.728][   +475.2s][WAIT_TRIGGER] BATT 22.5V | voltage=22.99V percent=26%
[WARN] [1784543420.114] [/exploration_node]: wait for trigger.
[INFO] [1784543420.727] [/exploration_node]: [EV] [1784543420.727][   +477.2s][WAIT_TRIGGER] BATT 22.5V | voltage=22.99V percent=27%
[INFO] [1784543422.726] [/exploration_node]: [EV] [1784543422.726][   +479.2s][WAIT_TRIGGER] BATT 22.5V | voltage=22.99V percent=26%
[INFO] [1784543424.724] [/exploration_node]: [EV] [1784543424.724][   +481.2s][WAIT_TRIGGER] BATT 22.5V | voltage=22.97V percent=26%
[INFO] [1784543424.900] [/mavros]: HP: requesting home position
[WARN] [1784543425.124] [/exploration_node]: wait for trigger.
[INFO] [1784543426.722] [/exploration_node]: [EV] [1784543426.722][   +483.2s][WAIT_TRIGGER] BATT 22.5V | voltage=22.98V percent=26%
