# console (/rosout_agg) log for epic_2026-07-03-11-23-16.bag
# started at 2026-07-03-11-23-16
[INFO] [1783045396.449] [/record_on_goal]: [record_on_goal] event log -> /home/hmcl/stack1/src/EPIC_poongsan/src/EPIC/src/global_planner/exploration_manager/records/epic_2026-07-03-11-23-16/epic_2026-07-03-11-23-16.events.log
[INFO] [1783045396.452] [/record_on_goal]: [record_on_goal] recording started (pid 1442) -> /home/hmcl/stack1/src/EPIC_poongsan/src/EPIC/src/global_planner/exploration_manager/records/epic_2026-07-03-11-23-16/epic_2026-07-03-11-23-16.bag
[INFO] [1783045400.495] [/mavros]: HP: requesting home position
[WARN] [1783045401.396] [/exploration_node]: wait for trigger.
[INFO] [1783045403.407] [/exploration_node]: [EV] [1783045403.407][     +8.0s][WAIT_TRIGGER] PX4 mode=POSCTL armed=1 | prev=POSCTL
[INFO] [1783045404.319] [/rvizvisualisation]: Setting goal: Frame:world, Position(-2.251, -7.363, 0.000), Orientation(0.000, 0.000, 0.872, 0.490) = Angle: 2.118

[INFO] [1783045404.321] [/exploration_node]: [EV] [1783045404.321][     +0.0s][WAIT_TRIGGER] EVENT 2D-Nav-Goal trigger | trigger received | pos=(0.04, 0.01, -0.00)
[INFO] [1783045404.321] [/exploration_node]: [EV] [1783045404.321][     +0.0s][WAIT_TRIGGER] PARAM box | down=[-150, -150, 0.4] up=[150, 150, 2]
[INFO] [1783045404.321] [/exploration_node]: [EV] [1783045404.321][     +0.0s][WAIT_TRIGGER] PARAM corridor | DilateSoft=0.60 DilateHard=0.45 MaxCorridor=4.0 MaxVel=0.9 max_traj_len=10.0 safe_dist=0.70 bubble_min_r=0.50
[INFO] [1783045404.321] [/exploration_node]: [EV] [1783045404.321][     +0.0s][WAIT_TRIGGER] PARAM frontier | cell=0.40 cluster_sz=[0.5, 5.0] minpts=4 dphi=0.26 znum=3 good_dir_score=0.60
[INFO] [1783045404.321] [/exploration_node]: [EV] [1783045404.321][     +0.0s][WAIT_TRIGGER] PARAM viewpoint | pillar_r=[0.5, 2.0]x8 h=[-1.0, 1.0]x5 circle_n=8 local_tsp=16
[INFO] [1783045404.321] [/exploration_node]: [EV] [1783045404.321][     +0.0s][WAIT_TRIGGER] PARAM fsm | takeoff_h=1.20 goal_tol=0.20 replan_t=0.20 emerg_err=3.0 max_hz=30 avoid_to=0.5 auto_rth_land=1 rth_land_xy_tol=0.20 avoidance=1
[INFO] [1783045404.321] [/exploration_node]: [EV] [1783045404.321][     +0.0s][WAIT_TRIGGER] PARAM topics | odom=/Odometry cloud=/cloud_registered
[INFO] [1783045404.321] [/exploration_node]: [EV] [1783045404.321][     +0.0s][TAKEOFF_HOVER] STATE WAIT_TRIGGER -> TAKEOFF_HOVER [triggerCallback: takeoff & hover]
[INFO] [1783045404.407] [/exploration_node]: [EV] [1783045404.407][     +0.1s][TAKEOFF_HOVER] BATT 24.5V | v=24.62V pct=81% (x3)
[INFO] [1783045406.406] [/exploration_node]: [EV] [1783045406.406][     +2.1s][TAKEOFF_HOVER] PX4 mode=OFFBOARD armed=1 | prev=POSCTL
[INFO] [1783045408.405] [/exploration_node]: [EV] [1783045408.405][     +4.1s][TAKEOFF_HOVER] BATT 24.0V | v=24.20V pct=87% (prev x1/2.0s)
[INFO] [1783045410.404] [/exploration_node]: [EV] [1783045410.404][     +6.1s][TAKEOFF_HOVER] BATT 23.5V | v=23.85V pct=75%
[INFO] [1783045410.496] [/mavros]: HP: requesting home position
[INFO] [1783045412.404] [/exploration_node]: [EV] [1783045412.404][     +8.1s][TAKEOFF_HOVER] BATT 23.5V | v=23.71V pct=73%
[INFO] [1783045413.084] [/exploration_node]: [EV] [1783045413.084][     +8.8s][PLAN_TRAJ_EXP] STATE TAKEOFF_HOVER -> PLAN_TRAJ_EXP [takeoff: altitude reached & stable -> explore]
[WARN] [1783045413.217] [/exploration_node]: [EV] [1783045413.217][     +8.9s][PLAN_TRAJ_EXP] GLOBAL result=NO_VIEWPOINTS | why: NO_FRONTIER: 0 viewpoints (clusters=1, reachable_clusters=0) pipe[tot=1 dorm=0 unreach=0 cons=1 nocand=0 topo=1 novis=0 ok=0] | clusters=1(reach 0) vp=0(reach 0) pipe[tot=1 dorm=0 unreach=0 cons=1 nocand=0 topo=1 novis=0 ok=0] tour=0n/0.0m goal=(0.0, 0.0, 0.0) t=8ms
[WARN] [1783045413.223] [/exploration_node]: [EV] [1783045413.223][     +8.9s][PLAN_TRAJ_EXP] LOCAL EXP NO_FRONTIER | t=0.0ms goal_d=1.1m
[WARN] [1783045413.223] [/exploration_node]: [EV] [1783045413.223][     +8.9s][PLAN_TRAJ_EXP] STATE PLAN_TRAJ_EXP -> PLAN_TRAJ_EXP [PLAN_TRAJ_EXP: no frontier yet (warming up)]
[WARN] [1783045413.436] [/exploration_node]: [EV] [1783045413.436][     +9.1s][PLAN_TRAJ_EXP] GLOBAL result=NO_VIEWPOINTS | why: NO_FRONTIER: 0 viewpoints (clusters=1, reachable_clusters=0) pipe[tot=1 dorm=0 unreach=1 cons=0 nocand=0 topo=0 novis=0 ok=0] | clusters=1(reach 0) vp=0(reach 0) pipe[tot=1 dorm=0 unreach=1 cons=0 nocand=0 topo=0 novis=0 ok=0] tour=0n/0.0m goal=(0.0, 0.0, 0.0) t=11ms
[WARN] [1783045413.604] [/px4_ctrl_bridge]: [px4_bridge] /position_cmd stale -> holding pose
[INFO] [1783045413.793] [/epic_rosbag_recorder]: Subscribing to /exploration_node/viewpoint_centers
[INFO] [1783045413.794] [/epic_rosbag_recorder]: Subscribing to /exploration_node/occ
[INFO] [1783045413.795] [/epic_rosbag_recorder]: Subscribing to /exploration_node/pocc
[INFO] [1783045413.796] [/epic_rosbag_recorder]: Subscribing to /exploration_node/frt
[WARN] [1783045414.295] [/exploration_node]: [EV] [1783045414.295][    +10.0s][PLAN_TRAJ_EXP] GLOBAL result=NO_REACHABLE_VP | why: NO_PATH: 1 viewpoints exist but NONE reachable via topo graph (clusters=1, reachable_clusters=1) | clusters=1(reach 1) vp=1(reach 0) pipe[tot=1 dorm=0 unreach=0 cons=1 nocand=0 topo=0 novis=0 ok=1] tour=0n/0.0m goal=(0.0, 0.0, 0.0) t=16ms (prev cycle x1/0.9s)
[INFO] [1783045414.404] [/exploration_node]: [EV] [1783045414.404][    +10.1s][PLAN_TRAJ_EXP] BATT 23.5V | v=23.63V pct=73%
[WARN] [1783045414.614] [/px4_ctrl_bridge]: [px4_bridge] /position_cmd stale -> holding pose
[INFO] [1783045414.731] [/exploration_node]: [EV] [1783045414.731][    +10.4s][PLAN_TRAJ_EXP] GLOBAL result=OK | clusters=1(reach 1) vp=1(reach 1) pipe[tot=1 dorm=0 unreach=0 cons=1 nocand=0 topo=0 novis=0 ok=1] tour=2n/5.3m goal=(0.0, 0.0, 0.0) t=26ms (prev x1/0.2s)
[INFO] [1783045414.731] [/exploration_node]: [EV] [1783045414.731][    +10.4s][PLAN_TRAJ_EXP] STATE PLAN_TRAJ_EXP -> PLAN_TRAJ_EXP [planGlobalPath: succeed] |  (prev x137/1.5s)
[WARN] [1783045414.732] [/exploration_node]: [local-plan] fast-searcher: no path odom->goal
[WARN] [1783045414.732] [/exploration_node]: [EV] [1783045414.732][    +10.4s][PLAN_TRAJ_EXP] LOCAL EXP FAIL | why: fast-searcher: no path odom->goal | t=0.1ms goal_d=1.2m (prev x137/1.5s)
[WARN] [1783045414.732] [/exploration_node]: [EV] [1783045414.732][    +10.4s][PLAN_TRAJ_EXP] STATE PLAN_TRAJ_EXP -> PLAN_TRAJ_EXP [PLAN_TRAJ_EXP: plan failed]
[INFO] [1783045414.975] [/exploration_node]: [EV] [1783045414.975][    +10.7s][PLAN_TRAJ_EXP] LOCAL EXP OK | t=33.4ms goal_d=5.3m (prev x18/0.2s)
[INFO] [1783045414.975] [/exploration_node]: [EV] [1783045414.975][    +10.7s][EXEC_TRAJ] STATE PLAN_TRAJ_EXP -> EXEC_TRAJ [plan success: new traj pub] |  (prev cycle x1/0.2s)
[INFO] [1783045414.986] [/traj_server]: [32m[Metrics] Mission started[0m
[INFO] [1783045415.151] [/exploration_node]: [EV] [1783045415.151][    +10.8s][PLAN_TRAJ_EXP] STATE EXEC_TRAJ -> PLAN_TRAJ_EXP [planGlobalPath: succeed]
[INFO] [1783045415.793] [/exploration_node]: [EV] [1783045415.792][    +11.5s][EXEC_TRAJ] GLOBAL result=OK | clusters=1(reach 1) vp=1(reach 1) pipe[tot=1 dorm=0 unreach=0 cons=1 nocand=0 topo=0 novis=0 ok=1] tour=2n/6.2m goal=(5.2, 4.1, 0.6) t=30ms (x2)
[INFO] [1783045416.446] [/exploration_node]: [EV] [1783045416.446][    +12.1s][PLAN_TRAJ_EXP] BATT 23.0V | v=23.49V pct=68%
[INFO] [1783045417.064] [/exploration_node]: [EV] [1783045417.064][    +12.7s][EXEC_TRAJ] GLOBAL result=OK | clusters=1(reach 1) vp=1(reach 1) pipe[tot=1 dorm=0 unreach=0 cons=1 nocand=0 topo=0 novis=0 ok=1] tour=2n/6.1m goal=(5.1, 4.0, 0.7) t=7ms (x1)
[INFO] [1783045418.325] [/exploration_node]: [EV] [1783045418.325][    +14.0s][EXEC_TRAJ] GLOBAL result=OK | clusters=1(reach 1) vp=1(reach 1) pipe[tot=1 dorm=0 unreach=0 cons=1 nocand=0 topo=0 novis=0 ok=1] tour=2n/5.7m goal=(4.7, 4.0, 0.7) t=15ms (x1)
[INFO] [1783045418.402] [/exploration_node]: [EV] [1783045418.402][    +14.1s][EXEC_TRAJ] BATT 23.0V | v=23.37V pct=65%
[INFO] [1783045418.793] [/epic_rosbag_recorder]: Subscribing to /mem_cost
[INFO] [1783045418.795] [/epic_rosbag_recorder]: Subscribing to /mem_cost_2
[INFO] [1783045418.796] [/epic_rosbag_recorder]: Subscribing to /mem_cost_3
[WARN] [1783045418.957] [/exploration_node]: [EV] [1783045418.957][    +14.6s][EXEC_TRAJ] GLOBAL result=NO_VIEWPOINTS | why: NO_FRONTIER: 0 viewpoints (clusters=1, reachable_clusters=0) pipe[tot=1 dorm=0 unreach=0 cons=1 nocand=0 topo=1 novis=0 ok=0] | clusters=1(reach 0) vp=0(reach 0) pipe[tot=1 dorm=0 unreach=0 cons=1 nocand=0 topo=1 novis=0 ok=0] tour=2n/5.7m goal=(4.7, 4.0, 0.7) t=10ms
[INFO] [1783045418.957] [/exploration_node]: [EV] [1783045418.957][    +14.6s][FINISH] STATE EXEC_TRAJ -> FINISH [planGlobalPath: no frontier] |  (prev cycle x11/3.8s)
[WARN] [1783045418.957] [/exploration_node]: [EV] [1783045418.957][    +14.6s][FINISH] MISSION FINISH (premature? unreached clusters remain) | pos=(1.16, -0.00, 1.17) elapsed=15s clusters_left=1(reach 0) pipe[tot=1 dorm=0 unreach=0 cons=1 nocand=0 topo=1 novis=0 ok=0]
[INFO] [1783045418.958] [/exploration_node]: [32m[FINISH] exploration done -> hover 1.0s, then return home & land[0m
[INFO] [1783045419.174] [/exploration_node]: [EV] [1783045419.174][    +14.9s][FINISH] STATE FINISH -> FINISH [planGlobalPath: no frontier]
[INFO] [1783045419.799] [/exploration_node]: [EV] [1783045419.799][    +15.5s][PLAN_TRAJ_EXP] STATE FINISH -> PLAN_TRAJ_EXP [planGlobalPath: succeed] |  (prev x2/0.4s)
[INFO] [1783045419.833] [/exploration_node]: [EV] [1783045419.833][    +15.5s][EXEC_TRAJ] STATE PLAN_TRAJ_EXP -> EXEC_TRAJ [plan success: new traj pub]
[INFO] [1783045420.402] [/exploration_node]: [EV] [1783045420.402][    +16.1s][EXEC_TRAJ] BATT 23.0V | v=23.24V pct=62%
[INFO] [1783045420.419] [/exploration_node]: [EV] [1783045420.419][    +16.1s][EXEC_TRAJ] GLOBAL result=OK | clusters=2(reach 1) vp=1(reach 1) pipe[tot=2 dorm=0 unreach=0 cons=2 nocand=0 topo=1 novis=0 ok=1] tour=2n/3.8m goal=(4.5, 2.4, 0.8) t=7ms (x3)
[INFO] [1783045420.419] [/exploration_node]: [EV] [1783045420.419][    +16.1s][PLAN_TRAJ_EXP] STATE EXEC_TRAJ -> PLAN_TRAJ_EXP [planGlobalPath: succeed]
[INFO] [1783045420.453] [/exploration_node]: [EV] [1783045420.453][    +16.1s][PLAN_TRAJ_EXP] LOCAL EXP OK | t=33.4ms goal_d=3.4m (x7)
[INFO] [1783045420.496] [/mavros]: HP: requesting home position
[INFO] [1783045421.042] [/exploration_node]: [EV] [1783045421.042][    +16.7s][FINISH] STATE EXEC_TRAJ -> FINISH [planGlobalPath: no frontier] |  (prev cycle x1/0.6s)
[INFO] [1783045421.043] [/exploration_node]: [32m[FINISH] exploration done -> hover 1.0s, then return home & land[0m
[INFO] [1783045421.043] [/exploration_node]: [EV] [1783045421.043][    +16.7s][PLAN_TRAJ_RTH] STATE FINISH -> PLAN_TRAJ_RTH [FINISH: hover done -> return home]
[INFO] [1783045421.053] [/exploration_node]: [EV] [1783045421.053][    +16.7s][PLAN_TRAJ_RTH] RTH d2goal=2.0m | auto-home(xy) dist=2.39m tol=0.20m goal=(0.04, 0.01, 1.20)
[INFO] [1783045421.053] [/traj_server]: [33m[Metrics] RTH mode activated at index 120 (current state: PLAN_TRAJ_RTH)[0m
[INFO] [1783045421.053] [/exploration_node]: [33m[Path Simplification] Reduced path from 4 to 2 nodes, 2 collision checks, 0.05 ms[0m
[INFO] [1783045421.053] [/exploration_node]:   Segment 1: 2.39 m
[INFO] [1783045421.086] [/exploration_node]: [EV] [1783045421.086][    +16.8s][PLAN_TRAJ_RTH] LOCAL RTH OK | t=33.4ms
[INFO] [1783045421.086] [/exploration_node]: [EV] [1783045421.086][    +16.8s][EXEC_TRAJ] STATE PLAN_TRAJ_RTH -> EXEC_TRAJ [PLAN_TRAJ_RTH: plan success]
[INFO] [1783045421.647] [/exploration_node]: [33m[Path Simplification] Reduced path from 4 to 2 nodes, 2 collision checks, 0.04 ms[0m
[INFO] [1783045421.647] [/exploration_node]:   Segment 1: 2.65 m
[INFO] [1783045421.648] [/exploration_node]: [EV] [1783045421.648][    +17.3s][EXEC_TRAJ] GLOBAL result=RTH_PATH_OK | why: path to goal: 2 nodes / 2.7m (connected via 2) | clusters=1(reach 0) vp=0(reach 0) pipe[tot=1 dorm=0 unreach=0 cons=1 nocand=0 topo=1 novis=0 ok=0] tour=2n/2.7m goal=(0.0, 0.0, 1.2) t=2ms (prev cycle x2/2.7s)
[INFO] [1783045421.648] [/exploration_node]: [EV] [1783045421.648][    +17.3s][PLAN_TRAJ_RTH] STATE EXEC_TRAJ -> PLAN_TRAJ_RTH [planGoalPath: succeed]
[INFO] [1783045421.648] [/exploration_node]: [EV] [1783045421.648][    +17.3s][PLAN_TRAJ_RTH] RTH d2goal=2.5m | auto-home(xy) dist=2.65m tol=0.20m goal=(0.04, 0.01, 1.20)
[INFO] [1783045421.649] [/exploration_node]: [33m[Path Simplification] Reduced path from 4 to 2 nodes, 2 collision checks, 0.06 ms[0m
[INFO] [1783045421.649] [/exploration_node]:   Segment 1: 2.65 m
[INFO] [1783045422.254] [/exploration_node]: [33m[Path Simplification] Reduced path from 4 to 2 nodes, 2 collision checks, 0.04 ms[0m
[INFO] [1783045422.254] [/exploration_node]:   Segment 1: 2.60 m
[INFO] [1783045422.255] [/exploration_node]: [EV] [1783045422.255][    +17.9s][EXEC_TRAJ] GLOBAL result=RTH_PATH_OK | why: path to goal: 2 nodes / 2.6m (connected via 2) | clusters=1(reach 0) vp=0(reach 0) pipe[tot=1 dorm=0 unreach=0 cons=1 nocand=0 topo=1 novis=0 ok=0] tour=2n/2.6m goal=(0.0, 0.0, 1.2) t=3ms
[INFO] [1783045422.255] [/exploration_node]: [EV] [1783045422.255][    +17.9s][PLAN_TRAJ_RTH] RTH d2goal=2.5m | auto-home(xy) dist=2.60m tol=0.20m goal=(0.04, 0.01, 1.20)
[INFO] [1783045422.256] [/exploration_node]: [33m[Path Simplification] Reduced path from 4 to 2 nodes, 2 collision checks, 0.04 ms[0m
[INFO] [1783045422.256] [/exploration_node]:   Segment 1: 2.60 m
[INFO] [1783045422.402] [/exploration_node]: [EV] [1783045422.402][    +18.1s][EXEC_TRAJ] BATT 23.0V | v=23.33V pct=61%
[INFO] [1783045422.867] [/exploration_node]: [33m[Path Simplification] Reduced path from 4 to 2 nodes, 2 collision checks, 0.03 ms[0m
[INFO] [1783045422.867] [/exploration_node]:   Segment 1: 2.52 m
[INFO] [1783045422.868] [/exploration_node]: [EV] [1783045422.868][    +18.5s][EXEC_TRAJ] GLOBAL result=RTH_PATH_OK | why: path to goal: 2 nodes / 2.5m (connected via 2) | clusters=1(reach 0) vp=0(reach 0) pipe[tot=1 dorm=0 unreach=0 cons=1 nocand=0 topo=1 novis=0 ok=0] tour=2n/2.5m goal=(0.0, 0.0, 1.2) t=2ms
[INFO] [1783045422.869] [/exploration_node]: [EV] [1783045422.869][    +18.5s][PLAN_TRAJ_RTH] RTH d2goal=2.5m | auto-home(xy) dist=2.52m tol=0.20m goal=(0.04, 0.01, 1.20)
[INFO] [1783045422.869] [/exploration_node]: [33m[Path Simplification] Reduced path from 4 to 2 nodes, 2 collision checks, 0.04 ms[0m
[INFO] [1783045422.869] [/exploration_node]:   Segment 1: 2.52 m
[INFO] [1783045423.487] [/exploration_node]: [33m[Path Simplification] Reduced path from 4 to 2 nodes, 2 collision checks, 0.03 ms[0m
[INFO] [1783045423.487] [/exploration_node]:   Segment 1: 2.44 m
[INFO] [1783045423.488] [/exploration_node]: [EV] [1783045423.488][    +19.2s][EXEC_TRAJ] GLOBAL result=RTH_PATH_OK | why: path to goal: 2 nodes / 2.4m (connected via 2) | clusters=1(reach 0) vp=0(reach 0) pipe[tot=1 dorm=0 unreach=0 cons=1 nocand=0 topo=1 novis=0 ok=0] tour=2n/2.4m goal=(0.0, 0.0, 1.2) t=5ms
[INFO] [1783045423.491] [/exploration_node]: [33m[Path Simplification] Reduced path from 4 to 2 nodes, 2 collision checks, 0.03 ms[0m
[INFO] [1783045423.491] [/exploration_node]:   Segment 1: 2.43 m
[INFO] [1783045424.094] [/exploration_node]: [33m[Path Simplification] Reduced path from 4 to 2 nodes, 2 collision checks, 0.03 ms[0m
[INFO] [1783045424.094] [/exploration_node]:   Segment 1: 2.17 m
[INFO] [1783045424.097] [/exploration_node]: [EV] [1783045424.097][    +19.8s][EXEC_TRAJ] GLOBAL result=RTH_PATH_OK | why: path to goal: 2 nodes / 2.2m (connected via 2) | clusters=1(reach 0) vp=0(reach 0) pipe[tot=1 dorm=0 unreach=0 cons=1 nocand=0 topo=1 novis=0 ok=0] tour=2n/2.2m goal=(0.0, 0.0, 1.2) t=4ms
[INFO] [1783045424.097] [/exploration_node]: [EV] [1783045424.097][    +19.8s][PLAN_TRAJ_RTH] RTH d2goal=2.0m | auto-home(xy) dist=2.17m tol=0.20m goal=(0.04, 0.01, 1.20)
[INFO] [1783045424.097] [/exploration_node]: [33m[Path Simplification] Reduced path from 4 to 2 nodes, 2 collision checks, 0.04 ms[0m
[INFO] [1783045424.097] [/exploration_node]:   Segment 1: 2.17 m
[INFO] [1783045424.401] [/exploration_node]: [EV] [1783045424.401][    +20.1s][EXEC_TRAJ] BATT 23.0V | v=23.32V pct=61%
[INFO] [1783045424.725] [/exploration_node]: [33m[Path Simplification] Reduced path from 4 to 2 nodes, 2 collision checks, 0.02 ms[0m
[INFO] [1783045424.725] [/exploration_node]:   Segment 1: 1.72 m
[INFO] [1783045424.726] [/exploration_node]: [EV] [1783045424.726][    +20.4s][EXEC_TRAJ] GLOBAL result=RTH_PATH_OK | why: path to goal: 2 nodes / 1.7m (connected via 2) | clusters=1(reach 0) vp=0(reach 0) pipe[tot=1 dorm=0 unreach=1 cons=0 nocand=0 topo=0 novis=0 ok=0] tour=2n/1.7m goal=(0.0, 0.0, 1.2) t=1ms
[INFO] [1783045424.726] [/exploration_node]: [EV] [1783045424.726][    +20.4s][PLAN_TRAJ_RTH] RTH d2goal=1.5m | auto-home(xy) dist=1.72m tol=0.20m goal=(0.04, 0.01, 1.20) (prev cycle x1/3.1s)
[INFO] [1783045424.726] [/exploration_node]: [33m[Path Simplification] Reduced path from 4 to 2 nodes, 2 collision checks, 0.03 ms[0m
[INFO] [1783045424.726] [/exploration_node]:   Segment 1: 1.72 m
[INFO] [1783045425.330] [/exploration_node]: [33m[Path Simplification] Reduced path from 4 to 2 nodes, 2 collision checks, 0.02 ms[0m
[INFO] [1783045425.330] [/exploration_node]:   Segment 1: 1.13 m
[INFO] [1783045425.331] [/exploration_node]: [EV] [1783045425.331][    +21.0s][EXEC_TRAJ] GLOBAL result=RTH_PATH_OK | why: path to goal: 2 nodes / 1.1m (connected via 2) | clusters=1(reach 0) vp=0(reach 0) pipe[tot=1 dorm=0 unreach=1 cons=0 nocand=0 topo=0 novis=0 ok=0] tour=2n/1.1m goal=(0.0, 0.0, 1.2) t=1ms
[INFO] [1783045425.332] [/exploration_node]: [EV] [1783045425.332][    +21.0s][PLAN_TRAJ_RTH] RTH d2goal=1.0m | auto-home(xy) dist=1.13m tol=0.20m goal=(0.04, 0.01, 1.20)
[INFO] [1783045425.332] [/exploration_node]: [33m[Path Simplification] Reduced path from 4 to 2 nodes, 2 collision checks, 0.01 ms[0m
[INFO] [1783045425.333] [/exploration_node]:   Segment 1: 1.13 m
[INFO] [1783045425.735] [/exploration_node]: [33m[Path Simplification] Reduced path from 4 to 2 nodes, 2 collision checks, 0.01 ms[0m
[INFO] [1783045425.736] [/exploration_node]:   Segment 1: 0.79 m
[INFO] [1783045425.737] [/exploration_node]: [EV] [1783045425.737][    +21.4s][EXEC_TRAJ] GLOBAL result=RTH_PATH_OK | why: path to goal: 2 nodes / 0.8m (connected via 2) | clusters=1(reach 0) vp=0(reach 0) pipe[tot=1 dorm=0 unreach=1 cons=0 nocand=0 topo=0 novis=0 ok=0] tour=2n/0.8m goal=(0.0, 0.0, 1.2) t=2ms
[INFO] [1783045425.737] [/exploration_node]: [EV] [1783045425.737][    +21.4s][PLAN_TRAJ_RTH] RTH d2goal=0.5m | auto-home(xy) dist=0.79m tol=0.20m goal=(0.04, 0.01, 1.20)
[INFO] [1783045425.737] [/exploration_node]: [33m[Path Simplification] Reduced path from 4 to 2 nodes, 2 collision checks, 0.01 ms[0m
[INFO] [1783045425.737] [/exploration_node]:   Segment 1: 0.79 m
[WARN] [1783045425.740] [/exploration_node]: [local-plan] minco optimize failed
[WARN] [1783045425.740] [/exploration_node]: [RTH] local plan failed: minco optimize failed
[WARN] [1783045425.771] [/exploration_node]: [EV] [1783045425.771][    +21.4s][PLAN_TRAJ_RTH] LOCAL RTH FAIL | why: minco optimize failed | t=33.5ms (prev x7/4.1s)
[WARN] [1783045425.771] [/exploration_node]: [EV] [1783045425.771][    +21.4s][PLAN_TRAJ_RTH] STATE PLAN_TRAJ_RTH -> PLAN_TRAJ_RTH [PLAN_TRAJ_RTH: plan failed] |  (prev cycle x14/4.1s)
[INFO] [1783045425.781] [/exploration_node]: [EV] [1783045425.781][    +21.5s][PLAN_TRAJ_RTH] RTH d2goal=0.5m | auto-home(xy) dist=0.75m tol=0.20m goal=(0.04, 0.01, 1.20)
[INFO] [1783045425.781] [/exploration_node]: [33m[Path Simplification] Reduced path from 4 to 2 nodes, 2 collision checks, 0.01 ms[0m
[INFO] [1783045425.781] [/exploration_node]:   Segment 1: 0.75 m
[INFO] [1783045425.824] [/exploration_node]: [EV] [1783045425.824][    +21.5s][PLAN_TRAJ_RTH] RTH d2goal=0.5m | auto-home(xy) dist=0.71m tol=0.20m goal=(0.04, 0.01, 1.20)
[INFO] [1783045425.825] [/exploration_node]: [33m[Path Simplification] Reduced path from 4 to 2 nodes, 2 collision checks, 0.01 ms[0m
[INFO] [1783045425.826] [/exploration_node]:   Segment 1: 0.71 m
[INFO] [1783045425.869] [/exploration_node]: [33m[Path Simplification] Reduced path from 4 to 2 nodes, 2 collision checks, 0.01 ms[0m
[INFO] [1783045425.869] [/exploration_node]:   Segment 1: 0.71 m
[INFO] [1783045425.912] [/exploration_node]: [EV] [1783045425.912][    +21.6s][PLAN_TRAJ_RTH] RTH d2goal=0.5m | auto-home(xy) dist=0.68m tol=0.20m goal=(0.04, 0.01, 1.20) (x1)
[INFO] [1783045425.913] [/exploration_node]: [33m[Path Simplification] Reduced path from 4 to 2 nodes, 2 collision checks, 0.01 ms[0m
[INFO] [1783045425.913] [/exploration_node]:   Segment 1: 0.68 m
[INFO] [1783045425.950] [/exploration_node]: [33m[Path Simplification] Reduced path from 4 to 2 nodes, 2 collision checks, 0.01 ms[0m
[INFO] [1783045425.950] [/exploration_node]:   Segment 1: 0.64 m
[INFO] [1783045425.951] [/exploration_node]: [EV] [1783045425.951][    +21.6s][PLAN_TRAJ_RTH] GLOBAL result=RTH_PATH_OK | why: path to goal: 2 nodes / 0.6m (connected via 2) | clusters=1(reach 0) vp=0(reach 0) pipe[tot=1 dorm=0 unreach=1 cons=0 nocand=0 topo=0 novis=0 ok=0] tour=2n/0.6m goal=(0.0, 0.0, 1.2) t=1ms
[INFO] [1783045425.951] [/exploration_node]: [EV] [1783045425.951][    +21.6s][PLAN_TRAJ_RTH] STATE PLAN_TRAJ_RTH -> PLAN_TRAJ_RTH [planGoalPath: succeed] |  (prev x4/0.1s)
[INFO] [1783045425.957] [/exploration_node]: [EV] [1783045425.956][    +21.6s][PLAN_TRAJ_RTH] RTH d2goal=0.5m | auto-home(xy) dist=0.64m tol=0.20m goal=(0.04, 0.01, 1.20)
[INFO] [1783045425.957] [/exploration_node]: [33m[Path Simplification] Reduced path from 4 to 2 nodes, 2 collision checks, 0.02 ms[0m
[INFO] [1783045425.957] [/exploration_node]:   Segment 1: 0.64 m
[INFO] [1783045426.000] [/exploration_node]: [EV] [1783045426.000][    +21.7s][PLAN_TRAJ_RTH] RTH d2goal=0.5m | auto-home(xy) dist=0.61m tol=0.20m goal=(0.04, 0.01, 1.20)
[INFO] [1783045426.000] [/exploration_node]: [33m[Path Simplification] Reduced path from 4 to 2 nodes, 2 collision checks, 0.01 ms[0m
[INFO] [1783045426.000] [/exploration_node]:   Segment 1: 0.61 m
[INFO] [1783045426.034] [/exploration_node]: [EV] [1783045426.034][    +21.7s][EXEC_TRAJ] STATE PLAN_TRAJ_RTH -> EXEC_TRAJ [PLAN_TRAJ_RTH: plan success] |  (prev cycle x1/0.1s)
[INFO] [1783045426.399] [/exploration_node]: [EV] [1783045426.399][    +22.1s][EXEC_TRAJ] BATT 23.0V | v=23.29V pct=59%
[INFO] [1783045426.559] [/exploration_node]: [33m[Path Simplification] Reduced path from 4 to 2 nodes, 2 collision checks, 0.00 ms[0m
[INFO] [1783045426.559] [/exploration_node]:   Segment 1: 0.38 m
[INFO] [1783045426.560] [/exploration_node]: [EV] [1783045426.560][    +22.2s][EXEC_TRAJ] GLOBAL result=RTH_PATH_OK | why: path to goal: 2 nodes / 0.4m (connected via 2) | clusters=1(reach 0) vp=0(reach 0) pipe[tot=1 dorm=0 unreach=1 cons=0 nocand=0 topo=0 novis=0 ok=0] tour=2n/0.4m goal=(0.0, 0.0, 1.2) t=2ms
[INFO] [1783045426.561] [/exploration_node]: [EV] [1783045426.561][    +22.2s][PLAN_TRAJ_RTH] STATE EXEC_TRAJ -> PLAN_TRAJ_RTH [planGoalPath: succeed]
[INFO] [1783045426.564] [/exploration_node]: [EV] [1783045426.564][    +22.2s][PLAN_TRAJ_RTH] RTH d2goal=0.0m | auto-home(xy) dist=0.37m tol=0.20m goal=(0.04, 0.01, 1.20)
[INFO] [1783045426.564] [/exploration_node]: [33m[Path Simplification] Reduced path from 4 to 2 nodes, 2 collision checks, 0.01 ms[0m
[INFO] [1783045426.564] [/exploration_node]:   Segment 1: 0.38 m
[INFO] [1783045427.165] [/exploration_node]: [33m[Path Simplification] Reduced path from 4 to 2 nodes, 2 collision checks, 0.01 ms[0m
[INFO] [1783045427.165] [/exploration_node]:   Segment 1: 0.30 m
[INFO] [1783045427.166] [/exploration_node]: [EV] [1783045427.166][    +22.8s][EXEC_TRAJ] GLOBAL result=RTH_PATH_OK | why: path to goal: 2 nodes / 0.3m (connected via 2) | clusters=1(reach 0) vp=0(reach 0) pipe[tot=1 dorm=0 unreach=1 cons=0 nocand=0 topo=0 novis=0 ok=0] tour=2n/0.3m goal=(0.0, 0.0, 1.2) t=1ms
[INFO] [1783045427.168] [/exploration_node]: [EV] [1783045427.167][    +22.8s][PLAN_TRAJ_RTH] RTH d2goal=0.0m | auto-home(xy) dist=0.29m tol=0.20m goal=(0.04, 0.01, 1.20)
[INFO] [1783045427.168] [/exploration_node]: [33m[Path Simplification] Reduced path from 4 to 2 nodes, 2 collision checks, 0.01 ms[0m
[INFO] [1783045427.168] [/exploration_node]:   Segment 1: 0.30 m
[INFO] [1783045427.787] [/exploration_node]: [33m[Path Simplification] Reduced path from 4 to 2 nodes, 2 collision checks, 0.01 ms[0m
[INFO] [1783045427.787] [/exploration_node]:   Segment 1: 0.16 m
[INFO] [1783045427.790] [/exploration_node]: [EV] [1783045427.790][    +23.5s][EXEC_TRAJ] GLOBAL result=RTH_PATH_OK | why: path to goal: 2 nodes / 0.2m (connected via 2) | clusters=1(reach 0) vp=0(reach 0) pipe[tot=1 dorm=0 unreach=1 cons=0 nocand=0 topo=0 novis=0 ok=0] tour=2n/0.2m goal=(0.0, 0.0, 1.2) t=3ms
[INFO] [1783045427.790] [/exploration_node]: [EV] [1783045427.790][    +23.5s][PLAN_TRAJ_RTH] RTH d2goal=0.0m | auto-home(xy) dist=0.14m tol=0.20m goal=(0.04, 0.01, 1.20)
[INFO] [1783045427.790] [/exploration_node]: [EV] [1783045427.790][    +23.5s][LAND] STATE PLAN_TRAJ_RTH -> LAND [RTH: home reached -> AUTO.LAND] |  (prev cycle x4/1.2s)
[INFO] [1783045427.790] [/exploration_node]: [32m[RTH] Home reached (xy 0.140 m) -> landing[0m
[INFO] [1783045427.791] [/traj_server]: [33m[Metrics] RTH distance received: 0.140 m, logging metrics...[0m
[INFO] [1783045427.791] [/traj_server]: [32m[Metrics] Mission Complete - Logged to /home/hmcl/.ros/epic_metrics.log[0m
[INFO] [1783045427.791] [/traj_server]: [36m  Mission time: 12.81 s[0m
[INFO] [1783045427.791] [/traj_server]: [36m  RTH distance to goal: 0.140 m[0m
[INFO] [1783045427.791] [/traj_server]: [36m  Avg speed (odometry): 0.416 m/s[0m
[INFO] [1783045427.791] [/traj_server]: [36m  Path length: 7.59 m[0m
[INFO] [1783045427.791] [/traj_server]: [36m  Avg speed (path/time): 0.593 m/s[0m
[INFO] [1783045427.791] [/traj_server]: [36m  Avg tracking error: 0.513 m[0m
[WARN] [1783045427.794] [/exploration_node]: [33m[LAND] AUTO.LAND requested[0m
[WARN] [1783045427.800] [/mavros]: CMD: Unexpected command 176, result 0
[WARN] [1783045427.813] [/mavros]: PositionTargetGlobal failed because no origin
[WARN] [1783045427.916] [/mavros]: PositionTargetGlobal failed because no origin
[WARN] [1783045428.011] [/mavros]: PositionTargetGlobal failed because no origin
[WARN] [1783045428.115] [/mavros]: PositionTargetGlobal failed because no origin
[WARN] [1783045428.216] [/mavros]: PositionTargetGlobal failed because no origin
[WARN] [1783045428.316] [/mavros]: PositionTargetGlobal failed because no origin
[WARN] [1783045428.397] [/exploration_node]: [EV] [1783045428.397][    +24.1s][LAND] PX4 mode=AUTO.LAND armed=1 (LEFT OFFBOARD: pilot takeover or failsafe) | prev=OFFBOARD
[INFO] [1783045428.401] [/exploration_node]: [32m[LAND] PX4 in AUTO.LAND -> descending & auto-disarm[0m
[INFO] [1783045428.401] [/exploration_node]: [EV] [1783045428.401][    +24.1s][LAND] BATT 23.0V | v=23.34V pct=58%
[WARN] [1783045428.416] [/mavros]: PositionTargetGlobal failed because no origin
[WARN] [1783045428.516] [/mavros]: PositionTargetGlobal failed because no origin
[WARN] [1783045428.616] [/mavros]: PositionTargetGlobal failed because no origin
[WARN] [1783045428.716] [/mavros]: PositionTargetGlobal failed because no origin
[WARN] [1783045428.816] [/mavros]: PositionTargetGlobal failed because no origin
[WARN] [1783045428.916] [/mavros]: PositionTargetGlobal failed because no origin
[WARN] [1783045429.011] [/mavros]: PositionTargetGlobal failed because no origin
[WARN] [1783045429.115] [/mavros]: PositionTargetGlobal failed because no origin
[WARN] [1783045429.215] [/mavros]: PositionTargetGlobal failed because no origin
[WARN] [1783045429.316] [/mavros]: PositionTargetGlobal failed because no origin
[WARN] [1783045429.416] [/mavros]: PositionTargetGlobal failed because no origin
[WARN] [1783045429.516] [/mavros]: PositionTargetGlobal failed because no origin
[WARN] [1783045429.616] [/mavros]: PositionTargetGlobal failed because no origin
[WARN] [1783045429.716] [/mavros]: PositionTargetGlobal failed because no origin
[WARN] [1783045429.815] [/mavros]: PositionTargetGlobal failed because no origin
[WARN] [1783045429.915] [/mavros]: PositionTargetGlobal failed because no origin
[WARN] [1783045430.011] [/mavros]: PositionTargetGlobal failed because no origin
[WARN] [1783045430.115] [/mavros]: PositionTargetGlobal failed because no origin
[WARN] [1783045430.215] [/mavros]: PositionTargetGlobal failed because no origin
[WARN] [1783045430.315] [/mavros]: PositionTargetGlobal failed because no origin
[INFO] [1783045430.411] [/exploration_node]: [32m[LAND] PX4 in AUTO.LAND -> descending & auto-disarm[0m
[WARN] [1783045430.417] [/mavros]: PositionTargetGlobal failed because no origin
[INFO] [1783045430.495] [/mavros]: HP: requesting home position
[WARN] [1783045430.517] [/mavros]: PositionTargetGlobal failed because no origin
[WARN] [1783045430.614] [/mavros]: PositionTargetGlobal failed because no origin
[WARN] [1783045430.714] [/mavros]: PositionTargetGlobal failed because no origin
[WARN] [1783045430.814] [/mavros]: PositionTargetGlobal failed because no origin
[WARN] [1783045430.914] [/mavros]: PositionTargetGlobal failed because no origin
[WARN] [1783045431.014] [/mavros]: PositionTargetGlobal failed because no origin
[WARN] [1783045431.117] [/mavros]: PositionTargetGlobal failed because no origin
[WARN] [1783045431.217] [/mavros]: PositionTargetGlobal failed because no origin
[WARN] [1783045431.316] [/mavros]: PositionTargetGlobal failed because no origin
[WARN] [1783045431.416] [/mavros]: PositionTargetGlobal failed because no origin
[WARN] [1783045431.513] [/mavros]: PositionTargetGlobal failed because no origin
[WARN] [1783045431.610] [/mavros]: PositionTargetGlobal failed because no origin
[WARN] [1783045432.397] [/exploration_node]: [EV] [1783045432.397][    +28.1s][LAND] PX4 mode=OFFBOARD armed=0 | prev=AUTO.LAND
[INFO] [1783045432.398] [/exploration_node]: [EV] [1783045432.398][    +28.1s][LAND] BATT 24.0V | v=24.06V pct=63% (prev cycle x1/16.0s)
[INFO] [1783045432.401] [/exploration_node]: [EV] [1783045432.401][    +28.1s][LANDED] STATE LAND -> LANDED [LAND: touchdown & disarmed]
[INFO] [1783045432.411] [/exploration_node]: [EV] [1783045432.411][    +28.1s][LANDED] MISSION LANDED (mission complete, disarmed)
