# EPIC structured flight events for epic_2026-07-03-11-23-16.bag
# line format: [ros_epoch][+rel_s][FSM_STATE] CATEGORY signature | detail
# EPIC session info | published_ros=1783045395.382
# box | down=[-150, -150, 0.4] up=[150, 150, 2]
# corridor | DilateSoft=0.60 DilateHard=0.45 MaxCorridor=4.0 MaxVel=0.9 max_traj_len=10.0 safe_dist=0.70 bubble_min_r=0.50
# frontier | cell=0.40 cluster_sz=[0.5, 5.0] minpts=4 dphi=0.26 znum=3 good_dir_score=0.60
# viewpoint | pillar_r=[0.5, 2.0]x8 h=[-1.0, 1.0]x5 circle_n=8 local_tsp=16
# fsm | takeoff_h=1.20 goal_tol=0.20 replan_t=0.20 emerg_err=3.0 max_hz=30 avoid_to=0.5 auto_rth_land=1 rth_land_xy_tol=0.20 avoidance=1
# topics | odom=/Odometry cloud=/cloud_registered
[1783045403.407][     +8.0s][WAIT_TRIGGER] PX4 mode=POSCTL armed=1 | prev=POSCTL
[1783045404.321][     +0.0s][WAIT_TRIGGER] EVENT 2D-Nav-Goal trigger | trigger received | pos=(0.04, 0.01, -0.00)
[1783045404.321][     +0.0s][WAIT_TRIGGER] PARAM box | down=[-150, -150, 0.4] up=[150, 150, 2]
[1783045404.321][     +0.0s][WAIT_TRIGGER] PARAM corridor | DilateSoft=0.60 DilateHard=0.45 MaxCorridor=4.0 MaxVel=0.9 max_traj_len=10.0 safe_dist=0.70 bubble_min_r=0.50
[1783045404.321][     +0.0s][WAIT_TRIGGER] PARAM frontier | cell=0.40 cluster_sz=[0.5, 5.0] minpts=4 dphi=0.26 znum=3 good_dir_score=0.60
[1783045404.321][     +0.0s][WAIT_TRIGGER] PARAM viewpoint | pillar_r=[0.5, 2.0]x8 h=[-1.0, 1.0]x5 circle_n=8 local_tsp=16
[1783045404.321][     +0.0s][WAIT_TRIGGER] PARAM fsm | takeoff_h=1.20 goal_tol=0.20 replan_t=0.20 emerg_err=3.0 max_hz=30 avoid_to=0.5 auto_rth_land=1 rth_land_xy_tol=0.20 avoidance=1
[1783045404.321][     +0.0s][WAIT_TRIGGER] PARAM topics | odom=/Odometry cloud=/cloud_registered
[1783045404.321][     +0.0s][TAKEOFF_HOVER] STATE WAIT_TRIGGER -> TAKEOFF_HOVER [triggerCallback: takeoff & hover]
[1783045404.407][     +0.1s][TAKEOFF_HOVER] BATT 24.5V | v=24.62V pct=81% (x3)
[1783045406.406][     +2.1s][TAKEOFF_HOVER] PX4 mode=OFFBOARD armed=1 | prev=POSCTL
[1783045408.405][     +4.1s][TAKEOFF_HOVER] BATT 24.0V | v=24.20V pct=87% (prev x1/2.0s)
[1783045410.404][     +6.1s][TAKEOFF_HOVER] BATT 23.5V | v=23.85V pct=75%
[1783045412.404][     +8.1s][TAKEOFF_HOVER] BATT 23.5V | v=23.71V pct=73%
[1783045413.084][     +8.8s][PLAN_TRAJ_EXP] STATE TAKEOFF_HOVER -> PLAN_TRAJ_EXP [takeoff: altitude reached & stable -> explore]
[1783045413.217][     +8.9s][PLAN_TRAJ_EXP] GLOBAL result=NO_VIEWPOINTS | why: NO_FRONTIER: 0 viewpoints (clusters=1, reachable_clusters=0) pipe[tot=1 dorm=0 unreach=0 cons=1 nocand=0 topo=1 novis=0 ok=0] | clusters=1(reach 0) vp=0(reach 0) pipe[tot=1 dorm=0 unreach=0 cons=1 nocand=0 topo=1 novis=0 ok=0] tour=0n/0.0m goal=(0.0, 0.0, 0.0) t=8ms
[1783045413.223][     +8.9s][PLAN_TRAJ_EXP] LOCAL EXP NO_FRONTIER | t=0.0ms goal_d=1.1m
[1783045413.223][     +8.9s][PLAN_TRAJ_EXP] STATE PLAN_TRAJ_EXP -> PLAN_TRAJ_EXP [PLAN_TRAJ_EXP: no frontier yet (warming up)]
[1783045413.436][     +9.1s][PLAN_TRAJ_EXP] GLOBAL result=NO_VIEWPOINTS | why: NO_FRONTIER: 0 viewpoints (clusters=1, reachable_clusters=0) pipe[tot=1 dorm=0 unreach=1 cons=0 nocand=0 topo=0 novis=0 ok=0] | clusters=1(reach 0) vp=0(reach 0) pipe[tot=1 dorm=0 unreach=1 cons=0 nocand=0 topo=0 novis=0 ok=0] tour=0n/0.0m goal=(0.0, 0.0, 0.0) t=11ms
[1783045414.295][    +10.0s][PLAN_TRAJ_EXP] GLOBAL result=NO_REACHABLE_VP | why: NO_PATH: 1 viewpoints exist but NONE reachable via topo graph (clusters=1, reachable_clusters=1) | clusters=1(reach 1) vp=1(reach 0) pipe[tot=1 dorm=0 unreach=0 cons=1 nocand=0 topo=0 novis=0 ok=1] tour=0n/0.0m goal=(0.0, 0.0, 0.0) t=16ms (prev cycle x1/0.9s)
[1783045414.404][    +10.1s][PLAN_TRAJ_EXP] BATT 23.5V | v=23.63V pct=73%
[1783045414.731][    +10.4s][PLAN_TRAJ_EXP] GLOBAL result=OK | clusters=1(reach 1) vp=1(reach 1) pipe[tot=1 dorm=0 unreach=0 cons=1 nocand=0 topo=0 novis=0 ok=1] tour=2n/5.3m goal=(0.0, 0.0, 0.0) t=26ms (prev x1/0.2s)
[1783045414.731][    +10.4s][PLAN_TRAJ_EXP] STATE PLAN_TRAJ_EXP -> PLAN_TRAJ_EXP [planGlobalPath: succeed] |  (prev x137/1.5s)
[1783045414.732][    +10.4s][PLAN_TRAJ_EXP] LOCAL EXP FAIL | why: fast-searcher: no path odom->goal | t=0.1ms goal_d=1.2m (prev x137/1.5s)
[1783045414.732][    +10.4s][PLAN_TRAJ_EXP] STATE PLAN_TRAJ_EXP -> PLAN_TRAJ_EXP [PLAN_TRAJ_EXP: plan failed]
[1783045414.975][    +10.7s][PLAN_TRAJ_EXP] LOCAL EXP OK | t=33.4ms goal_d=5.3m (prev x18/0.2s)
[1783045414.975][    +10.7s][EXEC_TRAJ] STATE PLAN_TRAJ_EXP -> EXEC_TRAJ [plan success: new traj pub] |  (prev cycle x1/0.2s)
[1783045415.151][    +10.8s][PLAN_TRAJ_EXP] STATE EXEC_TRAJ -> PLAN_TRAJ_EXP [planGlobalPath: succeed]
[1783045415.792][    +11.5s][EXEC_TRAJ] GLOBAL result=OK | clusters=1(reach 1) vp=1(reach 1) pipe[tot=1 dorm=0 unreach=0 cons=1 nocand=0 topo=0 novis=0 ok=1] tour=2n/6.2m goal=(5.2, 4.1, 0.6) t=30ms (x2)
[1783045416.446][    +12.1s][PLAN_TRAJ_EXP] BATT 23.0V | v=23.49V pct=68%
[1783045417.064][    +12.7s][EXEC_TRAJ] GLOBAL result=OK | clusters=1(reach 1) vp=1(reach 1) pipe[tot=1 dorm=0 unreach=0 cons=1 nocand=0 topo=0 novis=0 ok=1] tour=2n/6.1m goal=(5.1, 4.0, 0.7) t=7ms (x1)
[1783045418.325][    +14.0s][EXEC_TRAJ] GLOBAL result=OK | clusters=1(reach 1) vp=1(reach 1) pipe[tot=1 dorm=0 unreach=0 cons=1 nocand=0 topo=0 novis=0 ok=1] tour=2n/5.7m goal=(4.7, 4.0, 0.7) t=15ms (x1)
[1783045418.402][    +14.1s][EXEC_TRAJ] BATT 23.0V | v=23.37V pct=65%
[1783045418.957][    +14.6s][EXEC_TRAJ] GLOBAL result=NO_VIEWPOINTS | why: NO_FRONTIER: 0 viewpoints (clusters=1, reachable_clusters=0) pipe[tot=1 dorm=0 unreach=0 cons=1 nocand=0 topo=1 novis=0 ok=0] | clusters=1(reach 0) vp=0(reach 0) pipe[tot=1 dorm=0 unreach=0 cons=1 nocand=0 topo=1 novis=0 ok=0] tour=2n/5.7m goal=(4.7, 4.0, 0.7) t=10ms
[1783045418.957][    +14.6s][FINISH] STATE EXEC_TRAJ -> FINISH [planGlobalPath: no frontier] |  (prev cycle x11/3.8s)
[1783045418.957][    +14.6s][FINISH] MISSION FINISH (premature? unreached clusters remain) | pos=(1.16, -0.00, 1.17) elapsed=15s clusters_left=1(reach 0) pipe[tot=1 dorm=0 unreach=0 cons=1 nocand=0 topo=1 novis=0 ok=0]
[1783045419.174][    +14.9s][FINISH] STATE FINISH -> FINISH [planGlobalPath: no frontier]
[1783045419.799][    +15.5s][PLAN_TRAJ_EXP] STATE FINISH -> PLAN_TRAJ_EXP [planGlobalPath: succeed] |  (prev x2/0.4s)
[1783045419.833][    +15.5s][EXEC_TRAJ] STATE PLAN_TRAJ_EXP -> EXEC_TRAJ [plan success: new traj pub]
[1783045420.402][    +16.1s][EXEC_TRAJ] BATT 23.0V | v=23.24V pct=62%
[1783045420.419][    +16.1s][EXEC_TRAJ] GLOBAL result=OK | clusters=2(reach 1) vp=1(reach 1) pipe[tot=2 dorm=0 unreach=0 cons=2 nocand=0 topo=1 novis=0 ok=1] tour=2n/3.8m goal=(4.5, 2.4, 0.8) t=7ms (x3)
[1783045420.419][    +16.1s][PLAN_TRAJ_EXP] STATE EXEC_TRAJ -> PLAN_TRAJ_EXP [planGlobalPath: succeed]
[1783045420.453][    +16.1s][PLAN_TRAJ_EXP] LOCAL EXP OK | t=33.4ms goal_d=3.4m (x7)
[1783045421.042][    +16.7s][FINISH] STATE EXEC_TRAJ -> FINISH [planGlobalPath: no frontier] |  (prev cycle x1/0.6s)
[1783045421.043][    +16.7s][PLAN_TRAJ_RTH] STATE FINISH -> PLAN_TRAJ_RTH [FINISH: hover done -> return home]
[1783045421.053][    +16.7s][PLAN_TRAJ_RTH] RTH d2goal=2.0m | auto-home(xy) dist=2.39m tol=0.20m goal=(0.04, 0.01, 1.20)
[1783045421.086][    +16.8s][PLAN_TRAJ_RTH] LOCAL RTH OK | t=33.4ms
[1783045421.086][    +16.8s][EXEC_TRAJ] STATE PLAN_TRAJ_RTH -> EXEC_TRAJ [PLAN_TRAJ_RTH: plan success]
[1783045421.648][    +17.3s][EXEC_TRAJ] GLOBAL result=RTH_PATH_OK | why: path to goal: 2 nodes / 2.7m (connected via 2) | clusters=1(reach 0) vp=0(reach 0) pipe[tot=1 dorm=0 unreach=0 cons=1 nocand=0 topo=1 novis=0 ok=0] tour=2n/2.7m goal=(0.0, 0.0, 1.2) t=2ms (prev cycle x2/2.7s)
[1783045421.648][    +17.3s][PLAN_TRAJ_RTH] STATE EXEC_TRAJ -> PLAN_TRAJ_RTH [planGoalPath: succeed]
[1783045421.648][    +17.3s][PLAN_TRAJ_RTH] RTH d2goal=2.5m | auto-home(xy) dist=2.65m tol=0.20m goal=(0.04, 0.01, 1.20)
[1783045422.255][    +17.9s][EXEC_TRAJ] GLOBAL result=RTH_PATH_OK | why: path to goal: 2 nodes / 2.6m (connected via 2) | clusters=1(reach 0) vp=0(reach 0) pipe[tot=1 dorm=0 unreach=0 cons=1 nocand=0 topo=1 novis=0 ok=0] tour=2n/2.6m goal=(0.0, 0.0, 1.2) t=3ms
[1783045422.255][    +17.9s][PLAN_TRAJ_RTH] RTH d2goal=2.5m | auto-home(xy) dist=2.60m tol=0.20m goal=(0.04, 0.01, 1.20)
[1783045422.402][    +18.1s][EXEC_TRAJ] BATT 23.0V | v=23.33V pct=61%
[1783045422.868][    +18.5s][EXEC_TRAJ] GLOBAL result=RTH_PATH_OK | why: path to goal: 2 nodes / 2.5m (connected via 2) | clusters=1(reach 0) vp=0(reach 0) pipe[tot=1 dorm=0 unreach=0 cons=1 nocand=0 topo=1 novis=0 ok=0] tour=2n/2.5m goal=(0.0, 0.0, 1.2) t=2ms
[1783045422.869][    +18.5s][PLAN_TRAJ_RTH] RTH d2goal=2.5m | auto-home(xy) dist=2.52m tol=0.20m goal=(0.04, 0.01, 1.20)
[1783045423.488][    +19.2s][EXEC_TRAJ] GLOBAL result=RTH_PATH_OK | why: path to goal: 2 nodes / 2.4m (connected via 2) | clusters=1(reach 0) vp=0(reach 0) pipe[tot=1 dorm=0 unreach=0 cons=1 nocand=0 topo=1 novis=0 ok=0] tour=2n/2.4m goal=(0.0, 0.0, 1.2) t=5ms
[1783045424.097][    +19.8s][EXEC_TRAJ] GLOBAL result=RTH_PATH_OK | why: path to goal: 2 nodes / 2.2m (connected via 2) | clusters=1(reach 0) vp=0(reach 0) pipe[tot=1 dorm=0 unreach=0 cons=1 nocand=0 topo=1 novis=0 ok=0] tour=2n/2.2m goal=(0.0, 0.0, 1.2) t=4ms
[1783045424.097][    +19.8s][PLAN_TRAJ_RTH] RTH d2goal=2.0m | auto-home(xy) dist=2.17m tol=0.20m goal=(0.04, 0.01, 1.20)
[1783045424.401][    +20.1s][EXEC_TRAJ] BATT 23.0V | v=23.32V pct=61%
[1783045424.726][    +20.4s][EXEC_TRAJ] GLOBAL result=RTH_PATH_OK | why: path to goal: 2 nodes / 1.7m (connected via 2) | clusters=1(reach 0) vp=0(reach 0) pipe[tot=1 dorm=0 unreach=1 cons=0 nocand=0 topo=0 novis=0 ok=0] tour=2n/1.7m goal=(0.0, 0.0, 1.2) t=1ms
[1783045424.726][    +20.4s][PLAN_TRAJ_RTH] RTH d2goal=1.5m | auto-home(xy) dist=1.72m tol=0.20m goal=(0.04, 0.01, 1.20) (prev cycle x1/3.1s)
[1783045425.331][    +21.0s][EXEC_TRAJ] GLOBAL result=RTH_PATH_OK | why: path to goal: 2 nodes / 1.1m (connected via 2) | clusters=1(reach 0) vp=0(reach 0) pipe[tot=1 dorm=0 unreach=1 cons=0 nocand=0 topo=0 novis=0 ok=0] tour=2n/1.1m goal=(0.0, 0.0, 1.2) t=1ms
[1783045425.332][    +21.0s][PLAN_TRAJ_RTH] RTH d2goal=1.0m | auto-home(xy) dist=1.13m tol=0.20m goal=(0.04, 0.01, 1.20)
[1783045425.737][    +21.4s][EXEC_TRAJ] GLOBAL result=RTH_PATH_OK | why: path to goal: 2 nodes / 0.8m (connected via 2) | clusters=1(reach 0) vp=0(reach 0) pipe[tot=1 dorm=0 unreach=1 cons=0 nocand=0 topo=0 novis=0 ok=0] tour=2n/0.8m goal=(0.0, 0.0, 1.2) t=2ms
[1783045425.737][    +21.4s][PLAN_TRAJ_RTH] RTH d2goal=0.5m | auto-home(xy) dist=0.79m tol=0.20m goal=(0.04, 0.01, 1.20)
[1783045425.771][    +21.4s][PLAN_TRAJ_RTH] LOCAL RTH FAIL | why: minco optimize failed | t=33.5ms (prev x7/4.1s)
[1783045425.771][    +21.4s][PLAN_TRAJ_RTH] STATE PLAN_TRAJ_RTH -> PLAN_TRAJ_RTH [PLAN_TRAJ_RTH: plan failed] |  (prev cycle x14/4.1s)
[1783045425.781][    +21.5s][PLAN_TRAJ_RTH] RTH d2goal=0.5m | auto-home(xy) dist=0.75m tol=0.20m goal=(0.04, 0.01, 1.20)
[1783045425.824][    +21.5s][PLAN_TRAJ_RTH] RTH d2goal=0.5m | auto-home(xy) dist=0.71m tol=0.20m goal=(0.04, 0.01, 1.20)
[1783045425.912][    +21.6s][PLAN_TRAJ_RTH] RTH d2goal=0.5m | auto-home(xy) dist=0.68m tol=0.20m goal=(0.04, 0.01, 1.20) (x1)
[1783045425.951][    +21.6s][PLAN_TRAJ_RTH] GLOBAL result=RTH_PATH_OK | why: path to goal: 2 nodes / 0.6m (connected via 2) | clusters=1(reach 0) vp=0(reach 0) pipe[tot=1 dorm=0 unreach=1 cons=0 nocand=0 topo=0 novis=0 ok=0] tour=2n/0.6m goal=(0.0, 0.0, 1.2) t=1ms
[1783045425.951][    +21.6s][PLAN_TRAJ_RTH] STATE PLAN_TRAJ_RTH -> PLAN_TRAJ_RTH [planGoalPath: succeed] |  (prev x4/0.1s)
[1783045425.956][    +21.6s][PLAN_TRAJ_RTH] RTH d2goal=0.5m | auto-home(xy) dist=0.64m tol=0.20m goal=(0.04, 0.01, 1.20)
[1783045426.000][    +21.7s][PLAN_TRAJ_RTH] RTH d2goal=0.5m | auto-home(xy) dist=0.61m tol=0.20m goal=(0.04, 0.01, 1.20)
[1783045426.034][    +21.7s][EXEC_TRAJ] STATE PLAN_TRAJ_RTH -> EXEC_TRAJ [PLAN_TRAJ_RTH: plan success] |  (prev cycle x1/0.1s)
[1783045426.399][    +22.1s][EXEC_TRAJ] BATT 23.0V | v=23.29V pct=59%
[1783045426.560][    +22.2s][EXEC_TRAJ] GLOBAL result=RTH_PATH_OK | why: path to goal: 2 nodes / 0.4m (connected via 2) | clusters=1(reach 0) vp=0(reach 0) pipe[tot=1 dorm=0 unreach=1 cons=0 nocand=0 topo=0 novis=0 ok=0] tour=2n/0.4m goal=(0.0, 0.0, 1.2) t=2ms
[1783045426.561][    +22.2s][PLAN_TRAJ_RTH] STATE EXEC_TRAJ -> PLAN_TRAJ_RTH [planGoalPath: succeed]
[1783045426.564][    +22.2s][PLAN_TRAJ_RTH] RTH d2goal=0.0m | auto-home(xy) dist=0.37m tol=0.20m goal=(0.04, 0.01, 1.20)
[1783045427.166][    +22.8s][EXEC_TRAJ] GLOBAL result=RTH_PATH_OK | why: path to goal: 2 nodes / 0.3m (connected via 2) | clusters=1(reach 0) vp=0(reach 0) pipe[tot=1 dorm=0 unreach=1 cons=0 nocand=0 topo=0 novis=0 ok=0] tour=2n/0.3m goal=(0.0, 0.0, 1.2) t=1ms
[1783045427.167][    +22.8s][PLAN_TRAJ_RTH] RTH d2goal=0.0m | auto-home(xy) dist=0.29m tol=0.20m goal=(0.04, 0.01, 1.20)
[1783045427.790][    +23.5s][EXEC_TRAJ] GLOBAL result=RTH_PATH_OK | why: path to goal: 2 nodes / 0.2m (connected via 2) | clusters=1(reach 0) vp=0(reach 0) pipe[tot=1 dorm=0 unreach=1 cons=0 nocand=0 topo=0 novis=0 ok=0] tour=2n/0.2m goal=(0.0, 0.0, 1.2) t=3ms
[1783045427.790][    +23.5s][PLAN_TRAJ_RTH] RTH d2goal=0.0m | auto-home(xy) dist=0.14m tol=0.20m goal=(0.04, 0.01, 1.20)
[1783045427.790][    +23.5s][LAND] STATE PLAN_TRAJ_RTH -> LAND [RTH: home reached -> AUTO.LAND] |  (prev cycle x4/1.2s)
[1783045428.397][    +24.1s][LAND] PX4 mode=AUTO.LAND armed=1 (LEFT OFFBOARD: pilot takeover or failsafe) | prev=OFFBOARD
[1783045428.401][    +24.1s][LAND] BATT 23.0V | v=23.34V pct=58%
[1783045432.397][    +28.1s][LAND] PX4 mode=OFFBOARD armed=0 | prev=AUTO.LAND
[1783045432.398][    +28.1s][LAND] BATT 24.0V | v=24.06V pct=63% (prev cycle x1/16.0s)
[1783045432.401][    +28.1s][LANDED] STATE LAND -> LANDED [LAND: touchdown & disarmed]
[1783045432.411][    +28.1s][LANDED] MISSION LANDED (mission complete, disarmed)
