# console (/rosout_agg) log for epic_2026-07-03-11-29-51.bag
# started at 2026-07-03-11-29-51
[INFO] [1783045791.222] [/record_on_goal]: [record_on_goal] event log -> /home/hmcl/stack1/src/EPIC_poongsan/src/EPIC/src/global_planner/exploration_manager/records/epic_2026-07-03-11-29-51/epic_2026-07-03-11-29-51.events.log
[INFO] [1783045791.227] [/record_on_goal]: [record_on_goal] recording started (pid 4578) -> /home/hmcl/stack1/src/EPIC_poongsan/src/EPIC/src/global_planner/exploration_manager/records/epic_2026-07-03-11-29-51/epic_2026-07-03-11-29-51.bag
[INFO] [1783045792.265] [/exploration_node]: [EV] [1783045792.265][     +2.1s][WAIT_TRIGGER] BATT 24.0V | v=24.37V pct=73%
[WARN] [1783045796.155] [/exploration_node]: wait for trigger.
[INFO] [1783045800.495] [/mavros]: HP: requesting home position
[WARN] [1783045801.163] [/exploration_node]: wait for trigger.
[WARN] [1783045806.163] [/exploration_node]: wait for trigger.
[INFO] [1783045808.255] [/exploration_node]: [EV] [1783045808.255][    +18.1s][WAIT_TRIGGER] PX4 mode=POSCTL armed=0 (LEFT OFFBOARD: pilot takeover or failsafe) | prev=OFFBOARD
[INFO] [1783045809.257] [/exploration_node]: [EV] [1783045809.257][    +19.1s][WAIT_TRIGGER] PX4 mode=POSCTL armed=1 | prev=POSCTL
[INFO] [1783045810.260] [/exploration_node]: [EV] [1783045810.260][    +20.1s][WAIT_TRIGGER] BATT 24.0V | v=24.38V pct=73% (x8)
[INFO] [1783045810.495] [/mavros]: HP: requesting home position
[WARN] [1783045811.163] [/exploration_node]: wait for trigger.
[INFO] [1783045811.876] [/rvizvisualisation]: Setting goal: Frame:world, Position(-2.410, -5.862, 0.000), Orientation(0.000, 0.000, 0.879, 0.476) = Angle: 2.148

[INFO] [1783045811.877] [/exploration_node]: [EV] [1783045811.877][     +0.0s][WAIT_TRIGGER] EVENT 2D-Nav-Goal trigger | trigger received | pos=(-0.02, -0.05, 0.05)
[INFO] [1783045811.877] [/exploration_node]: [EV] [1783045811.877][     +0.0s][WAIT_TRIGGER] PARAM box | down=[-150, -150, 0.4] up=[150, 150, 2]
[INFO] [1783045811.877] [/exploration_node]: [EV] [1783045811.877][     +0.0s][WAIT_TRIGGER] PARAM corridor | DilateSoft=0.60 DilateHard=0.45 MaxCorridor=4.0 MaxVel=0.9 max_traj_len=10.0 safe_dist=0.70 bubble_min_r=0.50
[INFO] [1783045811.877] [/exploration_node]: [EV] [1783045811.877][     +0.0s][WAIT_TRIGGER] PARAM frontier | cell=0.20 cluster_sz=[0.5, 7.0] minpts=4 dphi=0.26 znum=3 good_dir_score=0.60
[INFO] [1783045811.877] [/exploration_node]: [EV] [1783045811.877][     +0.0s][WAIT_TRIGGER] PARAM viewpoint | pillar_r=[0.5, 2.0]x8 h=[-1.0, 1.0]x5 circle_n=8 local_tsp=16
[INFO] [1783045811.878] [/exploration_node]: [EV] [1783045811.877][     +0.0s][WAIT_TRIGGER] PARAM fsm | takeoff_h=1.20 goal_tol=0.20 replan_t=0.20 emerg_err=3.0 max_hz=30 avoid_to=0.5 auto_rth_land=1 rth_land_xy_tol=0.20 avoidance=1
[INFO] [1783045811.878] [/exploration_node]: [EV] [1783045811.878][     +0.0s][WAIT_TRIGGER] PARAM topics | odom=/Odometry cloud=/cloud_registered
[INFO] [1783045811.878] [/exploration_node]: [EV] [1783045811.878][     +0.0s][TAKEOFF_HOVER] STATE WAIT_TRIGGER -> TAKEOFF_HOVER [triggerCallback: takeoff & hover]
[INFO] [1783045813.255] [/exploration_node]: [EV] [1783045813.255][     +1.4s][TAKEOFF_HOVER] PX4 mode=OFFBOARD armed=1 | prev=POSCTL
[INFO] [1783045814.261] [/exploration_node]: [EV] [1783045814.261][     +2.4s][TAKEOFF_HOVER] BATT 24.0V | v=24.33V pct=74% (x1)
[INFO] [1783045816.257] [/exploration_node]: [EV] [1783045816.256][     +4.4s][TAKEOFF_HOVER] BATT 23.5V | v=23.78V pct=72%
[INFO] [1783045818.255] [/exploration_node]: [EV] [1783045818.255][     +6.4s][TAKEOFF_HOVER] BATT 23.5V | v=23.57V pct=62%
[INFO] [1783045820.253] [/exploration_node]: [EV] [1783045820.253][     +8.4s][TAKEOFF_HOVER] BATT 23.0V | v=23.44V pct=64%
[INFO] [1783045820.495] [/mavros]: HP: requesting home position
[INFO] [1783045820.533] [/exploration_node]: [EV] [1783045820.533][     +8.7s][PLAN_TRAJ_EXP] STATE TAKEOFF_HOVER -> PLAN_TRAJ_EXP [takeoff: altitude reached & stable -> explore]
[WARN] [1783045820.619] [/exploration_node]: [EV] [1783045820.619][     +8.7s][PLAN_TRAJ_EXP] GLOBAL result=NO_VIEWPOINTS | why: NO_FRONTIER: 0 viewpoints (clusters=7, reachable_clusters=0) pipe[tot=7 dorm=2 unreach=0 cons=5 nocand=0 topo=5 novis=0 ok=0] | clusters=7(reach 0) vp=0(reach 0) pipe[tot=7 dorm=2 unreach=0 cons=5 nocand=0 topo=5 novis=0 ok=0] tour=0n/0.0m goal=(0.0, 0.0, 0.0) t=18ms
[WARN] [1783045820.620] [/exploration_node]: [EV] [1783045820.620][     +8.7s][PLAN_TRAJ_EXP] LOCAL EXP NO_FRONTIER | t=0.0ms goal_d=1.1m
[WARN] [1783045820.620] [/exploration_node]: [EV] [1783045820.620][     +8.7s][PLAN_TRAJ_EXP] STATE PLAN_TRAJ_EXP -> PLAN_TRAJ_EXP [PLAN_TRAJ_EXP: no frontier yet (warming up)]
[INFO] [1783045820.640] [/epic_rosbag_recorder]: Subscribing to /exploration_node/viewpoint_centers
[INFO] [1783045820.641] [/epic_rosbag_recorder]: Subscribing to /exploration_node/occ
[INFO] [1783045820.642] [/epic_rosbag_recorder]: Subscribing to /exploration_node/pocc
[INFO] [1783045820.643] [/epic_rosbag_recorder]: Subscribing to /exploration_node/frt
[INFO] [1783045820.851] [/exploration_node]: [EV] [1783045820.851][     +9.0s][PLAN_TRAJ_EXP] GLOBAL result=OK | clusters=8(reach 1) vp=1(reach 1) pipe[tot=8 dorm=2 unreach=2 cons=4 nocand=0 topo=3 novis=0 ok=1] tour=2n/3.6m goal=(0.0, 0.0, 0.0) t=30ms
[INFO] [1783045820.851] [/exploration_node]: [EV] [1783045820.851][     +9.0s][PLAN_TRAJ_EXP] STATE PLAN_TRAJ_EXP -> PLAN_TRAJ_EXP [planGlobalPath: succeed] |  (prev x18/0.2s)
[WARN] [1783045820.856] [/exploration_node]: [local-plan] fast-searcher: no path odom->goal
[WARN] [1783045820.856] [/exploration_node]: [EV] [1783045820.856][     +9.0s][PLAN_TRAJ_EXP] LOCAL EXP FAIL | why: fast-searcher: no path odom->goal | t=0.1ms goal_d=1.1m (prev x18/0.2s)
[WARN] [1783045820.856] [/exploration_node]: [EV] [1783045820.856][     +9.0s][PLAN_TRAJ_EXP] STATE PLAN_TRAJ_EXP -> PLAN_TRAJ_EXP [PLAN_TRAJ_EXP: plan failed]
[WARN] [1783045821.053] [/px4_ctrl_bridge]: [px4_bridge] /position_cmd stale -> holding pose
[INFO] [1783045821.132] [/exploration_node]: [EV] [1783045821.132][     +9.3s][PLAN_TRAJ_EXP] LOCAL EXP OK | t=33.4ms goal_d=3.6m (prev x19/0.3s)
[INFO] [1783045821.132] [/exploration_node]: [EV] [1783045821.132][     +9.3s][EXEC_TRAJ] STATE PLAN_TRAJ_EXP -> EXEC_TRAJ [plan success: new traj pub] |  (prev cycle x1/0.3s)
[INFO] [1783045821.146] [/traj_server]: [32m[Metrics] Mission started[0m
[INFO] [1783045821.341] [/exploration_node]: [EV] [1783045821.341][     +9.5s][PLAN_TRAJ_EXP] STATE EXEC_TRAJ -> PLAN_TRAJ_EXP [planGlobalPath: succeed]
[INFO] [1783045822.003] [/exploration_node]: [EV] [1783045822.003][    +10.1s][EXEC_TRAJ] GLOBAL result=OK | clusters=8(reach 1) vp=1(reach 1) pipe[tot=8 dorm=2 unreach=2 cons=4 nocand=0 topo=3 novis=0 ok=1] tour=2n/6.2m goal=(3.5, -1.4, 0.6) t=23ms (x2)
[INFO] [1783045822.253] [/exploration_node]: [EV] [1783045822.253][    +10.4s][EXEC_TRAJ] BATT 23.0V | v=23.33V pct=61%
[WARN] [1783045822.661] [/exploration_node]: [EV] [1783045822.661][    +10.8s][EXEC_TRAJ] GLOBAL result=NO_VIEWPOINTS | why: NO_FRONTIER: 0 viewpoints (clusters=8, reachable_clusters=0) pipe[tot=8 dorm=2 unreach=4 cons=2 nocand=0 topo=2 novis=0 ok=0] | clusters=8(reach 0) vp=0(reach 0) pipe[tot=8 dorm=2 unreach=4 cons=2 nocand=0 topo=2 novis=0 ok=0] tour=2n/6.2m goal=(3.5, -1.4, 0.6) t=28ms
[INFO] [1783045822.661] [/exploration_node]: [EV] [1783045822.661][    +10.8s][FINISH] STATE EXEC_TRAJ -> FINISH [planGlobalPath: no frontier] |  (prev cycle x3/1.3s)
[WARN] [1783045822.662] [/exploration_node]: [EV] [1783045822.662][    +10.8s][FINISH] MISSION FINISH (premature? unreached clusters remain) | pos=(0.06, -0.06, 1.12) elapsed=11s clusters_left=8(reach 0) pipe[tot=8 dorm=2 unreach=4 cons=2 nocand=0 topo=2 novis=0 ok=0]
[INFO] [1783045822.662] [/exploration_node]: [32m[FINISH] exploration done -> hover 1.0s, then return home & land[0m
[WARN] [1783045822.887] [/exploration_node]: [EV] [1783045822.887][    +11.0s][FINISH] GLOBAL result=NO_VIEWPOINTS | why: NO_FRONTIER: 0 viewpoints (clusters=8, reachable_clusters=0) pipe[tot=8 dorm=2 unreach=6 cons=0 nocand=0 topo=0 novis=0 ok=0] | clusters=8(reach 0) vp=0(reach 0) pipe[tot=8 dorm=2 unreach=6 cons=0 nocand=0 topo=0 novis=0 ok=0] tour=2n/6.2m goal=(3.5, -1.4, 0.6) t=24ms
[INFO] [1783045822.887] [/exploration_node]: [EV] [1783045822.887][    +11.0s][FINISH] STATE FINISH -> FINISH [planGlobalPath: no frontier]
[WARN] [1783045823.102] [/exploration_node]: [EV] [1783045823.102][    +11.2s][FINISH] GLOBAL result=NO_VIEWPOINTS | why: NO_FRONTIER: 0 viewpoints (clusters=7, reachable_clusters=0) pipe[tot=7 dorm=2 unreach=3 cons=2 nocand=0 topo=2 novis=0 ok=0] | clusters=7(reach 0) vp=0(reach 0) pipe[tot=7 dorm=2 unreach=3 cons=2 nocand=0 topo=2 novis=0 ok=0] tour=2n/6.2m goal=(3.5, -1.4, 0.6) t=13ms
[INFO] [1783045823.336] [/exploration_node]: [EV] [1783045823.336][    +11.5s][FINISH] GLOBAL result=OK | clusters=7(reach 1) vp=1(reach 1) pipe[tot=7 dorm=2 unreach=4 cons=1 nocand=0 topo=0 novis=0 ok=1] tour=2n/8.2m goal=(4.6, -4.3, 0.5) t=32ms
[INFO] [1783045823.336] [/exploration_node]: [EV] [1783045823.336][    +11.5s][PLAN_TRAJ_EXP] STATE FINISH -> PLAN_TRAJ_EXP [planGlobalPath: succeed] |  (prev x1/0.2s)
[INFO] [1783045823.370] [/exploration_node]: [EV] [1783045823.370][    +11.5s][EXEC_TRAJ] STATE PLAN_TRAJ_EXP -> EXEC_TRAJ [plan success: new traj pub]
[WARN] [1783045824.002] [/exploration_node]: [EV] [1783045824.002][    +12.1s][EXEC_TRAJ] GLOBAL result=NO_REACHABLE_VP | why: NO_PATH: 2 viewpoints exist but NONE reachable via topo graph (clusters=8, reachable_clusters=2) | clusters=8(reach 2) vp=2(reach 0) pipe[tot=8 dorm=3 unreach=1 cons=4 nocand=0 topo=2 novis=0 ok=2] tour=2n/8.2m goal=(6.8, -4.8, 0.9) t=34ms
[INFO] [1783045824.002] [/exploration_node]: [EV] [1783045824.002][    +12.1s][FINISH] STATE EXEC_TRAJ -> FINISH [planGlobalPath: no frontier]
[INFO] [1783045824.004] [/exploration_node]: [EV] [1783045824.004][    +12.1s][PLAN_TRAJ_RTH] STATE FINISH -> PLAN_TRAJ_RTH [FINISH: hover done -> return home]
[INFO] [1783045824.014] [/exploration_node]: [EV] [1783045824.014][    +12.1s][PLAN_TRAJ_RTH] RTH d2goal=0.0m | auto-home(xy) dist=0.23m tol=0.20m goal=(-0.02, -0.05, 1.20)
[INFO] [1783045824.014] [/traj_server]: [33m[Metrics] RTH mode activated at index 14 (current state: PLAN_TRAJ_RTH)[0m
[INFO] [1783045824.036] [/exploration_node]: [33m[Path Simplification] Reduced path from 4 to 2 nodes, 2 collision checks, 0.01 ms[0m
[INFO] [1783045824.036] [/exploration_node]:   Segment 1: 0.27 m
[INFO] [1783045824.047] [/exploration_node]: [EV] [1783045824.047][    +12.2s][PLAN_TRAJ_RTH] LOCAL RTH OK | t=33.4ms (prev x3/2.7s)
[INFO] [1783045824.047] [/exploration_node]: [EV] [1783045824.047][    +12.2s][EXEC_TRAJ] STATE PLAN_TRAJ_RTH -> EXEC_TRAJ [PLAN_TRAJ_RTH: plan success]
[INFO] [1783045824.253] [/exploration_node]: [EV] [1783045824.253][    +12.4s][EXEC_TRAJ] BATT 23.0V | v=23.29V pct=59%
[INFO] [1783045824.692] [/exploration_node]: [33m[Path Simplification] Reduced path from 4 to 2 nodes, 2 collision checks, 0.01 ms[0m
[INFO] [1783045824.692] [/exploration_node]:   Segment 1: 0.35 m
[INFO] [1783045824.693] [/exploration_node]: [EV] [1783045824.693][    +12.8s][EXEC_TRAJ] GLOBAL result=RTH_PATH_OK | why: path to goal: 2 nodes / 0.3m (connected via 6) | clusters=8(reach 2) vp=2(reach 0) pipe[tot=9 dorm=3 unreach=2 cons=4 nocand=0 topo=3 novis=0 ok=1] tour=2n/0.3m goal=(-0.0, -0.0, 1.2) t=32ms
[INFO] [1783045824.693] [/exploration_node]: [EV] [1783045824.693][    +12.8s][PLAN_TRAJ_RTH] STATE EXEC_TRAJ -> PLAN_TRAJ_RTH [planGoalPath: succeed]
[INFO] [1783045824.694] [/exploration_node]: [EV] [1783045824.694][    +12.8s][PLAN_TRAJ_RTH] RTH d2goal=0.0m | auto-home(xy) dist=0.31m tol=0.20m goal=(-0.02, -0.05, 1.20)
[INFO] [1783045824.708] [/exploration_node]: [33m[Path Simplification] Reduced path from 4 to 2 nodes, 2 collision checks, 0.01 ms[0m
[INFO] [1783045824.708] [/exploration_node]:   Segment 1: 0.35 m
[INFO] [1783045825.355] [/exploration_node]: [33m[Path Simplification] Reduced path from 4 to 2 nodes, 2 collision checks, 0.01 ms[0m
[INFO] [1783045825.355] [/exploration_node]:   Segment 1: 0.34 m
[INFO] [1783045825.356] [/exploration_node]: [EV] [1783045825.356][    +13.5s][EXEC_TRAJ] GLOBAL result=RTH_PATH_OK | why: path to goal: 2 nodes / 0.3m (connected via 4) | clusters=8(reach 2) vp=2(reach 0) pipe[tot=7 dorm=2 unreach=2 cons=3 nocand=0 topo=3 novis=0 ok=0] tour=2n/0.3m goal=(-0.0, -0.0, 1.2) t=12ms
[INFO] [1783045825.364] [/exploration_node]: [33m[Path Simplification] Reduced path from 4 to 2 nodes, 2 collision checks, 0.01 ms[0m
[INFO] [1783045825.364] [/exploration_node]:   Segment 1: 0.34 m
[INFO] [1783045826.033] [/exploration_node]: [33m[Path Simplification] Reduced path from 4 to 2 nodes, 2 collision checks, 0.01 ms[0m
[INFO] [1783045826.033] [/exploration_node]:   Segment 1: 0.24 m
[INFO] [1783045826.034] [/exploration_node]: [EV] [1783045826.034][    +14.2s][EXEC_TRAJ] GLOBAL result=RTH_PATH_OK | why: path to goal: 2 nodes / 0.2m (connected via 4) | clusters=8(reach 2) vp=2(reach 0) pipe[tot=8 dorm=3 unreach=2 cons=3 nocand=0 topo=3 novis=0 ok=0] tour=2n/0.2m goal=(-0.0, -0.0, 1.2) t=15ms
[INFO] [1783045826.036] [/exploration_node]: [EV] [1783045826.035][    +14.2s][PLAN_TRAJ_RTH] RTH d2goal=0.0m | auto-home(xy) dist=0.24m tol=0.20m goal=(-0.02, -0.05, 1.20) (x1)
[INFO] [1783045826.046] [/exploration_node]: [33m[Path Simplification] Reduced path from 4 to 2 nodes, 2 collision checks, 0.01 ms[0m
[INFO] [1783045826.046] [/exploration_node]:   Segment 1: 0.24 m
[WARN] [1783045826.053] [/exploration_node]: [local-plan] minco optimize failed
[WARN] [1783045826.053] [/exploration_node]: [RTH] local plan failed: minco optimize failed
[WARN] [1783045826.069] [/exploration_node]: [EV] [1783045826.069][    +14.2s][PLAN_TRAJ_RTH] LOCAL RTH FAIL | why: minco optimize failed | t=33.4ms (prev x2/1.3s)
[WARN] [1783045826.069] [/exploration_node]: [EV] [1783045826.069][    +14.2s][PLAN_TRAJ_RTH] STATE PLAN_TRAJ_RTH -> PLAN_TRAJ_RTH [PLAN_TRAJ_RTH: plan failed] |  (prev cycle x4/1.4s)
[INFO] [1783045826.079] [/exploration_node]: [EV] [1783045826.079][    +14.2s][PLAN_TRAJ_RTH] RTH d2goal=0.0m | auto-home(xy) dist=0.23m tol=0.20m goal=(-0.02, -0.05, 1.20)
[INFO] [1783045826.090] [/exploration_node]: [33m[Path Simplification] Reduced path from 4 to 2 nodes, 2 collision checks, 0.01 ms[0m
[INFO] [1783045826.091] [/exploration_node]:   Segment 1: 0.23 m
[INFO] [1783045826.125] [/exploration_node]: [EV] [1783045826.125][    +14.2s][PLAN_TRAJ_RTH] RTH d2goal=0.0m | auto-home(xy) dist=0.20m tol=0.20m goal=(-0.02, -0.05, 1.20)
[INFO] [1783045826.135] [/exploration_node]: [33m[Path Simplification] Reduced path from 4 to 2 nodes, 2 collision checks, 0.01 ms[0m
[INFO] [1783045826.135] [/exploration_node]:   Segment 1: 0.20 m
[INFO] [1783045826.181] [/exploration_node]: [33m[Path Simplification] Reduced path from 4 to 2 nodes, 2 collision checks, 0.01 ms[0m
[INFO] [1783045826.181] [/exploration_node]:   Segment 1: 0.20 m
[INFO] [1783045826.215] [/exploration_node]: [EV] [1783045826.215][    +14.3s][PLAN_TRAJ_RTH] RTH d2goal=0.0m | auto-home(xy) dist=0.19m tol=0.20m goal=(-0.02, -0.05, 1.20) (x1)
[INFO] [1783045826.215] [/exploration_node]: [EV] [1783045826.215][    +14.3s][LAND] STATE PLAN_TRAJ_RTH -> LAND [RTH: home reached -> AUTO.LAND] |  (prev x3/0.1s)
[INFO] [1783045826.215] [/exploration_node]: [32m[RTH] Home reached (xy 0.187 m) -> landing[0m
[INFO] [1783045826.215] [/traj_server]: [33m[Metrics] RTH distance received: 0.187 m, logging metrics...[0m
[INFO] [1783045826.216] [/traj_server]: [32m[Metrics] Mission Complete - Logged to /home/hmcl/.ros/epic_metrics.log[0m
[INFO] [1783045826.216] [/traj_server]: [36m  Mission time: 5.07 s[0m
[INFO] [1783045826.216] [/traj_server]: [36m  RTH distance to goal: 0.187 m[0m
[INFO] [1783045826.216] [/traj_server]: [36m  Avg speed (odometry): 0.151 m/s[0m
[INFO] [1783045826.216] [/traj_server]: [36m  Path length: 0.78 m[0m
[INFO] [1783045826.216] [/traj_server]: [36m  Avg speed (path/time): 0.155 m/s[0m
[INFO] [1783045826.216] [/traj_server]: [36m  Avg tracking error: 0.147 m[0m
[WARN] [1783045826.226] [/exploration_node]: [33m[LAND] AUTO.LAND requested[0m
[WARN] [1783045826.239] [/mavros]: CMD: Unexpected command 176, result 0
[INFO] [1783045826.252] [/exploration_node]: [EV] [1783045826.252][    +14.4s][LAND] BATT 23.0V | v=23.17V pct=57%
[WARN] [1783045826.254] [/mavros]: PositionTargetGlobal failed because no origin
[WARN] [1783045826.354] [/mavros]: PositionTargetGlobal failed because no origin
[WARN] [1783045826.454] [/mavros]: PositionTargetGlobal failed because no origin
[WARN] [1783045826.552] [/mavros]: PositionTargetGlobal failed because no origin
[WARN] [1783045826.652] [/mavros]: PositionTargetGlobal failed because no origin
[WARN] [1783045826.753] [/mavros]: PositionTargetGlobal failed because no origin
[WARN] [1783045826.851] [/mavros]: PositionTargetGlobal failed because no origin
[WARN] [1783045826.951] [/mavros]: PositionTargetGlobal failed because no origin
[WARN] [1783045827.053] [/mavros]: PositionTargetGlobal failed because no origin
[WARN] [1783045827.153] [/mavros]: PositionTargetGlobal failed because no origin
[WARN] [1783045827.236] [/exploration_node]: [33m[LAND] AUTO.LAND requested[0m
[WARN] [1783045827.248] [/exploration_node]: [EV] [1783045827.247][    +15.4s][LAND] PX4 mode=AUTO.LAND armed=1 (LEFT OFFBOARD: pilot takeover or failsafe) | prev=OFFBOARD
[WARN] [1783045827.254] [/mavros]: PositionTargetGlobal failed because no origin
[INFO] [1783045827.256] [/exploration_node]: [32m[LAND] PX4 in AUTO.LAND -> descending & auto-disarm[0m
[WARN] [1783045827.351] [/mavros]: PositionTargetGlobal failed because no origin
[WARN] [1783045827.451] [/mavros]: PositionTargetGlobal failed because no origin
[WARN] [1783045827.554] [/mavros]: PositionTargetGlobal failed because no origin
[WARN] [1783045827.651] [/mavros]: PositionTargetGlobal failed because no origin
[WARN] [1783045827.756] [/mavros]: PositionTargetGlobal failed because no origin
[WARN] [1783045827.851] [/mavros]: PositionTargetGlobal failed because no origin
[WARN] [1783045827.951] [/mavros]: PositionTargetGlobal failed because no origin
[WARN] [1783045828.054] [/mavros]: PositionTargetGlobal failed because no origin
[WARN] [1783045828.151] [/mavros]: PositionTargetGlobal failed because no origin
[INFO] [1783045828.251] [/exploration_node]: [EV] [1783045828.251][    +16.4s][LAND] BATT 23.0V | v=23.35V pct=56%
[WARN] [1783045828.253] [/mavros]: PositionTargetGlobal failed because no origin
[WARN] [1783045828.351] [/mavros]: PositionTargetGlobal failed because no origin
[WARN] [1783045828.451] [/mavros]: PositionTargetGlobal failed because no origin
[WARN] [1783045828.551] [/mavros]: PositionTargetGlobal failed because no origin
[WARN] [1783045828.651] [/mavros]: PositionTargetGlobal failed because no origin
[WARN] [1783045828.752] [/mavros]: PositionTargetGlobal failed because no origin
[WARN] [1783045828.854] [/mavros]: PositionTargetGlobal failed because no origin
[WARN] [1783045828.949] [/mavros]: PositionTargetGlobal failed because no origin
[WARN] [1783045829.051] [/mavros]: PositionTargetGlobal failed because no origin
[WARN] [1783045829.151] [/mavros]: PositionTargetGlobal failed because no origin
[WARN] [1783045829.253] [/mavros]: PositionTargetGlobal failed because no origin
[INFO] [1783045829.265] [/exploration_node]: [32m[LAND] PX4 in AUTO.LAND -> descending & auto-disarm[0m
[WARN] [1783045829.351] [/mavros]: PositionTargetGlobal failed because no origin
[WARN] [1783045829.450] [/mavros]: PositionTargetGlobal failed because no origin
[WARN] [1783045829.550] [/mavros]: PositionTargetGlobal failed because no origin
[WARN] [1783045829.650] [/mavros]: PositionTargetGlobal failed because no origin
[WARN] [1783045829.753] [/mavros]: PositionTargetGlobal failed because no origin
[WARN] [1783045829.850] [/mavros]: PositionTargetGlobal failed because no origin
[WARN] [1783045829.950] [/mavros]: PositionTargetGlobal failed because no origin
[WARN] [1783045830.053] [/mavros]: PositionTargetGlobal failed because no origin
[WARN] [1783045830.152] [/mavros]: PositionTargetGlobal failed because no origin
[WARN] [1783045830.256] [/mavros]: PositionTargetGlobal failed because no origin
[WARN] [1783045830.352] [/mavros]: PositionTargetGlobal failed because no origin
[WARN] [1783045830.450] [/mavros]: PositionTargetGlobal failed because no origin
[INFO] [1783045830.496] [/mavros]: HP: requesting home position
[WARN] [1783045830.551] [/mavros]: PositionTargetGlobal failed because no origin
[WARN] [1783045830.653] [/mavros]: PositionTargetGlobal failed because no origin
[WARN] [1783045830.751] [/mavros]: PositionTargetGlobal failed because no origin
[WARN] [1783045830.852] [/mavros]: PositionTargetGlobal failed because no origin
[WARN] [1783045830.951] [/mavros]: PositionTargetGlobal failed because no origin
[WARN] [1783045831.247] [/exploration_node]: [EV] [1783045831.247][    +19.4s][LAND] PX4 mode=OFFBOARD armed=0 | prev=AUTO.LAND
[INFO] [1783045831.255] [/exploration_node]: [EV] [1783045831.255][    +19.4s][LANDED] STATE LAND -> LANDED [LAND: touchdown & disarmed]
[INFO] [1783045831.267] [/exploration_node]: [EV] [1783045831.267][    +19.4s][LANDED] MISSION LANDED (mission complete, disarmed)
