# console (/rosout_agg) log for epic_2026-07-02-17-30-08.bag
# started at 2026-07-02-17-30-08
[INFO] [1782981008.975] [/record_on_goal]: [record_on_goal] event log -> /home/hmcl/stack1/src/EPIC_poongsan/src/EPIC/src/global_planner/exploration_manager/records/epic_2026-07-02-17-30-08/epic_2026-07-02-17-30-08.events.log
[INFO] [1782981009.396] [/exploration_node]: [EV] [1782981009.396][     +1.5s][WAIT_TRIGGER] BATT 24.0V | v=24.36V pct=73%
[INFO] [1782981010.346] [/mavros]: HP: requesting home position
[INFO] [1782981011.397] [/exploration_node]: [EV] [1782981011.397][     +3.5s][WAIT_TRIGGER] BATT 24.0V | v=24.36V pct=72%
[INFO] [1782981013.396] [/exploration_node]: [EV] [1782981013.396][     +5.5s][WAIT_TRIGGER] BATT 24.0V | v=24.36V pct=73%
[WARN] [1782981013.916] [/exploration_node]: wait for trigger.
[WARN] [1782981014.130] [/local_avoidance]: [local_avoidance] ACTIVATED  (min_dist=0.56 m, idx=6329)
[WARN] [1782981014.156] [/exploration_node]: [EV] [1782981014.156][     +6.3s][WAIT_TRIGGER] AVOID ON (obstacle close, reactive layer overrides cmd) | pos=(-0.01, 0.02, 0.12)
[WARN] [1782981014.157] [/px4_ctrl_bridge]: [px4_bridge] AVOIDANCE ACTIVE -> forwarding /target_avoidance
[INFO] [1782981014.180] [/local_avoidance]: [local_avoidance] avoiding...  min_dist=0.56 m
[INFO] [1782981014.682] [/rvizvisualisation]: Setting goal: Frame:world, Position(0.672, 0.286, 0.000), Orientation(0.000, 0.000, 0.970, 0.243) = Angle: 2.652

[INFO] [1782981014.683] [/exploration_node]: [EV] [1782981014.682][     +0.0s][WAIT_TRIGGER] EVENT 2D-Nav-Goal trigger | trigger received | pos=(-0.01, 0.02, 0.12)
[INFO] [1782981014.683] [/exploration_node]: [EV] [1782981014.683][     +0.0s][WAIT_TRIGGER] PARAM box | down=[-150, -150, 0.5] up=[150, 150, 1.7]
[INFO] [1782981014.683] [/exploration_node]: [EV] [1782981014.683][     +0.0s][WAIT_TRIGGER] PARAM corridor | DilateSoft=0.60 DilateHard=0.45 MaxCorridor=4.0 MaxVel=1.0 max_traj_len=10.0 safe_dist=0.60 bubble_min_r=0.61
[INFO] [1782981014.683] [/exploration_node]: [EV] [1782981014.683][     +0.0s][WAIT_TRIGGER] PARAM frontier | cell=0.40 cluster_sz=[1.0, 5.0] minpts=5 dphi=0.26 znum=3 good_dir_score=0.60
[INFO] [1782981014.683] [/exploration_node]: [EV] [1782981014.683][     +0.0s][WAIT_TRIGGER] PARAM viewpoint | pillar_r=[0.5, 2.0]x8 h=[-1.0, 1.0]x5 circle_n=4 local_tsp=12
[INFO] [1782981014.683] [/exploration_node]: [EV] [1782981014.683][     +0.0s][WAIT_TRIGGER] PARAM fsm | takeoff_h=1.00 goal_tol=0.20 replan_t=0.20 emerg_err=3.0 max_hz=30 avoid_to=0.5 auto_rth_land=1 rth_land_xy_tol=0.20 avoidance=1
[INFO] [1782981014.683] [/exploration_node]: [EV] [1782981014.683][     +0.0s][WAIT_TRIGGER] PARAM topics | odom=/Odometry cloud=/cloud_registered
[INFO] [1782981014.683] [/exploration_node]: [EV] [1782981014.683][     +0.0s][TAKEOFF_HOVER] STATE WAIT_TRIGGER -> TAKEOFF_HOVER [triggerCallback: takeoff & hover]
[WARN] [1782981015.167] [/px4_ctrl_bridge]: [px4_bridge] AVOIDANCE ACTIVE -> forwarding /target_avoidance
[INFO] [1782981015.180] [/local_avoidance]: [local_avoidance] avoiding...  min_dist=0.24 m
[INFO] [1782981015.348] [/mavros]: GF: mission received
[INFO] [1782981015.350] [/mavros]: RP: mission received
[INFO] [1782981015.350] [/mavros]: WP: mission received
[WARN] [1782981016.169] [/px4_ctrl_bridge]: [px4_bridge] AVOIDANCE ACTIVE -> forwarding /target_avoidance
[INFO] [1782981016.181] [/local_avoidance]: [local_avoidance] avoiding...  min_dist=0.38 m
[WARN] [1782981017.177] [/px4_ctrl_bridge]: [px4_bridge] AVOIDANCE ACTIVE -> forwarding /target_avoidance
[INFO] [1782981017.181] [/local_avoidance]: [local_avoidance] avoiding...  min_dist=0.19 m
[WARN] [1782981018.187] [/px4_ctrl_bridge]: [px4_bridge] AVOIDANCE ACTIVE -> forwarding /target_avoidance
[INFO] [1782981018.230] [/local_avoidance]: [local_avoidance] avoiding...  min_dist=0.19 m
[INFO] [1782981018.786] [/exploration_node]: [EV] [1782981018.786][     +4.1s][PLAN_TRAJ_EXP] STATE TAKEOFF_HOVER -> PLAN_TRAJ_EXP [takeoff: altitude reached & stable -> explore]
[INFO] [1782981018.915] [/exploration_node]: [EV] [1782981018.915][     +4.2s][CAUTION] STATE PLAN_TRAJ_EXP -> CAUTION [odom_node no nbrs]
[WARN] [1782981019.120] [/exploration_node]: [EV] [1782981019.120][     +4.4s][PLAN_TRAJ_EXP] STATE CAUTION -> PLAN_TRAJ_EXP [safetyCallback: not safe, time:0.203380]
[WARN] [1782981019.129] [/exploration_node]: [EV] [1782981019.129][     +4.4s][PLAN_TRAJ_EXP] STATE CAUTION -> PLAN_TRAJ_EXP [safetyCallback: not safe, time:0.211790] |  (prev cycle x1/0.0s)
[WARN] [1782981019.179] [/exploration_node]: [EV] [1782981019.178][     +4.5s][PLAN_TRAJ_EXP] STATE PLAN_TRAJ_EXP -> PLAN_TRAJ_EXP [safetyCallback: not safe, time:0.261661]
[WARN] [1782981019.187] [/px4_ctrl_bridge]: [px4_bridge] AVOIDANCE ACTIVE -> forwarding /target_avoidance
[WARN] [1782981019.228] [/exploration_node]: [EV] [1782981019.228][     +4.5s][PLAN_TRAJ_EXP] STATE PLAN_TRAJ_EXP -> PLAN_TRAJ_EXP [safetyCallback: not safe, time:0.311570]
[WARN] [1782981019.280] [/exploration_node]: [EV] [1782981019.280][     +4.6s][PLAN_TRAJ_EXP] STATE PLAN_TRAJ_EXP -> PLAN_TRAJ_EXP [safetyCallback: not safe, time:0.362750]
[INFO] [1782981019.283] [/local_avoidance]: [local_avoidance] avoiding...  min_dist=0.44 m
[INFO] [1782981019.327] [/exploration_node]: [EV] [1782981019.327][     +4.6s][CAUTION] STATE PLAN_TRAJ_EXP -> CAUTION [odom_node no nbrs]
[INFO] [1782981019.482] [/local_avoidance]: [local_avoidance] DEACTIVATED
[WARN] [1782981019.507] [/px4_ctrl_bridge]: [px4_bridge] avoidance released -> published /planning/replan
[INFO] [1782981019.531] [/exploration_node]: [EV] [1782981019.531][     +4.8s][CAUTION] BATT 24.0V | v=24.36V pct=72% (x2)
[WARN] [1782981019.533] [/exploration_node]: [EV] [1782981019.533][     +4.9s][PLAN_TRAJ_EXP] STATE CAUTION -> PLAN_TRAJ_EXP [safetyCallback: not safe, time:0.203496]
[WARN] [1782981019.541] [/exploration_node]: [EV] [1782981019.541][     +4.9s][PLAN_TRAJ_EXP] STATE PLAN_TRAJ_EXP -> PLAN_TRAJ_EXP [avoidance released: replan from current pose]
[INFO] [1782981019.541] [/exploration_node]: [EV] [1782981019.541][     +4.9s][PLAN_TRAJ_EXP] AVOID OFF (released, replan from current pose) | dur=5.4s
[WARN] [1782981019.577] [/exploration_node]: [EV] [1782981019.577][     +4.9s][PLAN_TRAJ_EXP] STATE PLAN_TRAJ_EXP -> PLAN_TRAJ_EXP [safetyCallback: not safe, time:0.247431]
[WARN] [1782981019.627] [/exploration_node]: [EV] [1782981019.627][     +4.9s][PLAN_TRAJ_EXP] STATE PLAN_TRAJ_EXP -> PLAN_TRAJ_EXP [safetyCallback: not safe, time:0.297543]
[WARN] [1782981019.678] [/exploration_node]: [EV] [1782981019.678][     +5.0s][PLAN_TRAJ_EXP] STATE PLAN_TRAJ_EXP -> PLAN_TRAJ_EXP [safetyCallback: not safe, time:0.348111]
[WARN] [1782981019.728] [/exploration_node]: [EV] [1782981019.728][     +5.0s][PLAN_TRAJ_EXP] STATE PLAN_TRAJ_EXP -> PLAN_TRAJ_EXP [safetyCallback: not safe, time:0.398330]
[INFO] [1782981020.346] [/mavros]: HP: requesting home position
[INFO] [1782981025.390] [/exploration_node]: [EV] [1782981025.390][    +10.7s][PLAN_TRAJ_EXP] BATT 24.0V | v=24.36V pct=73% (x2)
[INFO] [1782981027.390] [/exploration_node]: [EV] [1782981027.390][    +12.7s][PLAN_TRAJ_EXP] BATT 24.0V | v=24.36V pct=72%
[ERROR] [1782981028.031] [/exploration_node]: [EV] [1782981028.031][    +13.3s][PLAN_TRAJ_EXP] STUCK no motion >8s in PLAN_TRAJ_EXP | last-local: OK | pos=(-0.26, 0.25, 1.33) still=8s
[INFO] [1782981029.388] [/exploration_node]: [EV] [1782981029.388][    +14.7s][PLAN_TRAJ_EXP] BATT 24.0V | v=24.36V pct=73%
[INFO] [1782981030.346] [/mavros]: HP: requesting home position
[INFO] [1782981031.388] [/exploration_node]: [EV] [1782981031.388][    +16.7s][PLAN_TRAJ_EXP] BATT 24.0V | v=24.36V pct=72%
[ERROR] [1782981033.041] [/exploration_node]: [EV] [1782981033.041][    +18.4s][PLAN_TRAJ_EXP] STUCK no motion >8s in PLAN_TRAJ_EXP | last-local: OK | pos=(-0.22, 0.23, 1.32) still=13s (x500)
[INFO] [1782981033.525] [/rvizvisualisation]: Setting goal: Frame:world, Position(-2.273, -2.156, 0.000), Orientation(0.000, 0.000, 0.773, 0.635) = Angle: 1.767

[WARN] [1782981037.573] [/exploration_node]: [EV] [1782981037.573][    +22.9s][PLAN_TRAJ_EXP] GLOBAL result=NO_VIEWPOINTS | why: NO_FRONTIER: 0 viewpoints (clusters=0, reachable_clusters=0) pipe[tot=0 dorm=0 unreach=0 cons=0 nocand=0 topo=0 novis=0 ok=0] | clusters=0(reach 0) vp=0(reach 0) pipe[tot=0 dorm=0 unreach=0 cons=0 nocand=0 topo=0 novis=0 ok=0] tour=0n/0.0m goal=(0.0, 0.0, 0.0) t=2ms
[WARN] [1782981037.575] [/exploration_node]: [EV] [1782981037.575][    +22.9s][PLAN_TRAJ_EXP] LOCAL EXP NO_FRONTIER | t=0.0ms goal_d=1.9m
[WARN] [1782981037.575] [/exploration_node]: [EV] [1782981037.575][    +22.9s][PLAN_TRAJ_EXP] STATE PLAN_TRAJ_EXP -> PLAN_TRAJ_EXP [PLAN_TRAJ_EXP: no frontier yet (warming up)]
[WARN] [1782981038.604] [/exploration_node]: [EV] [1782981038.604][    +23.9s][PLAN_TRAJ_EXP] GLOBAL result=NO_VIEWPOINTS | why: NO_FRONTIER: 0 viewpoints (clusters=0, reachable_clusters=0) pipe[tot=0 dorm=0 unreach=0 cons=0 nocand=0 topo=0 novis=0 ok=0] | clusters=0(reach 0) vp=0(reach 0) pipe[tot=0 dorm=0 unreach=0 cons=0 nocand=0 topo=0 novis=0 ok=0] tour=0n/0.0m goal=(0.0, 0.0, 0.0) t=14ms (x4)
[INFO] [1782981039.385] [/exploration_node]: [EV] [1782981039.385][    +24.7s][PLAN_TRAJ_EXP] BATT 24.0V | v=24.36V pct=73% (x3)
[WARN] [1782981039.621] [/exploration_node]: [EV] [1782981039.621][    +24.9s][PLAN_TRAJ_EXP] GLOBAL result=NO_VIEWPOINTS | why: NO_FRONTIER: 0 viewpoints (clusters=0, reachable_clusters=0) pipe[tot=0 dorm=0 unreach=0 cons=0 nocand=0 topo=0 novis=0 ok=0] | clusters=0(reach 0) vp=0(reach 0) pipe[tot=0 dorm=0 unreach=0 cons=0 nocand=0 topo=0 novis=0 ok=0] tour=0n/0.0m goal=(0.0, 0.0, 0.0) t=6ms (x4)
[INFO] [1782981040.346] [/mavros]: HP: requesting home position
[WARN] [1782981040.350] [/exploration_node]: [EV] [1782981040.350][    +25.7s][PLAN_TRAJ_EXP] LOCAL EXP NO_FRONTIER | t=0.1ms goal_d=1.9m (x265)
[WARN] [1782981040.640] [/exploration_node]: [EV] [1782981040.640][    +26.0s][PLAN_TRAJ_EXP] GLOBAL result=NO_VIEWPOINTS | why: NO_FRONTIER: 0 viewpoints (clusters=0, reachable_clusters=0) pipe[tot=0 dorm=0 unreach=0 cons=0 nocand=0 topo=0 novis=0 ok=0] | clusters=0(reach 0) vp=0(reach 0) pipe[tot=0 dorm=0 unreach=0 cons=0 nocand=0 topo=0 novis=0 ok=0] tour=0n/0.0m goal=(0.0, 0.0, 0.0) t=2ms (x4)
[INFO] [1782981041.383] [/exploration_node]: [EV] [1782981041.383][    +26.7s][PLAN_TRAJ_EXP] BATT 24.0V | v=24.36V pct=72%
[WARN] [1782981041.651] [/exploration_node]: [EV] [1782981041.650][    +27.0s][PLAN_TRAJ_EXP] GLOBAL result=NO_VIEWPOINTS | why: NO_FRONTIER: 0 viewpoints (clusters=0, reachable_clusters=0) pipe[tot=0 dorm=0 unreach=0 cons=0 nocand=0 topo=0 novis=0 ok=0] | clusters=0(reach 0) vp=0(reach 0) pipe[tot=0 dorm=0 unreach=0 cons=0 nocand=0 topo=0 novis=0 ok=0] tour=0n/0.0m goal=(0.0, 0.0, 0.0) t=1ms (x4)
[WARN] [1782981042.356] [/exploration_node]: [EV] [1782981042.356][    +27.7s][PLAN_TRAJ_EXP] LOCAL EXP NO_FRONTIER | t=0.0ms goal_d=1.9m (x193)
[INFO] [1782981042.580] [/exploration_node]: [EV] [1782981042.580][    +27.9s][FINISH] STATE PLAN_TRAJ_EXP -> FINISH [PLAN_TRAJ_EXP: no frontier] |  (prev x480/5.0s)
[INFO] [1782981042.590] [/exploration_node]: [EV] [1782981042.590][    +27.9s][FINISH] MISSION FINISH (map fully explored) | pos=(-0.39, 0.17, 1.83) elapsed=28s clusters_left=0(reach 0) pipe[tot=0 dorm=0 unreach=0 cons=0 nocand=0 topo=0 novis=0 ok=0]
[INFO] [1782981042.590] [/exploration_node]: [32m[FINISH] exploration done -> hover 1.0s, then return home & land[0m
[WARN] [1782981042.667] [/exploration_node]: [EV] [1782981042.667][    +28.0s][FINISH] GLOBAL result=NO_VIEWPOINTS | why: NO_FRONTIER: 0 viewpoints (clusters=0, reachable_clusters=0) pipe[tot=0 dorm=0 unreach=0 cons=0 nocand=0 topo=0 novis=0 ok=0] | clusters=0(reach 0) vp=0(reach 0) pipe[tot=0 dorm=0 unreach=0 cons=0 nocand=0 topo=0 novis=0 ok=0] tour=0n/0.0m goal=(0.0, 0.0, 0.0) t=2ms (x4)
[INFO] [1782981042.667] [/exploration_node]: [EV] [1782981042.667][    +28.0s][FINISH] STATE FINISH -> FINISH [planGlobalPath: no frontier]
[INFO] [1782981043.600] [/exploration_node]: [EV] [1782981043.600][    +28.9s][PLAN_TRAJ_RTH] STATE FINISH -> PLAN_TRAJ_RTH [FINISH: hover done -> return home] |  (prev x4/0.7s)
[INFO] [1782981043.610] [/traj_server]: [33m[Metrics] RTH mode activated at index 9 (current state: PLAN_TRAJ_RTH)[0m
[INFO] [1782981043.610] [/exploration_node]: [EV] [1782981043.610][    +28.9s][PLAN_TRAJ_RTH] RTH d2goal=0.0m | auto-home(xy) dist=0.42m tol=0.20m goal=(-0.01, 0.02, 1.00)
[WARN] [1782981043.610] [/exploration_node]: [EV] [1782981043.610][    +28.9s][PLAN_TRAJ_RTH] LOCAL RTH FAIL | why: no global tour yet (RTH global plan pending) | t=0.0ms (prev x21/1.2s)
[WARN] [1782981043.610] [/exploration_node]: [EV] [1782981043.610][    +28.9s][PLAN_TRAJ_RTH] STATE PLAN_TRAJ_RTH -> PLAN_TRAJ_RTH [PLAN_TRAJ_RTH: plan failed]
[INFO] [1782981043.633] [/exploration_node]: [EV] [1782981043.632][    +28.9s][PLAN_TRAJ_RTH] RTH d2goal=0.0m | auto-home(xy) dist=0.41m tol=0.20m goal=(-0.01, 0.02, 1.00) (x1)
[WARN] [1782981043.684] [/exploration_node]: [Goal Planning] Goal not reachable! Fallback: navigate to closest frontier
[ERROR] [1782981043.684] [/exploration_node]: [Goal Planning] No frontiers available for fallback!
[WARN] [1782981043.685] [/exploration_node]: [EV] [1782981043.685][    +29.0s][PLAN_TRAJ_RTH] GLOBAL result=RTH_NO_FRONTIER | why: goal unreachable (0 verified connections) and no frontier viewpoints for fallback pipe[tot=0 dorm=0 unreach=0 cons=0 nocand=0 topo=0 novis=0 ok=0] | clusters=0(reach 0) vp=0(reach 0) pipe[tot=0 dorm=0 unreach=0 cons=0 nocand=0 topo=0 novis=0 ok=0] tour=0n/0.0m goal=(0.0, 0.0, 0.0) t=0ms (prev x4/0.8s)
[INFO] [1782981043.933] [/exploration_node]: [EV] [1782981043.932][    +29.2s][PLAN_TRAJ_RTH] RTH d2goal=0.0m | auto-home(xy) dist=0.42m tol=0.20m goal=(-0.01, 0.02, 1.00) (x28)
[INFO] [1782981044.230] [/exploration_node]: [EV] [1782981044.230][    +29.5s][PLAN_TRAJ_RTH] RTH d2goal=0.0m | auto-home(xy) dist=0.43m tol=0.20m goal=(-0.01, 0.02, 1.00) (x27)
[INFO] [1782981044.485] [/exploration_node]: [EV] [1782981044.485][    +29.8s][PLAN_TRAJ_RTH] RTH d2goal=0.0m | auto-home(xy) dist=0.42m tol=0.20m goal=(-0.01, 0.02, 1.00) (x24)
[INFO] [1782981044.527] [/exploration_node]: [EV] [1782981044.527][    +29.8s][PLAN_TRAJ_RTH] RTH d2goal=0.0m | auto-home(xy) dist=0.43m tol=0.20m goal=(-0.01, 0.02, 1.00) (x3)
[INFO] [1782981044.578] [/exploration_node]: [EV] [1782981044.578][    +29.9s][PLAN_TRAJ_RTH] RTH d2goal=0.0m | auto-home(xy) dist=0.42m tol=0.20m goal=(-0.01, 0.02, 1.00) (x4)
[INFO] [1782981044.633] [/exploration_node]: [EV] [1782981044.632][    +29.9s][PLAN_TRAJ_RTH] RTH d2goal=0.0m | auto-home(xy) dist=0.43m tol=0.20m goal=(-0.01, 0.02, 1.00) (x4)
[INFO] [1782981044.683] [/exploration_node]: [EV] [1782981044.683][    +30.0s][PLAN_TRAJ_RTH] RTH d2goal=0.0m | auto-home(xy) dist=0.42m tol=0.20m goal=(-0.01, 0.02, 1.00) (x4)
[INFO] [1782981044.734] [/exploration_node]: [EV] [1782981044.734][    +30.1s][PLAN_TRAJ_RTH] RTH d2goal=0.0m | auto-home(xy) dist=0.43m tol=0.20m goal=(-0.01, 0.02, 1.00) (x4)
[INFO] [1782981045.084] [/exploration_node]: [EV] [1782981045.084][    +30.4s][PLAN_TRAJ_RTH] RTH d2goal=0.0m | auto-home(xy) dist=0.42m tol=0.20m goal=(-0.01, 0.02, 1.00) (x33)
[ERROR] [1782981045.184] [/exploration_node]: [EV] [1782981045.184][    +30.5s][PLAN_TRAJ_RTH] STUCK no motion >8s in PLAN_TRAJ_RTH | last-local: no global tour yet (RTH global plan pending) | pos=(-0.40, 0.19, 1.83) still=8s (prev x218/12.1s)
[INFO] [1782981045.431] [/exploration_node]: [EV] [1782981045.431][    +30.7s][PLAN_TRAJ_RTH] RTH d2goal=0.0m | auto-home(xy) dist=0.43m tol=0.20m goal=(-0.01, 0.02, 1.00) (x32)
[INFO] [1782981045.576] [/exploration_node]: [EV] [1782981045.576][    +30.9s][PLAN_TRAJ_RTH] RTH d2goal=0.0m | auto-home(xy) dist=0.42m tol=0.20m goal=(-0.01, 0.02, 1.00) (x13)
[INFO] [1782981045.630] [/exploration_node]: [EV] [1782981045.630][    +30.9s][PLAN_TRAJ_RTH] RTH d2goal=0.0m | auto-home(xy) dist=0.43m tol=0.20m goal=(-0.01, 0.02, 1.00) (x4)
[WARN] [1782981045.713] [/exploration_node]: [Goal Planning] Goal not reachable! Fallback: navigate to closest frontier
[ERROR] [1782981045.713] [/exploration_node]: [Goal Planning] No frontiers available for fallback!
[INFO] [1782981045.877] [/exploration_node]: [EV] [1782981045.877][    +31.2s][PLAN_TRAJ_RTH] RTH d2goal=0.0m | auto-home(xy) dist=0.44m tol=0.20m goal=(-0.01, 0.02, 1.00) (x23)
[INFO] [1782981045.942] [/exploration_node]: [EV] [1782981045.942][    +31.3s][PLAN_TRAJ_RTH] RTH d2goal=0.0m | auto-home(xy) dist=0.43m tol=0.20m goal=(-0.01, 0.02, 1.00) (x4)
[INFO] [1782981045.982] [/exploration_node]: [EV] [1782981045.982][    +31.3s][PLAN_TRAJ_RTH] RTH d2goal=0.0m | auto-home(xy) dist=0.44m tol=0.20m goal=(-0.01, 0.02, 1.00) (x3)
[INFO] [1782981046.427] [/exploration_node]: [EV] [1782981046.427][    +31.7s][PLAN_TRAJ_RTH] RTH d2goal=0.0m | auto-home(xy) dist=0.43m tol=0.20m goal=(-0.01, 0.02, 1.00) (x42)
[WARN] [1782981046.519] [/exploration_node]: [EV] [1782981046.519][    +31.8s][PLAN_TRAJ_RTH] LOCAL RTH FAIL | why: no global tour yet (RTH global plan pending) | t=0.1ms (x278)
[INFO] [1782981047.383] [/exploration_node]: [EV] [1782981047.383][    +32.7s][PLAN_TRAJ_RTH] RTH d2goal=0.0m | auto-home(xy) dist=0.44m tol=0.20m goal=(-0.01, 0.02, 1.00) (x92)
[INFO] [1782981047.455] [/exploration_node]: [EV] [1782981047.455][    +32.8s][PLAN_TRAJ_RTH] RTH d2goal=0.0m | auto-home(xy) dist=0.43m tol=0.20m goal=(-0.01, 0.02, 1.00) (x6)
[INFO] [1782981047.685] [/exploration_node]: [EV] [1782981047.685][    +33.0s][PLAN_TRAJ_RTH] RTH d2goal=0.0m | auto-home(xy) dist=0.44m tol=0.20m goal=(-0.01, 0.02, 1.00) (x21)
[INFO] [1782981047.728] [/exploration_node]: [EV] [1782981047.728][    +33.0s][PLAN_TRAJ_RTH] RTH d2goal=0.0m | auto-home(xy) dist=0.43m tol=0.20m goal=(-0.01, 0.02, 1.00) (x3)
[WARN] [1782981047.750] [/exploration_node]: [Goal Planning] Goal not reachable! Fallback: navigate to closest frontier
[ERROR] [1782981047.750] [/exploration_node]: [Goal Planning] No frontiers available for fallback!
[INFO] [1782981048.230] [/exploration_node]: [EV] [1782981048.230][    +33.5s][PLAN_TRAJ_RTH] RTH d2goal=0.0m | auto-home(xy) dist=0.44m tol=0.20m goal=(-0.01, 0.02, 1.00) (x47)
[INFO] [1782981048.528] [/exploration_node]: [EV] [1782981048.528][    +33.8s][PLAN_TRAJ_RTH] RTH d2goal=0.0m | auto-home(xy) dist=0.45m tol=0.20m goal=(-0.01, 0.02, 1.00) (x28)
[WARN] [1782981048.528] [/exploration_node]: [EV] [1782981048.528][    +33.8s][PLAN_TRAJ_RTH] LOCAL RTH FAIL | why: no global tour yet (RTH global plan pending) | t=0.0ms (x193)
[INFO] [1782981048.732] [/exploration_node]: [EV] [1782981048.732][    +34.0s][PLAN_TRAJ_RTH] RTH d2goal=0.0m | auto-home(xy) dist=0.46m tol=0.20m goal=(-0.01, 0.02, 1.00) (x19)
[INFO] [1782981048.929] [/exploration_node]: [EV] [1782981048.929][    +34.2s][PLAN_TRAJ_RTH] RTH d2goal=0.0m | auto-home(xy) dist=0.47m tol=0.20m goal=(-0.01, 0.02, 1.00) (x18)
[INFO] [1782981049.082] [/exploration_node]: [EV] [1782981049.082][    +34.4s][PLAN_TRAJ_RTH] RTH d2goal=0.0m | auto-home(xy) dist=0.48m tol=0.20m goal=(-0.01, 0.02, 1.00) (x14)
[INFO] [1782981049.184] [/exploration_node]: [EV] [1782981049.184][    +34.5s][PLAN_TRAJ_RTH] RTH d2goal=0.0m | auto-home(xy) dist=0.49m tol=0.20m goal=(-0.01, 0.02, 1.00) (x9)
[INFO] [1782981049.279] [/exploration_node]: [EV] [1782981049.279][    +34.6s][PLAN_TRAJ_RTH] RTH d2goal=0.0m | auto-home(xy) dist=0.50m tol=0.20m goal=(-0.01, 0.02, 1.00) (x8)
[INFO] [1782981049.330] [/exploration_node]: [EV] [1782981049.330][    +34.6s][PLAN_TRAJ_RTH] RTH d2goal=0.5m | auto-home(xy) dist=0.50m tol=0.20m goal=(-0.01, 0.02, 1.00) (prev x4/0.0s)
[WARN] [1782981049.768] [/exploration_node]: [Goal Planning] Goal not reachable! Fallback: navigate to closest frontier
[ERROR] [1782981049.768] [/exploration_node]: [Goal Planning] No frontiers available for fallback!
[ERROR] [1782981050.194] [/exploration_node]: [EV] [1782981050.194][    +35.5s][PLAN_TRAJ_RTH] STUCK no motion >8s in PLAN_TRAJ_RTH | last-local: no global tour yet (RTH global plan pending) | pos=(-0.50, 0.15, 1.81) still=13s (x482)
[INFO] [1782981050.235] [/exploration_node]: [EV] [1782981050.235][    +35.6s][PLAN_TRAJ_RTH] RTH d2goal=0.5m | auto-home(xy) dist=0.51m tol=0.20m goal=(-0.01, 0.02, 1.00) (x82)
[INFO] [1782981050.348] [/mavros]: HP: requesting home position
[INFO] [1782981050.483] [/exploration_node]: [EV] [1782981050.483][    +35.8s][PLAN_TRAJ_RTH] RTH d2goal=0.5m | auto-home(xy) dist=0.52m tol=0.20m goal=(-0.01, 0.02, 1.00) (x23)
[INFO] [1782981050.634] [/exploration_node]: [EV] [1782981050.634][    +36.0s][PLAN_TRAJ_RTH] RTH d2goal=0.5m | auto-home(xy) dist=0.53m tol=0.20m goal=(-0.01, 0.02, 1.00) (x13)
[INFO] [1782981050.834] [/exploration_node]: [EV] [1782981050.834][    +36.2s][PLAN_TRAJ_RTH] RTH d2goal=0.5m | auto-home(xy) dist=0.54m tol=0.20m goal=(-0.01, 0.02, 1.00) (x18)
[WARN] [1782981050.885] [/exploration_node]: [EV] [1782981050.885][    +36.2s][PLAN_TRAJ_RTH] LOCAL RTH FAIL | why: no global tour yet (RTH global plan pending) | t=0.1ms (x226)
[INFO] [1782981051.135] [/exploration_node]: [EV] [1782981051.135][    +36.5s][PLAN_TRAJ_RTH] RTH d2goal=0.5m | auto-home(xy) dist=0.55m tol=0.20m goal=(-0.01, 0.02, 1.00) (x28)
[INFO] [1782981051.326] [/exploration_node]: [EV] [1782981051.325][    +36.6s][PLAN_TRAJ_RTH] RTH d2goal=0.5m | auto-home(xy) dist=0.56m tol=0.20m goal=(-0.01, 0.02, 1.00) (x17)
[INFO] [1782981051.428] [/exploration_node]: [EV] [1782981051.428][    +36.7s][PLAN_TRAJ_RTH] RTH d2goal=0.5m | auto-home(xy) dist=0.57m tol=0.20m goal=(-0.01, 0.02, 1.00) (x9)
[INFO] [1782981051.480] [/exploration_node]: [EV] [1782981051.480][    +36.8s][PLAN_TRAJ_RTH] RTH d2goal=0.5m | auto-home(xy) dist=0.56m tol=0.20m goal=(-0.01, 0.02, 1.00) (x4)
[INFO] [1782981051.532] [/exploration_node]: [EV] [1782981051.532][    +36.8s][PLAN_TRAJ_RTH] RTH d2goal=0.5m | auto-home(xy) dist=0.57m tol=0.20m goal=(-0.01, 0.02, 1.00) (x4)
[WARN] [1782981051.788] [/exploration_node]: [Goal Planning] Goal not reachable! Fallback: navigate to closest frontier
[ERROR] [1782981051.789] [/exploration_node]: [Goal Planning] No frontiers available for fallback!
[INFO] [1782981051.830] [/exploration_node]: [EV] [1782981051.829][    +37.1s][PLAN_TRAJ_RTH] RTH d2goal=0.5m | auto-home(xy) dist=0.58m tol=0.20m goal=(-0.01, 0.02, 1.00) (x27)
[INFO] [1782981051.880] [/exploration_node]: [EV] [1782981051.880][    +37.2s][PLAN_TRAJ_RTH] RTH d2goal=0.5m | auto-home(xy) dist=0.57m tol=0.20m goal=(-0.01, 0.02, 1.00) (x4)
[INFO] [1782981051.931] [/exploration_node]: [EV] [1782981051.931][    +37.2s][PLAN_TRAJ_RTH] RTH d2goal=0.5m | auto-home(xy) dist=0.58m tol=0.20m goal=(-0.01, 0.02, 1.00) (x4)
[INFO] [1782981052.131] [/exploration_node]: [EV] [1782981052.131][    +37.4s][PLAN_TRAJ_RTH] RTH d2goal=0.5m | auto-home(xy) dist=0.57m tol=0.20m goal=(-0.01, 0.02, 1.00) (x18)
[INFO] [1782981052.283] [/exploration_node]: [EV] [1782981052.283][    +37.6s][PLAN_TRAJ_RTH] RTH d2goal=0.5m | auto-home(xy) dist=0.58m tol=0.20m goal=(-0.01, 0.02, 1.00) (x13)
[INFO] [1782981052.384] [/exploration_node]: [EV] [1782981052.384][    +37.7s][PLAN_TRAJ_RTH] RTH d2goal=0.5m | auto-home(xy) dist=0.57m tol=0.20m goal=(-0.01, 0.02, 1.00) (x9)
[INFO] [1782981052.533] [/exploration_node]: [EV] [1782981052.533][    +37.9s][PLAN_TRAJ_RTH] RTH d2goal=0.5m | auto-home(xy) dist=0.56m tol=0.20m goal=(-0.01, 0.02, 1.00) (x13)
[INFO] [1782981052.886] [/exploration_node]: [EV] [1782981052.886][    +38.2s][PLAN_TRAJ_RTH] RTH d2goal=0.5m | auto-home(xy) dist=0.57m tol=0.20m goal=(-0.01, 0.02, 1.00) (x33)
[WARN] [1782981052.886] [/exploration_node]: [EV] [1782981052.886][    +38.2s][PLAN_TRAJ_RTH] LOCAL RTH FAIL | why: no global tour yet (RTH global plan pending) | t=0.0ms (x190)
[INFO] [1782981053.137] [/exploration_node]: [EV] [1782981053.137][    +38.5s][PLAN_TRAJ_RTH] RTH d2goal=0.5m | auto-home(xy) dist=0.56m tol=0.20m goal=(-0.01, 0.02, 1.00) (x23)
[WARN] [1782981053.817] [/exploration_node]: [Goal Planning] Goal not reachable! Fallback: navigate to closest frontier
[ERROR] [1782981053.817] [/exploration_node]: [Goal Planning] No frontiers available for fallback!
[INFO] [1782981054.080] [/exploration_node]: [EV] [1782981054.080][    +39.4s][PLAN_TRAJ_RTH] RTH d2goal=0.5m | auto-home(xy) dist=0.57m tol=0.20m goal=(-0.01, 0.02, 1.00) (x90)
[INFO] [1782981054.437] [/exploration_node]: [EV] [1782981054.437][    +39.8s][PLAN_TRAJ_RTH] RTH d2goal=0.5m | auto-home(xy) dist=0.58m tol=0.20m goal=(-0.01, 0.02, 1.00) (x33)
[INFO] [1782981055.334] [/exploration_node]: [EV] [1782981055.334][    +40.7s][PLAN_TRAJ_RTH] RTH d2goal=0.5m | auto-home(xy) dist=0.57m tol=0.20m goal=(-0.01, 0.02, 1.00) (x85)
[INFO] [1782981055.538] [/exploration_node]: [EV] [1782981055.538][    +40.9s][PLAN_TRAJ_RTH] RTH d2goal=0.5m | auto-home(xy) dist=0.56m tol=0.20m goal=(-0.01, 0.02, 1.00) (x18)
[WARN] [1782981055.840] [/exploration_node]: [Goal Planning] Goal not reachable! Fallback: navigate to closest frontier
[ERROR] [1782981055.840] [/exploration_node]: [Goal Planning] No frontiers available for fallback!
[INFO] [1782981055.991] [/exploration_node]: [EV] [1782981055.991][    +41.3s][PLAN_TRAJ_RTH] RTH d2goal=0.5m | auto-home(xy) dist=0.57m tol=0.20m goal=(-0.01, 0.02, 1.00) (x43)
[INFO] [1782981056.076] [/exploration_node]: [EV] [1782981056.076][    +41.4s][PLAN_TRAJ_RTH] RTH d2goal=0.5m | auto-home(xy) dist=0.58m tol=0.20m goal=(-0.01, 0.02, 1.00) (x7)
[INFO] [1782981056.129] [/exploration_node]: [EV] [1782981056.129][    +41.4s][PLAN_TRAJ_RTH] RTH d2goal=0.5m | auto-home(xy) dist=0.57m tol=0.20m goal=(-0.01, 0.02, 1.00) (x4)
[INFO] [1782981056.186] [/exploration_node]: [EV] [1782981056.186][    +41.5s][PLAN_TRAJ_RTH] RTH d2goal=0.5m | auto-home(xy) dist=0.58m tol=0.20m goal=(-0.01, 0.02, 1.00) (x4)
[INFO] [1782981056.228] [/exploration_node]: [EV] [1782981056.228][    +41.5s][PLAN_TRAJ_RTH] RTH d2goal=0.5m | auto-home(xy) dist=0.57m tol=0.20m goal=(-0.01, 0.02, 1.00) (x3)
[INFO] [1782981056.279] [/exploration_node]: [EV] [1782981056.279][    +41.6s][PLAN_TRAJ_RTH] RTH d2goal=0.5m | auto-home(xy) dist=0.58m tol=0.20m goal=(-0.01, 0.02, 1.00) (x4)
[INFO] [1782981056.332] [/exploration_node]: [EV] [1782981056.332][    +41.6s][PLAN_TRAJ_RTH] RTH d2goal=0.5m | auto-home(xy) dist=0.57m tol=0.20m goal=(-0.01, 0.02, 1.00) (x4)
[INFO] [1782981057.082] [/exploration_node]: [EV] [1782981057.082][    +42.4s][PLAN_TRAJ_RTH] RTH d2goal=0.5m | auto-home(xy) dist=0.56m tol=0.20m goal=(-0.01, 0.02, 1.00) (x71)
[INFO] [1782981057.236] [/exploration_node]: [EV] [1782981057.236][    +42.6s][PLAN_TRAJ_RTH] RTH d2goal=0.5m | auto-home(xy) dist=0.55m tol=0.20m goal=(-0.01, 0.02, 1.00) (x14)
[INFO] [1782981057.377] [/exploration_node]: [EV] [1782981057.377][    +42.7s][PLAN_TRAJ_RTH] RTH d2goal=0.5m | auto-home(xy) dist=0.54m tol=0.20m goal=(-0.01, 0.02, 1.00) (x12)
[INFO] [1782981057.377] [/exploration_node]: [EV] [1782981057.377][    +42.7s][PLAN_TRAJ_RTH] BATT 24.0V | v=24.36V pct=73% (x7)
[INFO] [1782981057.478] [/exploration_node]: [EV] [1782981057.478][    +42.8s][PLAN_TRAJ_RTH] RTH d2goal=0.5m | auto-home(xy) dist=0.53m tol=0.20m goal=(-0.01, 0.02, 1.00) (x9)
[INFO] [1782981057.685] [/exploration_node]: [EV] [1782981057.685][    +43.0s][PLAN_TRAJ_RTH] RTH d2goal=0.5m | auto-home(xy) dist=0.52m tol=0.20m goal=(-0.01, 0.02, 1.00) (x19)
[WARN] [1782981057.865] [/exploration_node]: [Goal Planning] Goal not reachable! Fallback: navigate to closest frontier
[ERROR] [1782981057.865] [/exploration_node]: [Goal Planning] No frontiers available for fallback!
[INFO] [1782981058.030] [/exploration_node]: [EV] [1782981058.030][    +43.3s][PLAN_TRAJ_RTH] RTH d2goal=0.5m | auto-home(xy) dist=0.53m tol=0.20m goal=(-0.01, 0.02, 1.00) (x32)
[INFO] [1782981058.233] [/exploration_node]: [EV] [1782981058.233][    +43.6s][PLAN_TRAJ_RTH] RTH d2goal=0.5m | auto-home(xy) dist=0.54m tol=0.20m goal=(-0.01, 0.02, 1.00) (x18)
[INFO] [1782981058.380] [/exploration_node]: [EV] [1782981058.380][    +43.7s][PLAN_TRAJ_RTH] RTH d2goal=0.5m | auto-home(xy) dist=0.55m tol=0.20m goal=(-0.01, 0.02, 1.00) (x13)
[INFO] [1782981058.528] [/exploration_node]: [EV] [1782981058.528][    +43.8s][PLAN_TRAJ_RTH] RTH d2goal=0.5m | auto-home(xy) dist=0.56m tol=0.20m goal=(-0.01, 0.02, 1.00) (x13)
[INFO] [1782981058.786] [/exploration_node]: [EV] [1782981058.786][    +44.1s][PLAN_TRAJ_RTH] RTH d2goal=0.5m | auto-home(xy) dist=0.55m tol=0.20m goal=(-0.01, 0.02, 1.00) (x24)
[INFO] [1782981058.983] [/exploration_node]: [EV] [1782981058.983][    +44.3s][PLAN_TRAJ_RTH] RTH d2goal=0.5m | auto-home(xy) dist=0.54m tol=0.20m goal=(-0.01, 0.02, 1.00) (x18)
[INFO] [1782981059.088] [/exploration_node]: [EV] [1782981059.088][    +44.4s][PLAN_TRAJ_RTH] RTH d2goal=0.5m | auto-home(xy) dist=0.55m tol=0.20m goal=(-0.01, 0.02, 1.00) (x9)
[INFO] [1782981059.129] [/exploration_node]: [EV] [1782981059.129][    +44.4s][PLAN_TRAJ_RTH] RTH d2goal=0.5m | auto-home(xy) dist=0.54m tol=0.20m goal=(-0.01, 0.02, 1.00) (x3)
[INFO] [1782981059.335] [/exploration_node]: [EV] [1782981059.335][    +44.7s][PLAN_TRAJ_RTH] RTH d2goal=0.5m | auto-home(xy) dist=0.53m tol=0.20m goal=(-0.01, 0.02, 1.00) (x19)
[INFO] [1782981059.375] [/exploration_node]: [EV] [1782981059.375][    +44.7s][PLAN_TRAJ_RTH] BATT 24.0V | v=24.36V pct=72%
[INFO] [1782981059.530] [/exploration_node]: [EV] [1782981059.530][    +44.8s][PLAN_TRAJ_RTH] RTH d2goal=0.5m | auto-home(xy) dist=0.52m tol=0.20m goal=(-0.01, 0.02, 1.00) (x18)
[ERROR] [1782981059.740] [/exploration_node]: [EV] [1782981059.740][    +45.1s][PLAN_TRAJ_RTH] STUCK no motion >8s in PLAN_TRAJ_RTH | last-local: no global tour yet (RTH global plan pending) | pos=(-0.50, 0.18, 1.81) still=8s (x146)
[INFO] [1782981059.740] [/exploration_node]: [EV] [1782981059.740][    +45.1s][PLAN_TRAJ_RTH] RTH d2goal=0.5m | auto-home(xy) dist=0.51m tol=0.20m goal=(-0.01, 0.02, 1.00) (x19)
[INFO] [1782981059.838] [/exploration_node]: [EV] [1782981059.838][    +45.2s][PLAN_TRAJ_RTH] RTH d2goal=0.5m | auto-home(xy) dist=0.50m tol=0.20m goal=(-0.01, 0.02, 1.00) (x8)
[WARN] [1782981059.897] [/exploration_node]: [Goal Planning] Goal not reachable! Fallback: navigate to closest frontier
[ERROR] [1782981059.897] [/exploration_node]: [Goal Planning] No frontiers available for fallback!
[INFO] [1782981059.931] [/exploration_node]: [EV] [1782981059.931][    +45.2s][PLAN_TRAJ_RTH] RTH d2goal=0.0m | auto-home(xy) dist=0.49m tol=0.20m goal=(-0.01, 0.02, 1.00) (x6)
[INFO] [1782981059.981] [/exploration_node]: [EV] [1782981059.981][    +45.3s][PLAN_TRAJ_RTH] RTH d2goal=0.0m | auto-home(xy) dist=0.50m tol=0.20m goal=(-0.01, 0.02, 1.00) (x4)
[INFO] [1782981060.034] [/exploration_node]: [EV] [1782981060.034][    +45.4s][PLAN_TRAJ_RTH] RTH d2goal=0.0m | auto-home(xy) dist=0.49m tol=0.20m goal=(-0.01, 0.02, 1.00) (x4)
[INFO] [1782981060.282] [/exploration_node]: [EV] [1782981060.282][    +45.6s][PLAN_TRAJ_RTH] RTH d2goal=0.0m | auto-home(xy) dist=0.48m tol=0.20m goal=(-0.01, 0.02, 1.00) (x23)
[INFO] [1782981060.346] [/mavros]: HP: requesting home position
[WARN] [1782981060.748] [/exploration_node]: [EV] [1782981060.747][    +46.1s][PLAN_TRAJ_RTH] LOCAL RTH FAIL | why: no global tour yet (RTH global plan pending) | t=0.1ms (x752)
[INFO] [1782981061.028] [/exploration_node]: [EV] [1782981061.027][    +46.3s][PLAN_TRAJ_RTH] RTH d2goal=0.0m | auto-home(xy) dist=0.47m tol=0.20m goal=(-0.01, 0.02, 1.00) (x71)
[INFO] [1782981061.380] [/exploration_node]: [EV] [1782981061.380][    +46.7s][PLAN_TRAJ_RTH] RTH d2goal=0.0m | auto-home(xy) dist=0.46m tol=0.20m goal=(-0.01, 0.02, 1.00) (x33)
[INFO] [1782981061.585] [/exploration_node]: [EV] [1782981061.585][    +46.9s][PLAN_TRAJ_RTH] RTH d2goal=0.0m | auto-home(xy) dist=0.45m tol=0.20m goal=(-0.01, 0.02, 1.00) (x19)
[INFO] [1782981061.677] [/exploration_node]: [EV] [1782981061.677][    +47.0s][PLAN_TRAJ_RTH] RTH d2goal=0.0m | auto-home(xy) dist=0.44m tol=0.20m goal=(-0.01, 0.02, 1.00) (x8)
[INFO] [1782981061.781] [/exploration_node]: [EV] [1782981061.781][    +47.1s][PLAN_TRAJ_RTH] RTH d2goal=0.0m | auto-home(xy) dist=0.43m tol=0.20m goal=(-0.01, 0.02, 1.00) (x9)
[INFO] [1782981061.884] [/exploration_node]: [EV] [1782981061.884][    +47.2s][PLAN_TRAJ_RTH] RTH d2goal=0.0m | auto-home(xy) dist=0.42m tol=0.20m goal=(-0.01, 0.02, 1.00) (x9)
[WARN] [1782981061.909] [/exploration_node]: [Goal Planning] Goal not reachable! Fallback: navigate to closest frontier
[ERROR] [1782981061.909] [/exploration_node]: [Goal Planning] No frontiers available for fallback!
[INFO] [1782981061.979] [/exploration_node]: [EV] [1782981061.979][    +47.3s][PLAN_TRAJ_RTH] RTH d2goal=0.0m | auto-home(xy) dist=0.41m tol=0.20m goal=(-0.01, 0.02, 1.00) (x8)
[INFO] [1782981062.029] [/exploration_node]: [EV] [1782981062.029][    +47.3s][PLAN_TRAJ_RTH] RTH d2goal=0.0m | auto-home(xy) dist=0.40m tol=0.20m goal=(-0.01, 0.02, 1.00) (x4)
[INFO] [1782981062.083] [/exploration_node]: [EV] [1782981062.083][    +47.4s][PLAN_TRAJ_RTH] RTH d2goal=0.0m | auto-home(xy) dist=0.39m tol=0.20m goal=(-0.01, 0.02, 1.00) (x4)
[INFO] [1782981062.187] [/exploration_node]: [EV] [1782981062.187][    +47.5s][PLAN_TRAJ_RTH] RTH d2goal=0.0m | auto-home(xy) dist=0.38m tol=0.20m goal=(-0.01, 0.02, 1.00) (x9)
[INFO] [1782981062.228] [/exploration_node]: [EV] [1782981062.228][    +47.5s][PLAN_TRAJ_RTH] RTH d2goal=0.0m | auto-home(xy) dist=0.37m tol=0.20m goal=(-0.01, 0.02, 1.00) (x3)
[INFO] [1782981062.281] [/exploration_node]: [EV] [1782981062.280][    +47.6s][PLAN_TRAJ_RTH] RTH d2goal=0.0m | auto-home(xy) dist=0.36m tol=0.20m goal=(-0.01, 0.02, 1.00) (x4)
[INFO] [1782981062.338] [/exploration_node]: [EV] [1782981062.338][    +47.7s][PLAN_TRAJ_RTH] RTH d2goal=0.0m | auto-home(xy) dist=0.35m tol=0.20m goal=(-0.01, 0.02, 1.00) (x4)
[INFO] [1782981062.381] [/exploration_node]: [EV] [1782981062.381][    +47.7s][PLAN_TRAJ_RTH] RTH d2goal=0.0m | auto-home(xy) dist=0.33m tol=0.20m goal=(-0.01, 0.02, 1.00) (x3)
[INFO] [1782981062.432] [/exploration_node]: [EV] [1782981062.432][    +47.7s][PLAN_TRAJ_RTH] RTH d2goal=0.0m | auto-home(xy) dist=0.31m tol=0.20m goal=(-0.01, 0.02, 1.00) (x4)
[INFO] [1782981062.483] [/exploration_node]: [EV] [1782981062.482][    +47.8s][PLAN_TRAJ_RTH] RTH d2goal=0.0m | auto-home(xy) dist=0.30m tol=0.20m goal=(-0.01, 0.02, 1.00) (x4)
[INFO] [1782981062.534] [/exploration_node]: [EV] [1782981062.534][    +47.9s][PLAN_TRAJ_RTH] RTH d2goal=0.0m | auto-home(xy) dist=0.28m tol=0.20m goal=(-0.01, 0.02, 1.00) (x4)
[INFO] [1782981062.585] [/exploration_node]: [EV] [1782981062.585][    +47.9s][PLAN_TRAJ_RTH] RTH d2goal=0.0m | auto-home(xy) dist=0.26m tol=0.20m goal=(-0.01, 0.02, 1.00) (x4)
[INFO] [1782981062.627] [/exploration_node]: [EV] [1782981062.626][    +47.9s][PLAN_TRAJ_RTH] RTH d2goal=0.0m | auto-home(xy) dist=0.25m tol=0.20m goal=(-0.01, 0.02, 1.00) (x3)
[INFO] [1782981062.677] [/exploration_node]: [EV] [1782981062.677][    +48.0s][PLAN_TRAJ_RTH] RTH d2goal=0.0m | auto-home(xy) dist=0.24m tol=0.20m goal=(-0.01, 0.02, 1.00) (x4)
[INFO] [1782981062.729] [/exploration_node]: [EV] [1782981062.729][    +48.0s][PLAN_TRAJ_RTH] RTH d2goal=0.0m | auto-home(xy) dist=0.22m tol=0.20m goal=(-0.01, 0.02, 1.00) (x4)
[WARN] [1782981062.749] [/exploration_node]: [EV] [1782981062.749][    +48.1s][PLAN_TRAJ_RTH] LOCAL RTH FAIL | why: no global tour yet (RTH global plan pending) | t=0.0ms (x192)
[INFO] [1782981062.780] [/exploration_node]: [EV] [1782981062.779][    +48.1s][PLAN_TRAJ_RTH] RTH d2goal=0.0m | auto-home(xy) dist=0.21m tol=0.20m goal=(-0.01, 0.02, 1.00) (x4)
[WARN] [1782981062.931] [/local_avoidance]: [local_avoidance] ACTIVATED  (min_dist=0.43 m, idx=4071)
[WARN] [1782981062.955] [/exploration_node]: [EV] [1782981062.955][    +48.3s][PLAN_TRAJ_RTH] AVOID ON (obstacle close, reactive layer overrides cmd)  <->  OFF (released, replan from current pose) | cycling x1 over 43.4s
[WARN] [1782981062.957] [/px4_ctrl_bridge]: [px4_bridge] AVOIDANCE ACTIVE -> forwarding /target_avoidance
[INFO] [1782981062.981] [/local_avoidance]: [local_avoidance] avoiding...  min_dist=0.51 m
[INFO] [1782981062.985] [/exploration_node]: [EV] [1782981062.985][    +48.3s][PLAN_TRAJ_RTH] RTH d2goal=0.0m | auto-home(xy) dist=0.20m tol=0.20m goal=(-0.01, 0.02, 1.00) (x19)
[INFO] [1782981063.080] [/local_avoidance]: [local_avoidance] DEACTIVATED
[WARN] [1782981063.107] [/px4_ctrl_bridge]: [px4_bridge] avoidance released -> published /planning/replan
[WARN] [1782981063.111] [/exploration_node]: [EV] [1782981063.111][    +48.4s][PLAN_TRAJ_RTH] STATE PLAN_TRAJ_RTH -> PLAN_TRAJ_RTH [avoidance released: replan from current pose] |  (prev x1871/19.5s)
[INFO] [1782981063.183] [/exploration_node]: [EV] [1782981063.183][    +48.5s][PLAN_TRAJ_RTH] RTH d2goal=0.0m | auto-home(xy) dist=0.21m tol=0.20m goal=(-0.01, 0.02, 1.00) (x18)
[INFO] [1782981063.278] [/exploration_node]: [EV] [1782981063.278][    +48.6s][PLAN_TRAJ_RTH] RTH d2goal=0.0m | auto-home(xy) dist=0.20m tol=0.20m goal=(-0.01, 0.02, 1.00) (x8)
[INFO] [1782981063.343] [/exploration_node]: [EV] [1782981063.343][    +48.7s][PLAN_TRAJ_RTH] RTH d2goal=0.0m | auto-home(xy) dist=0.21m tol=0.20m goal=(-0.01, 0.02, 1.00) (x5)
[WARN] [1782981063.381] [/local_avoidance]: [local_avoidance] ACTIVATED  (min_dist=0.48 m, idx=10457)
[INFO] [1782981063.383] [/exploration_node]: [EV] [1782981063.383][    +48.7s][PLAN_TRAJ_RTH] RTH d2goal=0.0m | auto-home(xy) dist=0.22m tol=0.20m goal=(-0.01, 0.02, 1.00) (x3)
[INFO] [1782981063.477] [/exploration_node]: [EV] [1782981063.477][    +48.8s][PLAN_TRAJ_RTH] RTH d2goal=0.0m | auto-home(xy) dist=0.23m tol=0.20m goal=(-0.01, 0.02, 1.00) (x8)
[INFO] [1782981063.632] [/exploration_node]: [EV] [1782981063.631][    +48.9s][PLAN_TRAJ_RTH] RTH d2goal=0.0m | auto-home(xy) dist=0.24m tol=0.20m goal=(-0.01, 0.02, 1.00) (x10)
[INFO] [1782981063.682] [/exploration_node]: [EV] [1782981063.682][    +49.0s][PLAN_TRAJ_RTH] RTH d2goal=0.0m | auto-home(xy) dist=0.25m tol=0.20m goal=(-0.01, 0.02, 1.00) (x4)
[INFO] [1782981063.787] [/exploration_node]: [EV] [1782981063.787][    +49.1s][PLAN_TRAJ_RTH] RTH d2goal=0.0m | auto-home(xy) dist=0.26m tol=0.20m goal=(-0.01, 0.02, 1.00) (x9)
[INFO] [1782981063.828] [/exploration_node]: [EV] [1782981063.828][    +49.1s][PLAN_TRAJ_RTH] RTH d2goal=0.0m | auto-home(xy) dist=0.28m tol=0.20m goal=(-0.01, 0.02, 1.00) (x3)
[INFO] [1782981063.883] [/exploration_node]: [EV] [1782981063.883][    +49.2s][PLAN_TRAJ_RTH] RTH d2goal=0.0m | auto-home(xy) dist=0.30m tol=0.20m goal=(-0.01, 0.02, 1.00) (x4)
[INFO] [1782981063.935] [/exploration_node]: [EV] [1782981063.935][    +49.3s][PLAN_TRAJ_RTH] RTH d2goal=0.0m | auto-home(xy) dist=0.31m tol=0.20m goal=(-0.01, 0.02, 1.00) (x4)
[WARN] [1782981063.967] [/px4_ctrl_bridge]: [px4_bridge] AVOIDANCE ACTIVE -> forwarding /target_avoidance
[WARN] [1782981063.986] [/exploration_node]: [Goal Planning] Goal not reachable! Fallback: navigate to closest frontier
[ERROR] [1782981063.986] [/exploration_node]: [Goal Planning] No frontiers available for fallback!
[INFO] [1782981063.999] [/exploration_node]: [EV] [1782981063.999][    +49.3s][PLAN_TRAJ_RTH] RTH d2goal=0.0m | auto-home(xy) dist=0.32m tol=0.20m goal=(-0.01, 0.02, 1.00) (x4)
[INFO] [1782981064.030] [/local_avoidance]: [local_avoidance] avoiding...  min_dist=0.22 m
[INFO] [1782981064.030] [/exploration_node]: [EV] [1782981064.030][    +49.3s][PLAN_TRAJ_RTH] RTH d2goal=0.0m | auto-home(xy) dist=0.33m tol=0.20m goal=(-0.01, 0.02, 1.00) (x2)
[INFO] [1782981064.082] [/exploration_node]: [EV] [1782981064.082][    +49.4s][PLAN_TRAJ_RTH] RTH d2goal=0.0m | auto-home(xy) dist=0.34m tol=0.20m goal=(-0.01, 0.02, 1.00) (x4)
[INFO] [1782981064.178] [/exploration_node]: [EV] [1782981064.178][    +49.5s][PLAN_TRAJ_RTH] RTH d2goal=0.0m | auto-home(xy) dist=0.35m tol=0.20m goal=(-0.01, 0.02, 1.00) (x8)
[INFO] [1782981064.285] [/exploration_node]: [EV] [1782981064.285][    +49.6s][PLAN_TRAJ_RTH] RTH d2goal=0.0m | auto-home(xy) dist=0.36m tol=0.20m goal=(-0.01, 0.02, 1.00) (x9)
[INFO] [1782981064.485] [/exploration_node]: [EV] [1782981064.485][    +49.8s][PLAN_TRAJ_RTH] RTH d2goal=0.0m | auto-home(xy) dist=0.34m tol=0.20m goal=(-0.01, 0.02, 1.00) (x18)
[INFO] [1782981064.535] [/exploration_node]: [EV] [1782981064.535][    +49.9s][PLAN_TRAJ_RTH] RTH d2goal=0.0m | auto-home(xy) dist=0.33m tol=0.20m goal=(-0.01, 0.02, 1.00) (x4)
[INFO] [1782981064.634] [/exploration_node]: [EV] [1782981064.634][    +50.0s][PLAN_TRAJ_RTH] RTH d2goal=0.0m | auto-home(xy) dist=0.32m tol=0.20m goal=(-0.01, 0.02, 1.00) (x7)
[INFO] [1782981064.729] [/exploration_node]: [EV] [1782981064.729][    +50.0s][PLAN_TRAJ_RTH] RTH d2goal=0.0m | auto-home(xy) dist=0.31m tol=0.20m goal=(-0.01, 0.02, 1.00) (x8)
[INFO] [1782981064.832] [/exploration_node]: [EV] [1782981064.832][    +50.1s][PLAN_TRAJ_RTH] RTH d2goal=0.0m | auto-home(xy) dist=0.30m tol=0.20m goal=(-0.01, 0.02, 1.00) (x9)
[INFO] [1782981064.883] [/exploration_node]: [EV] [1782981064.883][    +50.2s][PLAN_TRAJ_RTH] RTH d2goal=0.0m | auto-home(xy) dist=0.29m tol=0.20m goal=(-0.01, 0.02, 1.00) (x4)
[INFO] [1782981064.934] [/exploration_node]: [EV] [1782981064.934][    +50.3s][PLAN_TRAJ_RTH] RTH d2goal=0.0m | auto-home(xy) dist=0.28m tol=0.20m goal=(-0.01, 0.02, 1.00) (x4)
[WARN] [1782981064.968] [/px4_ctrl_bridge]: [px4_bridge] AVOIDANCE ACTIVE -> forwarding /target_avoidance
[INFO] [1782981064.979] [/exploration_node]: [EV] [1782981064.979][    +50.3s][PLAN_TRAJ_RTH] RTH d2goal=0.0m | auto-home(xy) dist=0.27m tol=0.20m goal=(-0.01, 0.02, 1.00) (x3)
[INFO] [1782981065.030] [/local_avoidance]: [local_avoidance] avoiding...  min_dist=0.35 m
[INFO] [1782981065.279] [/exploration_node]: [EV] [1782981065.279][    +50.6s][PLAN_TRAJ_RTH] RTH d2goal=0.0m | auto-home(xy) dist=0.26m tol=0.20m goal=(-0.01, 0.02, 1.00) (x28)
[INFO] [1782981065.439] [/exploration_node]: [EV] [1782981065.439][    +50.8s][PLAN_TRAJ_RTH] RTH d2goal=0.0m | auto-home(xy) dist=0.27m tol=0.20m goal=(-0.01, 0.02, 1.00) (x13)
[INFO] [1782981065.535] [/exploration_node]: [EV] [1782981065.535][    +50.9s][PLAN_TRAJ_RTH] RTH d2goal=0.0m | auto-home(xy) dist=0.26m tol=0.20m goal=(-0.01, 0.02, 1.00) (x8)
[INFO] [1782981065.685] [/exploration_node]: [EV] [1782981065.685][    +51.0s][PLAN_TRAJ_RTH] RTH d2goal=0.0m | auto-home(xy) dist=0.27m tol=0.20m goal=(-0.01, 0.02, 1.00) (x13)
[INFO] [1782981065.727] [/exploration_node]: [EV] [1782981065.727][    +51.0s][PLAN_TRAJ_RTH] RTH d2goal=0.0m | auto-home(xy) dist=0.26m tol=0.20m goal=(-0.01, 0.02, 1.00) (x3)
[INFO] [1782981065.779] [/exploration_node]: [EV] [1782981065.779][    +51.1s][PLAN_TRAJ_RTH] RTH d2goal=0.0m | auto-home(xy) dist=0.27m tol=0.20m goal=(-0.01, 0.02, 1.00) (x4)
[INFO] [1782981065.831] [/exploration_node]: [EV] [1782981065.831][    +51.1s][PLAN_TRAJ_RTH] RTH d2goal=0.0m | auto-home(xy) dist=0.26m tol=0.20m goal=(-0.01, 0.02, 1.00) (x4)
[INFO] [1782981065.931] [/exploration_node]: [EV] [1782981065.931][    +51.2s][PLAN_TRAJ_RTH] RTH d2goal=0.0m | auto-home(xy) dist=0.25m tol=0.20m goal=(-0.01, 0.02, 1.00) (x8)
[WARN] [1782981065.977] [/px4_ctrl_bridge]: [px4_bridge] AVOIDANCE ACTIVE -> forwarding /target_avoidance
[INFO] [1782981066.031] [/local_avoidance]: [local_avoidance] avoiding...  min_dist=0.35 m
[WARN] [1782981066.061] [/exploration_node]: [Goal Planning] Goal not reachable! Fallback: navigate to closest frontier
[ERROR] [1782981066.061] [/exploration_node]: [Goal Planning] No frontiers available for fallback!
[INFO] [1782981066.134] [/exploration_node]: [EV] [1782981066.134][    +51.5s][PLAN_TRAJ_RTH] RTH d2goal=0.0m | auto-home(xy) dist=0.24m tol=0.20m goal=(-0.01, 0.02, 1.00) (x19)
[INFO] [1782981066.283] [/exploration_node]: [EV] [1782981066.283][    +51.6s][PLAN_TRAJ_RTH] RTH d2goal=0.0m | auto-home(xy) dist=0.23m tol=0.20m goal=(-0.01, 0.02, 1.00) (x12)
[INFO] [1782981066.385] [/exploration_node]: [EV] [1782981066.385][    +51.7s][PLAN_TRAJ_RTH] RTH d2goal=0.0m | auto-home(xy) dist=0.22m tol=0.20m goal=(-0.01, 0.02, 1.00) (x9)
[WARN] [1782981066.449] [/exploration_node]: [EV] [1782981066.449][    +51.8s][PLAN_TRAJ_RTH] LOCAL RTH FAIL | why: no global tour yet (RTH global plan pending) | t=0.1ms (x344)
[INFO] [1782981066.691] [/exploration_node]: [EV] [1782981066.691][    +52.0s][PLAN_TRAJ_RTH] RTH d2goal=0.0m | auto-home(xy) dist=0.21m tol=0.20m goal=(-0.01, 0.02, 1.00) (x27)
[INFO] [1782981066.735] [/exploration_node]: [EV] [1782981066.735][    +52.1s][PLAN_TRAJ_RTH] RTH d2goal=0.0m | auto-home(xy) dist=0.20m tol=0.20m goal=(-0.01, 0.02, 1.00) (x3)
[INFO] [1782981066.777] [/traj_server]: [33m[Metrics] RTH distance received: 0.192 m, logging metrics...[0m
[INFO] [1782981066.777] [/exploration_node]: [EV] [1782981066.777][    +52.1s][PLAN_TRAJ_RTH] RTH d2goal=0.0m | auto-home(xy) dist=0.19m tol=0.20m goal=(-0.01, 0.02, 1.00) (x3)
[INFO] [1782981066.777] [/exploration_node]: [EV] [1782981066.777][    +52.1s][LAND] STATE PLAN_TRAJ_RTH -> LAND [RTH: home reached -> AUTO.LAND] |  (prev cycle x1/3.7s)
[INFO] [1782981066.777] [/exploration_node]: [32m[RTH] Home reached (xy 0.192 m) -> landing[0m
[INFO] [1782981066.788] [/exploration_node]: [EV] [1782981066.788][    +52.1s][LANDED] STATE LAND -> LANDED [LAND: touchdown & disarmed]
[INFO] [1782981066.796] [/exploration_node]: [EV] [1782981066.796][    +52.1s][LANDED] MISSION LANDED (mission complete, disarmed)
