# EPIC structured flight events for epic_2026-07-02-19-48-05.bag
# line format: [ros_epoch][+rel_s][FSM_STATE] CATEGORY signature | detail
# EPIC session info | published_ros=1782989284.926
# box | down=[-150, -150, 0.4] up=[150, 150, 2]
# corridor | DilateSoft=0.60 DilateHard=0.45 MaxCorridor=4.0 MaxVel=1.0 max_traj_len=10.0 safe_dist=0.60 bubble_min_r=0.61
# frontier | cell=0.40 cluster_sz=[1.0, 5.0] minpts=5 dphi=0.26 znum=3 good_dir_score=0.60
# viewpoint | pillar_r=[0.5, 2.0]x8 h=[-1.0, 1.0]x5 circle_n=4 local_tsp=12
# fsm | takeoff_h=1.10 goal_tol=0.20 replan_t=0.20 emerg_err=3.0 max_hz=30 avoid_to=0.5 auto_rth_land=1 rth_land_xy_tol=0.20 avoidance=1
# topics | odom=/Odometry cloud=/cloud_registered
[1782989286.520][     +1.6s][WAIT_TRIGGER] BATT 24.0V | v=24.03V pct=62%
[1782989288.517][     +3.6s][WAIT_TRIGGER] BATT 24.0V | v=24.03V pct=61%
[1782989290.520][     +5.6s][WAIT_TRIGGER] BATT 24.0V | v=24.03V pct=62%
[1782989296.484][    +11.6s][WAIT_TRIGGER] PX4 mode=POSCTL armed=1 | prev=POSCTL
[1782989297.114][     +0.0s][WAIT_TRIGGER] EVENT 2D-Nav-Goal trigger | trigger received | pos=(0.02, -0.04, -0.05)
[1782989297.114][     +0.0s][WAIT_TRIGGER] PARAM box | down=[-150, -150, 0.4] up=[150, 150, 2]
[1782989297.114][     +0.0s][WAIT_TRIGGER] PARAM corridor | DilateSoft=0.60 DilateHard=0.45 MaxCorridor=4.0 MaxVel=1.0 max_traj_len=10.0 safe_dist=0.60 bubble_min_r=0.61
[1782989297.114][     +0.0s][WAIT_TRIGGER] PARAM frontier | cell=0.40 cluster_sz=[1.0, 5.0] minpts=5 dphi=0.26 znum=3 good_dir_score=0.60
[1782989297.114][     +0.0s][WAIT_TRIGGER] PARAM viewpoint | pillar_r=[0.5, 2.0]x8 h=[-1.0, 1.0]x5 circle_n=4 local_tsp=12
[1782989297.114][     +0.0s][WAIT_TRIGGER] PARAM fsm | takeoff_h=1.10 goal_tol=0.20 replan_t=0.20 emerg_err=3.0 max_hz=30 avoid_to=0.5 auto_rth_land=1 rth_land_xy_tol=0.20 avoidance=1
[1782989297.114][     +0.0s][WAIT_TRIGGER] PARAM topics | odom=/Odometry cloud=/cloud_registered
[1782989297.114][     +0.0s][TAKEOFF_HOVER] STATE WAIT_TRIGGER -> TAKEOFF_HOVER [triggerCallback: takeoff & hover]
[1782989298.483][     +1.4s][TAKEOFF_HOVER] PX4 mode=OFFBOARD armed=1 | prev=POSCTL
[1782989298.521][     +1.4s][TAKEOFF_HOVER] BATT 24.0V | v=24.04V pct=62% (x3)
[1782989300.514][     +3.4s][TAKEOFF_HOVER] BATT 23.5V | v=23.77V pct=64%
[1782989302.512][     +5.4s][TAKEOFF_HOVER] BATT 23.0V | v=23.30V pct=55%
[1782989304.519][     +7.4s][TAKEOFF_HOVER] BATT 23.0V | v=23.09V pct=51%
[1782989304.958][     +7.8s][PLAN_TRAJ_EXP] STATE TAKEOFF_HOVER -> PLAN_TRAJ_EXP [takeoff: altitude reached & stable -> explore]
[1782989305.178][     +8.1s][PLAN_TRAJ_EXP] GLOBAL result=OK | clusters=1(reach 1) vp=1(reach 1) pipe[tot=1 dorm=0 unreach=0 cons=1 nocand=0 topo=0 novis=0 ok=1] tour=2n/8.2m goal=(0.0, 0.0, 0.0) t=28ms
[1782989305.178][     +8.1s][PLAN_TRAJ_EXP] STATE PLAN_TRAJ_EXP -> PLAN_TRAJ_EXP [planGlobalPath: succeed]
[1782989305.179][     +8.1s][PLAN_TRAJ_EXP] LOCAL EXP FAIL | why: fast-searcher: no path odom->goal | t=0.1ms goal_d=1.0m
[1782989305.179][     +8.1s][PLAN_TRAJ_EXP] STATE PLAN_TRAJ_EXP -> PLAN_TRAJ_EXP [PLAN_TRAJ_EXP: plan failed]
[1782989305.458][     +8.3s][PLAN_TRAJ_EXP] LOCAL EXP OK | t=33.4ms goal_d=8.2m (prev x19/0.3s)
[1782989305.458][     +8.3s][EXEC_TRAJ] STATE PLAN_TRAJ_EXP -> EXEC_TRAJ [plan success: new traj pub] |  (prev cycle x1/0.3s)
[1782989305.460][     +8.3s][PLAN_TRAJ_EXP] STATE EXEC_TRAJ -> PLAN_TRAJ_EXP [safetyCallback: not safe, time:5.783038]
[1782989305.507][     +8.4s][PLAN_TRAJ_EXP] STATE EXEC_TRAJ -> PLAN_TRAJ_EXP [safetyCallback: not safe, time:5.236298] |  (prev cycle x1/0.0s)
[1782989305.555][     +8.4s][PLAN_TRAJ_EXP] STATE EXEC_TRAJ -> PLAN_TRAJ_EXP [safetyCallback: not safe, time:5.741454] |  (prev cycle x1/0.0s)
[1782989305.557][     +8.4s][PLAN_TRAJ_EXP] STATE PLAN_TRAJ_EXP -> PLAN_TRAJ_EXP [safetyCallback: not safe, time:5.743484]
[1782989305.599][     +8.5s][EXEC_TRAJ] STATE PLAN_TRAJ_EXP -> EXEC_TRAJ [plan success: new traj pub]
[1782989305.607][     +8.5s][PLAN_TRAJ_EXP] STATE EXEC_TRAJ -> PLAN_TRAJ_EXP [safetyCallback: not safe, time:5.639822]
[1782989306.176][     +9.1s][PLAN_TRAJ_EXP] STATE EXEC_TRAJ -> PLAN_TRAJ_EXP [planGlobalPath: succeed] |  (prev cycle x1/0.6s)
[1782989306.517][     +9.4s][EXEC_TRAJ] BATT 22.5V | v=22.99V pct=51%
[1782989306.684][     +9.6s][EXEC_TRAJ] GLOBAL result=OK | clusters=1(reach 1) vp=1(reach 1) pipe[tot=1 dorm=0 unreach=0 cons=1 nocand=0 topo=0 novis=0 ok=1] tour=2n/8.0m goal=(7.4, 3.9, 0.5) t=46ms (x2)
[1782989308.154][    +11.0s][EXEC_TRAJ] GLOBAL result=OK | clusters=1(reach 1) vp=1(reach 1) pipe[tot=1 dorm=0 unreach=0 cons=1 nocand=0 topo=0 novis=0 ok=1] tour=2n/7.9m goal=(7.4, 3.9, 0.4) t=40ms (x1)
[1782989308.513][    +11.4s][EXEC_TRAJ] BATT 22.5V | v=22.86V pct=47%
[1782989309.397][    +12.3s][EXEC_TRAJ] GLOBAL result=OK | clusters=1(reach 1) vp=1(reach 1) pipe[tot=1 dorm=0 unreach=0 cons=1 nocand=0 topo=0 novis=0 ok=1] tour=2n/8.2m goal=(7.4, 3.9, 0.4) t=49ms (x1)
[1782989310.134][    +13.0s][PLAN_TRAJ_EXP] STATE PLAN_TRAJ_EXP -> PLAN_TRAJ_EXP [planGlobalPath: succeed] |  (prev cycle x12/4.0s)
[1782989310.134][    +13.0s][PLAN_TRAJ_EXP] LOCAL EXP FAIL | why: next goal too close to occupancy -> re-run global | t=21.7ms goal_d=6.9m (prev x10/4.6s)
[1782989310.134][    +13.0s][PLAN_TRAJ_EXP] STATE PLAN_TRAJ_EXP -> PLAN_TRAJ_EXP [PLAN_TRAJ_EXP: plan failed]
[1782989310.227][    +13.1s][EXEC_TRAJ] STATE PLAN_TRAJ_EXP -> EXEC_TRAJ [plan success: new traj pub] |  (prev cycle x4/0.1s)
[1782989310.297][    +13.2s][EXEC_TRAJ] AVOID ON (obstacle close, reactive layer overrides cmd) | pos=(1.59, -0.77, 0.75)
[1782989310.515][    +13.4s][EXEC_TRAJ] BATT 22.5V | v=22.72V pct=45%
[1782989310.826][    +13.7s][EXEC_TRAJ] GLOBAL result=OK | clusters=1(reach 1) vp=1(reach 1) pipe[tot=1 dorm=0 unreach=0 cons=1 nocand=0 topo=0 novis=0 ok=1] tour=2n/7.6m goal=(7.2, 4.3, 0.5) t=26ms (x4)
[1782989310.826][    +13.7s][PLAN_TRAJ_EXP] STATE EXEC_TRAJ -> PLAN_TRAJ_EXP [planGlobalPath: succeed]
[1782989310.861][    +13.7s][PLAN_TRAJ_EXP] LOCAL EXP OK | why: escape traj (flyToSafeRegion) | t=34.3ms goal_d=7.5m (prev cycle x1/0.7s)
[1782989310.863][    +13.7s][PLAN_TRAJ_EXP] STATE EXEC_TRAJ -> PLAN_TRAJ_EXP [safetyCallback: not safe, time:0.033719] |  (prev cycle x1/0.0s)
[1782989310.867][    +13.8s][PLAN_TRAJ_EXP] STATE PLAN_TRAJ_EXP -> PLAN_TRAJ_EXP [safetyCallback: not safe, time:0.037671]
[1782989310.904][    +13.8s][EXEC_TRAJ] STATE PLAN_TRAJ_EXP -> EXEC_TRAJ [plan success: new traj pub]
[1782989310.907][    +13.8s][PLAN_TRAJ_EXP] STATE EXEC_TRAJ -> PLAN_TRAJ_EXP [safetyCallback: not safe, time:0.034344]
[1782989310.959][    +13.8s][PLAN_TRAJ_EXP] STATE EXEC_TRAJ -> PLAN_TRAJ_EXP [safetyCallback: not safe, time:0.042211] |  (prev cycle x1/0.1s)
[1782989311.004][    +13.9s][PLAN_TRAJ_EXP] STATE EXEC_TRAJ -> PLAN_TRAJ_EXP [safetyCallback: not safe, time:0.041947] |  (prev cycle x1/0.0s)
[1782989311.013][    +13.9s][PLAN_TRAJ_EXP] STATE PLAN_TRAJ_EXP -> PLAN_TRAJ_EXP [safetyCallback: not safe, time:0.050287]
[1782989311.047][    +13.9s][EXEC_TRAJ] STATE PLAN_TRAJ_EXP -> EXEC_TRAJ [plan success: new traj pub]
[1782989311.081][    +14.0s][PLAN_TRAJ_EXP] STATE EXEC_TRAJ -> PLAN_TRAJ_EXP [planGlobalPath: succeed]
[1782989311.117][    +14.0s][PLAN_TRAJ_EXP] STATE EXEC_TRAJ -> PLAN_TRAJ_EXP [safetyCallback: not safe, time:0.032408] |  (prev cycle x1/0.0s)
[1782989311.161][    +14.0s][PLAN_TRAJ_EXP] STATE EXEC_TRAJ -> PLAN_TRAJ_EXP [safetyCallback: not safe, time:0.031592] |  (prev cycle x1/0.0s)
[1782989311.208][    +14.1s][PLAN_TRAJ_EXP] STATE EXEC_TRAJ -> PLAN_TRAJ_EXP [safetyCallback: not safe, time:0.035416] |  (prev cycle x1/0.0s)
[1782989311.246][    +14.1s][PLAN_TRAJ_EXP] LOCAL EXP FAIL | why: escape: gcopter setup failed | t=33.4ms goal_d=7.4m (prev x7/0.3s)
[1782989311.246][    +14.1s][PLAN_TRAJ_EXP] STATE PLAN_TRAJ_EXP -> PLAN_TRAJ_EXP [PLAN_TRAJ_EXP: plan failed]
[1782989311.257][    +14.1s][PLAN_TRAJ_EXP] STATE PLAN_TRAJ_EXP -> PLAN_TRAJ_EXP [safetyCallback: not safe, time:0.085052]
[1782989311.318][    +14.2s][PLAN_TRAJ_EXP] STATE PLAN_TRAJ_EXP -> PLAN_TRAJ_EXP [planGlobalPath: succeed] |  (prev cycle x1/0.1s)
[1782989311.493][    +14.4s][PLAN_TRAJ_EXP] STATE PLAN_TRAJ_EXP -> PLAN_TRAJ_EXP [avoidance released: replan from current pose] |  (prev cycle x1/0.2s)
[1782989311.493][    +14.4s][PLAN_TRAJ_EXP] AVOID OFF (released, replan from current pose) | dur=1.2s
[1782989311.557][    +14.4s][PLAN_TRAJ_EXP] STATE PLAN_TRAJ_EXP -> PLAN_TRAJ_EXP [planGlobalPath: succeed] |  (prev cycle x1/0.1s)
[1782989311.591][    +14.5s][PLAN_TRAJ_EXP] LOCAL EXP OK | t=33.6ms goal_d=7.7m (prev x6/0.3s)
[1782989311.591][    +14.5s][EXEC_TRAJ] STATE PLAN_TRAJ_EXP -> EXEC_TRAJ [plan success: new traj pub]
[1782989312.228][    +15.1s][EXEC_TRAJ] GLOBAL result=OK | clusters=1(reach 1) vp=1(reach 1) pipe[tot=1 dorm=0 unreach=0 cons=1 nocand=0 topo=0 novis=0 ok=1] tour=2n/6.5m goal=(6.8, 4.6, 0.5) t=29ms (x3)
[1782989312.228][    +15.1s][PLAN_TRAJ_EXP] STATE EXEC_TRAJ -> PLAN_TRAJ_EXP [planGlobalPath: succeed]
[1782989312.508][    +15.4s][EXEC_TRAJ] BATT 22.5V | v=22.72V pct=40%
[1782989313.563][    +16.4s][EXEC_TRAJ] GLOBAL result=OK | clusters=1(reach 1) vp=1(reach 1) pipe[tot=1 dorm=0 unreach=0 cons=1 nocand=0 topo=0 novis=0 ok=1] tour=2n/6.6m goal=(6.1, 4.8, 0.5) t=31ms (x1)
[1782989314.476][    +17.4s][EXEC_TRAJ] PX4 mode=POSCTL armed=1 (LEFT OFFBOARD: pilot takeover or failsafe) | prev=OFFBOARD
[1782989314.509][    +17.4s][EXEC_TRAJ] BATT 22.5V | v=22.71V pct=39%
[1782989314.867][    +17.8s][EXEC_TRAJ] GLOBAL result=OK | clusters=2(reach 1) vp=1(reach 1) pipe[tot=2 dorm=1 unreach=0 cons=1 nocand=0 topo=0 novis=0 ok=1] tour=2n/8.6m goal=(6.2, 5.0, 0.6) t=21ms (x1)
[1782989314.901][    +17.8s][PLAN_TRAJ_EXP] STATE PLAN_TRAJ_EXP -> PLAN_TRAJ_EXP [PLAN_TRAJ_EXP: plan failed] |  (prev cycle x8/2.7s)
[1782989314.945][    +17.8s][PLAN_TRAJ_EXP] LOCAL EXP FAIL | why: escape: gcopter setup failed | t=33.4ms goal_d=6.9m (x4)
[1782989315.103][    +18.0s][PLAN_TRAJ_EXP] STATE PLAN_TRAJ_EXP -> PLAN_TRAJ_EXP [planGlobalPath: succeed] |  (prev x4/0.2s)
[1782989315.328][    +18.2s][PLAN_TRAJ_EXP] GLOBAL result=NO_VIEWPOINTS | why: NO_FRONTIER: 0 viewpoints (clusters=1, reachable_clusters=0) pipe[tot=1 dorm=1 unreach=0 cons=0 nocand=0 topo=0 novis=0 ok=0] | clusters=1(reach 0) vp=0(reach 0) pipe[tot=1 dorm=1 unreach=0 cons=0 nocand=0 topo=0 novis=0 ok=0] tour=2n/8.5m goal=(7.7, 6.0, 0.5) t=16ms (prev x1/0.2s)
[1782989315.328][    +18.2s][FINISH] STATE PLAN_TRAJ_EXP -> FINISH [planGlobalPath: no frontier] |  (prev cycle x1/0.2s)
[1782989315.332][    +18.2s][FINISH] MISSION FINISH (premature? unreached clusters remain) | pos=(2.45, -0.83, 0.31) elapsed=18s clusters_left=1(reach 0) pipe[tot=1 dorm=1 unreach=0 cons=0 nocand=0 topo=0 novis=0 ok=0]
[1782989315.543][    +18.4s][FINISH] GLOBAL result=NO_VIEWPOINTS | why: NO_FRONTIER: 0 viewpoints (clusters=0, reachable_clusters=0) pipe[tot=0 dorm=0 unreach=0 cons=0 nocand=0 topo=0 novis=0 ok=0] | clusters=0(reach 0) vp=0(reach 0) pipe[tot=0 dorm=0 unreach=0 cons=0 nocand=0 topo=0 novis=0 ok=0] tour=2n/8.5m goal=(7.7, 6.0, 0.5) t=13ms
[1782989315.544][    +18.4s][FINISH] STATE FINISH -> FINISH [planGlobalPath: no frontier]
[1782989316.334][    +19.2s][PLAN_TRAJ_RTH] STATE FINISH -> PLAN_TRAJ_RTH [FINISH: hover done -> return home] |  (prev x3/0.6s)
[1782989316.341][    +19.2s][PLAN_TRAJ_RTH] RTH d2goal=2.5m | auto-home(xy) dist=2.67m tol=0.20m goal=(0.02, -0.04, 1.10)
[1782989316.375][    +19.3s][PLAN_TRAJ_RTH] LOCAL RTH FAIL | why: escape: gcopter setup failed | t=33.4ms (prev cycle x1/4.8s)
[1782989316.375][    +19.3s][PLAN_TRAJ_RTH] STATE PLAN_TRAJ_RTH -> PLAN_TRAJ_RTH [PLAN_TRAJ_RTH: plan failed]
[1782989316.421][    +19.3s][PLAN_TRAJ_RTH] GLOBAL result=RTH_PATH_OK | why: path to goal: 3 nodes / 3.5m (connected via 4) | clusters=0(reach 0) vp=0(reach 0) pipe[tot=0 dorm=0 unreach=0 cons=0 nocand=0 topo=0 novis=0 ok=0] tour=3n/3.5m goal=(0.1, 0.1, 1.4) t=16ms (prev x3/0.7s)
[1782989316.421][    +19.3s][PLAN_TRAJ_RTH] STATE PLAN_TRAJ_RTH -> PLAN_TRAJ_RTH [planGoalPath: succeed]
[1782989316.421][    +19.3s][PLAN_TRAJ_RTH] RTH d2goal=2.5m | auto-home(xy) dist=2.68m tol=0.20m goal=(0.02, -0.04, 1.10)
[1782989316.465][    +19.4s][PLAN_TRAJ_RTH] RTH d2goal=2.5m | auto-home(xy) dist=2.70m tol=0.20m goal=(0.02, -0.04, 1.10)
[1782989316.509][    +19.4s][PLAN_TRAJ_RTH] BATT 22.5V | v=22.86V pct=37%
[1782989316.509][    +19.4s][PLAN_TRAJ_RTH] RTH d2goal=2.5m | auto-home(xy) dist=2.71m tol=0.20m goal=(0.02, -0.04, 1.10)
[1782989317.300][    +20.2s][PLAN_TRAJ_RTH] RTH d2goal=2.5m | auto-home(xy) dist=2.72m tol=0.20m goal=(0.02, -0.04, 1.10) (x15)
[1782989317.429][    +20.3s][PLAN_TRAJ_RTH] GLOBAL result=RTH_PATH_OK | why: path to goal: 3 nodes / 3.5m (connected via 4) | clusters=0(reach 0) vp=0(reach 0) pipe[tot=0 dorm=0 unreach=0 cons=0 nocand=0 topo=0 novis=0 ok=0] tour=3n/3.5m goal=(0.1, 0.1, 1.4) t=14ms (x3)
[1782989317.516][    +20.4s][PLAN_TRAJ_RTH] RTH d2goal=2.5m | auto-home(xy) dist=2.71m tol=0.20m goal=(0.02, -0.04, 1.10) (x3)
[1782989317.709][    +20.6s][PLAN_TRAJ_RTH] RTH d2goal=2.5m | auto-home(xy) dist=2.72m tol=0.20m goal=(0.02, -0.04, 1.10) (x3)
[1782989318.225][    +21.1s][PLAN_TRAJ_RTH] RTH d2goal=2.5m | auto-home(xy) dist=2.71m tol=0.20m goal=(0.02, -0.04, 1.10) (x10)
[1782989318.269][    +21.2s][PLAN_TRAJ_RTH] RTH d2goal=2.5m | auto-home(xy) dist=2.72m tol=0.20m goal=(0.02, -0.04, 1.10)
[1782989318.312][    +21.2s][PLAN_TRAJ_RTH] RTH d2goal=2.5m | auto-home(xy) dist=2.71m tol=0.20m goal=(0.02, -0.04, 1.10)
[1782989318.408][    +21.3s][PLAN_TRAJ_RTH] RTH d2goal=2.5m | auto-home(xy) dist=2.72m tol=0.20m goal=(0.02, -0.04, 1.10) (x1)
[1782989318.442][    +21.3s][PLAN_TRAJ_RTH] LOCAL RTH FAIL | why: escape: gcopter setup failed | t=33.5ms (x41)
[1782989318.605][    +21.5s][PLAN_TRAJ_RTH] GLOBAL result=RTH_PATH_OK | why: path to goal: 3 nodes / 3.5m (connected via 4) | clusters=0(reach 0) vp=0(reach 0) pipe[tot=0 dorm=0 unreach=0 cons=0 nocand=0 topo=0 novis=0 ok=0] tour=3n/3.5m goal=(0.1, 0.1, 1.4) t=15ms (x4)
[1782989318.928][    +21.8s][PLAN_TRAJ_RTH] RTH d2goal=2.5m | auto-home(xy) dist=2.71m tol=0.20m goal=(0.02, -0.04, 1.10) (x10)
[1782989318.972][    +21.9s][PLAN_TRAJ_RTH] RTH d2goal=2.5m | auto-home(xy) dist=2.72m tol=0.20m goal=(0.02, -0.04, 1.10)
[1782989319.209][    +22.1s][PLAN_TRAJ_RTH] RTH d2goal=2.5m | auto-home(xy) dist=2.71m tol=0.20m goal=(0.02, -0.04, 1.10) (x4)
[1782989319.319][    +22.2s][PLAN_TRAJ_RTH] RTH d2goal=2.5m | auto-home(xy) dist=2.72m tol=0.20m goal=(0.02, -0.04, 1.10) (x1)
[1782989319.362][    +22.2s][PLAN_TRAJ_RTH] RTH d2goal=2.5m | auto-home(xy) dist=2.71m tol=0.20m goal=(0.02, -0.04, 1.10)
[1782989319.776][    +22.7s][PLAN_TRAJ_RTH] GLOBAL result=RTH_PATH_OK | why: path to goal: 3 nodes / 3.5m (connected via 4) | clusters=0(reach 0) vp=0(reach 0) pipe[tot=0 dorm=0 unreach=0 cons=0 nocand=0 topo=0 novis=0 ok=0] tour=3n/3.5m goal=(0.1, 0.1, 1.4) t=12ms (x4)
[1782989320.250][    +23.1s][PLAN_TRAJ_RTH] RTH d2goal=2.5m | auto-home(xy) dist=2.72m tol=0.20m goal=(0.02, -0.04, 1.10) (x18)
[1782989320.461][    +23.3s][PLAN_TRAJ_RTH] LOCAL RTH FAIL | why: escape: gcopter setup failed | t=33.4ms (x42)
[1782989320.520][    +23.4s][PLAN_TRAJ_RTH] BATT 23.0V | v=23.47V pct=43%
[1782989320.957][    +23.8s][PLAN_TRAJ_RTH] GLOBAL result=RTH_PATH_OK | why: path to goal: 3 nodes / 3.5m (connected via 4) | clusters=0(reach 0) vp=0(reach 0) pipe[tot=0 dorm=0 unreach=0 cons=0 nocand=0 topo=0 novis=0 ok=0] tour=3n/3.5m goal=(0.1, 0.1, 1.4) t=15ms (x4)
[1782989321.093][    +24.0s][PLAN_TRAJ_RTH] RTH d2goal=2.5m | auto-home(xy) dist=2.71m tol=0.20m goal=(0.02, -0.04, 1.10) (x17)
[1782989321.137][    +24.0s][PLAN_TRAJ_RTH] RTH d2goal=2.5m | auto-home(xy) dist=2.72m tol=0.20m goal=(0.02, -0.04, 1.10)
[1782989321.471][    +24.4s][PLAN_TRAJ_RTH] RTH d2goal=2.5m | auto-home(xy) dist=2.71m tol=0.20m goal=(0.02, -0.04, 1.10) (x6)
[1782989322.120][    +25.0s][PLAN_TRAJ_RTH] GLOBAL result=RTH_PATH_OK | why: path to goal: 3 nodes / 3.5m (connected via 4) | clusters=0(reach 0) vp=0(reach 0) pipe[tot=0 dorm=0 unreach=0 cons=0 nocand=0 topo=0 novis=0 ok=0] tour=3n/3.5m goal=(0.1, 0.1, 1.4) t=16ms (x4)
[1782989322.209][    +25.1s][PLAN_TRAJ_RTH] RTH d2goal=2.5m | auto-home(xy) dist=2.72m tol=0.20m goal=(0.02, -0.04, 1.10) (x15)
[1782989322.299][    +25.2s][PLAN_TRAJ_RTH] RTH d2goal=2.5m | auto-home(xy) dist=2.71m tol=0.20m goal=(0.02, -0.04, 1.10) (x1)
[1782989322.355][    +25.2s][PLAN_TRAJ_RTH] RTH d2goal=2.5m | auto-home(xy) dist=2.72m tol=0.20m goal=(0.02, -0.04, 1.10)
[1782989322.399][    +25.3s][PLAN_TRAJ_RTH] RTH d2goal=2.5m | auto-home(xy) dist=2.71m tol=0.20m goal=(0.02, -0.04, 1.10)
[1782989322.443][    +25.3s][PLAN_TRAJ_RTH] RTH d2goal=2.5m | auto-home(xy) dist=2.72m tol=0.20m goal=(0.02, -0.04, 1.10)
[1782989322.486][    +25.4s][PLAN_TRAJ_RTH] RTH d2goal=2.5m | auto-home(xy) dist=2.71m tol=0.20m goal=(0.02, -0.04, 1.10)
[1782989322.520][    +25.4s][PLAN_TRAJ_RTH] BATT 23.5V | v=23.56V pct=46% (prev cycle x1/16.0s)
[1782989322.530][    +25.4s][PLAN_TRAJ_RTH] RTH d2goal=2.5m | auto-home(xy) dist=2.72m tol=0.20m goal=(0.02, -0.04, 1.10)
[1782989322.564][    +25.4s][PLAN_TRAJ_RTH] LOCAL RTH FAIL | why: escape: gcopter setup failed | t=33.5ms (x44)
[1782989322.677][    +25.6s][PLAN_TRAJ_RTH] RTH d2goal=2.5m | auto-home(xy) dist=2.71m tol=0.20m goal=(0.02, -0.04, 1.10) (x2)
[1782989322.722][    +25.6s][PLAN_TRAJ_RTH] RTH d2goal=2.5m | auto-home(xy) dist=2.72m tol=0.20m goal=(0.02, -0.04, 1.10)
[1782989322.766][    +25.7s][PLAN_TRAJ_RTH] RTH d2goal=2.5m | auto-home(xy) dist=2.71m tol=0.20m goal=(0.02, -0.04, 1.10)
[1782989323.008][    +25.9s][PLAN_TRAJ_RTH] RTH d2goal=2.5m | auto-home(xy) dist=2.72m tol=0.20m goal=(0.02, -0.04, 1.10) (x4)
[1782989323.192][    +26.1s][PLAN_TRAJ_RTH] RTH d2goal=2.5m | auto-home(xy) dist=2.71m tol=0.20m goal=(0.02, -0.04, 1.10) (x3)
[1782989323.236][    +26.1s][PLAN_TRAJ_RTH] RTH d2goal=2.5m | auto-home(xy) dist=2.72m tol=0.20m goal=(0.02, -0.04, 1.10)
[1782989323.293][    +26.2s][PLAN_TRAJ_RTH] GLOBAL result=RTH_PATH_OK | why: path to goal: 3 nodes / 3.5m (connected via 4) | clusters=0(reach 0) vp=0(reach 0) pipe[tot=0 dorm=0 unreach=0 cons=0 nocand=0 topo=0 novis=0 ok=0] tour=3n/3.5m goal=(0.1, 0.1, 1.4) t=15ms (x4)
[1782989323.337][    +26.2s][PLAN_TRAJ_RTH] RTH d2goal=2.5m | auto-home(xy) dist=2.71m tol=0.20m goal=(0.02, -0.04, 1.10) (x1)
[1782989324.473][    +27.4s][PLAN_TRAJ_RTH] STUCK no motion >8s in PLAN_TRAJ_RTH | last-local: escape: gcopter setup failed | pos=(2.58, -0.94, -0.23) still=8s
[1782989324.506][    +27.4s][PLAN_TRAJ_RTH] PX4 mode=OFFBOARD armed=0 | prev=OFFBOARD (prev cycle x1/10.0s)
[1782989324.506][    +27.4s][PLAN_TRAJ_RTH] BATT 23.5V | v=23.61V pct=47%
[1782989324.594][    +27.5s][PLAN_TRAJ_RTH] LOCAL RTH FAIL | why: escape: gcopter setup failed | t=33.4ms (x42)
[1782989324.704][    +27.6s][PLAN_TRAJ_RTH] GLOBAL result=RTH_PATH_OK | why: path to goal: 3 nodes / 3.5m (connected via 4) | clusters=0(reach 0) vp=0(reach 0) pipe[tot=0 dorm=0 unreach=0 cons=0 nocand=0 topo=0 novis=0 ok=0] tour=3n/3.5m goal=(0.1, 0.1, 1.4) t=13ms (x5)
[1782989324.882][    +27.8s][PLAN_TRAJ_RTH] RTH d2goal=2.5m | auto-home(xy) dist=2.72m tol=0.20m goal=(0.02, -0.04, 1.10) (x32)
[1782989324.944][    +27.8s][PLAN_TRAJ_RTH] RTH d2goal=2.5m | auto-home(xy) dist=2.71m tol=0.20m goal=(0.02, -0.04, 1.10)
[1782989324.988][    +27.9s][PLAN_TRAJ_RTH] RTH d2goal=2.5m | auto-home(xy) dist=2.72m tol=0.20m goal=(0.02, -0.04, 1.10)
[1782989325.120][    +28.0s][PLAN_TRAJ_RTH] RTH d2goal=2.5m | auto-home(xy) dist=2.71m tol=0.20m goal=(0.02, -0.04, 1.10) (x2)
[1782989325.219][    +28.1s][PLAN_TRAJ_RTH] RTH d2goal=2.5m | auto-home(xy) dist=2.72m tol=0.20m goal=(0.02, -0.04, 1.10) (x1)
[1782989325.262][    +28.1s][PLAN_TRAJ_RTH] RTH d2goal=2.5m | auto-home(xy) dist=2.71m tol=0.20m goal=(0.02, -0.04, 1.10)
[1782989325.460][    +28.3s][PLAN_TRAJ_RTH] RTH d2goal=2.5m | auto-home(xy) dist=2.72m tol=0.20m goal=(0.02, -0.04, 1.10) (x3)
[1782989326.129][    +29.0s][PLAN_TRAJ_RTH] GLOBAL result=RTH_PATH_OK | why: path to goal: 3 nodes / 3.5m (connected via 4) | clusters=0(reach 0) vp=0(reach 0) pipe[tot=0 dorm=0 unreach=0 cons=0 nocand=0 topo=0 novis=0 ok=0] tour=3n/3.5m goal=(0.1, 0.1, 1.4) t=15ms (x5)
[1782989326.373][    +29.3s][PLAN_TRAJ_RTH] RTH d2goal=2.5m | auto-home(xy) dist=2.71m tol=0.20m goal=(0.02, -0.04, 1.10) (x18)
[1782989326.461][    +29.3s][PLAN_TRAJ_RTH] RTH d2goal=2.5m | auto-home(xy) dist=2.72m tol=0.20m goal=(0.02, -0.04, 1.10) (x1)
[1782989326.503][    +29.4s][PLAN_TRAJ_RTH] BATT 23.5V | v=23.64V pct=48%
[1782989326.549][    +29.4s][PLAN_TRAJ_RTH] RTH d2goal=2.5m | auto-home(xy) dist=2.71m tol=0.20m goal=(0.02, -0.04, 1.10) (x1)
[1782989326.760][    +29.6s][PLAN_TRAJ_RTH] RTH d2goal=2.5m | auto-home(xy) dist=2.72m tol=0.20m goal=(0.02, -0.04, 1.10) (x3)
[1782989326.870][    +29.8s][PLAN_TRAJ_RTH] RTH d2goal=2.5m | auto-home(xy) dist=2.71m tol=0.20m goal=(0.02, -0.04, 1.10) (x1)
[1782989326.959][    +29.8s][PLAN_TRAJ_RTH] RTH d2goal=2.5m | auto-home(xy) dist=2.72m tol=0.20m goal=(0.02, -0.04, 1.10) (x1)
[1782989326.993][    +29.9s][PLAN_TRAJ_RTH] LOCAL RTH FAIL | why: escape: gcopter setup failed | t=34.1ms (x49)
[1782989327.047][    +29.9s][PLAN_TRAJ_RTH] RTH d2goal=2.5m | auto-home(xy) dist=2.71m tol=0.20m goal=(0.02, -0.04, 1.10) (x1)
[1782989327.355][    +30.2s][PLAN_TRAJ_RTH] GLOBAL result=RTH_PATH_OK | why: path to goal: 3 nodes / 3.5m (connected via 4) | clusters=0(reach 0) vp=0(reach 0) pipe[tot=0 dorm=0 unreach=0 cons=0 nocand=0 topo=0 novis=0 ok=0] tour=3n/3.5m goal=(0.1, 0.1, 1.4) t=16ms (x4)
[1782989327.763][    +30.6s][PLAN_TRAJ_RTH] RTH d2goal=2.5m | auto-home(xy) dist=2.72m tol=0.20m goal=(0.02, -0.04, 1.10) (x14)
[1782989327.822][    +30.7s][PLAN_TRAJ_RTH] RTH d2goal=2.5m | auto-home(xy) dist=2.71m tol=0.20m goal=(0.02, -0.04, 1.10)
[1782989327.999][    +30.9s][PLAN_TRAJ_RTH] RTH d2goal=2.5m | auto-home(xy) dist=2.72m tol=0.20m goal=(0.02, -0.04, 1.10) (x3)
[1782989328.059][    +30.9s][PLAN_TRAJ_RTH] RTH d2goal=2.5m | auto-home(xy) dist=2.71m tol=0.20m goal=(0.02, -0.04, 1.10)
[1782989328.103][    +31.0s][PLAN_TRAJ_RTH] RTH d2goal=2.5m | auto-home(xy) dist=2.72m tol=0.20m goal=(0.02, -0.04, 1.10)
[1782989328.343][    +31.2s][PLAN_TRAJ_RTH] RTH d2goal=2.5m | auto-home(xy) dist=2.71m tol=0.20m goal=(0.02, -0.04, 1.10) (x4)
[1782989328.387][    +31.3s][PLAN_TRAJ_RTH] RTH d2goal=2.5m | auto-home(xy) dist=2.72m tol=0.20m goal=(0.02, -0.04, 1.10)
[1782989328.432][    +31.3s][PLAN_TRAJ_RTH] RTH d2goal=2.5m | auto-home(xy) dist=2.71m tol=0.20m goal=(0.02, -0.04, 1.10)
[1782989328.475][    +31.4s][PLAN_TRAJ_RTH] RTH d2goal=2.5m | auto-home(xy) dist=2.72m tol=0.20m goal=(0.02, -0.04, 1.10)
[1782989328.554][    +31.4s][PLAN_TRAJ_RTH] GLOBAL result=RTH_PATH_OK | why: path to goal: 3 nodes / 3.5m (connected via 2) | clusters=0(reach 0) vp=0(reach 0) pipe[tot=0 dorm=0 unreach=0 cons=0 nocand=0 topo=0 novis=0 ok=0] tour=3n/3.5m goal=(0.1, 0.1, 1.4) t=14ms (prev x4/1.0s)
[1782989328.555][    +31.4s][PLAN_TRAJ_RTH] BATT 23.5V | v=23.66V pct=49%
[1782989328.933][    +31.8s][PLAN_TRAJ_RTH] RTH d2goal=2.5m | auto-home(xy) dist=2.71m tol=0.20m goal=(0.02, -0.04, 1.10) (x8)
[1782989329.010][    +31.9s][PLAN_TRAJ_RTH] LOCAL RTH FAIL | why: escape: gcopter setup failed | t=33.7ms (x41)
[1782989329.470][    +32.4s][PLAN_TRAJ_RTH] PX4 mode=POSCTL armed=0 (LEFT OFFBOARD: pilot takeover or failsafe) | prev=OFFBOARD
[1782989329.475][    +32.4s][PLAN_TRAJ_RTH] STUCK no motion >8s in PLAN_TRAJ_RTH | last-local: escape: gcopter setup failed | pos=(2.59, -0.94, -0.23) still=13s (x103)
[1782989329.475][    +32.4s][PLAN_TRAJ_RTH] RTH d2goal=2.5m | auto-home(xy) dist=2.72m tol=0.20m goal=(0.02, -0.04, 1.10) (x10)
[1782989329.757][    +32.6s][PLAN_TRAJ_RTH] GLOBAL result=RTH_PATH_OK | why: path to goal: 3 nodes / 3.5m (connected via 2) | clusters=0(reach 0) vp=0(reach 0) pipe[tot=0 dorm=0 unreach=0 cons=0 nocand=0 topo=0 novis=0 ok=0] tour=3n/3.5m goal=(0.1, 0.1, 1.4) t=12ms (x4)
[1782989329.988][    +32.9s][PLAN_TRAJ_RTH] GLOBAL result=RTH_PATH_OK | why: path to goal: 3 nodes / 3.5m (connected via 3) | clusters=0(reach 0) vp=0(reach 0) pipe[tot=0 dorm=0 unreach=0 cons=0 nocand=0 topo=0 novis=0 ok=0] tour=3n/3.5m goal=(0.1, 0.1, 1.4) t=11ms
[1782989330.508][    +33.4s][PLAN_TRAJ_RTH] BATT 23.5V | v=23.68V pct=50%
[1782989330.899][    +33.8s][PLAN_TRAJ_RTH] RTH d2goal=2.5m | auto-home(xy) dist=2.71m tol=0.20m goal=(0.02, -0.04, 1.10) (x29)
[1782989330.949][    +33.8s][PLAN_TRAJ_RTH] RTH d2goal=2.5m | auto-home(xy) dist=2.72m tol=0.20m goal=(0.02, -0.04, 1.10)
[1782989331.026][    +33.9s][PLAN_TRAJ_RTH] LOCAL RTH FAIL | why: escape: gcopter setup failed | t=33.4ms (x41)
[1782989331.080][    +34.0s][PLAN_TRAJ_RTH] RTH d2goal=2.5m | auto-home(xy) dist=2.71m tol=0.20m goal=(0.02, -0.04, 1.10) (x2)
[1782989331.170][    +34.1s][PLAN_TRAJ_RTH] GLOBAL result=RTH_PATH_OK | why: path to goal: 3 nodes / 3.5m (connected via 2) | clusters=0(reach 0) vp=0(reach 0) pipe[tot=0 dorm=0 unreach=0 cons=0 nocand=0 topo=0 novis=0 ok=0] tour=3n/3.5m goal=(0.1, 0.1, 1.4) t=9ms (x3)
[1782989331.174][    +34.1s][PLAN_TRAJ_RTH] RTH d2goal=2.5m | auto-home(xy) dist=2.72m tol=0.20m goal=(0.02, -0.04, 1.10) (x1)
[1782989331.263][    +34.1s][PLAN_TRAJ_RTH] RTH d2goal=2.5m | auto-home(xy) dist=2.71m tol=0.20m goal=(0.02, -0.04, 1.10) (x1)
[1782989331.309][    +34.2s][PLAN_TRAJ_RTH] RTH d2goal=2.5m | auto-home(xy) dist=2.72m tol=0.20m goal=(0.02, -0.04, 1.10)
[1782989331.403][    +34.3s][PLAN_TRAJ_RTH] RTH d2goal=2.5m | auto-home(xy) dist=2.71m tol=0.20m goal=(0.02, -0.04, 1.10) (x1)
[1782989331.446][    +34.3s][PLAN_TRAJ_RTH] RTH d2goal=2.5m | auto-home(xy) dist=2.72m tol=0.20m goal=(0.02, -0.04, 1.10)
[1782989331.492][    +34.4s][PLAN_TRAJ_RTH] RTH d2goal=2.5m | auto-home(xy) dist=2.71m tol=0.20m goal=(0.02, -0.04, 1.10)
[1782989331.536][    +34.4s][PLAN_TRAJ_RTH] RTH d2goal=2.5m | auto-home(xy) dist=2.72m tol=0.20m goal=(0.02, -0.04, 1.10)
[1782989331.580][    +34.5s][PLAN_TRAJ_RTH] RTH d2goal=2.5m | auto-home(xy) dist=2.71m tol=0.20m goal=(0.02, -0.04, 1.10)
[1782989331.638][    +34.5s][PLAN_TRAJ_RTH] GLOBAL result=RTH_PATH_OK | why: path to goal: 3 nodes / 3.5m (connected via 1) | clusters=0(reach 0) vp=0(reach 0) pipe[tot=0 dorm=0 unreach=0 cons=0 nocand=0 topo=0 novis=0 ok=0] tour=3n/3.5m goal=(0.1, 0.1, 1.4) t=7ms (prev cycle x1/1.6s)
[1782989331.640][    +34.5s][PLAN_TRAJ_RTH] RTH d2goal=2.5m | auto-home(xy) dist=2.72m tol=0.20m goal=(0.02, -0.04, 1.10)
[1782989331.905][    +34.8s][PLAN_TRAJ_RTH] RTH d2goal=2.5m | auto-home(xy) dist=2.71m tol=0.20m goal=(0.02, -0.04, 1.10) (x5)
[1782989332.168][    +35.1s][PLAN_TRAJ_RTH] LOCAL RTH OK | t=33.4ms (prev x24/1.1s)
[1782989332.168][    +35.1s][EXEC_TRAJ] STATE PLAN_TRAJ_RTH -> EXEC_TRAJ [PLAN_TRAJ_RTH: plan success] |  (prev cycle x133/15.7s)
[1782989332.170][    +35.1s][PLAN_TRAJ_RTH] STATE EXEC_TRAJ -> PLAN_TRAJ_RTH [safetyCallback: not safe, time:0.019888]
[1782989332.178][    +35.1s][PLAN_TRAJ_RTH] STUCK no motion >8s in PLAN_TRAJ_RTH | last-local: OK | pos=(2.58, -0.93, -0.24) still=16s (prev x57/2.7s)
[1782989332.212][    +35.1s][PLAN_TRAJ_RTH] LOCAL RTH FAIL | why: post-check: new traj collides within 1s | t=33.4ms
[1782989332.212][    +35.1s][PLAN_TRAJ_RTH] STATE PLAN_TRAJ_RTH -> PLAN_TRAJ_RTH [PLAN_TRAJ_RTH: plan failed]
[1782989332.214][    +35.1s][PLAN_TRAJ_RTH] STATE PLAN_TRAJ_RTH -> PLAN_TRAJ_RTH [safetyCallback: not safe, time:0.063721]
[1782989332.222][    +35.1s][PLAN_TRAJ_RTH] STUCK no motion >8s in PLAN_TRAJ_RTH | last-local: post-check: new traj collides within 1s | pos=(2.58, -0.93, -0.24) still=16s
[1782989332.261][    +35.1s][PLAN_TRAJ_RTH] STATE PLAN_TRAJ_RTH -> PLAN_TRAJ_RTH [safetyCallback: not safe, time:0.110868] |  (prev cycle x1/0.0s)
[1782989332.324][    +35.2s][PLAN_TRAJ_RTH] STATE PLAN_TRAJ_RTH -> PLAN_TRAJ_RTH [planGoalPath: succeed] |  (prev cycle x1/0.1s)
[1782989332.359][    +35.2s][PLAN_TRAJ_RTH] STATE PLAN_TRAJ_RTH -> PLAN_TRAJ_RTH [safetyCallback: not safe, time:0.208854] |  (prev cycle x1/0.0s)
[1782989332.491][    +35.4s][PLAN_TRAJ_RTH] LOCAL RTH FAIL | why: escape: gcopter setup failed | t=33.4ms (prev x5/0.2s)
[1782989332.501][    +35.4s][PLAN_TRAJ_RTH] BATT 23.5V | v=23.69V pct=50%
[1782989332.501][    +35.4s][PLAN_TRAJ_RTH] STUCK no motion >8s in PLAN_TRAJ_RTH | last-local: escape: gcopter setup failed | pos=(2.58, -0.93, -0.23) still=16s (prev x5/0.2s)
[1782989332.547][    +35.4s][PLAN_TRAJ_RTH] STATE PLAN_TRAJ_RTH -> PLAN_TRAJ_RTH [planGoalPath: succeed] |  (prev cycle x1/0.2s)
[1782989333.012][    +35.9s][PLAN_TRAJ_RTH] GLOBAL result=RTH_PATH_OK | why: path to goal: 3 nodes / 3.5m (connected via 1) | clusters=0(reach 0) vp=0(reach 0) pipe[tot=0 dorm=0 unreach=0 cons=0 nocand=0 topo=0 novis=0 ok=0] tour=3n/3.5m goal=(0.1, 0.1, 1.4) t=8ms (x5)
[1782989333.661][    +36.5s][PLAN_TRAJ_RTH] RTH d2goal=2.5m | auto-home(xy) dist=2.70m tol=0.20m goal=(0.02, -0.04, 1.10) (x37)
[1782989333.793][    +36.7s][PLAN_TRAJ_RTH] RTH d2goal=2.5m | auto-home(xy) dist=2.69m tol=0.20m goal=(0.02, -0.04, 1.10) (x2)
[1782989333.827][    +36.7s][PLAN_TRAJ_RTH] LOCAL RTH OK | t=33.4ms (prev cycle x4/1.3s)
[1782989333.827][    +36.7s][EXEC_TRAJ] STATE PLAN_TRAJ_RTH -> EXEC_TRAJ [PLAN_TRAJ_RTH: plan success] |  (prev cycle x11/1.3s)
[1782989333.828][    +36.7s][PLAN_TRAJ_RTH] STATE EXEC_TRAJ -> PLAN_TRAJ_RTH [safetyCallback: not safe, time:0.020209]
[1782989333.837][    +36.7s][PLAN_TRAJ_RTH] STUCK no motion >8s in PLAN_TRAJ_RTH | last-local: OK | pos=(2.57, -0.90, -0.23) still=17s (prev cycle x4/1.3s)
[1782989333.870][    +36.8s][PLAN_TRAJ_RTH] LOCAL RTH FAIL | why: post-check: new traj collides within 1s | t=33.4ms
[1782989333.870][    +36.8s][PLAN_TRAJ_RTH] STATE PLAN_TRAJ_RTH -> PLAN_TRAJ_RTH [PLAN_TRAJ_RTH: plan failed]
[1782989333.871][    +36.8s][PLAN_TRAJ_RTH] STATE PLAN_TRAJ_RTH -> PLAN_TRAJ_RTH [safetyCallback: not safe, time:0.063638]
[1782989333.880][    +36.8s][PLAN_TRAJ_RTH] STUCK no motion >8s in PLAN_TRAJ_RTH | last-local: post-check: new traj collides within 1s | pos=(2.56, -0.89, -0.23) still=17s
[1782989333.881][    +36.8s][PLAN_TRAJ_RTH] RTH d2goal=2.5m | auto-home(xy) dist=2.67m tol=0.20m goal=(0.02, -0.04, 1.10) (x1)
[1782989333.924][    +36.8s][PLAN_TRAJ_RTH] STATE PLAN_TRAJ_RTH -> PLAN_TRAJ_RTH [planGoalPath: succeed] |  (prev cycle x1/0.1s)
[1782989333.926][    +36.8s][PLAN_TRAJ_RTH] STATE PLAN_TRAJ_RTH -> PLAN_TRAJ_RTH [safetyCallback: not safe, time:0.118078]
[1782989333.960][    +36.8s][PLAN_TRAJ_RTH] STATE PLAN_TRAJ_RTH -> PLAN_TRAJ_RTH [PLAN_TRAJ_RTH: plan failed]
[1782989333.961][    +36.8s][PLAN_TRAJ_RTH] STATE PLAN_TRAJ_RTH -> PLAN_TRAJ_RTH [safetyCallback: not safe, time:0.153414]
[1782989333.970][    +36.9s][PLAN_TRAJ_RTH] RTH d2goal=2.5m | auto-home(xy) dist=2.65m tol=0.20m goal=(0.02, -0.04, 1.10) (x1)
[1782989334.009][    +36.9s][PLAN_TRAJ_RTH] STATE PLAN_TRAJ_RTH -> PLAN_TRAJ_RTH [safetyCallback: not safe, time:0.201559] |  (prev cycle x1/0.0s)
[1782989334.013][    +36.9s][PLAN_TRAJ_RTH] RTH d2goal=2.5m | auto-home(xy) dist=2.63m tol=0.20m goal=(0.02, -0.04, 1.10)
[1782989334.058][    +36.9s][PLAN_TRAJ_RTH] RTH d2goal=2.5m | auto-home(xy) dist=2.62m tol=0.20m goal=(0.02, -0.04, 1.10)
[1782989334.149][    +37.0s][PLAN_TRAJ_RTH] GLOBAL result=RTH_PATH_OK | why: path to goal: 3 nodes / 3.4m (connected via 1) | clusters=0(reach 0) vp=0(reach 0) pipe[tot=0 dorm=0 unreach=0 cons=0 nocand=0 topo=0 novis=0 ok=0] tour=3n/3.4m goal=(0.1, 0.1, 1.4) t=7ms (prev x4/0.9s)
[1782989334.149][    +37.0s][PLAN_TRAJ_RTH] STATE PLAN_TRAJ_RTH -> PLAN_TRAJ_RTH [planGoalPath: succeed] |  (prev cycle x1/0.1s)
[1782989334.149][    +37.0s][PLAN_TRAJ_RTH] RTH d2goal=2.5m | auto-home(xy) dist=2.60m tol=0.20m goal=(0.02, -0.04, 1.10) (x1)
[1782989334.192][    +37.1s][PLAN_TRAJ_RTH] RTH d2goal=2.5m | auto-home(xy) dist=2.59m tol=0.20m goal=(0.02, -0.04, 1.10)
[1782989334.236][    +37.1s][PLAN_TRAJ_RTH] RTH d2goal=2.5m | auto-home(xy) dist=2.58m tol=0.20m goal=(0.02, -0.04, 1.10)
[1782989334.500][    +37.4s][PLAN_TRAJ_RTH] BATT 23.5V | v=23.71V pct=51%
[1782989334.714][    +37.6s][PLAN_TRAJ_RTH] LOCAL RTH FAIL | why: escape: gcopter setup failed | t=33.4ms (prev x18/0.8s)
[1782989334.724][    +37.6s][PLAN_TRAJ_RTH] STUCK no motion >8s in PLAN_TRAJ_RTH | last-local: escape: gcopter setup failed | pos=(2.50, -0.79, -0.23) still=18s (prev x18/0.8s)
[1782989334.724][    +37.6s][PLAN_TRAJ_RTH] RTH d2goal=2.5m | auto-home(xy) dist=2.59m tol=0.20m goal=(0.02, -0.04, 1.10) (x10)
[1782989334.768][    +37.7s][PLAN_TRAJ_RTH] RTH d2goal=2.5m | auto-home(xy) dist=2.58m tol=0.20m goal=(0.02, -0.04, 1.10)
[1782989335.291][    +38.2s][PLAN_TRAJ_RTH] GLOBAL result=RTH_PATH_OK | why: path to goal: 3 nodes / 3.4m (connected via 1) | clusters=0(reach 0) vp=0(reach 0) pipe[tot=0 dorm=0 unreach=0 cons=0 nocand=0 topo=0 novis=0 ok=0] tour=3n/3.4m goal=(0.1, 0.1, 1.4) t=8ms (x4)
[1782989335.379][    +38.3s][PLAN_TRAJ_RTH] RTH d2goal=2.5m | auto-home(xy) dist=2.59m tol=0.20m goal=(0.02, -0.04, 1.10) (x12)
[1782989336.434][    +39.3s][PLAN_TRAJ_RTH] GLOBAL result=RTH_PATH_OK | why: path to goal: 3 nodes / 3.4m (connected via 1) | clusters=0(reach 0) vp=0(reach 0) pipe[tot=0 dorm=0 unreach=0 cons=0 nocand=0 topo=0 novis=0 ok=0] tour=3n/3.4m goal=(0.1, 0.1, 1.4) t=11ms (x4)
[1782989336.511][    +39.4s][PLAN_TRAJ_RTH] BATT 23.5V | v=23.72V pct=51%
[1782989336.780][    +39.7s][PLAN_TRAJ_RTH] LOCAL RTH FAIL | why: escape: gcopter setup failed | t=33.5ms (x44)
[1782989337.014][    +39.9s][PLAN_TRAJ_RTH] RTH d2goal=2.5m | auto-home(xy) dist=2.58m tol=0.20m goal=(0.02, -0.04, 1.10) (x35)
[1782989337.059][    +39.9s][PLAN_TRAJ_RTH] RTH d2goal=2.5m | auto-home(xy) dist=2.59m tol=0.20m goal=(0.02, -0.04, 1.10)
[1782989337.329][    +40.2s][PLAN_TRAJ_RTH] RTH d2goal=2.5m | auto-home(xy) dist=2.58m tol=0.20m goal=(0.02, -0.04, 1.10) (x5)
[1782989337.554][    +40.4s][PLAN_TRAJ_RTH] GLOBAL result=RTH_PATH_OK | why: path to goal: 3 nodes / 3.4m (connected via 1) | clusters=0(reach 0) vp=0(reach 0) pipe[tot=0 dorm=0 unreach=0 cons=0 nocand=0 topo=0 novis=0 ok=0] tour=3n/3.4m goal=(0.1, 0.1, 1.4) t=8ms (x4)
[1782989337.598][    +40.5s][PLAN_TRAJ_RTH] RTH d2goal=2.5m | auto-home(xy) dist=2.59m tol=0.20m goal=(0.02, -0.04, 1.10) (x5)
[1782989337.642][    +40.5s][PLAN_TRAJ_RTH] RTH d2goal=2.5m | auto-home(xy) dist=2.58m tol=0.20m goal=(0.02, -0.04, 1.10)
[1782989337.685][    +40.6s][PLAN_TRAJ_RTH] RTH d2goal=2.5m | auto-home(xy) dist=2.59m tol=0.20m goal=(0.02, -0.04, 1.10)
[1782989338.135][    +41.0s][PLAN_TRAJ_RTH] RTH d2goal=2.5m | auto-home(xy) dist=2.58m tol=0.20m goal=(0.02, -0.04, 1.10) (x9)
[1782989338.179][    +41.1s][PLAN_TRAJ_RTH] RTH d2goal=2.5m | auto-home(xy) dist=2.59m tol=0.20m goal=(0.02, -0.04, 1.10)
[1782989338.229][    +41.1s][PLAN_TRAJ_RTH] RTH d2goal=2.5m | auto-home(xy) dist=2.58m tol=0.20m goal=(0.02, -0.04, 1.10)
[1782989338.272][    +41.2s][PLAN_TRAJ_RTH] RTH d2goal=2.5m | auto-home(xy) dist=2.59m tol=0.20m goal=(0.02, -0.04, 1.10)
[1782989338.528][    +41.4s][PLAN_TRAJ_RTH] BATT 23.5V | v=23.73V pct=52%
[1782989338.615][    +41.5s][PLAN_TRAJ_RTH] LOCAL RTH OK | t=33.4ms (prev x40/1.8s)
[1782989338.615][    +41.5s][EXEC_TRAJ] STATE PLAN_TRAJ_RTH -> EXEC_TRAJ [PLAN_TRAJ_RTH: plan success] |  (prev cycle x39/4.5s)
[1782989338.617][    +41.5s][PLAN_TRAJ_RTH] STATE EXEC_TRAJ -> PLAN_TRAJ_RTH [safetyCallback: not safe, time:0.019375]
[1782989338.625][    +41.5s][PLAN_TRAJ_RTH] STUCK no motion >8s in PLAN_TRAJ_RTH | last-local: OK | pos=(2.50, -0.78, -0.22) still=22s (prev x85/3.9s)
[1782989338.659][    +41.5s][PLAN_TRAJ_RTH] LOCAL RTH FAIL | why: post-check: new traj collides within 1s | t=33.4ms
[1782989338.659][    +41.5s][PLAN_TRAJ_RTH] STATE PLAN_TRAJ_RTH -> PLAN_TRAJ_RTH [PLAN_TRAJ_RTH: plan failed]
[1782989338.678][    +41.6s][PLAN_TRAJ_RTH] STATE PLAN_TRAJ_RTH -> PLAN_TRAJ_RTH [planGoalPath: succeed]
[1782989338.679][    +41.6s][PLAN_TRAJ_RTH] STATE PLAN_TRAJ_RTH -> PLAN_TRAJ_RTH [safetyCallback: not safe, time:0.081825]
[1782989338.680][    +41.6s][PLAN_TRAJ_RTH] STUCK no motion >8s in PLAN_TRAJ_RTH | last-local: post-check: new traj collides within 1s | pos=(2.50, -0.78, -0.22) still=22s
[1782989338.713][    +41.6s][PLAN_TRAJ_RTH] STATE PLAN_TRAJ_RTH -> PLAN_TRAJ_RTH [PLAN_TRAJ_RTH: plan failed]
[1782989338.714][    +41.6s][PLAN_TRAJ_RTH] STATE PLAN_TRAJ_RTH -> PLAN_TRAJ_RTH [safetyCallback: not safe, time:0.116696]
[1782989338.758][    +41.6s][PLAN_TRAJ_RTH] STATE PLAN_TRAJ_RTH -> PLAN_TRAJ_RTH [safetyCallback: not safe, time:0.160694] |  (prev cycle x1/0.0s)
[1782989338.807][    +41.7s][PLAN_TRAJ_RTH] STATE PLAN_TRAJ_RTH -> PLAN_TRAJ_RTH [safetyCallback: not safe, time:0.210012] |  (prev cycle x1/0.0s)
[1782989338.848][    +41.7s][PLAN_TRAJ_RTH] LOCAL RTH FAIL | why: escape: gcopter setup failed | t=34.7ms (prev x3/0.1s)
[1782989338.859][    +41.7s][PLAN_TRAJ_RTH] STUCK no motion >8s in PLAN_TRAJ_RTH | last-local: escape: gcopter setup failed | pos=(2.50, -0.79, -0.22) still=22s (prev x3/0.1s)
[1782989338.907][    +41.8s][PLAN_TRAJ_RTH] GLOBAL result=RTH_PATH_OK | why: path to goal: 3 nodes / 3.4m (connected via 1) | clusters=0(reach 0) vp=0(reach 0) pipe[tot=0 dorm=0 unreach=0 cons=0 nocand=0 topo=0 novis=0 ok=0] tour=3n/3.4m goal=(0.1, 0.1, 1.4) t=10ms (x5)
[1782989338.907][    +41.8s][PLAN_TRAJ_RTH] STATE PLAN_TRAJ_RTH -> PLAN_TRAJ_RTH [planGoalPath: succeed] |  (prev cycle x1/0.1s)
[1782989339.581][    +42.5s][PLAN_TRAJ_RTH] RTH d2goal=2.5m | auto-home(xy) dist=2.60m tol=0.20m goal=(0.02, -0.04, 1.10) (x28)
[1782989339.614][    +42.5s][PLAN_TRAJ_RTH] LOCAL RTH OK | t=33.4ms (prev cycle x1/0.8s)
[1782989339.614][    +42.5s][EXEC_TRAJ] STATE PLAN_TRAJ_RTH -> EXEC_TRAJ [PLAN_TRAJ_RTH: plan success] |  (prev cycle x6/0.7s)
[1782989339.615][    +42.5s][PLAN_TRAJ_RTH] STATE EXEC_TRAJ -> PLAN_TRAJ_RTH [safetyCallback: not safe, time:0.020807]
[1782989339.624][    +42.5s][PLAN_TRAJ_RTH] STUCK no motion >8s in PLAN_TRAJ_RTH | last-local: OK | pos=(2.50, -0.79, -0.22) still=23s (prev cycle x1/0.8s)
[1782989339.625][    +42.5s][PLAN_TRAJ_RTH] RTH d2goal=2.5m | auto-home(xy) dist=2.59m tol=0.20m goal=(0.02, -0.04, 1.10)
[1782989339.658][    +42.5s][PLAN_TRAJ_RTH] STATE PLAN_TRAJ_RTH -> PLAN_TRAJ_RTH [PLAN_TRAJ_RTH: plan failed]
[1782989339.659][    +42.5s][PLAN_TRAJ_RTH] STATE PLAN_TRAJ_RTH -> PLAN_TRAJ_RTH [safetyCallback: not safe, time:0.065154]
[1782989339.707][    +42.6s][PLAN_TRAJ_RTH] STATE PLAN_TRAJ_RTH -> PLAN_TRAJ_RTH [safetyCallback: not safe, time:0.112853] |  (prev cycle x1/0.0s)
[1782989339.790][    +42.7s][PLAN_TRAJ_RTH] STATE PLAN_TRAJ_RTH -> PLAN_TRAJ_RTH [safetyCallback: not safe, time:0.195258] |  (prev cycle x1/0.1s)
[1782989339.809][    +42.7s][PLAN_TRAJ_RTH] STATE PLAN_TRAJ_RTH -> PLAN_TRAJ_RTH [planGoalPath: succeed]
[1782989339.842][    +42.7s][PLAN_TRAJ_RTH] STATE PLAN_TRAJ_RTH -> PLAN_TRAJ_RTH [PLAN_TRAJ_RTH: plan failed]
[1782989339.853][    +42.7s][PLAN_TRAJ_RTH] RTH d2goal=2.5m | auto-home(xy) dist=2.60m tol=0.20m goal=(0.02, -0.04, 1.10) (x4)
[1782989340.035][    +42.9s][PLAN_TRAJ_RTH] GLOBAL result=RTH_PATH_OK | why: path to goal: 3 nodes / 3.4m (connected via 1) | clusters=0(reach 0) vp=0(reach 0) pipe[tot=0 dorm=0 unreach=0 cons=0 nocand=0 topo=0 novis=0 ok=0] tour=3n/3.4m goal=(0.1, 0.1, 1.4) t=7ms (x4)
[1782989340.302][    +43.2s][PLAN_TRAJ_RTH] RTH d2goal=2.5m | auto-home(xy) dist=2.59m tol=0.20m goal=(0.02, -0.04, 1.10) (x9)
[1782989340.512][    +43.4s][PLAN_TRAJ_RTH] BATT 23.5V | v=23.74V pct=52%
[1782989340.644][    +43.5s][EXEC_TRAJ] STATE PLAN_TRAJ_RTH -> EXEC_TRAJ [PLAN_TRAJ_RTH: plan success] |  (prev cycle x6/0.8s)
[1782989340.654][    +43.5s][EXEC_TRAJ] STUCK no motion >8s in EXEC_TRAJ | last-local: OK | pos=(2.50, -0.79, -0.22) still=24s (prev cycle x1/1.0s)
[1782989340.654][    +43.5s][PLAN_TRAJ_RTH] STATE EXEC_TRAJ -> PLAN_TRAJ_RTH [safetyCallback: not safe, time:0.029843]
[1782989340.657][    +43.5s][PLAN_TRAJ_RTH] STATE PLAN_TRAJ_RTH -> PLAN_TRAJ_RTH [safetyCallback: not safe, time:0.032471]
[1782989340.665][    +43.6s][PLAN_TRAJ_RTH] STUCK no motion >8s in PLAN_TRAJ_RTH | last-local: OK | pos=(2.50, -0.79, -0.22) still=24s
[1782989340.699][    +43.6s][PLAN_TRAJ_RTH] STATE PLAN_TRAJ_RTH -> PLAN_TRAJ_RTH [PLAN_TRAJ_RTH: plan failed]
[1782989340.711][    +43.6s][PLAN_TRAJ_RTH] STATE PLAN_TRAJ_RTH -> PLAN_TRAJ_RTH [planGoalPath: succeed]
[1782989340.711][    +43.6s][PLAN_TRAJ_RTH] STUCK no motion >8s in PLAN_TRAJ_RTH | last-local: post-check: new traj collides within 1s | pos=(2.50, -0.79, -0.22) still=24s
[1782989340.746][    +43.6s][PLAN_TRAJ_RTH] STATE PLAN_TRAJ_RTH -> PLAN_TRAJ_RTH [safetyCallback: not safe, time:0.121120] |  (prev cycle x1/0.0s)
[1782989340.789][    +43.7s][PLAN_TRAJ_RTH] STATE PLAN_TRAJ_RTH -> PLAN_TRAJ_RTH [safetyCallback: not safe, time:0.164680] |  (prev cycle x1/0.0s)
[1782989340.834][    +43.7s][PLAN_TRAJ_RTH] STATE PLAN_TRAJ_RTH -> PLAN_TRAJ_RTH [safetyCallback: not safe, time:0.209051] |  (prev cycle x1/0.0s)
[1782989340.934][    +43.8s][PLAN_TRAJ_RTH] STATE PLAN_TRAJ_RTH -> PLAN_TRAJ_RTH [planGoalPath: succeed] |  (prev cycle x1/0.1s)
[1782989341.065][    +44.0s][PLAN_TRAJ_RTH] RTH d2goal=2.5m | auto-home(xy) dist=2.60m tol=0.20m goal=(0.02, -0.04, 1.10) (x16)
[1782989341.245][    +44.1s][PLAN_TRAJ_RTH] RTH d2goal=2.5m | auto-home(xy) dist=2.59m tol=0.20m goal=(0.02, -0.04, 1.10) (x3)
[1782989341.334][    +44.2s][PLAN_TRAJ_RTH] RTH d2goal=2.5m | auto-home(xy) dist=2.60m tol=0.20m goal=(0.02, -0.04, 1.10) (x1)
[1782989341.383][    +44.3s][PLAN_TRAJ_RTH] GLOBAL result=RTH_PATH_OK | why: path to goal: 3 nodes / 3.4m (connected via 1) | clusters=0(reach 0) vp=0(reach 0) pipe[tot=0 dorm=0 unreach=0 cons=0 nocand=0 topo=0 novis=0 ok=0] tour=3n/3.4m goal=(0.1, 0.1, 1.4) t=9ms (x5)
[1782989341.383][    +44.3s][PLAN_TRAJ_RTH] RTH d2goal=2.5m | auto-home(xy) dist=2.59m tol=0.20m goal=(0.02, -0.04, 1.10)
[1782989341.426][    +44.3s][PLAN_TRAJ_RTH] RTH d2goal=2.5m | auto-home(xy) dist=2.60m tol=0.20m goal=(0.02, -0.04, 1.10)
[1782989341.558][    +44.4s][PLAN_TRAJ_RTH] RTH d2goal=2.5m | auto-home(xy) dist=2.59m tol=0.20m goal=(0.02, -0.04, 1.10) (x2)
[1782989341.655][    +44.5s][EXEC_TRAJ] STATE PLAN_TRAJ_RTH -> EXEC_TRAJ [PLAN_TRAJ_RTH: plan success] |  (prev cycle x6/0.7s)
[1782989341.656][    +44.5s][PLAN_TRAJ_RTH] STATE EXEC_TRAJ -> PLAN_TRAJ_RTH [safetyCallback: not safe, time:0.020856]
[1782989341.658][    +44.5s][PLAN_TRAJ_RTH] STATE PLAN_TRAJ_RTH -> PLAN_TRAJ_RTH [safetyCallback: not safe, time:0.022840]
[1782989341.698][    +44.6s][PLAN_TRAJ_RTH] STATE PLAN_TRAJ_RTH -> PLAN_TRAJ_RTH [PLAN_TRAJ_RTH: plan failed]
[1782989341.708][    +44.6s][PLAN_TRAJ_RTH] STATE PLAN_TRAJ_RTH -> PLAN_TRAJ_RTH [safetyCallback: not safe, time:0.072929]
[1782989341.787][    +44.7s][PLAN_TRAJ_RTH] STATE PLAN_TRAJ_RTH -> PLAN_TRAJ_RTH [safetyCallback: not safe, time:0.151869] |  (prev cycle x1/0.1s)
[1782989341.833][    +44.7s][PLAN_TRAJ_RTH] STATE PLAN_TRAJ_RTH -> PLAN_TRAJ_RTH [safetyCallback: not safe, time:0.197875] |  (prev cycle x1/0.0s)
[1782989341.859][    +44.7s][PLAN_TRAJ_RTH] STATE PLAN_TRAJ_RTH -> PLAN_TRAJ_RTH [planGoalPath: succeed]
[1782989341.893][    +44.8s][PLAN_TRAJ_RTH] STATE PLAN_TRAJ_RTH -> PLAN_TRAJ_RTH [PLAN_TRAJ_RTH: plan failed]
[1782989341.981][    +44.9s][PLAN_TRAJ_RTH] LOCAL RTH FAIL | why: post-check: new traj collides within 1s | t=33.7ms (x46)
[1782989342.528][    +45.4s][PLAN_TRAJ_RTH] BATT 23.5V | v=23.75V pct=52%
[1782989342.543][    +45.4s][PLAN_TRAJ_RTH] GLOBAL result=RTH_PATH_OK | why: path to goal: 3 nodes / 3.4m (connected via 1) | clusters=0(reach 0) vp=0(reach 0) pipe[tot=0 dorm=0 unreach=0 cons=0 nocand=0 topo=0 novis=0 ok=0] tour=3n/3.4m goal=(0.1, 0.1, 1.4) t=7ms (x4)
[1782989342.664][    +45.5s][EXEC_TRAJ] STATE PLAN_TRAJ_RTH -> EXEC_TRAJ [PLAN_TRAJ_RTH: plan success] |  (prev cycle x6/0.8s)
[1782989342.665][    +45.6s][PLAN_TRAJ_RTH] STATE EXEC_TRAJ -> PLAN_TRAJ_RTH [safetyCallback: not safe, time:0.020794]
[1782989342.707][    +45.6s][PLAN_TRAJ_RTH] STATE PLAN_TRAJ_RTH -> PLAN_TRAJ_RTH [PLAN_TRAJ_RTH: plan failed]
[1782989342.708][    +45.6s][PLAN_TRAJ_RTH] STATE PLAN_TRAJ_RTH -> PLAN_TRAJ_RTH [safetyCallback: not safe, time:0.064652]
[1782989342.763][    +45.6s][PLAN_TRAJ_RTH] STATE PLAN_TRAJ_RTH -> PLAN_TRAJ_RTH [planGoalPath: succeed] |  (prev cycle x1/0.1s)
[1782989342.764][    +45.6s][PLAN_TRAJ_RTH] STATE PLAN_TRAJ_RTH -> PLAN_TRAJ_RTH [safetyCallback: not safe, time:0.120029]
[1782989342.798][    +45.7s][PLAN_TRAJ_RTH] STATE PLAN_TRAJ_RTH -> PLAN_TRAJ_RTH [PLAN_TRAJ_RTH: plan failed]
[1782989342.808][    +45.7s][PLAN_TRAJ_RTH] STATE PLAN_TRAJ_RTH -> PLAN_TRAJ_RTH [safetyCallback: not safe, time:0.164108]
[1782989342.986][    +45.9s][PLAN_TRAJ_RTH] STATE PLAN_TRAJ_RTH -> PLAN_TRAJ_RTH [planGoalPath: succeed] |  (prev cycle x1/0.2s)
[1782989343.384][    +46.3s][PLAN_TRAJ_RTH] RTH d2goal=2.5m | auto-home(xy) dist=2.58m tol=0.20m goal=(0.02, -0.04, 1.10) (x39)
[1782989343.692][    +46.6s][EXEC_TRAJ] STATE PLAN_TRAJ_RTH -> EXEC_TRAJ [PLAN_TRAJ_RTH: plan success] |  (prev cycle x6/0.7s)
[1782989343.692][    +46.6s][PLAN_TRAJ_RTH] STATE EXEC_TRAJ -> PLAN_TRAJ_RTH [safetyCallback: not safe, time:0.020379]
[1782989343.735][    +46.6s][PLAN_TRAJ_RTH] STATE PLAN_TRAJ_RTH -> PLAN_TRAJ_RTH [PLAN_TRAJ_RTH: plan failed]
[1782989343.736][    +46.6s][PLAN_TRAJ_RTH] STATE PLAN_TRAJ_RTH -> PLAN_TRAJ_RTH [safetyCallback: not safe, time:0.063925]
[1782989343.779][    +46.7s][PLAN_TRAJ_RTH] STATE PLAN_TRAJ_RTH -> PLAN_TRAJ_RTH [safetyCallback: not safe, time:0.107428] |  (prev cycle x1/0.0s)
[1782989343.825][    +46.7s][PLAN_TRAJ_RTH] STATE PLAN_TRAJ_RTH -> PLAN_TRAJ_RTH [safetyCallback: not safe, time:0.153329] |  (prev cycle x1/0.0s)
[1782989343.835][    +46.7s][PLAN_TRAJ_RTH] RTH d2goal=2.5m | auto-home(xy) dist=2.59m tol=0.20m goal=(0.02, -0.04, 1.10) (x9)
[1782989343.869][    +46.8s][PLAN_TRAJ_RTH] STATE PLAN_TRAJ_RTH -> PLAN_TRAJ_RTH [safetyCallback: not safe, time:0.197170] |  (prev cycle x1/0.0s)
[1782989343.881][    +46.8s][PLAN_TRAJ_RTH] GLOBAL result=RTH_PATH_OK | why: path to goal: 3 nodes / 3.4m (connected via 1) | clusters=0(reach 0) vp=0(reach 0) pipe[tot=0 dorm=0 unreach=0 cons=0 nocand=0 topo=0 novis=0 ok=0] tour=3n/3.4m goal=(0.1, 0.1, 1.4) t=8ms (x5)
[1782989343.881][    +46.8s][PLAN_TRAJ_RTH] STATE PLAN_TRAJ_RTH -> PLAN_TRAJ_RTH [planGoalPath: succeed]
[1782989343.915][    +46.8s][PLAN_TRAJ_RTH] STATE PLAN_TRAJ_RTH -> PLAN_TRAJ_RTH [PLAN_TRAJ_RTH: plan failed]
[1782989344.225][    +47.1s][PLAN_TRAJ_RTH] LOCAL RTH FAIL | why: post-check: new traj collides within 1s | t=33.6ms (x45)
[1782989344.278][    +47.2s][PLAN_TRAJ_RTH] RTH d2goal=2.5m | auto-home(xy) dist=2.58m tol=0.20m goal=(0.02, -0.04, 1.10) (x9)
[1782989344.495][    +47.4s][PLAN_TRAJ_RTH] BATT 23.5V | v=23.76V pct=53%
[1782989344.498][    +47.4s][PLAN_TRAJ_RTH] RTH d2goal=2.5m | auto-home(xy) dist=2.59m tol=0.20m goal=(0.02, -0.04, 1.10) (x4)
[1782989344.711][    +47.6s][EXEC_TRAJ] STATE PLAN_TRAJ_RTH -> EXEC_TRAJ [PLAN_TRAJ_RTH: plan success] |  (prev cycle x6/0.8s)
[1782989344.712][    +47.6s][PLAN_TRAJ_RTH] STATE EXEC_TRAJ -> PLAN_TRAJ_RTH [safetyCallback: not safe, time:0.021042]
[1782989344.756][    +47.6s][PLAN_TRAJ_RTH] STATE PLAN_TRAJ_RTH -> PLAN_TRAJ_RTH [PLAN_TRAJ_RTH: plan failed]
[1782989344.787][    +47.7s][PLAN_TRAJ_RTH] STATE PLAN_TRAJ_RTH -> PLAN_TRAJ_RTH [planGoalPath: succeed]
[1782989344.787][    +47.7s][PLAN_TRAJ_RTH] STATE PLAN_TRAJ_RTH -> PLAN_TRAJ_RTH [safetyCallback: not safe, time:0.096389]
[1782989344.821][    +47.7s][PLAN_TRAJ_RTH] STATE PLAN_TRAJ_RTH -> PLAN_TRAJ_RTH [PLAN_TRAJ_RTH: plan failed]
[1782989344.822][    +47.7s][PLAN_TRAJ_RTH] STATE PLAN_TRAJ_RTH -> PLAN_TRAJ_RTH [safetyCallback: not safe, time:0.131212]
[1782989344.866][    +47.8s][PLAN_TRAJ_RTH] STATE PLAN_TRAJ_RTH -> PLAN_TRAJ_RTH [safetyCallback: not safe, time:0.174595] |  (prev cycle x1/0.0s)
[1782989344.875][    +47.8s][PLAN_TRAJ_RTH] RTH d2goal=2.5m | auto-home(xy) dist=2.58m tol=0.20m goal=(0.02, -0.04, 1.10) (x7)
[1782989344.909][    +47.8s][PLAN_TRAJ_RTH] STATE PLAN_TRAJ_RTH -> PLAN_TRAJ_RTH [safetyCallback: not safe, time:0.218529] |  (prev cycle x1/0.0s)
[1782989344.952][    +47.8s][PLAN_TRAJ_RTH] LOCAL RTH FAIL | why: escape: gcopter setup failed | t=33.4ms (prev cycle x11/5.3s)
[1782989344.962][    +47.8s][PLAN_TRAJ_RTH] STUCK no motion >8s in PLAN_TRAJ_RTH | last-local: escape: gcopter setup failed | pos=(2.49, -0.79, -0.22) still=29s (prev cycle x8/4.3s)
[1782989345.009][    +47.9s][PLAN_TRAJ_RTH] STATE PLAN_TRAJ_RTH -> PLAN_TRAJ_RTH [planGoalPath: succeed] |  (prev cycle x1/0.1s)
[1782989345.276][    +48.2s][PLAN_TRAJ_RTH] RTH d2goal=2.5m | auto-home(xy) dist=2.57m tol=0.20m goal=(0.02, -0.04, 1.10) (x8)
[1782989345.363][    +48.2s][PLAN_TRAJ_RTH] RTH d2goal=2.5m | auto-home(xy) dist=2.56m tol=0.20m goal=(0.02, -0.04, 1.10) (x1)
[1782989345.464][    +48.3s][PLAN_TRAJ_RTH] GLOBAL result=RTH_PATH_OK | why: path to goal: 3 nodes / 3.3m (connected via 1) | clusters=0(reach 0) vp=0(reach 0) pipe[tot=0 dorm=0 unreach=0 cons=0 nocand=0 topo=0 novis=0 ok=0] tour=3n/3.3m goal=(0.1, 0.1, 1.4) t=7ms (prev x6/1.4s)
[1782989345.507][    +48.4s][PLAN_TRAJ_RTH] RTH d2goal=2.5m | auto-home(xy) dist=2.53m tol=0.20m goal=(0.02, -0.04, 1.10) (x2)
[1782989345.598][    +48.5s][PLAN_TRAJ_RTH] RTH d2goal=2.5m | auto-home(xy) dist=2.51m tol=0.20m goal=(0.02, -0.04, 1.10) (x1)
[1782989345.642][    +48.5s][PLAN_TRAJ_RTH] RTH d2goal=2.0m | auto-home(xy) dist=2.48m tol=0.20m goal=(0.02, -0.04, 1.10)
[1782989345.688][    +48.6s][PLAN_TRAJ_RTH] GLOBAL result=RTH_PATH_OK | why: path to goal: 3 nodes / 3.2m (connected via 1) | clusters=0(reach 0) vp=0(reach 0) pipe[tot=0 dorm=0 unreach=0 cons=0 nocand=0 topo=0 novis=0 ok=0] tour=3n/3.2m goal=(0.1, 0.1, 1.4) t=7ms
[1782989345.688][    +48.6s][PLAN_TRAJ_RTH] RTH d2goal=2.0m | auto-home(xy) dist=2.46m tol=0.20m goal=(0.02, -0.04, 1.10)
[1782989345.721][    +48.6s][PLAN_TRAJ_RTH] LOCAL RTH OK | t=33.4ms (prev cycle x1/0.8s)
[1782989345.721][    +48.6s][EXEC_TRAJ] STATE PLAN_TRAJ_RTH -> EXEC_TRAJ [PLAN_TRAJ_RTH: plan success] |  (prev cycle x6/0.7s)
[1782989345.722][    +48.6s][PLAN_TRAJ_RTH] STATE EXEC_TRAJ -> PLAN_TRAJ_RTH [safetyCallback: not safe, time:0.021479]
[1782989345.731][    +48.6s][PLAN_TRAJ_RTH] RTH d2goal=2.0m | auto-home(xy) dist=2.42m tol=0.20m goal=(0.02, -0.04, 1.10)
[1782989345.765][    +48.7s][PLAN_TRAJ_RTH] STATE PLAN_TRAJ_RTH -> PLAN_TRAJ_RTH [PLAN_TRAJ_RTH: plan failed]
[1782989345.766][    +48.7s][PLAN_TRAJ_RTH] STATE PLAN_TRAJ_RTH -> PLAN_TRAJ_RTH [safetyCallback: not safe, time:0.065081]
[1782989345.776][    +48.7s][PLAN_TRAJ_RTH] RTH d2goal=2.0m | auto-home(xy) dist=2.39m tol=0.20m goal=(0.02, -0.04, 1.10)
[1782989345.810][    +48.7s][PLAN_TRAJ_RTH] LOCAL RTH FAIL | why: escape: gcopter setup failed | t=33.4ms (prev cycle x1/0.1s)
[1782989345.811][    +48.7s][PLAN_TRAJ_RTH] STATE PLAN_TRAJ_RTH -> PLAN_TRAJ_RTH [safetyCallback: not safe, time:0.110284] |  (prev cycle x1/0.0s)
[1782989345.820][    +48.7s][PLAN_TRAJ_RTH] RTH d2goal=2.0m | auto-home(xy) dist=2.35m tol=0.20m goal=(0.02, -0.04, 1.10)
[1782989345.857][    +48.7s][PLAN_TRAJ_RTH] STATE PLAN_TRAJ_RTH -> PLAN_TRAJ_RTH [safetyCallback: not safe, time:0.156475] |  (prev cycle x1/0.0s)
[1782989345.864][    +48.7s][PLAN_TRAJ_RTH] RTH d2goal=2.0m | auto-home(xy) dist=2.31m tol=0.20m goal=(0.02, -0.04, 1.10)
[1782989345.908][    +48.8s][PLAN_TRAJ_RTH] GLOBAL result=RTH_PATH_OK | why: path to goal: 3 nodes / 3.1m (connected via 1) | clusters=0(reach 0) vp=0(reach 0) pipe[tot=0 dorm=0 unreach=0 cons=0 nocand=0 topo=0 novis=0 ok=0] tour=3n/3.1m goal=(0.1, 0.1, 1.4) t=7ms
[1782989345.908][    +48.8s][PLAN_TRAJ_RTH] STATE PLAN_TRAJ_RTH -> PLAN_TRAJ_RTH [planGoalPath: succeed] |  (prev cycle x1/0.1s)
[1782989345.952][    +48.8s][PLAN_TRAJ_RTH] RTH d2goal=2.0m | auto-home(xy) dist=2.28m tol=0.20m goal=(0.02, -0.04, 1.10) (x1)
[1782989345.995][    +48.9s][PLAN_TRAJ_RTH] RTH d2goal=2.0m | auto-home(xy) dist=2.24m tol=0.20m goal=(0.02, -0.04, 1.10)
[1782989346.039][    +48.9s][PLAN_TRAJ_RTH] RTH d2goal=2.0m | auto-home(xy) dist=2.21m tol=0.20m goal=(0.02, -0.04, 1.10)
[1782989346.082][    +49.0s][PLAN_TRAJ_RTH] RTH d2goal=2.0m | auto-home(xy) dist=2.18m tol=0.20m goal=(0.02, -0.04, 1.10)
[1782989346.140][    +49.0s][PLAN_TRAJ_RTH] GLOBAL result=RTH_PATH_OK | why: path to goal: 3 nodes / 2.9m (connected via 1) | clusters=0(reach 0) vp=0(reach 0) pipe[tot=0 dorm=0 unreach=0 cons=0 nocand=0 topo=0 novis=0 ok=0] tour=3n/2.9m goal=(0.1, 0.1, 1.4) t=6ms
[1782989346.140][    +49.0s][PLAN_TRAJ_RTH] RTH d2goal=2.0m | auto-home(xy) dist=2.14m tol=0.20m goal=(0.02, -0.04, 1.10)
[1782989346.183][    +49.1s][PLAN_TRAJ_RTH] RTH d2goal=2.0m | auto-home(xy) dist=2.11m tol=0.20m goal=(0.02, -0.04, 1.10)
[1782989346.227][    +49.1s][PLAN_TRAJ_RTH] RTH d2goal=2.0m | auto-home(xy) dist=2.07m tol=0.20m goal=(0.02, -0.04, 1.10)
[1782989346.271][    +49.2s][PLAN_TRAJ_RTH] RTH d2goal=2.0m | auto-home(xy) dist=2.04m tol=0.20m goal=(0.02, -0.04, 1.10)
[1782989346.316][    +49.2s][PLAN_TRAJ_RTH] RTH d2goal=2.0m | auto-home(xy) dist=2.01m tol=0.20m goal=(0.02, -0.04, 1.10)
[1782989346.364][    +49.2s][PLAN_TRAJ_RTH] GLOBAL result=RTH_PATH_OK | why: path to goal: 3 nodes / 2.8m (connected via 1) | clusters=0(reach 0) vp=0(reach 0) pipe[tot=0 dorm=0 unreach=0 cons=0 nocand=0 topo=0 novis=0 ok=0] tour=3n/2.8m goal=(0.1, 0.1, 1.4) t=10ms
[1782989346.366][    +49.3s][PLAN_TRAJ_RTH] RTH d2goal=1.5m | auto-home(xy) dist=1.98m tol=0.20m goal=(0.02, -0.04, 1.10)
[1782989346.410][    +49.3s][PLAN_TRAJ_RTH] RTH d2goal=1.5m | auto-home(xy) dist=1.95m tol=0.20m goal=(0.02, -0.04, 1.10)
[1782989346.495][    +49.4s][PLAN_TRAJ_RTH] BATT 23.5V | v=23.77V pct=53%
[1782989346.501][    +49.4s][PLAN_TRAJ_RTH] RTH d2goal=1.5m | auto-home(xy) dist=1.93m tol=0.20m goal=(0.02, -0.04, 1.10) (x1)
[1782989346.535][    +49.4s][PLAN_TRAJ_RTH] LOCAL RTH OK | t=33.4ms (prev cycle x1/0.7s)
[1782989346.535][    +49.4s][EXEC_TRAJ] STATE PLAN_TRAJ_RTH -> EXEC_TRAJ [PLAN_TRAJ_RTH: plan success] |  (prev cycle x5/0.6s)
[1782989346.758][    +49.6s][PLAN_TRAJ_RTH] STATE EXEC_TRAJ -> PLAN_TRAJ_RTH [safetyCallback: not safe, time:0.241459]
[1782989346.765][    +49.7s][PLAN_TRAJ_RTH] RTH d2goal=1.5m | auto-home(xy) dist=1.77m tol=0.20m goal=(0.02, -0.04, 1.10)
[1782989346.799][    +49.7s][PLAN_TRAJ_RTH] LOCAL RTH FAIL | why: escape: gcopter setup failed | t=33.5ms
[1782989346.799][    +49.7s][PLAN_TRAJ_RTH] STATE PLAN_TRAJ_RTH -> PLAN_TRAJ_RTH [PLAN_TRAJ_RTH: plan failed]
[1782989346.841][    +49.7s][PLAN_TRAJ_RTH] GLOBAL result=RTH_PATH_OK | why: path to goal: 3 nodes / 2.6m (connected via 1) | clusters=0(reach 0) vp=0(reach 0) pipe[tot=0 dorm=0 unreach=0 cons=0 nocand=0 topo=0 novis=0 ok=0] tour=3n/2.6m goal=(0.1, 0.1, 1.4) t=8ms
[1782989346.841][    +49.7s][PLAN_TRAJ_RTH] STATE PLAN_TRAJ_RTH -> PLAN_TRAJ_RTH [planGoalPath: succeed]
[1782989346.876][    +49.8s][PLAN_TRAJ_RTH] STATE PLAN_TRAJ_RTH -> PLAN_TRAJ_RTH [safetyCallback: not safe, time:0.359590] |  (prev cycle x1/0.0s)
[1782989346.886][    +49.8s][PLAN_TRAJ_RTH] RTH d2goal=1.5m | auto-home(xy) dist=1.71m tol=0.20m goal=(0.02, -0.04, 1.10) (x1)
[1782989346.922][    +49.8s][PLAN_TRAJ_RTH] STATE PLAN_TRAJ_RTH -> PLAN_TRAJ_RTH [safetyCallback: not safe, time:0.405818] |  (prev cycle x1/0.0s)
[1782989346.931][    +49.8s][PLAN_TRAJ_RTH] RTH d2goal=1.5m | auto-home(xy) dist=1.69m tol=0.20m goal=(0.02, -0.04, 1.10)
[1782989346.974][    +49.9s][PLAN_TRAJ_RTH] RTH d2goal=1.5m | auto-home(xy) dist=1.67m tol=0.20m goal=(0.02, -0.04, 1.10)
[1782989347.020][    +49.9s][PLAN_TRAJ_RTH] RTH d2goal=1.5m | auto-home(xy) dist=1.64m tol=0.20m goal=(0.02, -0.04, 1.10)
[1782989347.075][    +50.0s][PLAN_TRAJ_RTH] GLOBAL result=RTH_PATH_OK | why: path to goal: 3 nodes / 2.5m (connected via 1) | clusters=0(reach 0) vp=0(reach 0) pipe[tot=0 dorm=0 unreach=0 cons=0 nocand=0 topo=0 novis=0 ok=0] tour=3n/2.5m goal=(0.1, 0.1, 1.4) t=7ms
[1782989347.075][    +50.0s][PLAN_TRAJ_RTH] STATE PLAN_TRAJ_RTH -> PLAN_TRAJ_RTH [planGoalPath: succeed] |  (prev cycle x1/0.2s)
[1782989347.077][    +50.0s][PLAN_TRAJ_RTH] RTH d2goal=1.5m | auto-home(xy) dist=1.62m tol=0.20m goal=(0.02, -0.04, 1.10)
[1782989347.111][    +50.0s][EXEC_TRAJ] STATE PLAN_TRAJ_RTH -> EXEC_TRAJ [PLAN_TRAJ_RTH: plan success]
[1782989347.260][    +50.1s][PLAN_TRAJ_RTH] STATE EXEC_TRAJ -> PLAN_TRAJ_RTH [safetyCallback: not safe, time:0.168030]
[1782989347.261][    +50.1s][PLAN_TRAJ_RTH] RTH d2goal=1.5m | auto-home(xy) dist=1.52m tol=0.20m goal=(0.02, -0.04, 1.10)
[1782989347.295][    +50.2s][PLAN_TRAJ_RTH] STATE PLAN_TRAJ_RTH -> PLAN_TRAJ_RTH [PLAN_TRAJ_RTH: plan failed]
[1782989347.305][    +50.2s][PLAN_TRAJ_RTH] GLOBAL result=RTH_PATH_OK | why: path to goal: 3 nodes / 2.3m (connected via 1) | clusters=0(reach 0) vp=0(reach 0) pipe[tot=0 dorm=0 unreach=0 cons=0 nocand=0 topo=0 novis=0 ok=0] tour=3n/2.3m goal=(0.1, 0.1, 1.4) t=7ms
[1782989347.305][    +50.2s][PLAN_TRAJ_RTH] STATE PLAN_TRAJ_RTH -> PLAN_TRAJ_RTH [planGoalPath: succeed]
[1782989347.340][    +50.2s][PLAN_TRAJ_RTH] STATE PLAN_TRAJ_RTH -> PLAN_TRAJ_RTH [safetyCallback: not safe, time:0.248504] |  (prev cycle x1/0.0s)
[1782989347.349][    +50.2s][PLAN_TRAJ_RTH] RTH d2goal=1.0m | auto-home(xy) dist=1.50m tol=0.20m goal=(0.02, -0.04, 1.10) (prev x1/0.0s)
[1782989347.384][    +50.3s][PLAN_TRAJ_RTH] STATE PLAN_TRAJ_RTH -> PLAN_TRAJ_RTH [safetyCallback: not safe, time:0.292054] |  (prev cycle x1/0.0s)
[1782989347.393][    +50.3s][PLAN_TRAJ_RTH] RTH d2goal=1.0m | auto-home(xy) dist=1.48m tol=0.20m goal=(0.02, -0.04, 1.10)
[1782989347.427][    +50.3s][EXEC_TRAJ] STATE PLAN_TRAJ_RTH -> EXEC_TRAJ [PLAN_TRAJ_RTH: plan success]
[1782989347.558][    +50.4s][PLAN_TRAJ_RTH] STATE EXEC_TRAJ -> PLAN_TRAJ_RTH [safetyCallback: not safe, time:0.150339]
[1782989347.559][    +50.4s][PLAN_TRAJ_RTH] RTH d2goal=1.0m | auto-home(xy) dist=1.40m tol=0.20m goal=(0.02, -0.04, 1.10)
[1782989347.593][    +50.5s][PLAN_TRAJ_RTH] STATE PLAN_TRAJ_RTH -> PLAN_TRAJ_RTH [PLAN_TRAJ_RTH: plan failed]
[1782989347.637][    +50.5s][PLAN_TRAJ_RTH] STATE PLAN_TRAJ_RTH -> PLAN_TRAJ_RTH [safetyCallback: not safe, time:0.229215] |  (prev x1/0.0s)
[1782989347.646][    +50.5s][PLAN_TRAJ_RTH] RTH d2goal=1.0m | auto-home(xy) dist=1.38m tol=0.20m goal=(0.02, -0.04, 1.10) (x1)
[1782989347.681][    +50.6s][PLAN_TRAJ_RTH] STATE PLAN_TRAJ_RTH -> PLAN_TRAJ_RTH [safetyCallback: not safe, time:0.272752] |  (prev cycle x1/0.0s)
[1782989347.690][    +50.6s][PLAN_TRAJ_RTH] RTH d2goal=1.0m | auto-home(xy) dist=1.36m tol=0.20m goal=(0.02, -0.04, 1.10)
[1782989347.724][    +50.6s][PLAN_TRAJ_RTH] STATE PLAN_TRAJ_RTH -> PLAN_TRAJ_RTH [safetyCallback: not safe, time:0.316348] |  (prev cycle x1/0.0s)
[1782989347.742][    +50.6s][PLAN_TRAJ_RTH] GLOBAL result=RTH_PATH_OK | why: path to goal: 3 nodes / 2.2m (connected via 1) | clusters=0(reach 0) vp=0(reach 0) pipe[tot=0 dorm=0 unreach=0 cons=0 nocand=0 topo=0 novis=0 ok=0] tour=3n/2.2m goal=(0.1, 0.1, 1.4) t=7ms
[1782989347.742][    +50.6s][PLAN_TRAJ_RTH] STATE PLAN_TRAJ_RTH -> PLAN_TRAJ_RTH [planGoalPath: succeed]
[1782989347.742][    +50.6s][PLAN_TRAJ_RTH] RTH d2goal=1.0m | auto-home(xy) dist=1.34m tol=0.20m goal=(0.02, -0.04, 1.10)
[1782989347.775][    +50.7s][PLAN_TRAJ_RTH] STATE PLAN_TRAJ_RTH -> PLAN_TRAJ_RTH [PLAN_TRAJ_RTH: plan failed]
[1782989347.785][    +50.7s][PLAN_TRAJ_RTH] RTH d2goal=1.0m | auto-home(xy) dist=1.32m tol=0.20m goal=(0.02, -0.04, 1.10)
[1782989347.829][    +50.7s][PLAN_TRAJ_RTH] RTH d2goal=1.0m | auto-home(xy) dist=1.31m tol=0.20m goal=(0.02, -0.04, 1.10)
[1782989347.874][    +50.8s][PLAN_TRAJ_RTH] RTH d2goal=1.0m | auto-home(xy) dist=1.30m tol=0.20m goal=(0.02, -0.04, 1.10)
[1782989347.918][    +50.8s][PLAN_TRAJ_RTH] RTH d2goal=1.0m | auto-home(xy) dist=1.28m tol=0.20m goal=(0.02, -0.04, 1.10)
[1782989347.952][    +50.8s][EXEC_TRAJ] STATE PLAN_TRAJ_RTH -> EXEC_TRAJ [PLAN_TRAJ_RTH: plan success] |  (prev x3/0.1s)
[1782989348.157][    +51.0s][PLAN_TRAJ_RTH] STATE EXEC_TRAJ -> PLAN_TRAJ_RTH [safetyCallback: not safe, time:0.224599]
[1782989348.162][    +51.0s][PLAN_TRAJ_RTH] RTH d2goal=1.0m | auto-home(xy) dist=1.20m tol=0.20m goal=(0.02, -0.04, 1.10)
[1782989348.197][    +51.1s][PLAN_TRAJ_RTH] STATE PLAN_TRAJ_RTH -> PLAN_TRAJ_RTH [PLAN_TRAJ_RTH: plan failed]
[1782989348.212][    +51.1s][PLAN_TRAJ_RTH] GLOBAL result=RTH_PATH_OK | why: path to goal: 3 nodes / 2.1m (connected via 1) | clusters=0(reach 0) vp=0(reach 0) pipe[tot=0 dorm=0 unreach=0 cons=0 nocand=0 topo=0 novis=0 ok=0] tour=3n/2.1m goal=(0.1, 0.1, 1.4) t=7ms
[1782989348.212][    +51.1s][PLAN_TRAJ_RTH] STATE PLAN_TRAJ_RTH -> PLAN_TRAJ_RTH [planGoalPath: succeed]
[1782989348.247][    +51.1s][PLAN_TRAJ_RTH] STATE PLAN_TRAJ_RTH -> PLAN_TRAJ_RTH [safetyCallback: not safe, time:0.314421] |  (prev cycle x1/0.0s)
[1782989348.257][    +51.1s][PLAN_TRAJ_RTH] STATE PLAN_TRAJ_RTH -> PLAN_TRAJ_RTH [safetyCallback: not safe, time:0.324380]
[1782989348.258][    +51.1s][PLAN_TRAJ_RTH] RTH d2goal=1.0m | auto-home(xy) dist=1.18m tol=0.20m goal=(0.02, -0.04, 1.10) (x1)
[1782989348.292][    +51.2s][PLAN_TRAJ_RTH] STATE PLAN_TRAJ_RTH -> PLAN_TRAJ_RTH [PLAN_TRAJ_RTH: plan failed]
[1782989348.336][    +51.2s][PLAN_TRAJ_RTH] STATE PLAN_TRAJ_RTH -> PLAN_TRAJ_RTH [safetyCallback: not safe, time:0.403746] |  (prev x1/0.0s)
[1782989348.346][    +51.2s][PLAN_TRAJ_RTH] RTH d2goal=1.0m | auto-home(xy) dist=1.17m tol=0.20m goal=(0.02, -0.04, 1.10) (x1)
[1782989348.389][    +51.3s][PLAN_TRAJ_RTH] RTH d2goal=1.0m | auto-home(xy) dist=1.16m tol=0.20m goal=(0.02, -0.04, 1.10)
[1782989348.449][    +51.3s][PLAN_TRAJ_RTH] STATE PLAN_TRAJ_RTH -> PLAN_TRAJ_RTH [planGoalPath: succeed] |  (prev cycle x1/0.1s)
[1782989348.449][    +51.3s][PLAN_TRAJ_RTH] RTH d2goal=1.0m | auto-home(xy) dist=1.15m tol=0.20m goal=(0.02, -0.04, 1.10)
[1782989348.687][    +51.6s][PLAN_TRAJ_RTH] RTH d2goal=1.0m | auto-home(xy) dist=1.16m tol=0.20m goal=(0.02, -0.04, 1.10) (x4)
[1782989348.810][    +51.7s][PLAN_TRAJ_RTH] LOCAL RTH FAIL | why: escape: gcopter setup failed | t=33.4ms (x26)
[1782989348.865][    +51.8s][PLAN_TRAJ_RTH] RTH d2goal=1.0m | auto-home(xy) dist=1.15m tol=0.20m goal=(0.02, -0.04, 1.10) (x3)
[1782989349.131][    +52.0s][PLAN_TRAJ_RTH] RTH d2goal=1.0m | auto-home(xy) dist=1.14m tol=0.20m goal=(0.02, -0.04, 1.10) (x5)
[1782989349.175][    +52.1s][PLAN_TRAJ_RTH] RTH d2goal=1.0m | auto-home(xy) dist=1.15m tol=0.20m goal=(0.02, -0.04, 1.10)
[1782989349.218][    +52.1s][PLAN_TRAJ_RTH] RTH d2goal=1.0m | auto-home(xy) dist=1.14m tol=0.20m goal=(0.02, -0.04, 1.10)
[1782989349.262][    +52.1s][PLAN_TRAJ_RTH] RTH d2goal=1.0m | auto-home(xy) dist=1.15m tol=0.20m goal=(0.02, -0.04, 1.10)
[1782989349.351][    +52.2s][PLAN_TRAJ_RTH] GLOBAL result=RTH_PATH_OK | why: path to goal: 3 nodes / 2.2m (connected via 1) | clusters=0(reach 0) vp=0(reach 0) pipe[tot=0 dorm=0 unreach=0 cons=0 nocand=0 topo=0 novis=0 ok=0] tour=3n/2.2m goal=(0.1, 0.1, 1.4) t=7ms (x3)
[1782989350.398][    +53.3s][PLAN_TRAJ_RTH] STATE PLAN_TRAJ_RTH -> PLAN_TRAJ_RTH [avoidance released: replan from current pose] |  (prev cycle x17/1.9s)
[1782989350.398][    +53.3s][PLAN_TRAJ_RTH] AVOID OFF (released, replan from current pose)  <->  ON (obstacle close, reactive layer overrides cmd) | cycling x2 over 38.9s
[1782989350.492][    +53.4s][PLAN_TRAJ_RTH] GLOBAL result=RTH_PATH_OK | why: path to goal: 3 nodes / 2.2m (connected via 1) | clusters=0(reach 0) vp=0(reach 0) pipe[tot=0 dorm=0 unreach=0 cons=0 nocand=0 topo=0 novis=0 ok=0] tour=3n/2.2m goal=(0.1, 0.1, 1.4) t=6ms (x4)
[1782989350.492][    +53.4s][PLAN_TRAJ_RTH] STATE PLAN_TRAJ_RTH -> PLAN_TRAJ_RTH [planGoalPath: succeed] |  (prev cycle x1/0.1s)
[1782989350.526][    +53.4s][PLAN_TRAJ_RTH] BATT 23.5V | v=23.78V pct=53% (x1)
[1782989350.536][    +53.4s][PLAN_TRAJ_RTH] RTH d2goal=1.0m | auto-home(xy) dist=1.16m tol=0.20m goal=(0.02, -0.04, 1.10) (x27)
[1782989350.888][    +53.8s][PLAN_TRAJ_RTH] RTH d2goal=1.0m | auto-home(xy) dist=1.15m tol=0.20m goal=(0.02, -0.04, 1.10) (x7)
[1782989351.301][    +54.2s][PLAN_TRAJ_RTH] LOCAL RTH FAIL | why: escape: gcopter setup failed | t=34.3ms (x54)
[1782989351.499][    +54.4s][PLAN_TRAJ_RTH] RTH d2goal=1.0m | auto-home(xy) dist=1.14m tol=0.20m goal=(0.02, -0.04, 1.10) (x12)
[1782989351.586][    +54.5s][PLAN_TRAJ_RTH] RTH d2goal=1.0m | auto-home(xy) dist=1.15m tol=0.20m goal=(0.02, -0.04, 1.10) (x1)
[1782989351.676][    +54.6s][PLAN_TRAJ_RTH] RTH d2goal=1.0m | auto-home(xy) dist=1.14m tol=0.20m goal=(0.02, -0.04, 1.10) (x1)
[1782989351.720][    +54.6s][PLAN_TRAJ_RTH] RTH d2goal=1.0m | auto-home(xy) dist=1.15m tol=0.20m goal=(0.02, -0.04, 1.10)
[1782989351.843][    +54.7s][EXEC_TRAJ] STATE PLAN_TRAJ_RTH -> EXEC_TRAJ [PLAN_TRAJ_RTH: plan success] |  (prev cycle x11/1.4s)
[1782989351.857][    +54.7s][PLAN_TRAJ_RTH] STATE EXEC_TRAJ -> PLAN_TRAJ_RTH [planGoalPath: succeed]
[1782989351.891][    +54.8s][PLAN_TRAJ_RTH] LOCAL RTH FAIL | why: post-check: new traj collides within 1s | t=33.4ms (prev cycle x7/5.1s)
[1782989351.891][    +54.8s][PLAN_TRAJ_RTH] STATE PLAN_TRAJ_RTH -> PLAN_TRAJ_RTH [PLAN_TRAJ_RTH: plan failed]
[1782989351.892][    +54.8s][PLAN_TRAJ_RTH] STATE PLAN_TRAJ_RTH -> PLAN_TRAJ_RTH [safetyCallback: not safe, time:0.069410]
[1782989351.936][    +54.8s][PLAN_TRAJ_RTH] STATE PLAN_TRAJ_RTH -> PLAN_TRAJ_RTH [safetyCallback: not safe, time:0.113199] |  (prev cycle x1/0.0s)
[1782989351.979][    +54.9s][PLAN_TRAJ_RTH] STATE PLAN_TRAJ_RTH -> PLAN_TRAJ_RTH [safetyCallback: not safe, time:0.156740] |  (prev cycle x1/0.0s)
[1782989352.024][    +54.9s][PLAN_TRAJ_RTH] STATE PLAN_TRAJ_RTH -> PLAN_TRAJ_RTH [safetyCallback: not safe, time:0.201182] |  (prev cycle x1/0.0s)
[1782989352.067][    +55.0s][PLAN_TRAJ_RTH] STATE PLAN_TRAJ_RTH -> PLAN_TRAJ_RTH [safetyCallback: not safe, time:0.244162] |  (prev cycle x1/0.0s)
[1782989352.087][    +55.0s][PLAN_TRAJ_RTH] GLOBAL result=RTH_PATH_OK | why: path to goal: 3 nodes / 2.2m (connected via 1) | clusters=0(reach 0) vp=0(reach 0) pipe[tot=0 dorm=0 unreach=0 cons=0 nocand=0 topo=0 novis=0 ok=0] tour=3n/2.2m goal=(0.1, 0.1, 1.4) t=5ms (x6)
[1782989352.088][    +55.0s][PLAN_TRAJ_RTH] STATE PLAN_TRAJ_RTH -> PLAN_TRAJ_RTH [planGoalPath: succeed]
[1782989352.121][    +55.0s][PLAN_TRAJ_RTH] STATE PLAN_TRAJ_RTH -> PLAN_TRAJ_RTH [PLAN_TRAJ_RTH: plan failed]
[1782989352.167][    +55.1s][PLAN_TRAJ_RTH] LOCAL RTH FAIL | why: escape: gcopter setup failed | t=35.8ms (prev x5/0.2s)
[1782989353.232][    +56.1s][PLAN_TRAJ_RTH] GLOBAL result=RTH_PATH_OK | why: path to goal: 3 nodes / 2.2m (connected via 1) | clusters=0(reach 0) vp=0(reach 0) pipe[tot=0 dorm=0 unreach=0 cons=0 nocand=0 topo=0 novis=0 ok=0] tour=3n/2.2m goal=(0.1, 0.1, 1.4) t=6ms (x4)
[1782989353.891][    +56.8s][PLAN_TRAJ_RTH] RTH d2goal=1.0m | auto-home(xy) dist=1.14m tol=0.20m goal=(0.02, -0.04, 1.10) (x46)
[1782989353.937][    +56.8s][PLAN_TRAJ_RTH] RTH d2goal=1.0m | auto-home(xy) dist=1.15m tol=0.20m goal=(0.02, -0.04, 1.10)
[1782989354.190][    +57.1s][PLAN_TRAJ_RTH] LOCAL RTH FAIL | why: escape: gcopter setup failed | t=33.4ms (x43)
[1782989354.606][    +57.5s][PLAN_TRAJ_RTH] GLOBAL result=RTH_PATH_OK | why: path to goal: 3 nodes / 2.2m (connected via 1) | clusters=0(reach 0) vp=0(reach 0) pipe[tot=0 dorm=0 unreach=0 cons=0 nocand=0 topo=0 novis=0 ok=0] tour=3n/2.2m goal=(0.1, 0.1, 1.4) t=7ms (x5)
[1782989355.331][    +58.2s][PLAN_TRAJ_RTH] RTH d2goal=1.0m | auto-home(xy) dist=1.14m tol=0.20m goal=(0.02, -0.04, 1.10) (x30)
[1782989355.420][    +58.3s][PLAN_TRAJ_RTH] RTH d2goal=1.0m | auto-home(xy) dist=1.15m tol=0.20m goal=(0.02, -0.04, 1.10) (x1)
[1782989355.512][    +58.4s][PLAN_TRAJ_RTH] RTH d2goal=1.0m | auto-home(xy) dist=1.14m tol=0.20m goal=(0.02, -0.04, 1.10) (x1)
[1782989355.647][    +58.5s][PLAN_TRAJ_RTH] RTH d2goal=1.0m | auto-home(xy) dist=1.15m tol=0.20m goal=(0.02, -0.04, 1.10) (x2)
[1782989355.759][    +58.6s][PLAN_TRAJ_RTH] GLOBAL result=RTH_PATH_OK | why: path to goal: 3 nodes / 2.2m (connected via 1) | clusters=0(reach 0) vp=0(reach 0) pipe[tot=0 dorm=0 unreach=0 cons=0 nocand=0 topo=0 novis=0 ok=0] tour=3n/2.2m goal=(0.1, 0.1, 1.4) t=5ms (x4)
[1782989355.848][    +58.7s][PLAN_TRAJ_RTH] STUCK no motion >8s in PLAN_TRAJ_RTH | last-local: escape: gcopter setup failed | pos=(1.16, 0.13, -0.13) still=8s (x16)
[1782989356.336][    +59.2s][PLAN_TRAJ_RTH] LOCAL RTH FAIL | why: escape: gcopter setup failed | t=35.6ms (x46)
[1782989356.492][    +59.4s][PLAN_TRAJ_RTH] BATT 23.5V | v=23.79V pct=53% (x2)
[1782989356.626][    +59.5s][PLAN_TRAJ_RTH] RTH d2goal=1.0m | auto-home(xy) dist=1.14m tol=0.20m goal=(0.02, -0.04, 1.10) (x20)
[1782989356.672][    +59.6s][PLAN_TRAJ_RTH] RTH d2goal=1.0m | auto-home(xy) dist=1.15m tol=0.20m goal=(0.02, -0.04, 1.10)
[1782989356.715][    +59.6s][PLAN_TRAJ_RTH] RTH d2goal=1.0m | auto-home(xy) dist=1.14m tol=0.20m goal=(0.02, -0.04, 1.10)
[1782989356.761][    +59.6s][PLAN_TRAJ_RTH] RTH d2goal=1.0m | auto-home(xy) dist=1.15m tol=0.20m goal=(0.02, -0.04, 1.10)
[1782989356.849][    +59.7s][PLAN_TRAJ_RTH] RTH d2goal=1.0m | auto-home(xy) dist=1.14m tol=0.20m goal=(0.02, -0.04, 1.10) (x1)
[1782989356.897][    +59.8s][PLAN_TRAJ_RTH] GLOBAL result=RTH_PATH_OK | why: path to goal: 3 nodes / 2.2m (connected via 1) | clusters=0(reach 0) vp=0(reach 0) pipe[tot=0 dorm=0 unreach=0 cons=0 nocand=0 topo=0 novis=0 ok=0] tour=3n/2.2m goal=(0.1, 0.1, 1.4) t=6ms (x4)
[1782989356.897][    +59.8s][PLAN_TRAJ_RTH] RTH d2goal=1.0m | auto-home(xy) dist=1.15m tol=0.20m goal=(0.02, -0.04, 1.10)
[1782989358.035][    +60.9s][PLAN_TRAJ_RTH] GLOBAL result=RTH_PATH_OK | why: path to goal: 3 nodes / 2.2m (connected via 1) | clusters=0(reach 0) vp=0(reach 0) pipe[tot=0 dorm=0 unreach=0 cons=0 nocand=0 topo=0 novis=0 ok=0] tour=3n/2.2m goal=(0.1, 0.1, 1.4) t=7ms (x4)
[1782989358.342][    +61.2s][PLAN_TRAJ_RTH] LOCAL RTH FAIL | why: escape: gcopter setup failed | t=33.4ms (x43)
[1782989358.522][    +61.4s][PLAN_TRAJ_RTH] BATT 23.5V | v=23.79V pct=54%
[1782989359.155][    +62.0s][PLAN_TRAJ_RTH] GLOBAL result=RTH_PATH_OK | why: path to goal: 3 nodes / 2.2m (connected via 1) | clusters=0(reach 0) vp=0(reach 0) pipe[tot=0 dorm=0 unreach=0 cons=0 nocand=0 topo=0 novis=0 ok=0] tour=3n/2.2m goal=(0.1, 0.1, 1.4) t=6ms (x4)
[1782989360.271][    +63.2s][PLAN_TRAJ_RTH] GLOBAL result=RTH_PATH_OK | why: path to goal: 3 nodes / 2.2m (connected via 1) | clusters=0(reach 0) vp=0(reach 0) pipe[tot=0 dorm=0 unreach=0 cons=0 nocand=0 topo=0 novis=0 ok=0] tour=3n/2.2m goal=(0.1, 0.1, 1.4) t=7ms (x4)
[1782989360.483][    +63.4s][PLAN_TRAJ_RTH] LOCAL RTH FAIL | why: escape: gcopter setup failed | t=33.5ms (x47)
[1782989360.497][    +63.4s][PLAN_TRAJ_RTH] BATT 23.5V | v=23.80V pct=54%
[1782989360.855][    +63.7s][PLAN_TRAJ_RTH] STUCK no motion >8s in PLAN_TRAJ_RTH | last-local: escape: gcopter setup failed | pos=(1.15, 0.14, -0.13) still=13s (x110)
[1782989361.632][    +64.5s][PLAN_TRAJ_RTH] GLOBAL result=RTH_PATH_OK | why: path to goal: 3 nodes / 2.2m (connected via 1) | clusters=0(reach 0) vp=0(reach 0) pipe[tot=0 dorm=0 unreach=0 cons=0 nocand=0 topo=0 novis=0 ok=0] tour=3n/2.2m goal=(0.1, 0.1, 1.4) t=5ms (x5)
[1782989361.677][    +64.6s][PLAN_TRAJ_RTH] RTH d2goal=1.0m | auto-home(xy) dist=1.14m tol=0.20m goal=(0.02, -0.04, 1.10) (x105)
[1782989361.721][    +64.6s][PLAN_TRAJ_RTH] RTH d2goal=1.0m | auto-home(xy) dist=1.15m tol=0.20m goal=(0.02, -0.04, 1.10)
[1782989361.764][    +64.7s][PLAN_TRAJ_RTH] RTH d2goal=1.0m | auto-home(xy) dist=1.14m tol=0.20m goal=(0.02, -0.04, 1.10)
[1782989361.810][    +64.7s][PLAN_TRAJ_RTH] RTH d2goal=1.0m | auto-home(xy) dist=1.15m tol=0.20m goal=(0.02, -0.04, 1.10)
[1782989362.523][    +65.4s][PLAN_TRAJ_RTH] LOCAL RTH FAIL | why: escape: gcopter setup failed | t=33.4ms (x44)
