# console (/rosout_agg) log for epic_2026-07-20-19-19-26.bag
# started at 2026-07-20-19-19-26
[INFO] [1784542766.801] [/record_on_goal]: [record_on_goal] epic log -> /home/hmcl/EPIC-stack/src/EPIC_poongsan/src/EPIC/src/global_planner/exploration_manager/records/epic_2026-07-20-19-19-26/epic_2026-07-20-19-19-26.epic.log
[INFO] [1784542766.805] [/record_on_goal]: [record_on_goal] event log -> /home/hmcl/EPIC-stack/src/EPIC_poongsan/src/EPIC/src/global_planner/exploration_manager/records/epic_2026-07-20-19-19-26/epic_2026-07-20-19-19-26.events.log
[INFO] [1784542767.137] [/exploration_node]: [EV] [1784542767.137][     +1.4s][WAIT_TRIGGER] BATT 23.0V | voltage=23.42V percent=41%
[INFO] [1784542769.137] [/exploration_node]: [EV] [1784542769.137][     +3.4s][WAIT_TRIGGER] BATT 23.0V | voltage=23.40V percent=40%
[INFO] [1784542771.135] [/exploration_node]: [EV] [1784542771.135][     +5.4s][WAIT_TRIGGER] BATT 23.0V | voltage=23.39V percent=40%
[WARN] [1784542771.729] [/exploration_node]: wait for trigger.
[INFO] [1784542774.900] [/mavros]: HP: requesting home position
[WARN] [1784542776.729] [/exploration_node]: wait for trigger.
[INFO] [1784542779.130] [/exploration_node]: [EV] [1784542779.130][    +13.4s][WAIT_TRIGGER] BATT 23.0V | voltage=23.38V percent=40% (repeated x3)
[WARN] [1784542781.743] [/exploration_node]: wait for trigger.
[INFO] [1784542784.900] [/mavros]: HP: requesting home position
[INFO] [1784542785.125] [/exploration_node]: [EV] [1784542785.125][    +19.4s][WAIT_TRIGGER] BATT 23.0V | voltage=23.38V percent=39% (repeated x2)
[WARN] [1784542786.749] [/exploration_node]: wait for trigger.
[INFO] [1784542787.123] [/exploration_node]: [EV] [1784542787.123][    +21.4s][WAIT_TRIGGER] BATT 23.0V | voltage=23.38V percent=40%
[INFO] [1784542789.125] [/exploration_node]: [EV] [1784542789.125][    +23.4s][WAIT_TRIGGER] BATT 23.0V | voltage=23.38V percent=39%
[WARN] [1784542791.759] [/exploration_node]: wait for trigger.
[INFO] [1784542793.121] [/exploration_node]: [EV] [1784542793.121][    +27.4s][WAIT_TRIGGER] BATT 23.0V | voltage=23.37V percent=39% (repeated x1)
[INFO] [1784542794.900] [/mavros]: HP: requesting home position
[WARN] [1784542796.771] [/exploration_node]: wait for trigger.
[INFO] [1784542799.118] [/exploration_node]: [EV] [1784542799.118][    +33.4s][WAIT_TRIGGER] BATT 23.0V | voltage=23.36V percent=39% (repeated x2)
[INFO] [1784542801.117] [/exploration_node]: [EV] [1784542801.117][    +35.4s][WAIT_TRIGGER] BATT 23.0V | voltage=23.37V percent=39%
[WARN] [1784542801.779] [/exploration_node]: wait for trigger.
[INFO] [1784542803.115] [/exploration_node]: [EV] [1784542803.115][    +37.4s][WAIT_TRIGGER] BATT 23.0V | voltage=23.36V percent=39%
[INFO] [1784542804.900] [/mavros]: HP: requesting home position
[WARN] [1784542806.781] [/exploration_node]: wait for trigger.
[WARN] [1784542811.790] [/exploration_node]: wait for trigger.
[INFO] [1784542813.108] [/exploration_node]: [EV] [1784542813.108][    +47.4s][WAIT_TRIGGER] BATT 23.0V | voltage=23.31V percent=37% (repeated x4)
[INFO] [1784542814.900] [/mavros]: HP: requesting home position
[INFO] [1784542815.107] [/exploration_node]: [EV] [1784542815.107][    +49.4s][WAIT_TRIGGER] BATT 23.0V | voltage=23.33V percent=38%
[WARN] [1784542816.800] [/exploration_node]: wait for trigger.
