# console (/rosout_agg) log for epic_2026-07-20-19-20-38.bag
# started at 2026-07-20-19-20-38
[INFO] [1784542838.385] [/record_on_goal]: [record_on_goal] epic log -> /home/hmcl/EPIC-stack/src/EPIC_poongsan/src/EPIC/src/global_planner/exploration_manager/records/epic_2026-07-20-19-20-38/epic_2026-07-20-19-20-38.epic.log
[INFO] [1784542838.388] [/record_on_goal]: [record_on_goal] event log -> /home/hmcl/EPIC-stack/src/EPIC_poongsan/src/EPIC/src/global_planner/exploration_manager/records/epic_2026-07-20-19-20-38/epic_2026-07-20-19-20-38.events.log
[INFO] [1784542839.096] [/exploration_node]: [EV] [1784542839.096][     +1.8s][WAIT_TRIGGER] BATT 23.0V | voltage=23.36V percent=39%
[INFO] [1784542841.091] [/exploration_node]: [EV] [1784542841.091][     +3.8s][WAIT_TRIGGER] BATT 23.0V | voltage=23.35V percent=38%
[INFO] [1784542843.094] [/exploration_node]: [EV] [1784542843.094][     +5.8s][WAIT_TRIGGER] BATT 23.0V | voltage=23.33V percent=38%
[WARN] [1784542843.334] [/exploration_node]: wait for trigger.
[INFO] [1784542844.900] [/mavros]: HP: requesting home position
[WARN] [1784542848.341] [/exploration_node]: wait for trigger.
[WARN] [1784542853.345] [/exploration_node]: wait for trigger.
[INFO] [1784542854.900] [/mavros]: HP: requesting home position
[INFO] [1784542855.080] [/exploration_node]: [EV] [1784542855.080][    +17.8s][WAIT_TRIGGER] BATT 23.0V | voltage=23.32V percent=38% (repeated x5)
[WARN] [1784542858.351] [/exploration_node]: wait for trigger.
[INFO] [1784542859.080] [/exploration_node]: [EV] [1784542859.080][    +21.8s][WAIT_TRIGGER] BATT 23.0V | voltage=23.31V percent=37% (repeated x1)
[WARN] [1784542863.361] [/exploration_node]: wait for trigger.
[INFO] [1784542864.900] [/mavros]: HP: requesting home position
[INFO] [1784542865.076] [/exploration_node]: [EV] [1784542865.076][    +27.8s][WAIT_TRIGGER] BATT 23.0V | voltage=23.30V percent=37% (repeated x2)
[WARN] [1784542868.361] [/exploration_node]: wait for trigger.
[WARN] [1784542873.371] [/exploration_node]: wait for trigger.
