# console (/rosout_agg) log for epic_2026-07-02-20-14-33.bag
# started at 2026-07-02-20-14-33
[INFO] [1782990873.276] [/record_on_goal]: [record_on_goal] event log -> /home/hmcl/stack1/src/EPIC_poongsan/src/EPIC/src/global_planner/exploration_manager/records/epic_2026-07-02-20-14-33/epic_2026-07-02-20-14-33.events.log
[INFO] [1782990873.279] [/record_on_goal]: [record_on_goal] recording started (pid 43270) -> /home/hmcl/stack1/src/EPIC_poongsan/src/EPIC/src/global_planner/exploration_manager/records/epic_2026-07-02-20-14-33/epic_2026-07-02-20-14-33.bag
[INFO] [1782990874.008] [/exploration_node]: [EV] [1782990874.007][     +1.8s][WAIT_TRIGGER] BATT 24.5V | v=24.81V pct=88%
[WARN] [1782990878.229] [/exploration_node]: wait for trigger.
[INFO] [1782990880.006] [/exploration_node]: [EV] [1782990880.006][     +7.8s][WAIT_TRIGGER] BATT 24.5V | v=24.81V pct=87% (x2)
[INFO] [1782990882.004] [/exploration_node]: [EV] [1782990882.004][     +9.8s][WAIT_TRIGGER] BATT 24.5V | v=24.81V pct=88%
[INFO] [1782990883.088] [/mavros]: HP: requesting home position
[WARN] [1782990883.241] [/exploration_node]: wait for trigger.
[INFO] [1782990886.999] [/exploration_node]: [EV] [1782990886.999][    +14.8s][WAIT_TRIGGER] PX4 mode=POSCTL armed=1 | prev=POSCTL
[INFO] [1782990888.000] [/exploration_node]: [EV] [1782990888.000][    +15.8s][WAIT_TRIGGER] BATT 24.5V | v=24.82V pct=88% (x2)
[WARN] [1782990888.243] [/exploration_node]: wait for trigger.
[INFO] [1782990889.821] [/rvizvisualisation]: Setting goal: Frame:world, Position(-1.936, -5.137, 0.000), Orientation(0.000, 0.000, 0.821, 0.571) = Angle: 1.926

[INFO] [1782990889.822] [/exploration_node]: [EV] [1782990889.822][     +0.0s][WAIT_TRIGGER] EVENT 2D-Nav-Goal trigger | trigger received | pos=(0.01, -0.01, 0.02)
[INFO] [1782990889.822] [/exploration_node]: [EV] [1782990889.822][     +0.0s][WAIT_TRIGGER] PARAM box | down=[-150, -150, 0.4] up=[150, 150, 2]
[INFO] [1782990889.822] [/exploration_node]: [EV] [1782990889.822][     +0.0s][WAIT_TRIGGER] PARAM corridor | DilateSoft=0.60 DilateHard=0.45 MaxCorridor=4.0 MaxVel=0.9 max_traj_len=10.0 safe_dist=0.70 bubble_min_r=0.50
[INFO] [1782990889.822] [/exploration_node]: [EV] [1782990889.822][     +0.0s][WAIT_TRIGGER] PARAM frontier | cell=0.40 cluster_sz=[0.5, 5.0] minpts=4 dphi=0.26 znum=3 good_dir_score=0.60
[INFO] [1782990889.822] [/exploration_node]: [EV] [1782990889.822][     +0.0s][WAIT_TRIGGER] PARAM viewpoint | pillar_r=[0.5, 2.0]x8 h=[-1.0, 1.0]x5 circle_n=8 local_tsp=12
[INFO] [1782990889.822] [/exploration_node]: [EV] [1782990889.822][     +0.0s][WAIT_TRIGGER] PARAM fsm | takeoff_h=1.20 goal_tol=0.20 replan_t=0.20 emerg_err=3.0 max_hz=30 avoid_to=0.5 auto_rth_land=1 rth_land_xy_tol=0.20 avoidance=1
[INFO] [1782990889.822] [/exploration_node]: [EV] [1782990889.822][     +0.0s][WAIT_TRIGGER] PARAM topics | odom=/Odometry cloud=/cloud_registered
[INFO] [1782990889.822] [/exploration_node]: [EV] [1782990889.822][     +0.0s][TAKEOFF_HOVER] STATE WAIT_TRIGGER -> TAKEOFF_HOVER [triggerCallback: takeoff & hover]
[INFO] [1782990891.999] [/exploration_node]: [EV] [1782990891.999][     +2.2s][TAKEOFF_HOVER] BATT 24.5V | v=24.81V pct=88% (x1)
[INFO] [1782990893.000] [/exploration_node]: [EV] [1782990893.000][     +3.2s][TAKEOFF_HOVER] PX4 mode=OFFBOARD armed=1 | prev=POSCTL
[INFO] [1782990893.088] [/mavros]: HP: requesting home position
[INFO] [1782990893.999] [/exploration_node]: [EV] [1782990893.999][     +4.2s][TAKEOFF_HOVER] BATT 24.5V | v=24.57V pct=89%
[INFO] [1782990895.999] [/exploration_node]: [EV] [1782990895.999][     +6.2s][TAKEOFF_HOVER] BATT 24.0V | v=24.08V pct=81%
[INFO] [1782990897.997] [/exploration_node]: [EV] [1782990897.997][     +8.2s][TAKEOFF_HOVER] BATT 23.5V | v=23.93V pct=79%
[INFO] [1782990899.200] [/exploration_node]: [EV] [1782990899.199][     +9.4s][PLAN_TRAJ_EXP] STATE TAKEOFF_HOVER -> PLAN_TRAJ_EXP [takeoff: altitude reached & stable -> explore]
[WARN] [1782990899.280] [/exploration_node]: [EV] [1782990899.279][     +9.5s][PLAN_TRAJ_EXP] GLOBAL result=NO_VIEWPOINTS | why: NO_FRONTIER: 0 viewpoints (clusters=1, reachable_clusters=0) pipe[tot=1 dorm=0 unreach=0 cons=1 nocand=0 topo=1 novis=0 ok=0] | clusters=1(reach 0) vp=0(reach 0) pipe[tot=1 dorm=0 unreach=0 cons=1 nocand=0 topo=1 novis=0 ok=0] tour=0n/0.0m goal=(0.0, 0.0, 0.0) t=13ms
[WARN] [1782990899.281] [/exploration_node]: [EV] [1782990899.281][     +9.5s][PLAN_TRAJ_EXP] LOCAL EXP NO_FRONTIER | t=0.0ms goal_d=1.1m
[WARN] [1782990899.281] [/exploration_node]: [EV] [1782990899.281][     +9.5s][PLAN_TRAJ_EXP] STATE PLAN_TRAJ_EXP -> PLAN_TRAJ_EXP [PLAN_TRAJ_EXP: no frontier yet (warming up)]
[WARN] [1782990899.509] [/exploration_node]: [EV] [1782990899.507][     +9.7s][PLAN_TRAJ_EXP] GLOBAL result=NO_VIEWPOINTS | why: NO_FRONTIER: 0 viewpoints (clusters=1, reachable_clusters=0) pipe[tot=1 dorm=0 unreach=1 cons=0 nocand=0 topo=0 novis=0 ok=0] | clusters=1(reach 0) vp=0(reach 0) pipe[tot=1 dorm=0 unreach=1 cons=0 nocand=0 topo=0 novis=0 ok=0] tour=0n/0.0m goal=(0.0, 0.0, 0.0) t=25ms
[INFO] [1782990899.646] [/epic_rosbag_recorder]: Subscribing to /exploration_node/viewpoint_centers
[INFO] [1782990899.647] [/epic_rosbag_recorder]: Subscribing to /exploration_node/occ
[INFO] [1782990899.649] [/epic_rosbag_recorder]: Subscribing to /exploration_node/pocc
[INFO] [1782990899.650] [/epic_rosbag_recorder]: Subscribing to /exploration_node/frt
[WARN] [1782990899.712] [/px4_ctrl_bridge]: [px4_bridge] /position_cmd stale -> holding pose
[INFO] [1782990899.998] [/exploration_node]: [EV] [1782990899.998][    +10.2s][PLAN_TRAJ_EXP] BATT 23.5V | v=23.86V pct=77%
[WARN] [1782990900.629] [/exploration_node]: [EV] [1782990900.629][    +10.8s][PLAN_TRAJ_EXP] GLOBAL result=NO_VIEWPOINTS | why: NO_FRONTIER: 0 viewpoints (clusters=1, reachable_clusters=0) pipe[tot=1 dorm=0 unreach=1 cons=0 nocand=0 topo=0 novis=0 ok=0] | clusters=1(reach 0) vp=0(reach 0) pipe[tot=1 dorm=0 unreach=1 cons=0 nocand=0 topo=0 novis=0 ok=0] tour=0n/0.0m goal=(0.0, 0.0, 0.0) t=12ms (x4)
[WARN] [1782990900.721] [/px4_ctrl_bridge]: [px4_bridge] /position_cmd stale -> holding pose
[INFO] [1782990901.058] [/exploration_node]: [EV] [1782990901.058][    +11.2s][PLAN_TRAJ_EXP] GLOBAL result=OK | clusters=1(reach 1) vp=1(reach 1) pipe[tot=1 dorm=0 unreach=0 cons=1 nocand=0 topo=0 novis=0 ok=1] tour=2n/9.0m goal=(0.0, 0.0, 0.0) t=17ms (prev x1/0.2s)
[INFO] [1782990901.058] [/exploration_node]: [EV] [1782990901.058][    +11.2s][PLAN_TRAJ_EXP] STATE PLAN_TRAJ_EXP -> PLAN_TRAJ_EXP [planGlobalPath: succeed] |  (prev x156/1.8s)
[WARN] [1782990901.058] [/exploration_node]: [local-plan] fast-searcher: no path odom->goal
[WARN] [1782990901.058] [/exploration_node]: [EV] [1782990901.058][    +11.2s][PLAN_TRAJ_EXP] LOCAL EXP FAIL | why: fast-searcher: no path odom->goal | t=0.0ms goal_d=1.1m (prev x156/1.8s)
[WARN] [1782990901.058] [/exploration_node]: [EV] [1782990901.058][    +11.2s][PLAN_TRAJ_EXP] STATE PLAN_TRAJ_EXP -> PLAN_TRAJ_EXP [PLAN_TRAJ_EXP: plan failed]
[WARN] [1782990901.272] [/exploration_node]: [EV] [1782990901.272][    +11.5s][PLAN_TRAJ_EXP] GLOBAL result=NO_REACHABLE_VP | why: NO_PATH: 1 viewpoints exist but NONE reachable via topo graph (clusters=1, reachable_clusters=1) | clusters=1(reach 1) vp=1(reach 0) pipe[tot=1 dorm=0 unreach=0 cons=1 nocand=0 topo=0 novis=0 ok=1] tour=2n/9.0m goal=(0.8, 9.0, 0.7) t=14ms
[INFO] [1782990901.272] [/exploration_node]: [EV] [1782990901.272][    +11.5s][FINISH] STATE PLAN_TRAJ_EXP -> FINISH [planGlobalPath: no frontier] |  (prev x18/0.2s)
[WARN] [1782990901.272] [/exploration_node]: [EV] [1782990901.272][    +11.5s][FINISH] MISSION FINISH (premature? unreached clusters remain) | pos=(0.30, 0.00, 1.01) elapsed=11s clusters_left=1(reach 1) pipe[tot=1 dorm=0 unreach=0 cons=1 nocand=0 topo=0 novis=0 ok=1]
[INFO] [1782990901.272] [/exploration_node]: [32m[FINISH] exploration done -> hover 1.0s, then return home & land[0m
[INFO] [1782990901.498] [/exploration_node]: [EV] [1782990901.498][    +11.7s][FINISH] STATE FINISH -> FINISH [planGlobalPath: no frontier]
[WARN] [1782990901.711] [/exploration_node]: [EV] [1782990901.711][    +11.9s][FINISH] GLOBAL result=NO_VIEWPOINTS | why: NO_FRONTIER: 0 viewpoints (clusters=1, reachable_clusters=0) pipe[tot=1 dorm=0 unreach=0 cons=1 nocand=0 topo=1 novis=0 ok=0] | clusters=1(reach 0) vp=0(reach 0) pipe[tot=1 dorm=0 unreach=0 cons=1 nocand=0 topo=1 novis=0 ok=0] tour=2n/9.0m goal=(0.8, 9.0, 0.7) t=12ms (prev x1/0.2s)
[INFO] [1782990901.996] [/exploration_node]: [EV] [1782990901.996][    +12.2s][FINISH] BATT 23.5V | v=23.76V pct=74%
[INFO] [1782990902.280] [/exploration_node]: [EV] [1782990902.279][    +12.5s][PLAN_TRAJ_RTH] STATE FINISH -> PLAN_TRAJ_RTH [FINISH: hover done -> return home] |  (prev x3/0.6s)
[INFO] [1782990902.292] [/exploration_node]: [EV] [1782990902.292][    +12.5s][PLAN_TRAJ_RTH] RTH d2goal=0.0m | auto-home(xy) dist=0.40m tol=0.20m goal=(0.01, -0.01, 1.20)
[INFO] [1782990902.322] [/exploration_node]: [33m[Path Simplification] Reduced path from 4 to 2 nodes, 2 collision checks, 0.02 ms[0m
[INFO] [1782990902.322] [/exploration_node]:   Segment 1: 0.45 m
[INFO] [1782990902.328] [/exploration_node]: [EV] [1782990902.328][    +12.5s][PLAN_TRAJ_RTH] LOCAL RTH OK | t=36.3ms (prev x18/1.3s)
[INFO] [1782990902.328] [/exploration_node]: [EV] [1782990902.328][    +12.5s][EXEC_TRAJ] STATE PLAN_TRAJ_RTH -> EXEC_TRAJ [PLAN_TRAJ_RTH: plan success]
[INFO] [1782990902.341] [/traj_server]: [32m[Metrics] Mission started[0m
[INFO] [1782990902.384] [/exploration_node]: [33m[Path Simplification] Reduced path from 4 to 2 nodes, 2 collision checks, 0.02 ms[0m
[INFO] [1782990902.384] [/exploration_node]:   Segment 1: 0.45 m
[INFO] [1782990902.385] [/exploration_node]: [EV] [1782990902.385][    +12.6s][EXEC_TRAJ] GLOBAL result=RTH_PATH_OK | why: path to goal: 2 nodes / 0.4m (connected via 3) | clusters=1(reach 0) vp=0(reach 0) pipe[tot=1 dorm=0 unreach=0 cons=1 nocand=0 topo=1 novis=0 ok=0] tour=2n/0.4m goal=(0.0, -0.0, 1.2) t=34ms (prev x2/0.5s)
[INFO] [1782990902.385] [/exploration_node]: [EV] [1782990902.385][    +12.6s][PLAN_TRAJ_RTH] STATE EXEC_TRAJ -> PLAN_TRAJ_RTH [planGoalPath: succeed]
[INFO] [1782990902.387] [/traj_server]: [33m[Metrics] RTH mode activated at index 1 (current state: PLAN_TRAJ_RTH)[0m
[INFO] [1782990902.409] [/exploration_node]: [33m[Path Simplification] Reduced path from 4 to 2 nodes, 2 collision checks, 0.01 ms[0m
[INFO] [1782990902.409] [/exploration_node]:   Segment 1: 0.45 m
[INFO] [1782990903.042] [/exploration_node]: [33m[Path Simplification] Reduced path from 4 to 2 nodes, 2 collision checks, 0.02 ms[0m
[INFO] [1782990903.043] [/exploration_node]:   Segment 1: 0.45 m
[INFO] [1782990903.044] [/exploration_node]: [EV] [1782990903.044][    +13.2s][EXEC_TRAJ] GLOBAL result=RTH_PATH_OK | why: path to goal: 2 nodes / 0.5m (connected via 3) | clusters=1(reach 0) vp=0(reach 0) pipe[tot=1 dorm=0 unreach=1 cons=0 nocand=0 topo=0 novis=0 ok=0] tour=2n/0.5m goal=(0.0, -0.0, 1.2) t=17ms
[INFO] [1782990903.044] [/exploration_node]: [EV] [1782990903.044][    +13.2s][PLAN_TRAJ_RTH] RTH d2goal=0.0m | auto-home(xy) dist=0.41m tol=0.20m goal=(0.01, -0.01, 1.20) (x1)
[INFO] [1782990903.063] [/exploration_node]: [33m[Path Simplification] Reduced path from 4 to 2 nodes, 2 collision checks, 0.02 ms[0m
[INFO] [1782990903.063] [/exploration_node]:   Segment 1: 0.45 m
[INFO] [1782990903.086] [/mavros]: HP: requesting home position
[INFO] [1782990903.700] [/exploration_node]: [33m[Path Simplification] Reduced path from 4 to 2 nodes, 2 collision checks, 0.04 ms[0m
[INFO] [1782990903.700] [/exploration_node]:   Segment 1: 0.39 m
[INFO] [1782990903.703] [/exploration_node]: [EV] [1782990903.703][    +13.9s][PLAN_TRAJ_RTH] RTH d2goal=0.0m | auto-home(xy) dist=0.35m tol=0.20m goal=(0.01, -0.01, 1.20)
[INFO] [1782990903.722] [/exploration_node]: [33m[Path Simplification] Reduced path from 4 to 2 nodes, 2 collision checks, 0.05 ms[0m
[INFO] [1782990903.722] [/exploration_node]:   Segment 1: 0.39 m
[INFO] [1782990903.996] [/exploration_node]: [EV] [1782990903.996][    +14.2s][EXEC_TRAJ] BATT 23.5V | v=23.71V pct=70%
[INFO] [1782990904.364] [/exploration_node]: [33m[Path Simplification] Reduced path from 4 to 2 nodes, 2 collision checks, 0.03 ms[0m
[INFO] [1782990904.364] [/exploration_node]:   Segment 1: 0.20 m
[INFO] [1782990904.365] [/exploration_node]: [EV] [1782990904.365][    +14.5s][EXEC_TRAJ] GLOBAL result=RTH_PATH_OK | why: path to goal: 2 nodes / 0.2m (connected via 3) | clusters=1(reach 0) vp=0(reach 0) pipe[tot=0 dorm=0 unreach=0 cons=0 nocand=0 topo=0 novis=0 ok=0] tour=2n/0.2m goal=(0.0, -0.0, 1.2) t=18ms (prev cycle x1/1.3s)
[INFO] [1782990904.365] [/exploration_node]: [EV] [1782990904.365][    +14.5s][PLAN_TRAJ_RTH] RTH d2goal=0.0m | auto-home(xy) dist=0.19m tol=0.20m goal=(0.01, -0.01, 1.20)
[INFO] [1782990904.365] [/exploration_node]: [EV] [1782990904.365][    +14.5s][LAND] STATE PLAN_TRAJ_RTH -> LAND [RTH: home reached -> AUTO.LAND] |  (prev cycle x6/2.0s)
[INFO] [1782990904.365] [/exploration_node]: [32m[RTH] Home reached (xy 0.188 m) -> landing[0m
[INFO] [1782990904.365] [/traj_server]: [33m[Metrics] RTH distance received: 0.188 m, logging metrics...[0m
[INFO] [1782990904.366] [/traj_server]: [32m[Metrics] Mission Complete - Logged to /home/hmcl/.ros/epic_metrics.log[0m
[INFO] [1782990904.366] [/traj_server]: [36m  Mission time: 2.02 s[0m
[INFO] [1782990904.366] [/traj_server]: [36m  RTH distance to goal: 0.188 m[0m
[INFO] [1782990904.366] [/traj_server]: [36m  Avg speed (odometry): 0.173 m/s[0m
[INFO] [1782990904.366] [/traj_server]: [36m  Path length: 0.47 m[0m
[INFO] [1782990904.366] [/traj_server]: [36m  Avg speed (path/time): 0.231 m/s[0m
[INFO] [1782990904.366] [/traj_server]: [36m  Avg tracking error: 0.135 m[0m
[WARN] [1782990904.369] [/exploration_node]: [33m[LAND] AUTO.LAND requested[0m
[WARN] [1782990904.373] [/mavros]: CMD: Unexpected command 176, result 0
[WARN] [1782990904.391] [/mavros]: PositionTargetGlobal failed because no origin
[WARN] [1782990904.490] [/mavros]: PositionTargetGlobal failed because no origin
[WARN] [1782990904.592] [/mavros]: PositionTargetGlobal failed because no origin
[WARN] [1782990904.692] [/mavros]: PositionTargetGlobal failed because no origin
[WARN] [1782990904.790] [/mavros]: PositionTargetGlobal failed because no origin
[WARN] [1782990904.892] [/mavros]: PositionTargetGlobal failed because no origin
[WARN] [1782990904.992] [/mavros]: PositionTargetGlobal failed because no origin
[WARN] [1782990904.993] [/exploration_node]: [EV] [1782990904.993][    +15.2s][LAND] PX4 mode=AUTO.LAND armed=1 (LEFT OFFBOARD: pilot takeover or failsafe) | prev=OFFBOARD
[INFO] [1782990904.995] [/exploration_node]: [32m[LAND] PX4 in AUTO.LAND -> descending & auto-disarm[0m
[WARN] [1782990905.090] [/mavros]: PositionTargetGlobal failed because no origin
[WARN] [1782990905.192] [/mavros]: PositionTargetGlobal failed because no origin
[WARN] [1782990905.290] [/mavros]: PositionTargetGlobal failed because no origin
[WARN] [1782990905.393] [/mavros]: PositionTargetGlobal failed because no origin
[WARN] [1782990905.492] [/mavros]: PositionTargetGlobal failed because no origin
[WARN] [1782990905.591] [/mavros]: PositionTargetGlobal failed because no origin
[WARN] [1782990905.690] [/mavros]: PositionTargetGlobal failed because no origin
[WARN] [1782990905.790] [/mavros]: PositionTargetGlobal failed because no origin
[WARN] [1782990905.892] [/mavros]: PositionTargetGlobal failed because no origin
[WARN] [1782990905.992] [/mavros]: PositionTargetGlobal failed because no origin
[INFO] [1782990905.996] [/exploration_node]: [EV] [1782990905.995][    +16.2s][LAND] BATT 23.5V | v=23.76V pct=70%
[WARN] [1782990906.090] [/mavros]: PositionTargetGlobal failed because no origin
[WARN] [1782990906.191] [/mavros]: PositionTargetGlobal failed because no origin
[WARN] [1782990906.290] [/mavros]: PositionTargetGlobal failed because no origin
[WARN] [1782990906.390] [/mavros]: PositionTargetGlobal failed because no origin
[WARN] [1782990906.491] [/mavros]: PositionTargetGlobal failed because no origin
[WARN] [1782990906.590] [/mavros]: PositionTargetGlobal failed because no origin
[WARN] [1782990906.690] [/mavros]: PositionTargetGlobal failed because no origin
[WARN] [1782990906.788] [/mavros]: PositionTargetGlobal failed because no origin
[WARN] [1782990906.889] [/mavros]: PositionTargetGlobal failed because no origin
[WARN] [1782990906.989] [/mavros]: PositionTargetGlobal failed because no origin
[INFO] [1782990907.005] [/exploration_node]: [32m[LAND] PX4 in AUTO.LAND -> descending & auto-disarm[0m
[WARN] [1782990907.089] [/mavros]: PositionTargetGlobal failed because no origin
[WARN] [1782990907.188] [/mavros]: PositionTargetGlobal failed because no origin
[WARN] [1782990907.288] [/mavros]: PositionTargetGlobal failed because no origin
[WARN] [1782990907.389] [/mavros]: PositionTargetGlobal failed because no origin
[WARN] [1782990907.490] [/mavros]: PositionTargetGlobal failed because no origin
[WARN] [1782990907.588] [/mavros]: PositionTargetGlobal failed because no origin
[WARN] [1782990907.690] [/mavros]: PositionTargetGlobal failed because no origin
[WARN] [1782990907.791] [/mavros]: PositionTargetGlobal failed because no origin
[WARN] [1782990907.889] [/mavros]: PositionTargetGlobal failed because no origin
[WARN] [1782990907.990] [/mavros]: PositionTargetGlobal failed because no origin
[WARN] [1782990908.088] [/mavros]: PositionTargetGlobal failed because no origin
[WARN] [1782990908.188] [/mavros]: PositionTargetGlobal failed because no origin
[WARN] [1782990908.288] [/mavros]: PositionTargetGlobal failed because no origin
[WARN] [1782990908.388] [/mavros]: PositionTargetGlobal failed because no origin
[WARN] [1782990908.489] [/mavros]: PositionTargetGlobal failed because no origin
[WARN] [1782990908.588] [/mavros]: PositionTargetGlobal failed because no origin
[WARN] [1782990908.993] [/exploration_node]: [EV] [1782990908.993][    +19.2s][LAND] PX4 mode=OFFBOARD armed=0 | prev=AUTO.LAND
[INFO] [1782990908.995] [/exploration_node]: [EV] [1782990908.995][    +19.2s][LANDED] STATE LAND -> LANDED [LAND: touchdown & disarmed]
[INFO] [1782990909.005] [/exploration_node]: [EV] [1782990909.005][    +19.2s][LANDED] MISSION LANDED (mission complete, disarmed)
