# console (/rosout_agg) log for epic_2026-07-02-17-00-17.bag
# started at 2026-07-02-17-00-17
[INFO] [1782979217.270] [/record_on_goal]: [record_on_goal] event log -> /home/hmcl/stack1/src/EPIC_poongsan/src/EPIC/src/global_planner/exploration_manager/records/epic_2026-07-02-17-00-17/epic_2026-07-02-17-00-17.events.log
[INFO] [1782979218.275] [/mavros]: HP: requesting home position
[INFO] [1782979218.288] [/exploration_node]: [EV] [1782979218.287][     +2.1s][WAIT_TRIGGER] BATT 24.5V | v=24.82V pct=88%
[INFO] [1782979220.283] [/exploration_node]: [EV] [1782979220.283][     +4.1s][WAIT_TRIGGER] BATT 24.5V | v=24.83V pct=88%
[WARN] [1782979222.222] [/exploration_node]: wait for trigger.
[INFO] [1782979225.302] [/rvizvisualisation]: Setting goal: Frame:world, Position(0.950, -2.493, 0.000), Orientation(0.000, 0.000, 0.982, 0.186) = Angle: 2.766

[INFO] [1782979225.303] [/exploration_node]: [EV] [1782979225.303][     +0.0s][WAIT_TRIGGER] EVENT 2D-Nav-Goal trigger | trigger received | pos=(0.02, 0.12, 1.24)
[INFO] [1782979225.303] [/exploration_node]: [EV] [1782979225.303][     +0.0s][WAIT_TRIGGER] PARAM box | down=[-150, -150, 0.5] up=[150, 150, 2.5]
[INFO] [1782979225.303] [/exploration_node]: [EV] [1782979225.303][     +0.0s][WAIT_TRIGGER] PARAM corridor | DilateSoft=0.60 DilateHard=0.45 MaxCorridor=4.0 MaxVel=1.0 max_traj_len=10.0 safe_dist=0.60 bubble_min_r=0.61
[INFO] [1782979225.303] [/exploration_node]: [EV] [1782979225.303][     +0.0s][WAIT_TRIGGER] PARAM frontier | cell=0.40 cluster_sz=[1.0, 5.0] minpts=5 dphi=0.26 znum=3 good_dir_score=0.60
[INFO] [1782979225.303] [/exploration_node]: [EV] [1782979225.303][     +0.0s][WAIT_TRIGGER] PARAM viewpoint | pillar_r=[0.5, 2.0]x8 h=[-1.0, 1.0]x5 circle_n=4 local_tsp=12
[INFO] [1782979225.303] [/exploration_node]: [EV] [1782979225.303][     +0.0s][WAIT_TRIGGER] PARAM fsm | takeoff_h=1.25 goal_tol=0.10 replan_t=0.20 emerg_err=3.0 max_hz=30 avoid_to=0.5 auto_rth_land=1 rth_land_xy_tol=0.20 avoidance=1
[INFO] [1782979225.303] [/exploration_node]: [EV] [1782979225.303][     +0.0s][WAIT_TRIGGER] PARAM topics | odom=/Odometry cloud=/cloud_registered
[INFO] [1782979225.303] [/exploration_node]: [EV] [1782979225.303][     +0.0s][TAKEOFF_HOVER] STATE WAIT_TRIGGER -> TAKEOFF_HOVER [triggerCallback: takeoff & hover]
[INFO] [1782979225.623] [/exploration_node]: [EV] [1782979225.623][     +0.3s][PLAN_TRAJ_EXP] STATE TAKEOFF_HOVER -> PLAN_TRAJ_EXP [takeoff: altitude reached & stable -> explore]
[INFO] [1782979225.835] [/exploration_node]: [EV] [1782979225.835][     +0.5s][PLAN_TRAJ_EXP] GLOBAL result=OK | clusters=3(reach 2) vp=2(reach 2) pipe[tot=3 dorm=0 unreach=0 cons=3 nocand=0 topo=1 novis=0 ok=2] tour=3n/12.1m goal=(-1.0, -0.3, 1.0) t=20ms
[INFO] [1782979225.835] [/exploration_node]: [EV] [1782979225.835][     +0.5s][PLAN_TRAJ_EXP] STATE PLAN_TRAJ_EXP -> PLAN_TRAJ_EXP [planGlobalPath: succeed]
[INFO] [1782979225.871] [/exploration_node]: [EV] [1782979225.871][     +0.6s][PLAN_TRAJ_EXP] LOCAL EXP OK | t=33.5ms goal_d=1.2m
[INFO] [1782979225.871] [/exploration_node]: [EV] [1782979225.871][     +0.6s][EXEC_TRAJ] STATE PLAN_TRAJ_EXP -> EXEC_TRAJ [plan success: new traj pub]
[INFO] [1782979225.882] [/traj_server]: [32m[Metrics] Mission started[0m
[INFO] [1782979226.057] [/exploration_node]: [EV] [1782979226.057][     +0.8s][PLAN_TRAJ_EXP] STATE EXEC_TRAJ -> PLAN_TRAJ_EXP [planGlobalPath: succeed]
[INFO] [1782979227.354] [/exploration_node]: [EV] [1782979227.354][     +2.1s][EXEC_TRAJ] GLOBAL result=OK | clusters=3(reach 3) vp=3(reach 3) pipe[tot=3 dorm=0 unreach=0 cons=3 nocand=0 topo=0 novis=0 ok=3] tour=4n/12.2m goal=(-1.0, -0.3, 1.0) t=17ms (x2)
[WARN] [1782979227.991] [/exploration_node]: [local-plan] minco optimize failed
[WARN] [1782979228.023] [/exploration_node]: [EV] [1782979228.023][     +2.7s][PLAN_TRAJ_EXP] LOCAL EXP FAIL | why: minco optimize failed | t=33.4ms goal_d=1.2m (prev x3/1.9s)
[WARN] [1782979228.023] [/exploration_node]: [EV] [1782979228.023][     +2.7s][PLAN_TRAJ_EXP] STATE PLAN_TRAJ_EXP -> PLAN_TRAJ_EXP [PLAN_TRAJ_EXP: plan failed] |  (prev cycle x6/2.0s)
[INFO] [1782979228.222] [/exploration_node]: [EV] [1782979228.222][     +2.9s][PLAN_TRAJ_EXP] STATE PLAN_TRAJ_EXP -> PLAN_TRAJ_EXP [planGlobalPath: succeed] |  (prev x4/0.2s)
[INFO] [1782979228.275] [/mavros]: HP: requesting home position
[INFO] [1782979228.299] [/exploration_node]: [EV] [1782979228.299][     +3.0s][EXEC_TRAJ] STATE PLAN_TRAJ_EXP -> EXEC_TRAJ [plan success: new traj pub] |  (prev cycle x1/0.1s)
[INFO] [1782979228.302] [/exploration_node]: [EV] [1782979228.302][     +3.0s][EXEC_TRAJ] BATT 24.5V | v=24.82V pct=88% (x3)
[INFO] [1782979228.863] [/exploration_node]: [EV] [1782979228.863][     +3.6s][EXEC_TRAJ] GLOBAL result=OK | clusters=3(reach 3) vp=3(reach 3) pipe[tot=3 dorm=0 unreach=0 cons=3 nocand=0 topo=0 novis=0 ok=3] tour=4n/12.2m goal=(-1.0, -0.3, 1.0) t=21ms (x2)
[INFO] [1782979228.863] [/exploration_node]: [EV] [1782979228.863][     +3.6s][PLAN_TRAJ_EXP] STATE EXEC_TRAJ -> PLAN_TRAJ_EXP [planGlobalPath: succeed]
[INFO] [1782979230.129] [/exploration_node]: [EV] [1782979230.129][     +4.8s][EXEC_TRAJ] GLOBAL result=OK | clusters=3(reach 3) vp=3(reach 3) pipe[tot=3 dorm=0 unreach=0 cons=3 nocand=0 topo=0 novis=0 ok=3] tour=4n/12.2m goal=(-1.0, -0.3, 1.0) t=17ms (x1)
[INFO] [1782979230.285] [/exploration_node]: [EV] [1782979230.285][     +5.0s][EXEC_TRAJ] BATT 24.5V | v=24.83V pct=88%
[WARN] [1782979230.348] [/exploration_node]: [local-plan] minco optimize failed
[WARN] [1782979230.381] [/exploration_node]: [EV] [1782979230.380][     +5.1s][PLAN_TRAJ_EXP] STATE PLAN_TRAJ_EXP -> PLAN_TRAJ_EXP [PLAN_TRAJ_EXP: plan failed] |  (prev cycle x6/1.5s)
[WARN] [1782979230.424] [/exploration_node]: [EV] [1782979230.424][     +5.1s][PLAN_TRAJ_EXP] LOCAL EXP FAIL | why: minco optimize failed | t=33.4ms goal_d=1.2m (x8)
[INFO] [1782979230.579] [/exploration_node]: [EV] [1782979230.579][     +5.3s][PLAN_TRAJ_EXP] STATE PLAN_TRAJ_EXP -> PLAN_TRAJ_EXP [planGlobalPath: succeed] |  (prev x4/0.2s)
[INFO] [1782979230.657] [/exploration_node]: [EV] [1782979230.657][     +5.4s][EXEC_TRAJ] STATE PLAN_TRAJ_EXP -> EXEC_TRAJ [plan success: new traj pub] |  (prev cycle x1/0.1s)
[INFO] [1782979231.211] [/exploration_node]: [EV] [1782979231.211][     +5.9s][EXEC_TRAJ] GLOBAL result=OK | clusters=3(reach 3) vp=3(reach 3) pipe[tot=3 dorm=0 unreach=0 cons=3 nocand=0 topo=0 novis=0 ok=3] tour=4n/12.2m goal=(-1.0, -0.3, 1.0) t=16ms (x2)
[INFO] [1782979231.211] [/exploration_node]: [EV] [1782979231.211][     +5.9s][PLAN_TRAJ_EXP] STATE EXEC_TRAJ -> PLAN_TRAJ_EXP [planGlobalPath: succeed]
[INFO] [1782979232.482] [/exploration_node]: [EV] [1782979232.482][     +7.2s][EXEC_TRAJ] GLOBAL result=OK | clusters=3(reach 3) vp=3(reach 3) pipe[tot=3 dorm=0 unreach=0 cons=3 nocand=0 topo=0 novis=0 ok=3] tour=4n/12.3m goal=(-1.0, -0.3, 1.0) t=17ms (x1)
[WARN] [1782979232.699] [/exploration_node]: [local-plan] minco optimize failed
[WARN] [1782979232.732] [/exploration_node]: [EV] [1782979232.732][     +7.4s][PLAN_TRAJ_EXP] STATE PLAN_TRAJ_EXP -> PLAN_TRAJ_EXP [PLAN_TRAJ_EXP: plan failed] |  (prev cycle x6/1.5s)
[INFO] [1782979232.925] [/exploration_node]: [EV] [1782979232.925][     +7.6s][PLAN_TRAJ_EXP] STATE PLAN_TRAJ_EXP -> PLAN_TRAJ_EXP [planGlobalPath: succeed] |  (prev x4/0.1s)
[INFO] [1782979233.002] [/exploration_node]: [EV] [1782979233.002][     +7.7s][EXEC_TRAJ] STATE PLAN_TRAJ_EXP -> EXEC_TRAJ [plan success: new traj pub] |  (prev cycle x1/0.1s)
[ERROR] [1782979233.312] [/exploration_node]: [EV] [1782979233.312][     +8.0s][EXEC_TRAJ] STUCK no motion >8s in EXEC_TRAJ | last-local: OK | pos=(0.03, 0.12, 1.21) still=8s
[INFO] [1782979233.558] [/exploration_node]: [EV] [1782979233.558][     +8.3s][EXEC_TRAJ] GLOBAL result=OK | clusters=3(reach 3) vp=3(reach 3) pipe[tot=3 dorm=0 unreach=0 cons=3 nocand=0 topo=0 novis=0 ok=3] tour=4n/12.3m goal=(-1.0, -0.3, 1.0) t=20ms (x2)
[INFO] [1782979233.558] [/exploration_node]: [EV] [1782979233.558][     +8.3s][PLAN_TRAJ_EXP] STATE EXEC_TRAJ -> PLAN_TRAJ_EXP [planGlobalPath: succeed]
[ERROR] [1782979233.558] [/exploration_node]: [EV] [1782979233.558][     +8.3s][PLAN_TRAJ_EXP] STUCK no motion >8s in PLAN_TRAJ_EXP | last-local: OK | pos=(0.03, 0.12, 1.20) still=8s (prev x22/0.2s)
[INFO] [1782979234.872] [/exploration_node]: [EV] [1782979234.872][     +9.6s][EXEC_TRAJ] GLOBAL result=OK | clusters=3(reach 3) vp=3(reach 3) pipe[tot=3 dorm=0 unreach=0 cons=3 nocand=0 topo=0 novis=0 ok=3] tour=4n/12.3m goal=(-1.0, -0.3, 1.0) t=22ms (x1)
[WARN] [1782979235.095] [/exploration_node]: [local-plan] minco optimize failed
[WARN] [1782979235.128] [/exploration_node]: [EV] [1782979235.128][     +9.8s][PLAN_TRAJ_EXP] STATE PLAN_TRAJ_EXP -> PLAN_TRAJ_EXP [PLAN_TRAJ_EXP: plan failed] |  (prev cycle x6/1.6s)
[ERROR] [1782979235.138] [/exploration_node]: [EV] [1782979235.138][     +9.8s][PLAN_TRAJ_EXP] STUCK no motion >8s in PLAN_TRAJ_EXP | last-local: minco optimize failed | pos=(-0.05, 0.19, 1.23) still=10s (prev cycle x6/1.6s)
[WARN] [1782979235.218] [/exploration_node]: [EV] [1782979235.218][     +9.9s][PLAN_TRAJ_EXP] LOCAL EXP FAIL | why: minco optimize failed | t=36.7ms goal_d=1.1m (x16)
[INFO] [1782979235.335] [/exploration_node]: [EV] [1782979235.335][    +10.0s][PLAN_TRAJ_EXP] STATE PLAN_TRAJ_EXP -> PLAN_TRAJ_EXP [planGlobalPath: succeed] |  (prev x4/0.2s)
[INFO] [1782979235.412] [/exploration_node]: [EV] [1782979235.412][    +10.1s][EXEC_TRAJ] STATE PLAN_TRAJ_EXP -> EXEC_TRAJ [plan success: new traj pub] |  (prev cycle x1/0.1s)
[ERROR] [1782979235.423] [/exploration_node]: [EV] [1782979235.423][    +10.1s][EXEC_TRAJ] STUCK no motion >8s in EXEC_TRAJ | last-local: OK | pos=(-0.09, 0.14, 1.21) still=10s (prev x5/0.2s)
[INFO] [1782979235.967] [/exploration_node]: [EV] [1782979235.967][    +10.7s][EXEC_TRAJ] GLOBAL result=OK | clusters=3(reach 3) vp=3(reach 3) pipe[tot=3 dorm=0 unreach=0 cons=3 nocand=0 topo=0 novis=0 ok=3] tour=4n/12.1m goal=(-1.0, -0.3, 1.0) t=17ms (x2)
[INFO] [1782979235.967] [/exploration_node]: [EV] [1782979235.967][    +10.7s][PLAN_TRAJ_EXP] STATE EXEC_TRAJ -> PLAN_TRAJ_EXP [planGlobalPath: succeed]
[ERROR] [1782979235.967] [/exploration_node]: [EV] [1782979235.967][    +10.7s][PLAN_TRAJ_EXP] STUCK no motion >8s in PLAN_TRAJ_EXP | last-local: OK | pos=(-0.17, -0.00, 1.20) still=11s (prev x52/0.5s)
[INFO] [1782979237.238] [/exploration_node]: [EV] [1782979237.238][    +11.9s][EXEC_TRAJ] GLOBAL result=OK | clusters=3(reach 3) vp=3(reach 3) pipe[tot=3 dorm=0 unreach=0 cons=3 nocand=0 topo=0 novis=0 ok=3] tour=4n/12.2m goal=(-1.0, -0.3, 1.0) t=23ms (x1)
[WARN] [1782979237.454] [/exploration_node]: [local-plan] minco optimize failed
[WARN] [1782979237.487] [/exploration_node]: [EV] [1782979237.487][    +12.2s][PLAN_TRAJ_EXP] STATE PLAN_TRAJ_EXP -> PLAN_TRAJ_EXP [PLAN_TRAJ_EXP: plan failed] |  (prev cycle x6/1.5s)
[WARN] [1782979237.578] [/exploration_node]: [EV] [1782979237.578][    +12.3s][PLAN_TRAJ_EXP] LOCAL EXP FAIL | why: minco optimize failed | t=37.2ms goal_d=1.0m (x7)
[INFO] [1782979237.688] [/exploration_node]: [EV] [1782979237.688][    +12.4s][PLAN_TRAJ_EXP] STATE PLAN_TRAJ_EXP -> PLAN_TRAJ_EXP [planGlobalPath: succeed] |  (prev x4/0.2s)
[INFO] [1782979237.767] [/exploration_node]: [EV] [1782979237.767][    +12.5s][EXEC_TRAJ] STATE PLAN_TRAJ_EXP -> EXEC_TRAJ [plan success: new traj pub] |  (prev cycle x1/0.1s)
[INFO] [1782979238.275] [/mavros]: HP: requesting home position
[INFO] [1782979238.317] [/exploration_node]: [EV] [1782979238.317][    +13.0s][EXEC_TRAJ] GLOBAL result=OK | clusters=3(reach 3) vp=3(reach 3) pipe[tot=3 dorm=0 unreach=0 cons=3 nocand=0 topo=0 novis=0 ok=3] tour=4n/12.3m goal=(-1.0, -0.3, 1.0) t=17ms (x2)
[INFO] [1782979238.317] [/exploration_node]: [EV] [1782979238.317][    +13.0s][PLAN_TRAJ_EXP] STATE EXEC_TRAJ -> PLAN_TRAJ_EXP [planGlobalPath: succeed]
[INFO] [1782979239.610] [/exploration_node]: [EV] [1782979239.610][    +14.3s][EXEC_TRAJ] GLOBAL result=OK | clusters=3(reach 3) vp=3(reach 3) pipe[tot=3 dorm=0 unreach=0 cons=3 nocand=0 topo=0 novis=0 ok=3] tour=4n/12.3m goal=(-1.0, -0.3, 1.0) t=21ms (x1)
[WARN] [1782979239.828] [/exploration_node]: [local-plan] minco optimize failed
[WARN] [1782979239.861] [/exploration_node]: [EV] [1782979239.861][    +14.6s][PLAN_TRAJ_EXP] STATE PLAN_TRAJ_EXP -> PLAN_TRAJ_EXP [PLAN_TRAJ_EXP: plan failed] |  (prev cycle x6/1.5s)
[WARN] [1782979239.993] [/exploration_node]: [EV] [1782979239.993][    +14.7s][PLAN_TRAJ_EXP] LOCAL EXP FAIL | why: minco optimize failed | t=34.7ms goal_d=1.1m (x8)
[INFO] [1782979240.068] [/exploration_node]: [EV] [1782979240.068][    +14.8s][PLAN_TRAJ_EXP] STATE PLAN_TRAJ_EXP -> PLAN_TRAJ_EXP [planGlobalPath: succeed] |  (prev x4/0.2s)
[INFO] [1782979240.146] [/exploration_node]: [EV] [1782979240.146][    +14.8s][EXEC_TRAJ] STATE PLAN_TRAJ_EXP -> EXEC_TRAJ [plan success: new traj pub] |  (prev cycle x1/0.1s)
[INFO] [1782979240.277] [/exploration_node]: [EV] [1782979240.277][    +15.0s][EXEC_TRAJ] BATT 24.5V | v=24.82V pct=88% (x4)
[INFO] [1782979240.696] [/exploration_node]: [EV] [1782979240.696][    +15.4s][EXEC_TRAJ] GLOBAL result=OK | clusters=3(reach 3) vp=3(reach 3) pipe[tot=3 dorm=0 unreach=0 cons=3 nocand=0 topo=0 novis=0 ok=3] tour=4n/12.3m goal=(-1.0, -0.3, 1.0) t=16ms (x2)
[INFO] [1782979240.696] [/exploration_node]: [EV] [1782979240.696][    +15.4s][PLAN_TRAJ_EXP] STATE EXEC_TRAJ -> PLAN_TRAJ_EXP [planGlobalPath: succeed]
[INFO] [1782979241.951] [/exploration_node]: [EV] [1782979241.951][    +16.6s][EXEC_TRAJ] GLOBAL result=OK | clusters=3(reach 3) vp=3(reach 3) pipe[tot=3 dorm=0 unreach=0 cons=3 nocand=0 topo=0 novis=0 ok=3] tour=4n/12.6m goal=(-1.0, -0.3, 1.0) t=17ms (x1)
[WARN] [1782979242.169] [/exploration_node]: [local-plan] minco optimize failed
[WARN] [1782979242.201] [/exploration_node]: [EV] [1782979242.201][    +16.9s][PLAN_TRAJ_EXP] STATE PLAN_TRAJ_EXP -> PLAN_TRAJ_EXP [PLAN_TRAJ_EXP: plan failed] |  (prev cycle x6/1.5s)
[WARN] [1782979242.245] [/exploration_node]: [EV] [1782979242.245][    +16.9s][PLAN_TRAJ_EXP] LOCAL EXP FAIL | why: minco optimize failed | t=33.4ms goal_d=1.2m (x5)
[INFO] [1782979242.290] [/exploration_node]: [EV] [1782979242.290][    +17.0s][PLAN_TRAJ_EXP] BATT 24.5V | v=24.83V pct=88%
[INFO] [1782979242.398] [/exploration_node]: [EV] [1782979242.398][    +17.1s][PLAN_TRAJ_EXP] STATE PLAN_TRAJ_EXP -> PLAN_TRAJ_EXP [planGlobalPath: succeed] |  (prev x4/0.2s)
[INFO] [1782979242.477] [/exploration_node]: [EV] [1782979242.477][    +17.2s][EXEC_TRAJ] STATE PLAN_TRAJ_EXP -> EXEC_TRAJ [plan success: new traj pub] |  (prev cycle x1/0.1s)
[INFO] [1782979243.043] [/exploration_node]: [EV] [1782979243.043][    +17.7s][EXEC_TRAJ] GLOBAL result=OK | clusters=3(reach 2) vp=2(reach 2) pipe[tot=3 dorm=0 unreach=0 cons=3 nocand=0 topo=0 novis=1 ok=2] tour=3n/12.1m goal=(-1.0, -0.3, 1.0) t=32ms (x2)
[INFO] [1782979243.043] [/exploration_node]: [EV] [1782979243.043][    +17.7s][PLAN_TRAJ_EXP] STATE EXEC_TRAJ -> PLAN_TRAJ_EXP [planGlobalPath: succeed]
[INFO] [1782979244.302] [/exploration_node]: [EV] [1782979244.302][    +19.0s][EXEC_TRAJ] GLOBAL result=OK | clusters=3(reach 2) vp=2(reach 2) pipe[tot=3 dorm=0 unreach=1 cons=2 nocand=0 topo=0 novis=0 ok=2] tour=3n/12.1m goal=(-1.0, -0.3, 1.0) t=16ms (x1)
[WARN] [1782979244.733] [/exploration_node]: [local-plan] minco optimize failed
[WARN] [1782979244.766] [/exploration_node]: [EV] [1782979244.766][    +19.5s][PLAN_TRAJ_EXP] STATE PLAN_TRAJ_EXP -> PLAN_TRAJ_EXP [PLAN_TRAJ_EXP: plan failed] |  (prev cycle x6/1.7s)
[WARN] [1782979244.941] [/exploration_node]: [EV] [1782979244.941][    +19.6s][PLAN_TRAJ_EXP] LOCAL EXP FAIL | why: minco optimize failed | t=33.4ms goal_d=1.3m (x10)
[INFO] [1782979244.968] [/exploration_node]: [EV] [1782979244.968][    +19.7s][PLAN_TRAJ_EXP] STATE PLAN_TRAJ_EXP -> PLAN_TRAJ_EXP [planGlobalPath: succeed] |  (prev x4/0.2s)
[INFO] [1782979245.047] [/exploration_node]: [EV] [1782979245.047][    +19.7s][EXEC_TRAJ] STATE PLAN_TRAJ_EXP -> EXEC_TRAJ [plan success: new traj pub] |  (prev cycle x1/0.1s)
[INFO] [1782979245.617] [/exploration_node]: [EV] [1782979245.617][    +20.3s][EXEC_TRAJ] GLOBAL result=OK | clusters=3(reach 2) vp=2(reach 2) pipe[tot=3 dorm=0 unreach=1 cons=2 nocand=0 topo=0 novis=0 ok=2] tour=3n/12.4m goal=(-1.0, -0.3, 1.0) t=19ms (x2)
[INFO] [1782979245.617] [/exploration_node]: [EV] [1782979245.617][    +20.3s][PLAN_TRAJ_EXP] STATE EXEC_TRAJ -> PLAN_TRAJ_EXP [planGlobalPath: succeed]
[INFO] [1782979246.285] [/exploration_node]: [EV] [1782979246.285][    +21.0s][EXEC_TRAJ] BATT 24.5V | v=24.82V pct=88% (x1)
[INFO] [1782979246.879] [/exploration_node]: [EV] [1782979246.879][    +21.6s][EXEC_TRAJ] GLOBAL result=OK | clusters=1(reach 1) vp=1(reach 1) pipe[tot=1 dorm=0 unreach=0 cons=1 nocand=0 topo=0 novis=0 ok=1] tour=2n/9.3m goal=(0.6, 0.3, 1.3) t=17ms (x1)
[INFO] [1782979248.140] [/exploration_node]: [EV] [1782979248.139][    +22.8s][EXEC_TRAJ] GLOBAL result=OK | clusters=1(reach 1) vp=1(reach 1) pipe[tot=1 dorm=0 unreach=0 cons=1 nocand=0 topo=0 novis=0 ok=1] tour=2n/9.4m goal=(9.6, 1.9, 0.7) t=13ms (x1)
[INFO] [1782979248.275] [/mavros]: HP: requesting home position
[INFO] [1782979248.277] [/exploration_node]: [EV] [1782979248.277][    +23.0s][EXEC_TRAJ] BATT 24.5V | v=24.83V pct=88%
[INFO] [1782979249.396] [/exploration_node]: [EV] [1782979249.396][    +24.1s][EXEC_TRAJ] GLOBAL result=OK | clusters=1(reach 1) vp=1(reach 1) pipe[tot=1 dorm=0 unreach=0 cons=1 nocand=0 topo=0 novis=0 ok=1] tour=2n/9.6m goal=(9.6, 1.9, 0.7) t=5ms (x1)
[INFO] [1782979250.049] [/exploration_node]: [EV] [1782979250.049][    +24.7s][PLAN_TRAJ_EXP] LOCAL EXP OK | t=33.4ms goal_d=9.6m (x8)
[INFO] [1782979250.618] [/exploration_node]: [EV] [1782979250.618][    +25.3s][EXEC_TRAJ] GLOBAL result=OK | clusters=1(reach 1) vp=1(reach 1) pipe[tot=1 dorm=0 unreach=0 cons=1 nocand=0 topo=0 novis=0 ok=1] tour=2n/9.7m goal=(9.6, 1.9, 0.7) t=4ms (x1)
[INFO] [1782979251.849] [/exploration_node]: [EV] [1782979251.849][    +26.5s][EXEC_TRAJ] GLOBAL result=OK | clusters=1(reach 1) vp=1(reach 1) pipe[tot=1 dorm=0 unreach=0 cons=1 nocand=0 topo=0 novis=0 ok=1] tour=2n/9.7m goal=(9.6, 1.9, 0.7) t=13ms (x1)
[WARN] [1782979252.509] [/exploration_node]: [31m[EMERGENCY] control error 3.02 m > 3.00 m -> replan from current pose[0m
[WARN] [1782979252.509] [/exploration_node]: [EV] [1782979252.509][    +27.2s][PLAN_TRAJ_EXP] STATE EXEC_TRAJ -> PLAN_TRAJ_EXP [emergency: control error] |  (prev cycle x23/6.9s)
[INFO] [1782979253.123] [/exploration_node]: [EV] [1782979253.123][    +27.8s][EXEC_TRAJ] GLOBAL result=OK | clusters=1(reach 1) vp=1(reach 1) pipe[tot=1 dorm=0 unreach=0 cons=1 nocand=0 topo=0 novis=0 ok=1] tour=2n/9.6m goal=(9.6, 1.9, 0.7) t=35ms (x1)
[INFO] [1782979253.123] [/exploration_node]: [EV] [1782979253.123][    +27.8s][PLAN_TRAJ_EXP] STATE EXEC_TRAJ -> PLAN_TRAJ_EXP [planGlobalPath: succeed] |  (prev cycle x1/0.6s)
[INFO] [1782979254.412] [/exploration_node]: [EV] [1782979254.412][    +29.1s][EXEC_TRAJ] GLOBAL result=OK | clusters=1(reach 1) vp=1(reach 1) pipe[tot=1 dorm=0 unreach=0 cons=1 nocand=0 topo=0 novis=0 ok=1] tour=2n/9.1m goal=(9.6, 1.9, 0.7) t=5ms (x1)
[INFO] [1782979255.066] [/exploration_node]: [EV] [1782979255.066][    +29.8s][PLAN_TRAJ_EXP] LOCAL EXP OK | t=33.5ms goal_d=8.7m (x8)
[WARN] [1782979255.658] [/exploration_node]: [EV] [1782979255.658][    +30.4s][EXEC_TRAJ] GLOBAL result=NO_VIEWPOINTS | why: NO_FRONTIER: 0 viewpoints (clusters=0, reachable_clusters=0) pipe[tot=0 dorm=0 unreach=0 cons=0 nocand=0 topo=0 novis=0 ok=0] | clusters=0(reach 0) vp=0(reach 0) pipe[tot=0 dorm=0 unreach=0 cons=0 nocand=0 topo=0 novis=0 ok=0] tour=2n/8.8m goal=(9.6, 1.9, 0.7) t=12ms (prev x1/0.6s)
[INFO] [1782979255.658] [/exploration_node]: [EV] [1782979255.658][    +30.4s][FINISH] STATE EXEC_TRAJ -> FINISH [planGlobalPath: no frontier] |  (prev cycle x7/2.5s)
[INFO] [1782979255.658] [/exploration_node]: [EV] [1782979255.658][    +30.4s][FINISH] MISSION FINISH (map fully explored) | pos=(1.44, 0.05, 1.43) elapsed=30s clusters_left=0(reach 0) pipe[tot=0 dorm=0 unreach=0 cons=0 nocand=0 topo=0 novis=0 ok=0]
[INFO] [1782979255.659] [/exploration_node]: [32m[FINISH] exploration done -> hover 1.0s, then return home & land[0m
[INFO] [1782979255.868] [/exploration_node]: [EV] [1782979255.868][    +30.6s][FINISH] STATE FINISH -> FINISH [planGlobalPath: no frontier]
[INFO] [1782979256.660] [/exploration_node]: [EV] [1782979256.660][    +31.4s][PLAN_TRAJ_RTH] STATE FINISH -> PLAN_TRAJ_RTH [FINISH: hover done -> return home] |  (prev x3/0.6s)
[INFO] [1782979256.666] [/exploration_node]: [EV] [1782979256.666][    +31.4s][PLAN_TRAJ_RTH] RTH d2goal=1.5m | auto-home(xy) dist=1.81m tol=0.20m goal=(0.02, 0.12, 1.25)
[INFO] [1782979256.666] [/traj_server]: [33m[Metrics] RTH mode activated at index 614 (current state: PLAN_TRAJ_RTH)[0m
[INFO] [1782979256.678] [/exploration_node]: [33m[Path Simplification] Reduced path from 4 to 2 nodes, 2 collision checks, 0.03 ms[0m
[INFO] [1782979256.678] [/exploration_node]:   Segment 1: 1.83 m
[INFO] [1782979256.700] [/exploration_node]: [EV] [1782979256.700][    +31.4s][PLAN_TRAJ_RTH] LOCAL RTH OK | t=33.4ms (prev cycle x15/28.7s)
[INFO] [1782979256.700] [/exploration_node]: [EV] [1782979256.700][    +31.4s][EXEC_TRAJ] STATE PLAN_TRAJ_RTH -> EXEC_TRAJ [PLAN_TRAJ_RTH: plan success]
[INFO] [1782979257.341] [/exploration_node]: [33m[Path Simplification] Reduced path from 4 to 2 nodes, 2 collision checks, 0.04 ms[0m
[INFO] [1782979257.341] [/exploration_node]:   Segment 1: 2.16 m
[INFO] [1782979257.342] [/exploration_node]: [EV] [1782979257.342][    +32.0s][EXEC_TRAJ] GLOBAL result=RTH_PATH_OK | why: path to goal: 2 nodes / 2.2m (connected via 4) | clusters=0(reach 0) vp=0(reach 0) pipe[tot=0 dorm=0 unreach=0 cons=0 nocand=0 topo=0 novis=0 ok=0] tour=2n/2.2m goal=(0.0, 0.1, 1.2) t=13ms (prev x4/1.5s)
[INFO] [1782979257.342] [/exploration_node]: [EV] [1782979257.342][    +32.0s][PLAN_TRAJ_RTH] STATE EXEC_TRAJ -> PLAN_TRAJ_RTH [planGoalPath: succeed]
[INFO] [1782979257.342] [/exploration_node]: [EV] [1782979257.342][    +32.0s][PLAN_TRAJ_RTH] RTH d2goal=2.0m | auto-home(xy) dist=2.14m tol=0.20m goal=(0.02, 0.12, 1.25)
[INFO] [1782979257.354] [/exploration_node]: [33m[Path Simplification] Reduced path from 4 to 2 nodes, 2 collision checks, 0.04 ms[0m
[INFO] [1782979257.355] [/exploration_node]:   Segment 1: 2.16 m
[INFO] [1782979257.970] [/exploration_node]: [33m[Path Simplification] Reduced path from 4 to 2 nodes, 2 collision checks, 0.04 ms[0m
[INFO] [1782979257.970] [/exploration_node]:   Segment 1: 2.39 m
[INFO] [1782979257.972] [/exploration_node]: [EV] [1782979257.972][    +32.7s][EXEC_TRAJ] GLOBAL result=RTH_PATH_OK | why: path to goal: 2 nodes / 2.4m (connected via 4) | clusters=0(reach 0) vp=0(reach 0) pipe[tot=0 dorm=0 unreach=0 cons=0 nocand=0 topo=0 novis=0 ok=0] tour=2n/2.4m goal=(0.0, 0.1, 1.2) t=14ms
[INFO] [1782979257.972] [/exploration_node]: [EV] [1782979257.972][    +32.7s][PLAN_TRAJ_RTH] RTH d2goal=2.0m | auto-home(xy) dist=2.38m tol=0.20m goal=(0.02, 0.12, 1.25)
[INFO] [1782979257.984] [/exploration_node]: [33m[Path Simplification] Reduced path from 4 to 2 nodes, 2 collision checks, 0.05 ms[0m
[INFO] [1782979257.984] [/exploration_node]:   Segment 1: 2.39 m
[INFO] [1782979258.274] [/exploration_node]: [EV] [1782979258.274][    +33.0s][EXEC_TRAJ] BATT 24.5V | v=24.82V pct=88% (x4)
[INFO] [1782979258.276] [/mavros]: HP: requesting home position
[INFO] [1782979258.618] [/exploration_node]: [33m[Path Simplification] Reduced path from 4 to 2 nodes, 2 collision checks, 0.05 ms[0m
[INFO] [1782979258.619] [/exploration_node]:   Segment 1: 2.60 m
[INFO] [1782979258.620] [/exploration_node]: [EV] [1782979258.620][    +33.3s][EXEC_TRAJ] GLOBAL result=RTH_PATH_OK | why: path to goal: 2 nodes / 2.6m (connected via 4) | clusters=0(reach 0) vp=0(reach 0) pipe[tot=0 dorm=0 unreach=0 cons=0 nocand=0 topo=0 novis=0 ok=0] tour=2n/2.6m goal=(0.0, 0.1, 1.2) t=15ms
[INFO] [1782979258.621] [/exploration_node]: [EV] [1782979258.621][    +33.3s][PLAN_TRAJ_RTH] RTH d2goal=2.5m | auto-home(xy) dist=2.59m tol=0.20m goal=(0.02, 0.12, 1.25)
[INFO] [1782979258.634] [/exploration_node]: [33m[Path Simplification] Reduced path from 4 to 2 nodes, 2 collision checks, 0.04 ms[0m
[INFO] [1782979258.634] [/exploration_node]:   Segment 1: 2.60 m
[INFO] [1782979259.261] [/exploration_node]: [33m[Path Simplification] Reduced path from 4 to 2 nodes, 2 collision checks, 0.05 ms[0m
[INFO] [1782979259.262] [/exploration_node]:   Segment 1: 2.72 m
[INFO] [1782979259.263] [/exploration_node]: [EV] [1782979259.263][    +34.0s][EXEC_TRAJ] GLOBAL result=RTH_PATH_OK | why: path to goal: 2 nodes / 2.7m (connected via 4) | clusters=0(reach 0) vp=0(reach 0) pipe[tot=0 dorm=0 unreach=0 cons=0 nocand=0 topo=0 novis=0 ok=0] tour=2n/2.7m goal=(0.0, 0.1, 1.2) t=14ms
[INFO] [1782979259.263] [/exploration_node]: [EV] [1782979259.263][    +34.0s][PLAN_TRAJ_RTH] RTH d2goal=2.5m | auto-home(xy) dist=2.72m tol=0.20m goal=(0.02, 0.12, 1.25)
[INFO] [1782979259.276] [/exploration_node]: [33m[Path Simplification] Reduced path from 4 to 2 nodes, 2 collision checks, 0.05 ms[0m
[INFO] [1782979259.276] [/exploration_node]:   Segment 1: 2.72 m
[INFO] [1782979259.908] [/exploration_node]: [33m[Path Simplification] Reduced path from 4 to 2 nodes, 2 collision checks, 0.09 ms[0m
[INFO] [1782979259.908] [/exploration_node]:   Segment 1: 2.77 m
[INFO] [1782979259.909] [/exploration_node]: [EV] [1782979259.909][    +34.6s][EXEC_TRAJ] GLOBAL result=RTH_PATH_OK | why: path to goal: 2 nodes / 2.8m (connected via 4) | clusters=0(reach 0) vp=0(reach 0) pipe[tot=0 dorm=0 unreach=0 cons=0 nocand=0 topo=0 novis=0 ok=0] tour=2n/2.8m goal=(0.0, 0.1, 1.2) t=14ms
[INFO] [1782979259.909] [/exploration_node]: [EV] [1782979259.909][    +34.6s][PLAN_TRAJ_RTH] RTH d2goal=2.5m | auto-home(xy) dist=2.76m tol=0.20m goal=(0.02, 0.12, 1.25)
[INFO] [1782979259.920] [/exploration_node]: [33m[Path Simplification] Reduced path from 4 to 2 nodes, 2 collision checks, 0.03 ms[0m
[INFO] [1782979259.920] [/exploration_node]:   Segment 1: 2.77 m
[WARN] [1782979259.926] [/exploration_node]: [local-plan] minco optimize failed
[WARN] [1782979259.926] [/exploration_node]: [RTH] local plan failed: minco optimize failed
[WARN] [1782979259.943] [/exploration_node]: [EV] [1782979259.942][    +34.6s][PLAN_TRAJ_RTH] LOCAL RTH FAIL | why: minco optimize failed | t=33.5ms (prev x4/2.6s)
[WARN] [1782979259.943] [/exploration_node]: [EV] [1782979259.943][    +34.6s][PLAN_TRAJ_RTH] STATE PLAN_TRAJ_RTH -> PLAN_TRAJ_RTH [PLAN_TRAJ_RTH: plan failed] |  (prev cycle x8/2.6s)
[INFO] [1782979259.963] [/exploration_node]: [33m[Path Simplification] Reduced path from 4 to 2 nodes, 2 collision checks, 0.04 ms[0m
[INFO] [1782979259.963] [/exploration_node]:   Segment 1: 2.77 m
[INFO] [1782979260.007] [/exploration_node]: [33m[Path Simplification] Reduced path from 4 to 2 nodes, 2 collision checks, 0.04 ms[0m
[INFO] [1782979260.007] [/exploration_node]:   Segment 1: 2.77 m
[INFO] [1782979260.054] [/exploration_node]: [33m[Path Simplification] Reduced path from 4 to 2 nodes, 2 collision checks, 0.05 ms[0m
[INFO] [1782979260.054] [/exploration_node]:   Segment 1: 2.77 m
[INFO] [1782979260.100] [/exploration_node]: [33m[Path Simplification] Reduced path from 4 to 2 nodes, 2 collision checks, 0.05 ms[0m
[INFO] [1782979260.100] [/exploration_node]:   Segment 1: 2.77 m
[INFO] [1782979260.143] [/exploration_node]: [33m[Path Simplification] Reduced path from 4 to 2 nodes, 2 collision checks, 0.04 ms[0m
[INFO] [1782979260.143] [/exploration_node]:   Segment 1: 2.77 m
[INFO] [1782979260.144] [/exploration_node]: [EV] [1782979260.144][    +34.8s][PLAN_TRAJ_RTH] STATE PLAN_TRAJ_RTH -> PLAN_TRAJ_RTH [planGoalPath: succeed] |  (prev x4/0.2s)
[INFO] [1782979260.147] [/exploration_node]: [EV] [1782979260.147][    +34.8s][PLAN_TRAJ_RTH] RTH d2goal=2.5m | auto-home(xy) dist=2.75m tol=0.20m goal=(0.02, 0.12, 1.25) (x4)
[INFO] [1782979260.160] [/exploration_node]: [33m[Path Simplification] Reduced path from 4 to 2 nodes, 2 collision checks, 0.04 ms[0m
[INFO] [1782979260.160] [/exploration_node]:   Segment 1: 2.76 m
[INFO] [1782979260.204] [/exploration_node]: [33m[Path Simplification] Reduced path from 4 to 2 nodes, 2 collision checks, 0.04 ms[0m
[INFO] [1782979260.204] [/exploration_node]:   Segment 1: 2.76 m
[INFO] [1782979260.225] [/exploration_node]: [EV] [1782979260.225][    +34.9s][EXEC_TRAJ] STATE PLAN_TRAJ_RTH -> EXEC_TRAJ [PLAN_TRAJ_RTH: plan success] |  (prev cycle x1/0.1s)
[INFO] [1782979260.273] [/exploration_node]: [EV] [1782979260.273][    +35.0s][EXEC_TRAJ] BATT 24.5V | v=24.83V pct=88%
[INFO] [1782979260.796] [/exploration_node]: [33m[Path Simplification] Reduced path from 4 to 2 nodes, 2 collision checks, 0.06 ms[0m
[INFO] [1782979260.796] [/exploration_node]:   Segment 1: 2.76 m
[INFO] [1782979260.797] [/exploration_node]: [EV] [1782979260.797][    +35.5s][PLAN_TRAJ_RTH] STATE EXEC_TRAJ -> PLAN_TRAJ_RTH [planGoalPath: succeed]
[INFO] [1782979260.810] [/exploration_node]: [33m[Path Simplification] Reduced path from 4 to 2 nodes, 2 collision checks, 0.04 ms[0m
[INFO] [1782979260.811] [/exploration_node]:   Segment 1: 2.76 m
[INFO] [1782979261.412] [/exploration_node]: [33m[Path Simplification] Reduced path from 4 to 2 nodes, 2 collision checks, 0.04 ms[0m
[INFO] [1782979261.412] [/exploration_node]:   Segment 1: 2.77 m
[INFO] [1782979261.413] [/exploration_node]: [EV] [1782979261.413][    +36.1s][EXEC_TRAJ] GLOBAL result=RTH_PATH_OK | why: path to goal: 2 nodes / 2.8m (connected via 4) | clusters=0(reach 0) vp=0(reach 0) pipe[tot=0 dorm=0 unreach=0 cons=0 nocand=0 topo=0 novis=0 ok=0] tour=2n/2.8m goal=(0.0, 0.1, 1.2) t=12ms (x2)
[INFO] [1782979261.413] [/exploration_node]: [EV] [1782979261.413][    +36.1s][PLAN_TRAJ_RTH] RTH d2goal=2.5m | auto-home(xy) dist=2.76m tol=0.20m goal=(0.02, 0.12, 1.25) (x2)
[INFO] [1782979261.427] [/exploration_node]: [33m[Path Simplification] Reduced path from 4 to 2 nodes, 2 collision checks, 0.05 ms[0m
[INFO] [1782979261.427] [/exploration_node]:   Segment 1: 2.77 m
[INFO] [1782979262.032] [/exploration_node]: [33m[Path Simplification] Reduced path from 4 to 2 nodes, 2 collision checks, 0.05 ms[0m
[INFO] [1782979262.033] [/exploration_node]:   Segment 1: 2.77 m
[INFO] [1782979262.047] [/exploration_node]: [33m[Path Simplification] Reduced path from 4 to 2 nodes, 2 collision checks, 0.04 ms[0m
[INFO] [1782979262.047] [/exploration_node]:   Segment 1: 2.77 m
[INFO] [1782979262.664] [/exploration_node]: [33m[Path Simplification] Reduced path from 4 to 2 nodes, 2 collision checks, 0.05 ms[0m
[INFO] [1782979262.664] [/exploration_node]:   Segment 1: 2.76 m
[INFO] [1782979262.666] [/exploration_node]: [EV] [1782979262.666][    +37.4s][EXEC_TRAJ] GLOBAL result=RTH_PATH_OK | why: path to goal: 2 nodes / 2.8m (connected via 4) | clusters=0(reach 0) vp=0(reach 0) pipe[tot=0 dorm=0 unreach=0 cons=0 nocand=0 topo=0 novis=0 ok=0] tour=2n/2.8m goal=(0.0, 0.1, 1.2) t=14ms (x1)
[INFO] [1782979262.666] [/exploration_node]: [EV] [1782979262.666][    +37.4s][PLAN_TRAJ_RTH] RTH d2goal=2.5m | auto-home(xy) dist=2.75m tol=0.20m goal=(0.02, 0.12, 1.25) (x1)
[INFO] [1782979262.679] [/exploration_node]: [33m[Path Simplification] Reduced path from 4 to 2 nodes, 2 collision checks, 0.05 ms[0m
[INFO] [1782979262.679] [/exploration_node]:   Segment 1: 2.76 m
[INFO] [1782979263.290] [/exploration_node]: [33m[Path Simplification] Reduced path from 4 to 2 nodes, 2 collision checks, 0.04 ms[0m
[INFO] [1782979263.290] [/exploration_node]:   Segment 1: 2.67 m
[INFO] [1782979263.291] [/exploration_node]: [EV] [1782979263.291][    +38.0s][PLAN_TRAJ_RTH] RTH d2goal=2.5m | auto-home(xy) dist=2.66m tol=0.20m goal=(0.02, 0.12, 1.25)
[INFO] [1782979263.302] [/exploration_node]: [33m[Path Simplification] Reduced path from 4 to 2 nodes, 2 collision checks, 0.04 ms[0m
[INFO] [1782979263.302] [/exploration_node]:   Segment 1: 2.67 m
[INFO] [1782979263.922] [/exploration_node]: [33m[Path Simplification] Reduced path from 4 to 2 nodes, 2 collision checks, 0.05 ms[0m
[INFO] [1782979263.922] [/exploration_node]:   Segment 1: 2.29 m
[INFO] [1782979263.923] [/exploration_node]: [EV] [1782979263.923][    +38.6s][EXEC_TRAJ] GLOBAL result=RTH_PATH_OK | why: path to goal: 2 nodes / 2.3m (connected via 4) | clusters=0(reach 0) vp=0(reach 0) pipe[tot=0 dorm=0 unreach=0 cons=0 nocand=0 topo=0 novis=0 ok=0] tour=2n/2.3m goal=(0.0, 0.1, 1.2) t=15ms (prev cycle x1/4.0s)
[INFO] [1782979263.936] [/exploration_node]: [33m[Path Simplification] Reduced path from 4 to 2 nodes, 2 collision checks, 0.05 ms[0m
[INFO] [1782979263.936] [/exploration_node]:   Segment 1: 2.29 m
[INFO] [1782979264.546] [/exploration_node]: [33m[Path Simplification] Reduced path from 4 to 2 nodes, 2 collision checks, 0.03 ms[0m
[INFO] [1782979264.547] [/exploration_node]:   Segment 1: 1.75 m
[INFO] [1782979264.549] [/exploration_node]: [EV] [1782979264.549][    +39.2s][EXEC_TRAJ] GLOBAL result=RTH_PATH_OK | why: path to goal: 2 nodes / 1.7m (connected via 4) | clusters=0(reach 0) vp=0(reach 0) pipe[tot=0 dorm=0 unreach=0 cons=0 nocand=0 topo=0 novis=0 ok=0] tour=2n/1.7m goal=(0.0, 0.1, 1.2) t=15ms
[INFO] [1782979264.549] [/exploration_node]: [EV] [1782979264.549][    +39.2s][PLAN_TRAJ_RTH] RTH d2goal=1.5m | auto-home(xy) dist=1.72m tol=0.20m goal=(0.02, 0.12, 1.25) (prev cycle x1/5.9s)
[INFO] [1782979264.564] [/exploration_node]: [33m[Path Simplification] Reduced path from 4 to 2 nodes, 2 collision checks, 0.04 ms[0m
[INFO] [1782979264.564] [/exploration_node]:   Segment 1: 1.75 m
[INFO] [1782979265.194] [/exploration_node]: [33m[Path Simplification] Reduced path from 4 to 2 nodes, 2 collision checks, 0.03 ms[0m
[INFO] [1782979265.194] [/exploration_node]:   Segment 1: 1.38 m
[INFO] [1782979265.195] [/exploration_node]: [EV] [1782979265.195][    +39.9s][EXEC_TRAJ] GLOBAL result=RTH_PATH_OK | why: path to goal: 2 nodes / 1.4m (connected via 4) | clusters=0(reach 0) vp=0(reach 0) pipe[tot=0 dorm=0 unreach=0 cons=0 nocand=0 topo=0 novis=0 ok=0] tour=2n/1.4m goal=(0.0, 0.1, 1.2) t=12ms
[INFO] [1782979265.197] [/exploration_node]: [EV] [1782979265.197][    +39.9s][PLAN_TRAJ_RTH] RTH d2goal=1.0m | auto-home(xy) dist=1.31m tol=0.20m goal=(0.02, 0.12, 1.25)
[INFO] [1782979265.210] [/exploration_node]: [33m[Path Simplification] Reduced path from 4 to 2 nodes, 2 collision checks, 0.04 ms[0m
[INFO] [1782979265.210] [/exploration_node]:   Segment 1: 1.35 m
[WARN] [1782979265.216] [/exploration_node]: [local-plan] minco optimize failed
[WARN] [1782979265.216] [/exploration_node]: [RTH] local plan failed: minco optimize failed
[WARN] [1782979265.231] [/exploration_node]: [EV] [1782979265.231][    +39.9s][PLAN_TRAJ_RTH] STATE PLAN_TRAJ_RTH -> PLAN_TRAJ_RTH [PLAN_TRAJ_RTH: plan failed] |  (prev cycle x14/4.4s)
[INFO] [1782979265.241] [/exploration_node]: [EV] [1782979265.241][    +39.9s][PLAN_TRAJ_RTH] RTH d2goal=1.0m | auto-home(xy) dist=1.27m tol=0.20m goal=(0.02, 0.12, 1.25)
[INFO] [1782979265.254] [/exploration_node]: [33m[Path Simplification] Reduced path from 4 to 2 nodes, 2 collision checks, 0.03 ms[0m
[INFO] [1782979265.254] [/exploration_node]:   Segment 1: 1.30 m
[WARN] [1782979265.275] [/exploration_node]: [EV] [1782979265.275][    +40.0s][PLAN_TRAJ_RTH] LOCAL RTH FAIL | why: minco optimize failed | t=33.4ms (x12)
[INFO] [1782979265.285] [/exploration_node]: [EV] [1782979265.285][    +40.0s][PLAN_TRAJ_RTH] RTH d2goal=1.0m | auto-home(xy) dist=1.22m tol=0.20m goal=(0.02, 0.12, 1.25)
[INFO] [1782979265.298] [/exploration_node]: [33m[Path Simplification] Reduced path from 4 to 2 nodes, 2 collision checks, 0.03 ms[0m
[INFO] [1782979265.298] [/exploration_node]:   Segment 1: 1.25 m
[INFO] [1782979265.331] [/exploration_node]: [EV] [1782979265.331][    +40.0s][PLAN_TRAJ_RTH] RTH d2goal=1.0m | auto-home(xy) dist=1.18m tol=0.20m goal=(0.02, 0.12, 1.25)
[INFO] [1782979265.345] [/exploration_node]: [33m[Path Simplification] Reduced path from 4 to 2 nodes, 2 collision checks, 0.03 ms[0m
[INFO] [1782979265.345] [/exploration_node]:   Segment 1: 1.21 m
[INFO] [1782979265.378] [/exploration_node]: [EV] [1782979265.378][    +40.1s][PLAN_TRAJ_RTH] RTH d2goal=1.0m | auto-home(xy) dist=1.14m tol=0.20m goal=(0.02, 0.12, 1.25)
[INFO] [1782979265.391] [/exploration_node]: [33m[Path Simplification] Reduced path from 4 to 2 nodes, 2 collision checks, 0.02 ms[0m
[INFO] [1782979265.391] [/exploration_node]:   Segment 1: 1.17 m
[INFO] [1782979265.428] [/exploration_node]: [33m[Path Simplification] Reduced path from 4 to 2 nodes, 2 collision checks, 0.02 ms[0m
[INFO] [1782979265.428] [/exploration_node]:   Segment 1: 1.17 m
[INFO] [1782979265.429] [/exploration_node]: [EV] [1782979265.429][    +40.1s][PLAN_TRAJ_RTH] GLOBAL result=RTH_PATH_OK | why: path to goal: 2 nodes / 1.2m (connected via 4) | clusters=0(reach 0) vp=0(reach 0) pipe[tot=0 dorm=0 unreach=0 cons=0 nocand=0 topo=0 novis=0 ok=0] tour=2n/1.2m goal=(0.0, 0.1, 1.2) t=14ms
[INFO] [1782979265.429] [/exploration_node]: [EV] [1782979265.429][    +40.1s][PLAN_TRAJ_RTH] STATE PLAN_TRAJ_RTH -> PLAN_TRAJ_RTH [planGoalPath: succeed] |  (prev x4/0.2s)
[INFO] [1782979265.431] [/exploration_node]: [EV] [1782979265.431][    +40.1s][PLAN_TRAJ_RTH] RTH d2goal=1.0m | auto-home(xy) dist=1.10m tol=0.20m goal=(0.02, 0.12, 1.25)
[INFO] [1782979265.444] [/exploration_node]: [33m[Path Simplification] Reduced path from 4 to 2 nodes, 2 collision checks, 0.03 ms[0m
[INFO] [1782979265.444] [/exploration_node]:   Segment 1: 1.14 m
[INFO] [1782979265.475] [/exploration_node]: [EV] [1782979265.475][    +40.2s][PLAN_TRAJ_RTH] RTH d2goal=1.0m | auto-home(xy) dist=1.06m tol=0.20m goal=(0.02, 0.12, 1.25)
[INFO] [1782979265.488] [/exploration_node]: [33m[Path Simplification] Reduced path from 4 to 2 nodes, 2 collision checks, 0.03 ms[0m
[INFO] [1782979265.488] [/exploration_node]:   Segment 1: 1.10 m
[INFO] [1782979265.509] [/exploration_node]: [EV] [1782979265.508][    +40.2s][EXEC_TRAJ] STATE PLAN_TRAJ_RTH -> EXEC_TRAJ [PLAN_TRAJ_RTH: plan success] |  (prev cycle x1/0.1s)
[INFO] [1782979266.052] [/exploration_node]: [33m[Path Simplification] Reduced path from 4 to 2 nodes, 2 collision checks, 0.03 ms[0m
[INFO] [1782979266.052] [/exploration_node]:   Segment 1: 0.79 m
[INFO] [1782979266.053] [/exploration_node]: [EV] [1782979266.053][    +40.8s][EXEC_TRAJ] GLOBAL result=RTH_PATH_OK | why: path to goal: 2 nodes / 0.8m (connected via 4) | clusters=0(reach 0) vp=0(reach 0) pipe[tot=0 dorm=0 unreach=0 cons=0 nocand=0 topo=0 novis=0 ok=0] tour=2n/0.8m goal=(0.0, 0.1, 1.2) t=15ms
[INFO] [1782979266.053] [/exploration_node]: [EV] [1782979266.053][    +40.8s][PLAN_TRAJ_RTH] STATE EXEC_TRAJ -> PLAN_TRAJ_RTH [planGoalPath: succeed]
[INFO] [1782979266.053] [/exploration_node]: [EV] [1782979266.053][    +40.8s][PLAN_TRAJ_RTH] RTH d2goal=0.5m | auto-home(xy) dist=0.72m tol=0.20m goal=(0.02, 0.12, 1.25)
[INFO] [1782979266.066] [/exploration_node]: [33m[Path Simplification] Reduced path from 4 to 2 nodes, 2 collision checks, 0.03 ms[0m
[INFO] [1782979266.066] [/exploration_node]:   Segment 1: 0.79 m
[INFO] [1782979266.669] [/exploration_node]: [33m[Path Simplification] Reduced path from 4 to 2 nodes, 2 collision checks, 0.02 ms[0m
[INFO] [1782979266.669] [/exploration_node]:   Segment 1: 0.53 m
[INFO] [1782979266.670] [/exploration_node]: [EV] [1782979266.670][    +41.4s][EXEC_TRAJ] GLOBAL result=RTH_PATH_OK | why: path to goal: 2 nodes / 0.5m (connected via 4) | clusters=0(reach 0) vp=0(reach 0) pipe[tot=0 dorm=0 unreach=0 cons=0 nocand=0 topo=0 novis=0 ok=0] tour=2n/0.5m goal=(0.0, 0.1, 1.2) t=15ms
[INFO] [1782979266.672] [/exploration_node]: [EV] [1782979266.672][    +41.4s][PLAN_TRAJ_RTH] RTH d2goal=0.0m | auto-home(xy) dist=0.38m tol=0.20m goal=(0.02, 0.12, 1.25)
[INFO] [1782979266.684] [/exploration_node]: [33m[Path Simplification] Reduced path from 4 to 2 nodes, 2 collision checks, 0.01 ms[0m
[INFO] [1782979266.684] [/exploration_node]:   Segment 1: 0.53 m
[INFO] [1782979267.302] [/exploration_node]: [33m[Path Simplification] Reduced path from 4 to 2 nodes, 2 collision checks, 0.01 ms[0m
[INFO] [1782979267.302] [/exploration_node]:   Segment 1: 0.53 m
[INFO] [1782979267.303] [/exploration_node]: [EV] [1782979267.303][    +42.0s][PLAN_TRAJ_RTH] RTH d2goal=0.0m | auto-home(xy) dist=0.37m tol=0.20m goal=(0.02, 0.12, 1.25)
[INFO] [1782979267.314] [/exploration_node]: [33m[Path Simplification] Reduced path from 4 to 2 nodes, 2 collision checks, 0.01 ms[0m
[INFO] [1782979267.314] [/exploration_node]:   Segment 1: 0.53 m
[INFO] [1782979267.925] [/exploration_node]: [33m[Path Simplification] Reduced path from 4 to 2 nodes, 2 collision checks, 0.02 ms[0m
[INFO] [1782979267.925] [/exploration_node]:   Segment 1: 0.50 m
[INFO] [1782979267.926] [/exploration_node]: [EV] [1782979267.926][    +42.6s][EXEC_TRAJ] GLOBAL result=RTH_PATH_OK | why: path to goal: 2 nodes / 0.5m (connected via 4) | clusters=0(reach 0) vp=0(reach 0) pipe[tot=0 dorm=0 unreach=0 cons=0 nocand=0 topo=0 novis=0 ok=0] tour=2n/0.5m goal=(0.0, 0.1, 1.2) t=14ms (x1)
[INFO] [1782979267.927] [/exploration_node]: [EV] [1782979267.927][    +42.6s][PLAN_TRAJ_RTH] RTH d2goal=0.0m | auto-home(xy) dist=0.33m tol=0.20m goal=(0.02, 0.12, 1.25)
[INFO] [1782979267.940] [/exploration_node]: [33m[Path Simplification] Reduced path from 4 to 2 nodes, 2 collision checks, 0.01 ms[0m
[INFO] [1782979267.940] [/exploration_node]:   Segment 1: 0.50 m
[INFO] [1782979268.277] [/mavros]: HP: requesting home position
[INFO] [1782979268.350] [/exploration_node]: [33m[Path Simplification] Reduced path from 4 to 3 nodes, 2 collision checks, 0.05 ms[0m
[INFO] [1782979268.350] [/exploration_node]:   Segment 1: 0.21 m
[INFO] [1782979268.350] [/exploration_node]:   Segment 2: 0.29 m
[INFO] [1782979268.351] [/exploration_node]: [EV] [1782979268.351][    +43.0s][EXEC_TRAJ] GLOBAL result=RTH_PATH_OK | why: path to goal: 3 nodes / 0.5m (connected via 4) | clusters=0(reach 0) vp=0(reach 0) pipe[tot=0 dorm=0 unreach=0 cons=0 nocand=0 topo=0 novis=0 ok=0] tour=3n/0.5m goal=(0.0, 0.1, 1.2) t=14ms
[INFO] [1782979268.351] [/exploration_node]: [EV] [1782979268.351][    +43.0s][PLAN_TRAJ_RTH] RTH d2goal=0.0m | auto-home(xy) dist=0.31m tol=0.20m goal=(0.02, 0.12, 1.25)
[INFO] [1782979268.364] [/exploration_node]: [33m[Path Simplification] Reduced path from 4 to 3 nodes, 2 collision checks, 0.05 ms[0m
[INFO] [1782979268.364] [/exploration_node]:   Segment 1: 0.21 m
[INFO] [1782979268.364] [/exploration_node]:   Segment 2: 0.29 m
[INFO] [1782979268.970] [/exploration_node]: [33m[Path Simplification] Reduced path from 4 to 3 nodes, 2 collision checks, 0.03 ms[0m
[INFO] [1782979268.970] [/exploration_node]:   Segment 1: 0.20 m
[INFO] [1782979268.970] [/exploration_node]:   Segment 2: 0.29 m
[INFO] [1782979268.971] [/exploration_node]: [EV] [1782979268.971][    +43.7s][PLAN_TRAJ_RTH] RTH d2goal=0.0m | auto-home(xy) dist=0.30m tol=0.20m goal=(0.02, 0.12, 1.25)
[INFO] [1782979268.986] [/exploration_node]: [33m[Path Simplification] Reduced path from 4 to 3 nodes, 2 collision checks, 0.05 ms[0m
[INFO] [1782979268.986] [/exploration_node]:   Segment 1: 0.20 m
[INFO] [1782979268.986] [/exploration_node]:   Segment 2: 0.29 m
[INFO] [1782979269.603] [/exploration_node]: [33m[Path Simplification] Reduced path from 4 to 3 nodes, 2 collision checks, 0.05 ms[0m
[INFO] [1782979269.603] [/exploration_node]:   Segment 1: 0.18 m
[INFO] [1782979269.603] [/exploration_node]:   Segment 2: 0.29 m
[INFO] [1782979269.604] [/exploration_node]: [EV] [1782979269.604][    +44.3s][EXEC_TRAJ] GLOBAL result=RTH_PATH_OK | why: path to goal: 3 nodes / 0.5m (connected via 4) | clusters=0(reach 0) vp=0(reach 0) pipe[tot=0 dorm=0 unreach=0 cons=0 nocand=0 topo=0 novis=0 ok=0] tour=3n/0.5m goal=(0.1, 0.1, 1.5) t=16ms (x1)
[INFO] [1782979269.604] [/exploration_node]: [EV] [1782979269.604][    +44.3s][PLAN_TRAJ_RTH] RTH d2goal=0.0m | auto-home(xy) dist=0.27m tol=0.20m goal=(0.02, 0.12, 1.25)
[INFO] [1782979269.617] [/exploration_node]: [33m[Path Simplification] Reduced path from 4 to 3 nodes, 2 collision checks, 0.05 ms[0m
[INFO] [1782979269.617] [/exploration_node]:   Segment 1: 0.18 m
[INFO] [1782979269.617] [/exploration_node]:   Segment 2: 0.29 m
[INFO] [1782979270.239] [/exploration_node]: [33m[Path Simplification] Reduced path from 4 to 3 nodes, 2 collision checks, 0.04 ms[0m
[INFO] [1782979270.239] [/exploration_node]:   Segment 1: 0.17 m
[INFO] [1782979270.239] [/exploration_node]:   Segment 2: 0.29 m
[INFO] [1782979270.240] [/exploration_node]: [EV] [1782979270.240][    +44.9s][PLAN_TRAJ_RTH] RTH d2goal=0.0m | auto-home(xy) dist=0.26m tol=0.20m goal=(0.02, 0.12, 1.25)
[INFO] [1782979270.254] [/exploration_node]: [33m[Path Simplification] Reduced path from 4 to 3 nodes, 2 collision checks, 0.05 ms[0m
[INFO] [1782979270.254] [/exploration_node]:   Segment 1: 0.17 m
[INFO] [1782979270.254] [/exploration_node]:   Segment 2: 0.29 m
[INFO] [1782979270.868] [/exploration_node]: [33m[Path Simplification] Reduced path from 4 to 3 nodes, 2 collision checks, 0.05 ms[0m
[INFO] [1782979270.868] [/exploration_node]:   Segment 1: 0.18 m
[INFO] [1782979270.868] [/exploration_node]:   Segment 2: 0.29 m
[INFO] [1782979270.869] [/exploration_node]: [EV] [1782979270.869][    +45.6s][EXEC_TRAJ] GLOBAL result=RTH_PATH_OK | why: path to goal: 3 nodes / 0.5m (connected via 4) | clusters=0(reach 0) vp=0(reach 0) pipe[tot=0 dorm=0 unreach=0 cons=0 nocand=0 topo=0 novis=0 ok=0] tour=3n/0.5m goal=(0.1, 0.1, 1.5) t=14ms (x1)
[INFO] [1782979270.869] [/exploration_node]: [EV] [1782979270.869][    +45.6s][PLAN_TRAJ_RTH] RTH d2goal=0.0m | auto-home(xy) dist=0.27m tol=0.20m goal=(0.02, 0.12, 1.25)
[INFO] [1782979270.883] [/exploration_node]: [33m[Path Simplification] Reduced path from 4 to 3 nodes, 2 collision checks, 0.09 ms[0m
[INFO] [1782979270.883] [/exploration_node]:   Segment 1: 0.18 m
[INFO] [1782979270.883] [/exploration_node]:   Segment 2: 0.29 m
[WARN] [1782979270.886] [/exploration_node]: [local-plan] minco optimize failed
[WARN] [1782979270.886] [/exploration_node]: [RTH] local plan failed: minco optimize failed
[WARN] [1782979270.903] [/exploration_node]: [EV] [1782979270.903][    +45.6s][PLAN_TRAJ_RTH] STATE PLAN_TRAJ_RTH -> PLAN_TRAJ_RTH [PLAN_TRAJ_RTH: plan failed] |  (prev cycle x16/4.8s)
[INFO] [1782979270.929] [/exploration_node]: [33m[Path Simplification] Reduced path from 4 to 3 nodes, 2 collision checks, 0.06 ms[0m
[INFO] [1782979270.929] [/exploration_node]:   Segment 1: 0.18 m
[INFO] [1782979270.929] [/exploration_node]:   Segment 2: 0.29 m
[INFO] [1782979270.971] [/exploration_node]: [33m[Path Simplification] Reduced path from 4 to 3 nodes, 2 collision checks, 0.06 ms[0m
[INFO] [1782979270.971] [/exploration_node]:   Segment 1: 0.18 m
[INFO] [1782979270.971] [/exploration_node]:   Segment 2: 0.29 m
[INFO] [1782979271.016] [/exploration_node]: [33m[Path Simplification] Reduced path from 4 to 3 nodes, 2 collision checks, 0.05 ms[0m
[INFO] [1782979271.016] [/exploration_node]:   Segment 1: 0.17 m
[INFO] [1782979271.016] [/exploration_node]:   Segment 2: 0.29 m
[INFO] [1782979271.059] [/exploration_node]: [33m[Path Simplification] Reduced path from 4 to 3 nodes, 2 collision checks, 0.06 ms[0m
[INFO] [1782979271.059] [/exploration_node]:   Segment 1: 0.17 m
[INFO] [1782979271.059] [/exploration_node]:   Segment 2: 0.29 m
[WARN] [1782979271.079] [/exploration_node]: [EV] [1782979271.079][    +45.8s][PLAN_TRAJ_RTH] LOCAL RTH FAIL | why: minco optimize failed | t=33.6ms (x15)
[INFO] [1782979271.095] [/exploration_node]: [33m[Path Simplification] Reduced path from 4 to 3 nodes, 2 collision checks, 0.06 ms[0m
[INFO] [1782979271.095] [/exploration_node]:   Segment 1: 0.17 m
[INFO] [1782979271.095] [/exploration_node]:   Segment 2: 0.29 m
[INFO] [1782979271.097] [/exploration_node]: [EV] [1782979271.097][    +45.8s][PLAN_TRAJ_RTH] STATE PLAN_TRAJ_RTH -> PLAN_TRAJ_RTH [planGoalPath: succeed] |  (prev x4/0.1s)
[INFO] [1782979271.111] [/exploration_node]: [33m[Path Simplification] Reduced path from 4 to 3 nodes, 2 collision checks, 0.05 ms[0m
[INFO] [1782979271.111] [/exploration_node]:   Segment 1: 0.17 m
[INFO] [1782979271.111] [/exploration_node]:   Segment 2: 0.29 m
[INFO] [1782979271.156] [/exploration_node]: [33m[Path Simplification] Reduced path from 4 to 3 nodes, 2 collision checks, 0.05 ms[0m
[INFO] [1782979271.156] [/exploration_node]:   Segment 1: 0.17 m
[INFO] [1782979271.156] [/exploration_node]:   Segment 2: 0.29 m
[INFO] [1782979271.175] [/exploration_node]: [EV] [1782979271.175][    +45.9s][EXEC_TRAJ] STATE PLAN_TRAJ_RTH -> EXEC_TRAJ [PLAN_TRAJ_RTH: plan success] |  (prev cycle x1/0.1s)
[INFO] [1782979271.720] [/exploration_node]: [33m[Path Simplification] Reduced path from 4 to 3 nodes, 2 collision checks, 0.04 ms[0m
[INFO] [1782979271.720] [/exploration_node]:   Segment 1: 0.17 m
[INFO] [1782979271.720] [/exploration_node]:   Segment 2: 0.29 m
[INFO] [1782979271.721] [/exploration_node]: [EV] [1782979271.721][    +46.4s][PLAN_TRAJ_RTH] STATE EXEC_TRAJ -> PLAN_TRAJ_RTH [planGoalPath: succeed]
[INFO] [1782979271.721] [/exploration_node]: [EV] [1782979271.721][    +46.4s][PLAN_TRAJ_RTH] RTH d2goal=0.0m | auto-home(xy) dist=0.26m tol=0.20m goal=(0.02, 0.12, 1.25) (x6)
[INFO] [1782979271.734] [/exploration_node]: [33m[Path Simplification] Reduced path from 4 to 3 nodes, 2 collision checks, 0.05 ms[0m
[INFO] [1782979271.734] [/exploration_node]:   Segment 1: 0.17 m
[INFO] [1782979271.734] [/exploration_node]:   Segment 2: 0.29 m
[INFO] [1782979272.351] [/exploration_node]: [33m[Path Simplification] Reduced path from 4 to 3 nodes, 2 collision checks, 0.06 ms[0m
[INFO] [1782979272.351] [/exploration_node]:   Segment 1: 0.18 m
[INFO] [1782979272.351] [/exploration_node]:   Segment 2: 0.29 m
[INFO] [1782979272.352] [/exploration_node]: [EV] [1782979272.352][    +47.0s][PLAN_TRAJ_RTH] RTH d2goal=0.0m | auto-home(xy) dist=0.28m tol=0.20m goal=(0.02, 0.12, 1.25)
[INFO] [1782979272.366] [/exploration_node]: [33m[Path Simplification] Reduced path from 4 to 3 nodes, 2 collision checks, 0.05 ms[0m
[INFO] [1782979272.366] [/exploration_node]:   Segment 1: 0.18 m
[INFO] [1782979272.366] [/exploration_node]:   Segment 2: 0.29 m
[INFO] [1782979272.979] [/traj_server]: [33m[Metrics] RTH distance received: 0.193 m, logging metrics...[0m
[INFO] [1782979272.975] [/exploration_node]: [33m[Path Simplification] Reduced path from 4 to 3 nodes, 2 collision checks, 0.05 ms[0m
[INFO] [1782979272.975] [/exploration_node]:   Segment 1: 0.16 m
[INFO] [1782979272.975] [/exploration_node]:   Segment 2: 0.29 m
[INFO] [1782979272.977] [/exploration_node]: [EV] [1782979272.977][    +47.7s][EXEC_TRAJ] GLOBAL result=RTH_PATH_OK | why: path to goal: 3 nodes / 0.4m (connected via 4) | clusters=0(reach 0) vp=0(reach 0) pipe[tot=0 dorm=0 unreach=0 cons=0 nocand=0 topo=0 novis=0 ok=0] tour=3n/0.4m goal=(0.1, 0.1, 1.5) t=15ms (prev x3/1.9s)
[INFO] [1782979272.977] [/exploration_node]: [EV] [1782979272.977][    +47.7s][PLAN_TRAJ_RTH] RTH d2goal=0.0m | auto-home(xy) dist=0.19m tol=0.20m goal=(0.02, 0.12, 1.25)
[INFO] [1782979272.977] [/exploration_node]: [EV] [1782979272.977][    +47.7s][LAND] STATE PLAN_TRAJ_RTH -> LAND [RTH: home reached -> AUTO.LAND] |  (prev cycle x4/1.3s)
[INFO] [1782979272.977] [/exploration_node]: [32m[RTH] Home reached (xy 0.193 m) -> landing[0m
[INFO] [1782979272.980] [/exploration_node]: [EV] [1782979272.980][    +47.7s][LANDED] STATE LAND -> LANDED [LAND: touchdown & disarmed]
[INFO] [1782979272.979] [/traj_server]: [32m[Metrics] Mission Complete - Logged to /home/hmcl/.ros/epic_metrics.log[0m
[INFO] [1782979272.980] [/traj_server]: [36m  Mission time: 47.10 s[0m
[INFO] [1782979272.980] [/traj_server]: [36m  RTH distance to goal: 0.193 m[0m
[INFO] [1782979272.980] [/traj_server]: [36m  Avg speed (odometry): 0.215 m/s[0m
[INFO] [1782979272.980] [/traj_server]: [36m  Path length: 38.87 m[0m
[INFO] [1782979272.980] [/traj_server]: [36m  Avg speed (path/time): 0.825 m/s[0m
[INFO] [1782979272.980] [/traj_server]: [36m  Avg tracking error: 0.715 m[0m
[INFO] [1782979272.986] [/exploration_node]: [EV] [1782979272.986][    +47.7s][LANDED] MISSION LANDED (mission complete, disarmed)
