# EPIC structured flight events for epic_2026-07-02-17-00-17.bag
# line format: [ros_epoch][+rel_s][FSM_STATE] CATEGORY signature | detail
# EPIC session info | published_ros=1782979216.201
# box | down=[-150, -150, 0.5] up=[150, 150, 2.5]
# corridor | DilateSoft=0.60 DilateHard=0.45 MaxCorridor=4.0 MaxVel=1.0 max_traj_len=10.0 safe_dist=0.60 bubble_min_r=0.61
# frontier | cell=0.40 cluster_sz=[1.0, 5.0] minpts=5 dphi=0.26 znum=3 good_dir_score=0.60
# viewpoint | pillar_r=[0.5, 2.0]x8 h=[-1.0, 1.0]x5 circle_n=4 local_tsp=12
# fsm | takeoff_h=1.25 goal_tol=0.10 replan_t=0.20 emerg_err=3.0 max_hz=30 avoid_to=0.5 auto_rth_land=1 rth_land_xy_tol=0.20 avoidance=1
# topics | odom=/Odometry cloud=/cloud_registered
[1782979218.287][     +2.1s][WAIT_TRIGGER] BATT 24.5V | v=24.82V pct=88%
[1782979220.283][     +4.1s][WAIT_TRIGGER] BATT 24.5V | v=24.83V pct=88%
[1782979225.303][     +0.0s][WAIT_TRIGGER] EVENT 2D-Nav-Goal trigger | trigger received | pos=(0.02, 0.12, 1.24)
[1782979225.303][     +0.0s][WAIT_TRIGGER] PARAM box | down=[-150, -150, 0.5] up=[150, 150, 2.5]
[1782979225.303][     +0.0s][WAIT_TRIGGER] PARAM corridor | DilateSoft=0.60 DilateHard=0.45 MaxCorridor=4.0 MaxVel=1.0 max_traj_len=10.0 safe_dist=0.60 bubble_min_r=0.61
[1782979225.303][     +0.0s][WAIT_TRIGGER] PARAM frontier | cell=0.40 cluster_sz=[1.0, 5.0] minpts=5 dphi=0.26 znum=3 good_dir_score=0.60
[1782979225.303][     +0.0s][WAIT_TRIGGER] PARAM viewpoint | pillar_r=[0.5, 2.0]x8 h=[-1.0, 1.0]x5 circle_n=4 local_tsp=12
[1782979225.303][     +0.0s][WAIT_TRIGGER] PARAM fsm | takeoff_h=1.25 goal_tol=0.10 replan_t=0.20 emerg_err=3.0 max_hz=30 avoid_to=0.5 auto_rth_land=1 rth_land_xy_tol=0.20 avoidance=1
[1782979225.303][     +0.0s][WAIT_TRIGGER] PARAM topics | odom=/Odometry cloud=/cloud_registered
[1782979225.303][     +0.0s][TAKEOFF_HOVER] STATE WAIT_TRIGGER -> TAKEOFF_HOVER [triggerCallback: takeoff & hover]
[1782979225.623][     +0.3s][PLAN_TRAJ_EXP] STATE TAKEOFF_HOVER -> PLAN_TRAJ_EXP [takeoff: altitude reached & stable -> explore]
[1782979225.835][     +0.5s][PLAN_TRAJ_EXP] GLOBAL result=OK | clusters=3(reach 2) vp=2(reach 2) pipe[tot=3 dorm=0 unreach=0 cons=3 nocand=0 topo=1 novis=0 ok=2] tour=3n/12.1m goal=(-1.0, -0.3, 1.0) t=20ms
[1782979225.835][     +0.5s][PLAN_TRAJ_EXP] STATE PLAN_TRAJ_EXP -> PLAN_TRAJ_EXP [planGlobalPath: succeed]
[1782979225.871][     +0.6s][PLAN_TRAJ_EXP] LOCAL EXP OK | t=33.5ms goal_d=1.2m
[1782979225.871][     +0.6s][EXEC_TRAJ] STATE PLAN_TRAJ_EXP -> EXEC_TRAJ [plan success: new traj pub]
[1782979226.057][     +0.8s][PLAN_TRAJ_EXP] STATE EXEC_TRAJ -> PLAN_TRAJ_EXP [planGlobalPath: succeed]
[1782979227.354][     +2.1s][EXEC_TRAJ] GLOBAL result=OK | clusters=3(reach 3) vp=3(reach 3) pipe[tot=3 dorm=0 unreach=0 cons=3 nocand=0 topo=0 novis=0 ok=3] tour=4n/12.2m goal=(-1.0, -0.3, 1.0) t=17ms (x2)
[1782979228.023][     +2.7s][PLAN_TRAJ_EXP] LOCAL EXP FAIL | why: minco optimize failed | t=33.4ms goal_d=1.2m (prev x3/1.9s)
[1782979228.023][     +2.7s][PLAN_TRAJ_EXP] STATE PLAN_TRAJ_EXP -> PLAN_TRAJ_EXP [PLAN_TRAJ_EXP: plan failed] |  (prev cycle x6/2.0s)
[1782979228.222][     +2.9s][PLAN_TRAJ_EXP] STATE PLAN_TRAJ_EXP -> PLAN_TRAJ_EXP [planGlobalPath: succeed] |  (prev x4/0.2s)
[1782979228.299][     +3.0s][EXEC_TRAJ] STATE PLAN_TRAJ_EXP -> EXEC_TRAJ [plan success: new traj pub] |  (prev cycle x1/0.1s)
[1782979228.302][     +3.0s][EXEC_TRAJ] BATT 24.5V | v=24.82V pct=88% (x3)
[1782979228.863][     +3.6s][EXEC_TRAJ] GLOBAL result=OK | clusters=3(reach 3) vp=3(reach 3) pipe[tot=3 dorm=0 unreach=0 cons=3 nocand=0 topo=0 novis=0 ok=3] tour=4n/12.2m goal=(-1.0, -0.3, 1.0) t=21ms (x2)
[1782979228.863][     +3.6s][PLAN_TRAJ_EXP] STATE EXEC_TRAJ -> PLAN_TRAJ_EXP [planGlobalPath: succeed]
[1782979230.129][     +4.8s][EXEC_TRAJ] GLOBAL result=OK | clusters=3(reach 3) vp=3(reach 3) pipe[tot=3 dorm=0 unreach=0 cons=3 nocand=0 topo=0 novis=0 ok=3] tour=4n/12.2m goal=(-1.0, -0.3, 1.0) t=17ms (x1)
[1782979230.285][     +5.0s][EXEC_TRAJ] BATT 24.5V | v=24.83V pct=88%
[1782979230.380][     +5.1s][PLAN_TRAJ_EXP] STATE PLAN_TRAJ_EXP -> PLAN_TRAJ_EXP [PLAN_TRAJ_EXP: plan failed] |  (prev cycle x6/1.5s)
[1782979230.424][     +5.1s][PLAN_TRAJ_EXP] LOCAL EXP FAIL | why: minco optimize failed | t=33.4ms goal_d=1.2m (x8)
[1782979230.579][     +5.3s][PLAN_TRAJ_EXP] STATE PLAN_TRAJ_EXP -> PLAN_TRAJ_EXP [planGlobalPath: succeed] |  (prev x4/0.2s)
[1782979230.657][     +5.4s][EXEC_TRAJ] STATE PLAN_TRAJ_EXP -> EXEC_TRAJ [plan success: new traj pub] |  (prev cycle x1/0.1s)
[1782979231.211][     +5.9s][EXEC_TRAJ] GLOBAL result=OK | clusters=3(reach 3) vp=3(reach 3) pipe[tot=3 dorm=0 unreach=0 cons=3 nocand=0 topo=0 novis=0 ok=3] tour=4n/12.2m goal=(-1.0, -0.3, 1.0) t=16ms (x2)
[1782979231.211][     +5.9s][PLAN_TRAJ_EXP] STATE EXEC_TRAJ -> PLAN_TRAJ_EXP [planGlobalPath: succeed]
[1782979232.482][     +7.2s][EXEC_TRAJ] GLOBAL result=OK | clusters=3(reach 3) vp=3(reach 3) pipe[tot=3 dorm=0 unreach=0 cons=3 nocand=0 topo=0 novis=0 ok=3] tour=4n/12.3m goal=(-1.0, -0.3, 1.0) t=17ms (x1)
[1782979232.732][     +7.4s][PLAN_TRAJ_EXP] STATE PLAN_TRAJ_EXP -> PLAN_TRAJ_EXP [PLAN_TRAJ_EXP: plan failed] |  (prev cycle x6/1.5s)
[1782979232.925][     +7.6s][PLAN_TRAJ_EXP] STATE PLAN_TRAJ_EXP -> PLAN_TRAJ_EXP [planGlobalPath: succeed] |  (prev x4/0.1s)
[1782979233.002][     +7.7s][EXEC_TRAJ] STATE PLAN_TRAJ_EXP -> EXEC_TRAJ [plan success: new traj pub] |  (prev cycle x1/0.1s)
[1782979233.312][     +8.0s][EXEC_TRAJ] STUCK no motion >8s in EXEC_TRAJ | last-local: OK | pos=(0.03, 0.12, 1.21) still=8s
[1782979233.558][     +8.3s][EXEC_TRAJ] GLOBAL result=OK | clusters=3(reach 3) vp=3(reach 3) pipe[tot=3 dorm=0 unreach=0 cons=3 nocand=0 topo=0 novis=0 ok=3] tour=4n/12.3m goal=(-1.0, -0.3, 1.0) t=20ms (x2)
[1782979233.558][     +8.3s][PLAN_TRAJ_EXP] STATE EXEC_TRAJ -> PLAN_TRAJ_EXP [planGlobalPath: succeed]
[1782979233.558][     +8.3s][PLAN_TRAJ_EXP] STUCK no motion >8s in PLAN_TRAJ_EXP | last-local: OK | pos=(0.03, 0.12, 1.20) still=8s (prev x22/0.2s)
[1782979234.872][     +9.6s][EXEC_TRAJ] GLOBAL result=OK | clusters=3(reach 3) vp=3(reach 3) pipe[tot=3 dorm=0 unreach=0 cons=3 nocand=0 topo=0 novis=0 ok=3] tour=4n/12.3m goal=(-1.0, -0.3, 1.0) t=22ms (x1)
[1782979235.128][     +9.8s][PLAN_TRAJ_EXP] STATE PLAN_TRAJ_EXP -> PLAN_TRAJ_EXP [PLAN_TRAJ_EXP: plan failed] |  (prev cycle x6/1.6s)
[1782979235.138][     +9.8s][PLAN_TRAJ_EXP] STUCK no motion >8s in PLAN_TRAJ_EXP | last-local: minco optimize failed | pos=(-0.05, 0.19, 1.23) still=10s (prev cycle x6/1.6s)
[1782979235.218][     +9.9s][PLAN_TRAJ_EXP] LOCAL EXP FAIL | why: minco optimize failed | t=36.7ms goal_d=1.1m (x16)
[1782979235.335][    +10.0s][PLAN_TRAJ_EXP] STATE PLAN_TRAJ_EXP -> PLAN_TRAJ_EXP [planGlobalPath: succeed] |  (prev x4/0.2s)
[1782979235.412][    +10.1s][EXEC_TRAJ] STATE PLAN_TRAJ_EXP -> EXEC_TRAJ [plan success: new traj pub] |  (prev cycle x1/0.1s)
[1782979235.423][    +10.1s][EXEC_TRAJ] STUCK no motion >8s in EXEC_TRAJ | last-local: OK | pos=(-0.09, 0.14, 1.21) still=10s (prev x5/0.2s)
[1782979235.967][    +10.7s][EXEC_TRAJ] GLOBAL result=OK | clusters=3(reach 3) vp=3(reach 3) pipe[tot=3 dorm=0 unreach=0 cons=3 nocand=0 topo=0 novis=0 ok=3] tour=4n/12.1m goal=(-1.0, -0.3, 1.0) t=17ms (x2)
[1782979235.967][    +10.7s][PLAN_TRAJ_EXP] STATE EXEC_TRAJ -> PLAN_TRAJ_EXP [planGlobalPath: succeed]
[1782979235.967][    +10.7s][PLAN_TRAJ_EXP] STUCK no motion >8s in PLAN_TRAJ_EXP | last-local: OK | pos=(-0.17, -0.00, 1.20) still=11s (prev x52/0.5s)
[1782979237.238][    +11.9s][EXEC_TRAJ] GLOBAL result=OK | clusters=3(reach 3) vp=3(reach 3) pipe[tot=3 dorm=0 unreach=0 cons=3 nocand=0 topo=0 novis=0 ok=3] tour=4n/12.2m goal=(-1.0, -0.3, 1.0) t=23ms (x1)
[1782979237.487][    +12.2s][PLAN_TRAJ_EXP] STATE PLAN_TRAJ_EXP -> PLAN_TRAJ_EXP [PLAN_TRAJ_EXP: plan failed] |  (prev cycle x6/1.5s)
[1782979237.578][    +12.3s][PLAN_TRAJ_EXP] LOCAL EXP FAIL | why: minco optimize failed | t=37.2ms goal_d=1.0m (x7)
[1782979237.688][    +12.4s][PLAN_TRAJ_EXP] STATE PLAN_TRAJ_EXP -> PLAN_TRAJ_EXP [planGlobalPath: succeed] |  (prev x4/0.2s)
[1782979237.767][    +12.5s][EXEC_TRAJ] STATE PLAN_TRAJ_EXP -> EXEC_TRAJ [plan success: new traj pub] |  (prev cycle x1/0.1s)
[1782979238.317][    +13.0s][EXEC_TRAJ] GLOBAL result=OK | clusters=3(reach 3) vp=3(reach 3) pipe[tot=3 dorm=0 unreach=0 cons=3 nocand=0 topo=0 novis=0 ok=3] tour=4n/12.3m goal=(-1.0, -0.3, 1.0) t=17ms (x2)
[1782979238.317][    +13.0s][PLAN_TRAJ_EXP] STATE EXEC_TRAJ -> PLAN_TRAJ_EXP [planGlobalPath: succeed]
[1782979239.610][    +14.3s][EXEC_TRAJ] GLOBAL result=OK | clusters=3(reach 3) vp=3(reach 3) pipe[tot=3 dorm=0 unreach=0 cons=3 nocand=0 topo=0 novis=0 ok=3] tour=4n/12.3m goal=(-1.0, -0.3, 1.0) t=21ms (x1)
[1782979239.861][    +14.6s][PLAN_TRAJ_EXP] STATE PLAN_TRAJ_EXP -> PLAN_TRAJ_EXP [PLAN_TRAJ_EXP: plan failed] |  (prev cycle x6/1.5s)
[1782979239.993][    +14.7s][PLAN_TRAJ_EXP] LOCAL EXP FAIL | why: minco optimize failed | t=34.7ms goal_d=1.1m (x8)
[1782979240.068][    +14.8s][PLAN_TRAJ_EXP] STATE PLAN_TRAJ_EXP -> PLAN_TRAJ_EXP [planGlobalPath: succeed] |  (prev x4/0.2s)
[1782979240.146][    +14.8s][EXEC_TRAJ] STATE PLAN_TRAJ_EXP -> EXEC_TRAJ [plan success: new traj pub] |  (prev cycle x1/0.1s)
[1782979240.277][    +15.0s][EXEC_TRAJ] BATT 24.5V | v=24.82V pct=88% (x4)
[1782979240.696][    +15.4s][EXEC_TRAJ] GLOBAL result=OK | clusters=3(reach 3) vp=3(reach 3) pipe[tot=3 dorm=0 unreach=0 cons=3 nocand=0 topo=0 novis=0 ok=3] tour=4n/12.3m goal=(-1.0, -0.3, 1.0) t=16ms (x2)
[1782979240.696][    +15.4s][PLAN_TRAJ_EXP] STATE EXEC_TRAJ -> PLAN_TRAJ_EXP [planGlobalPath: succeed]
[1782979241.951][    +16.6s][EXEC_TRAJ] GLOBAL result=OK | clusters=3(reach 3) vp=3(reach 3) pipe[tot=3 dorm=0 unreach=0 cons=3 nocand=0 topo=0 novis=0 ok=3] tour=4n/12.6m goal=(-1.0, -0.3, 1.0) t=17ms (x1)
[1782979242.201][    +16.9s][PLAN_TRAJ_EXP] STATE PLAN_TRAJ_EXP -> PLAN_TRAJ_EXP [PLAN_TRAJ_EXP: plan failed] |  (prev cycle x6/1.5s)
[1782979242.245][    +16.9s][PLAN_TRAJ_EXP] LOCAL EXP FAIL | why: minco optimize failed | t=33.4ms goal_d=1.2m (x5)
[1782979242.290][    +17.0s][PLAN_TRAJ_EXP] BATT 24.5V | v=24.83V pct=88%
[1782979242.398][    +17.1s][PLAN_TRAJ_EXP] STATE PLAN_TRAJ_EXP -> PLAN_TRAJ_EXP [planGlobalPath: succeed] |  (prev x4/0.2s)
[1782979242.477][    +17.2s][EXEC_TRAJ] STATE PLAN_TRAJ_EXP -> EXEC_TRAJ [plan success: new traj pub] |  (prev cycle x1/0.1s)
[1782979243.043][    +17.7s][EXEC_TRAJ] GLOBAL result=OK | clusters=3(reach 2) vp=2(reach 2) pipe[tot=3 dorm=0 unreach=0 cons=3 nocand=0 topo=0 novis=1 ok=2] tour=3n/12.1m goal=(-1.0, -0.3, 1.0) t=32ms (x2)
[1782979243.043][    +17.7s][PLAN_TRAJ_EXP] STATE EXEC_TRAJ -> PLAN_TRAJ_EXP [planGlobalPath: succeed]
[1782979244.302][    +19.0s][EXEC_TRAJ] GLOBAL result=OK | clusters=3(reach 2) vp=2(reach 2) pipe[tot=3 dorm=0 unreach=1 cons=2 nocand=0 topo=0 novis=0 ok=2] tour=3n/12.1m goal=(-1.0, -0.3, 1.0) t=16ms (x1)
[1782979244.766][    +19.5s][PLAN_TRAJ_EXP] STATE PLAN_TRAJ_EXP -> PLAN_TRAJ_EXP [PLAN_TRAJ_EXP: plan failed] |  (prev cycle x6/1.7s)
[1782979244.941][    +19.6s][PLAN_TRAJ_EXP] LOCAL EXP FAIL | why: minco optimize failed | t=33.4ms goal_d=1.3m (x10)
[1782979244.968][    +19.7s][PLAN_TRAJ_EXP] STATE PLAN_TRAJ_EXP -> PLAN_TRAJ_EXP [planGlobalPath: succeed] |  (prev x4/0.2s)
[1782979245.047][    +19.7s][EXEC_TRAJ] STATE PLAN_TRAJ_EXP -> EXEC_TRAJ [plan success: new traj pub] |  (prev cycle x1/0.1s)
[1782979245.617][    +20.3s][EXEC_TRAJ] GLOBAL result=OK | clusters=3(reach 2) vp=2(reach 2) pipe[tot=3 dorm=0 unreach=1 cons=2 nocand=0 topo=0 novis=0 ok=2] tour=3n/12.4m goal=(-1.0, -0.3, 1.0) t=19ms (x2)
[1782979245.617][    +20.3s][PLAN_TRAJ_EXP] STATE EXEC_TRAJ -> PLAN_TRAJ_EXP [planGlobalPath: succeed]
[1782979246.285][    +21.0s][EXEC_TRAJ] BATT 24.5V | v=24.82V pct=88% (x1)
[1782979246.879][    +21.6s][EXEC_TRAJ] GLOBAL result=OK | clusters=1(reach 1) vp=1(reach 1) pipe[tot=1 dorm=0 unreach=0 cons=1 nocand=0 topo=0 novis=0 ok=1] tour=2n/9.3m goal=(0.6, 0.3, 1.3) t=17ms (x1)
[1782979248.139][    +22.8s][EXEC_TRAJ] GLOBAL result=OK | clusters=1(reach 1) vp=1(reach 1) pipe[tot=1 dorm=0 unreach=0 cons=1 nocand=0 topo=0 novis=0 ok=1] tour=2n/9.4m goal=(9.6, 1.9, 0.7) t=13ms (x1)
[1782979248.277][    +23.0s][EXEC_TRAJ] BATT 24.5V | v=24.83V pct=88%
[1782979249.396][    +24.1s][EXEC_TRAJ] GLOBAL result=OK | clusters=1(reach 1) vp=1(reach 1) pipe[tot=1 dorm=0 unreach=0 cons=1 nocand=0 topo=0 novis=0 ok=1] tour=2n/9.6m goal=(9.6, 1.9, 0.7) t=5ms (x1)
[1782979250.049][    +24.7s][PLAN_TRAJ_EXP] LOCAL EXP OK | t=33.4ms goal_d=9.6m (x8)
[1782979250.618][    +25.3s][EXEC_TRAJ] GLOBAL result=OK | clusters=1(reach 1) vp=1(reach 1) pipe[tot=1 dorm=0 unreach=0 cons=1 nocand=0 topo=0 novis=0 ok=1] tour=2n/9.7m goal=(9.6, 1.9, 0.7) t=4ms (x1)
[1782979251.849][    +26.5s][EXEC_TRAJ] GLOBAL result=OK | clusters=1(reach 1) vp=1(reach 1) pipe[tot=1 dorm=0 unreach=0 cons=1 nocand=0 topo=0 novis=0 ok=1] tour=2n/9.7m goal=(9.6, 1.9, 0.7) t=13ms (x1)
[1782979252.509][    +27.2s][PLAN_TRAJ_EXP] STATE EXEC_TRAJ -> PLAN_TRAJ_EXP [emergency: control error] |  (prev cycle x23/6.9s)
[1782979253.123][    +27.8s][EXEC_TRAJ] GLOBAL result=OK | clusters=1(reach 1) vp=1(reach 1) pipe[tot=1 dorm=0 unreach=0 cons=1 nocand=0 topo=0 novis=0 ok=1] tour=2n/9.6m goal=(9.6, 1.9, 0.7) t=35ms (x1)
[1782979253.123][    +27.8s][PLAN_TRAJ_EXP] STATE EXEC_TRAJ -> PLAN_TRAJ_EXP [planGlobalPath: succeed] |  (prev cycle x1/0.6s)
[1782979254.412][    +29.1s][EXEC_TRAJ] GLOBAL result=OK | clusters=1(reach 1) vp=1(reach 1) pipe[tot=1 dorm=0 unreach=0 cons=1 nocand=0 topo=0 novis=0 ok=1] tour=2n/9.1m goal=(9.6, 1.9, 0.7) t=5ms (x1)
[1782979255.066][    +29.8s][PLAN_TRAJ_EXP] LOCAL EXP OK | t=33.5ms goal_d=8.7m (x8)
[1782979255.658][    +30.4s][EXEC_TRAJ] GLOBAL result=NO_VIEWPOINTS | why: NO_FRONTIER: 0 viewpoints (clusters=0, reachable_clusters=0) pipe[tot=0 dorm=0 unreach=0 cons=0 nocand=0 topo=0 novis=0 ok=0] | clusters=0(reach 0) vp=0(reach 0) pipe[tot=0 dorm=0 unreach=0 cons=0 nocand=0 topo=0 novis=0 ok=0] tour=2n/8.8m goal=(9.6, 1.9, 0.7) t=12ms (prev x1/0.6s)
[1782979255.658][    +30.4s][FINISH] STATE EXEC_TRAJ -> FINISH [planGlobalPath: no frontier] |  (prev cycle x7/2.5s)
[1782979255.658][    +30.4s][FINISH] MISSION FINISH (map fully explored) | pos=(1.44, 0.05, 1.43) elapsed=30s clusters_left=0(reach 0) pipe[tot=0 dorm=0 unreach=0 cons=0 nocand=0 topo=0 novis=0 ok=0]
[1782979255.868][    +30.6s][FINISH] STATE FINISH -> FINISH [planGlobalPath: no frontier]
[1782979256.660][    +31.4s][PLAN_TRAJ_RTH] STATE FINISH -> PLAN_TRAJ_RTH [FINISH: hover done -> return home] |  (prev x3/0.6s)
[1782979256.666][    +31.4s][PLAN_TRAJ_RTH] RTH d2goal=1.5m | auto-home(xy) dist=1.81m tol=0.20m goal=(0.02, 0.12, 1.25)
[1782979256.700][    +31.4s][PLAN_TRAJ_RTH] LOCAL RTH OK | t=33.4ms (prev cycle x15/28.7s)
[1782979256.700][    +31.4s][EXEC_TRAJ] STATE PLAN_TRAJ_RTH -> EXEC_TRAJ [PLAN_TRAJ_RTH: plan success]
[1782979257.342][    +32.0s][EXEC_TRAJ] GLOBAL result=RTH_PATH_OK | why: path to goal: 2 nodes / 2.2m (connected via 4) | clusters=0(reach 0) vp=0(reach 0) pipe[tot=0 dorm=0 unreach=0 cons=0 nocand=0 topo=0 novis=0 ok=0] tour=2n/2.2m goal=(0.0, 0.1, 1.2) t=13ms (prev x4/1.5s)
[1782979257.342][    +32.0s][PLAN_TRAJ_RTH] STATE EXEC_TRAJ -> PLAN_TRAJ_RTH [planGoalPath: succeed]
[1782979257.342][    +32.0s][PLAN_TRAJ_RTH] RTH d2goal=2.0m | auto-home(xy) dist=2.14m tol=0.20m goal=(0.02, 0.12, 1.25)
[1782979257.972][    +32.7s][EXEC_TRAJ] GLOBAL result=RTH_PATH_OK | why: path to goal: 2 nodes / 2.4m (connected via 4) | clusters=0(reach 0) vp=0(reach 0) pipe[tot=0 dorm=0 unreach=0 cons=0 nocand=0 topo=0 novis=0 ok=0] tour=2n/2.4m goal=(0.0, 0.1, 1.2) t=14ms
[1782979257.972][    +32.7s][PLAN_TRAJ_RTH] RTH d2goal=2.0m | auto-home(xy) dist=2.38m tol=0.20m goal=(0.02, 0.12, 1.25)
[1782979258.274][    +33.0s][EXEC_TRAJ] BATT 24.5V | v=24.82V pct=88% (x4)
[1782979258.620][    +33.3s][EXEC_TRAJ] GLOBAL result=RTH_PATH_OK | why: path to goal: 2 nodes / 2.6m (connected via 4) | clusters=0(reach 0) vp=0(reach 0) pipe[tot=0 dorm=0 unreach=0 cons=0 nocand=0 topo=0 novis=0 ok=0] tour=2n/2.6m goal=(0.0, 0.1, 1.2) t=15ms
[1782979258.621][    +33.3s][PLAN_TRAJ_RTH] RTH d2goal=2.5m | auto-home(xy) dist=2.59m tol=0.20m goal=(0.02, 0.12, 1.25)
[1782979259.263][    +34.0s][EXEC_TRAJ] GLOBAL result=RTH_PATH_OK | why: path to goal: 2 nodes / 2.7m (connected via 4) | clusters=0(reach 0) vp=0(reach 0) pipe[tot=0 dorm=0 unreach=0 cons=0 nocand=0 topo=0 novis=0 ok=0] tour=2n/2.7m goal=(0.0, 0.1, 1.2) t=14ms
[1782979259.263][    +34.0s][PLAN_TRAJ_RTH] RTH d2goal=2.5m | auto-home(xy) dist=2.72m tol=0.20m goal=(0.02, 0.12, 1.25)
[1782979259.909][    +34.6s][EXEC_TRAJ] GLOBAL result=RTH_PATH_OK | why: path to goal: 2 nodes / 2.8m (connected via 4) | clusters=0(reach 0) vp=0(reach 0) pipe[tot=0 dorm=0 unreach=0 cons=0 nocand=0 topo=0 novis=0 ok=0] tour=2n/2.8m goal=(0.0, 0.1, 1.2) t=14ms
[1782979259.909][    +34.6s][PLAN_TRAJ_RTH] RTH d2goal=2.5m | auto-home(xy) dist=2.76m tol=0.20m goal=(0.02, 0.12, 1.25)
[1782979259.942][    +34.6s][PLAN_TRAJ_RTH] LOCAL RTH FAIL | why: minco optimize failed | t=33.5ms (prev x4/2.6s)
[1782979259.943][    +34.6s][PLAN_TRAJ_RTH] STATE PLAN_TRAJ_RTH -> PLAN_TRAJ_RTH [PLAN_TRAJ_RTH: plan failed] |  (prev cycle x8/2.6s)
[1782979260.144][    +34.8s][PLAN_TRAJ_RTH] STATE PLAN_TRAJ_RTH -> PLAN_TRAJ_RTH [planGoalPath: succeed] |  (prev x4/0.2s)
[1782979260.147][    +34.8s][PLAN_TRAJ_RTH] RTH d2goal=2.5m | auto-home(xy) dist=2.75m tol=0.20m goal=(0.02, 0.12, 1.25) (x4)
[1782979260.225][    +34.9s][EXEC_TRAJ] STATE PLAN_TRAJ_RTH -> EXEC_TRAJ [PLAN_TRAJ_RTH: plan success] |  (prev cycle x1/0.1s)
[1782979260.273][    +35.0s][EXEC_TRAJ] BATT 24.5V | v=24.83V pct=88%
[1782979260.797][    +35.5s][PLAN_TRAJ_RTH] STATE EXEC_TRAJ -> PLAN_TRAJ_RTH [planGoalPath: succeed]
[1782979261.413][    +36.1s][EXEC_TRAJ] GLOBAL result=RTH_PATH_OK | why: path to goal: 2 nodes / 2.8m (connected via 4) | clusters=0(reach 0) vp=0(reach 0) pipe[tot=0 dorm=0 unreach=0 cons=0 nocand=0 topo=0 novis=0 ok=0] tour=2n/2.8m goal=(0.0, 0.1, 1.2) t=12ms (x2)
[1782979261.413][    +36.1s][PLAN_TRAJ_RTH] RTH d2goal=2.5m | auto-home(xy) dist=2.76m tol=0.20m goal=(0.02, 0.12, 1.25) (x2)
[1782979262.666][    +37.4s][EXEC_TRAJ] GLOBAL result=RTH_PATH_OK | why: path to goal: 2 nodes / 2.8m (connected via 4) | clusters=0(reach 0) vp=0(reach 0) pipe[tot=0 dorm=0 unreach=0 cons=0 nocand=0 topo=0 novis=0 ok=0] tour=2n/2.8m goal=(0.0, 0.1, 1.2) t=14ms (x1)
[1782979262.666][    +37.4s][PLAN_TRAJ_RTH] RTH d2goal=2.5m | auto-home(xy) dist=2.75m tol=0.20m goal=(0.02, 0.12, 1.25) (x1)
[1782979263.291][    +38.0s][PLAN_TRAJ_RTH] RTH d2goal=2.5m | auto-home(xy) dist=2.66m tol=0.20m goal=(0.02, 0.12, 1.25)
[1782979263.923][    +38.6s][EXEC_TRAJ] GLOBAL result=RTH_PATH_OK | why: path to goal: 2 nodes / 2.3m (connected via 4) | clusters=0(reach 0) vp=0(reach 0) pipe[tot=0 dorm=0 unreach=0 cons=0 nocand=0 topo=0 novis=0 ok=0] tour=2n/2.3m goal=(0.0, 0.1, 1.2) t=15ms (prev cycle x1/4.0s)
[1782979264.549][    +39.2s][EXEC_TRAJ] GLOBAL result=RTH_PATH_OK | why: path to goal: 2 nodes / 1.7m (connected via 4) | clusters=0(reach 0) vp=0(reach 0) pipe[tot=0 dorm=0 unreach=0 cons=0 nocand=0 topo=0 novis=0 ok=0] tour=2n/1.7m goal=(0.0, 0.1, 1.2) t=15ms
[1782979264.549][    +39.2s][PLAN_TRAJ_RTH] RTH d2goal=1.5m | auto-home(xy) dist=1.72m tol=0.20m goal=(0.02, 0.12, 1.25) (prev cycle x1/5.9s)
[1782979265.195][    +39.9s][EXEC_TRAJ] GLOBAL result=RTH_PATH_OK | why: path to goal: 2 nodes / 1.4m (connected via 4) | clusters=0(reach 0) vp=0(reach 0) pipe[tot=0 dorm=0 unreach=0 cons=0 nocand=0 topo=0 novis=0 ok=0] tour=2n/1.4m goal=(0.0, 0.1, 1.2) t=12ms
[1782979265.197][    +39.9s][PLAN_TRAJ_RTH] RTH d2goal=1.0m | auto-home(xy) dist=1.31m tol=0.20m goal=(0.02, 0.12, 1.25)
[1782979265.231][    +39.9s][PLAN_TRAJ_RTH] STATE PLAN_TRAJ_RTH -> PLAN_TRAJ_RTH [PLAN_TRAJ_RTH: plan failed] |  (prev cycle x14/4.4s)
[1782979265.241][    +39.9s][PLAN_TRAJ_RTH] RTH d2goal=1.0m | auto-home(xy) dist=1.27m tol=0.20m goal=(0.02, 0.12, 1.25)
[1782979265.275][    +40.0s][PLAN_TRAJ_RTH] LOCAL RTH FAIL | why: minco optimize failed | t=33.4ms (x12)
[1782979265.285][    +40.0s][PLAN_TRAJ_RTH] RTH d2goal=1.0m | auto-home(xy) dist=1.22m tol=0.20m goal=(0.02, 0.12, 1.25)
[1782979265.331][    +40.0s][PLAN_TRAJ_RTH] RTH d2goal=1.0m | auto-home(xy) dist=1.18m tol=0.20m goal=(0.02, 0.12, 1.25)
[1782979265.378][    +40.1s][PLAN_TRAJ_RTH] RTH d2goal=1.0m | auto-home(xy) dist=1.14m tol=0.20m goal=(0.02, 0.12, 1.25)
[1782979265.429][    +40.1s][PLAN_TRAJ_RTH] GLOBAL result=RTH_PATH_OK | why: path to goal: 2 nodes / 1.2m (connected via 4) | clusters=0(reach 0) vp=0(reach 0) pipe[tot=0 dorm=0 unreach=0 cons=0 nocand=0 topo=0 novis=0 ok=0] tour=2n/1.2m goal=(0.0, 0.1, 1.2) t=14ms
[1782979265.429][    +40.1s][PLAN_TRAJ_RTH] STATE PLAN_TRAJ_RTH -> PLAN_TRAJ_RTH [planGoalPath: succeed] |  (prev x4/0.2s)
[1782979265.431][    +40.1s][PLAN_TRAJ_RTH] RTH d2goal=1.0m | auto-home(xy) dist=1.10m tol=0.20m goal=(0.02, 0.12, 1.25)
[1782979265.475][    +40.2s][PLAN_TRAJ_RTH] RTH d2goal=1.0m | auto-home(xy) dist=1.06m tol=0.20m goal=(0.02, 0.12, 1.25)
[1782979265.508][    +40.2s][EXEC_TRAJ] STATE PLAN_TRAJ_RTH -> EXEC_TRAJ [PLAN_TRAJ_RTH: plan success] |  (prev cycle x1/0.1s)
[1782979266.053][    +40.8s][EXEC_TRAJ] GLOBAL result=RTH_PATH_OK | why: path to goal: 2 nodes / 0.8m (connected via 4) | clusters=0(reach 0) vp=0(reach 0) pipe[tot=0 dorm=0 unreach=0 cons=0 nocand=0 topo=0 novis=0 ok=0] tour=2n/0.8m goal=(0.0, 0.1, 1.2) t=15ms
[1782979266.053][    +40.8s][PLAN_TRAJ_RTH] STATE EXEC_TRAJ -> PLAN_TRAJ_RTH [planGoalPath: succeed]
[1782979266.053][    +40.8s][PLAN_TRAJ_RTH] RTH d2goal=0.5m | auto-home(xy) dist=0.72m tol=0.20m goal=(0.02, 0.12, 1.25)
[1782979266.670][    +41.4s][EXEC_TRAJ] GLOBAL result=RTH_PATH_OK | why: path to goal: 2 nodes / 0.5m (connected via 4) | clusters=0(reach 0) vp=0(reach 0) pipe[tot=0 dorm=0 unreach=0 cons=0 nocand=0 topo=0 novis=0 ok=0] tour=2n/0.5m goal=(0.0, 0.1, 1.2) t=15ms
[1782979266.672][    +41.4s][PLAN_TRAJ_RTH] RTH d2goal=0.0m | auto-home(xy) dist=0.38m tol=0.20m goal=(0.02, 0.12, 1.25)
[1782979267.303][    +42.0s][PLAN_TRAJ_RTH] RTH d2goal=0.0m | auto-home(xy) dist=0.37m tol=0.20m goal=(0.02, 0.12, 1.25)
[1782979267.926][    +42.6s][EXEC_TRAJ] GLOBAL result=RTH_PATH_OK | why: path to goal: 2 nodes / 0.5m (connected via 4) | clusters=0(reach 0) vp=0(reach 0) pipe[tot=0 dorm=0 unreach=0 cons=0 nocand=0 topo=0 novis=0 ok=0] tour=2n/0.5m goal=(0.0, 0.1, 1.2) t=14ms (x1)
[1782979267.927][    +42.6s][PLAN_TRAJ_RTH] RTH d2goal=0.0m | auto-home(xy) dist=0.33m tol=0.20m goal=(0.02, 0.12, 1.25)
[1782979268.351][    +43.0s][EXEC_TRAJ] GLOBAL result=RTH_PATH_OK | why: path to goal: 3 nodes / 0.5m (connected via 4) | clusters=0(reach 0) vp=0(reach 0) pipe[tot=0 dorm=0 unreach=0 cons=0 nocand=0 topo=0 novis=0 ok=0] tour=3n/0.5m goal=(0.0, 0.1, 1.2) t=14ms
[1782979268.351][    +43.0s][PLAN_TRAJ_RTH] RTH d2goal=0.0m | auto-home(xy) dist=0.31m tol=0.20m goal=(0.02, 0.12, 1.25)
[1782979268.971][    +43.7s][PLAN_TRAJ_RTH] RTH d2goal=0.0m | auto-home(xy) dist=0.30m tol=0.20m goal=(0.02, 0.12, 1.25)
[1782979269.604][    +44.3s][EXEC_TRAJ] GLOBAL result=RTH_PATH_OK | why: path to goal: 3 nodes / 0.5m (connected via 4) | clusters=0(reach 0) vp=0(reach 0) pipe[tot=0 dorm=0 unreach=0 cons=0 nocand=0 topo=0 novis=0 ok=0] tour=3n/0.5m goal=(0.1, 0.1, 1.5) t=16ms (x1)
[1782979269.604][    +44.3s][PLAN_TRAJ_RTH] RTH d2goal=0.0m | auto-home(xy) dist=0.27m tol=0.20m goal=(0.02, 0.12, 1.25)
[1782979270.240][    +44.9s][PLAN_TRAJ_RTH] RTH d2goal=0.0m | auto-home(xy) dist=0.26m tol=0.20m goal=(0.02, 0.12, 1.25)
[1782979270.869][    +45.6s][EXEC_TRAJ] GLOBAL result=RTH_PATH_OK | why: path to goal: 3 nodes / 0.5m (connected via 4) | clusters=0(reach 0) vp=0(reach 0) pipe[tot=0 dorm=0 unreach=0 cons=0 nocand=0 topo=0 novis=0 ok=0] tour=3n/0.5m goal=(0.1, 0.1, 1.5) t=14ms (x1)
[1782979270.869][    +45.6s][PLAN_TRAJ_RTH] RTH d2goal=0.0m | auto-home(xy) dist=0.27m tol=0.20m goal=(0.02, 0.12, 1.25)
[1782979270.903][    +45.6s][PLAN_TRAJ_RTH] STATE PLAN_TRAJ_RTH -> PLAN_TRAJ_RTH [PLAN_TRAJ_RTH: plan failed] |  (prev cycle x16/4.8s)
[1782979271.079][    +45.8s][PLAN_TRAJ_RTH] LOCAL RTH FAIL | why: minco optimize failed | t=33.6ms (x15)
[1782979271.097][    +45.8s][PLAN_TRAJ_RTH] STATE PLAN_TRAJ_RTH -> PLAN_TRAJ_RTH [planGoalPath: succeed] |  (prev x4/0.1s)
[1782979271.175][    +45.9s][EXEC_TRAJ] STATE PLAN_TRAJ_RTH -> EXEC_TRAJ [PLAN_TRAJ_RTH: plan success] |  (prev cycle x1/0.1s)
[1782979271.721][    +46.4s][PLAN_TRAJ_RTH] STATE EXEC_TRAJ -> PLAN_TRAJ_RTH [planGoalPath: succeed]
[1782979271.721][    +46.4s][PLAN_TRAJ_RTH] RTH d2goal=0.0m | auto-home(xy) dist=0.26m tol=0.20m goal=(0.02, 0.12, 1.25) (x6)
[1782979272.352][    +47.0s][PLAN_TRAJ_RTH] RTH d2goal=0.0m | auto-home(xy) dist=0.28m tol=0.20m goal=(0.02, 0.12, 1.25)
[1782979272.977][    +47.7s][EXEC_TRAJ] GLOBAL result=RTH_PATH_OK | why: path to goal: 3 nodes / 0.4m (connected via 4) | clusters=0(reach 0) vp=0(reach 0) pipe[tot=0 dorm=0 unreach=0 cons=0 nocand=0 topo=0 novis=0 ok=0] tour=3n/0.4m goal=(0.1, 0.1, 1.5) t=15ms (prev x3/1.9s)
[1782979272.977][    +47.7s][PLAN_TRAJ_RTH] RTH d2goal=0.0m | auto-home(xy) dist=0.19m tol=0.20m goal=(0.02, 0.12, 1.25)
[1782979272.977][    +47.7s][LAND] STATE PLAN_TRAJ_RTH -> LAND [RTH: home reached -> AUTO.LAND] |  (prev cycle x4/1.3s)
[1782979272.980][    +47.7s][LANDED] STATE LAND -> LANDED [LAND: touchdown & disarmed]
[1782979272.986][    +47.7s][LANDED] MISSION LANDED (mission complete, disarmed)
