# console (/rosout_agg) log for epic_2026-07-20-19-53-05.bag
# started at 2026-07-20-19-53-05
[INFO] [1784544786.020] [/record_on_goal]: [record_on_goal] epic log -> /home/hmcl/EPIC-stack/src/EPIC_poongsan/src/EPIC/src/global_planner/exploration_manager/records/epic_2026-07-20-19-53-05/epic_2026-07-20-19-53-05.epic.log
[INFO] [1784544786.023] [/record_on_goal]: [record_on_goal] event log -> /home/hmcl/EPIC-stack/src/EPIC_poongsan/src/EPIC/src/global_planner/exploration_manager/records/epic_2026-07-20-19-53-05/epic_2026-07-20-19-53-05.events.log
[INFO] [1784544786.049] [/local_avoidance]: [local_avoidance] avoiding...  min_dist=0.54 m
[WARN] [1784544786.083] [/px4_ctrl_bridge]: [px4_bridge] AVOIDANCE ACTIVE -> forwarding /target_avoidance
[INFO] [1784544786.549] [/local_avoidance]: [local_avoidance] DEACTIVATED
[WARN] [1784544786.573] [/px4_ctrl_bridge]: [px4_bridge] avoidance released -> published /planning/replan
[WARN] [1784544786.602] [/local_avoidance]: [local_avoidance] ACTIVATED  (min_dist=0.54 m, idx=101)
[INFO] [1784544786.749] [/local_avoidance]: [local_avoidance] DEACTIVATED
[WARN] [1784544786.773] [/px4_ctrl_bridge]: [px4_bridge] avoidance released -> published /planning/replan
[WARN] [1784544786.800] [/local_avoidance]: [local_avoidance] ACTIVATED  (min_dist=0.50 m, idx=3521)
[INFO] [1784544786.853] [/local_avoidance]: [local_avoidance] DEACTIVATED
[WARN] [1784544786.873] [/px4_ctrl_bridge]: [px4_bridge] avoidance released -> published /planning/replan
[WARN] [1784544786.899] [/local_avoidance]: [local_avoidance] ACTIVATED  (min_dist=0.53 m, idx=173)
[INFO] [1784544786.949] [/local_avoidance]: [local_avoidance] DEACTIVATED
[WARN] [1784544786.973] [/px4_ctrl_bridge]: [px4_bridge] avoidance released -> published /planning/replan
[WARN] [1784544787.000] [/local_avoidance]: [local_avoidance] ACTIVATED  (min_dist=0.52 m, idx=1085)
[INFO] [1784544787.049] [/local_avoidance]: [local_avoidance] DEACTIVATED
[WARN] [1784544787.073] [/px4_ctrl_bridge]: [px4_bridge] avoidance released -> published /planning/replan
[WARN] [1784544787.099] [/local_avoidance]: [local_avoidance] ACTIVATED  (min_dist=0.51 m, idx=621)
[WARN] [1784544787.123] [/px4_ctrl_bridge]: [px4_bridge] AVOIDANCE ACTIVE -> forwarding /target_avoidance
[INFO] [1784544787.149] [/local_avoidance]: [local_avoidance] DEACTIVATED
[WARN] [1784544787.173] [/px4_ctrl_bridge]: [px4_bridge] avoidance released -> published /planning/replan
[WARN] [1784544787.198] [/local_avoidance]: [local_avoidance] ACTIVATED  (min_dist=0.51 m, idx=1733)
[INFO] [1784544787.249] [/local_avoidance]: [local_avoidance] DEACTIVATED
[WARN] [1784544787.273] [/px4_ctrl_bridge]: [px4_bridge] avoidance released -> published /planning/replan
[WARN] [1784544787.299] [/local_avoidance]: [local_avoidance] ACTIVATED  (min_dist=0.58 m, idx=5434)
[INFO] [1784544787.350] [/local_avoidance]: [local_avoidance] DEACTIVATED
[WARN] [1784544787.373] [/px4_ctrl_bridge]: [px4_bridge] avoidance released -> published /planning/replan
[WARN] [1784544787.398] [/local_avoidance]: [local_avoidance] ACTIVATED  (min_dist=0.53 m, idx=2097)
[INFO] [1784544787.449] [/local_avoidance]: [local_avoidance] DEACTIVATED
[WARN] [1784544787.473] [/px4_ctrl_bridge]: [px4_bridge] avoidance released -> published /planning/replan
[WARN] [1784544787.501] [/local_avoidance]: [local_avoidance] ACTIVATED  (min_dist=0.52 m, idx=1561)
[INFO] [1784544787.549] [/local_avoidance]: [local_avoidance] DEACTIVATED
[WARN] [1784544787.573] [/px4_ctrl_bridge]: [px4_bridge] avoidance released -> published /planning/replan
[WARN] [1784544787.599] [/local_avoidance]: [local_avoidance] ACTIVATED  (min_dist=0.52 m, idx=2653)
[INFO] [1784544787.649] [/local_avoidance]: [local_avoidance] DEACTIVATED
[WARN] [1784544787.683] [/px4_ctrl_bridge]: [px4_bridge] avoidance released -> published /planning/replan
[WARN] [1784544787.700] [/local_avoidance]: [local_avoidance] ACTIVATED  (min_dist=0.52 m, idx=4889)
[INFO] [1784544787.750] [/local_avoidance]: [local_avoidance] DEACTIVATED
[WARN] [1784544787.773] [/px4_ctrl_bridge]: [px4_bridge] avoidance released -> published /planning/replan
[WARN] [1784544787.799] [/local_avoidance]: [local_avoidance] ACTIVATED  (min_dist=0.51 m, idx=5885)
[INFO] [1784544787.848] [/local_avoidance]: [local_avoidance] DEACTIVATED
[INFO] [1784544787.850] [/exploration_node]: [EV] [1784544787.850][     +2.9s][WAIT_TRIGGER] BATT 22.5V | voltage=22.61V percent=14%
[WARN] [1784544787.873] [/px4_ctrl_bridge]: [px4_bridge] avoidance released -> published /planning/replan
[WARN] [1784544787.899] [/local_avoidance]: [local_avoidance] ACTIVATED  (min_dist=0.54 m, idx=5333)
[INFO] [1784544787.949] [/local_avoidance]: [local_avoidance] DEACTIVATED
[WARN] [1784544787.973] [/px4_ctrl_bridge]: [px4_bridge] avoidance released -> published /planning/replan
[WARN] [1784544787.999] [/local_avoidance]: [local_avoidance] ACTIVATED  (min_dist=0.53 m, idx=6333)
[INFO] [1784544788.050] [/local_avoidance]: [local_avoidance] DEACTIVATED
[WARN] [1784544788.073] [/px4_ctrl_bridge]: [px4_bridge] avoidance released -> published /planning/replan
[WARN] [1784544788.099] [/local_avoidance]: [local_avoidance] ACTIVATED  (min_dist=0.55 m, idx=6006)
[WARN] [1784544788.133] [/px4_ctrl_bridge]: [px4_bridge] AVOIDANCE ACTIVE -> forwarding /target_avoidance
[INFO] [1784544788.149] [/local_avoidance]: [local_avoidance] DEACTIVATED
[WARN] [1784544788.173] [/px4_ctrl_bridge]: [px4_bridge] avoidance released -> published /planning/replan
[WARN] [1784544788.199] [/local_avoidance]: [local_avoidance] ACTIVATED  (min_dist=0.53 m, idx=6757)
[INFO] [1784544788.249] [/local_avoidance]: [local_avoidance] DEACTIVATED
[WARN] [1784544788.273] [/px4_ctrl_bridge]: [px4_bridge] avoidance released -> published /planning/replan
[WARN] [1784544788.299] [/local_avoidance]: [local_avoidance] ACTIVATED  (min_dist=0.56 m, idx=3533)
[INFO] [1784544788.349] [/local_avoidance]: [local_avoidance] DEACTIVATED
[WARN] [1784544788.373] [/px4_ctrl_bridge]: [px4_bridge] avoidance released -> published /planning/replan
[WARN] [1784544788.399] [/local_avoidance]: [local_avoidance] ACTIVATED  (min_dist=0.54 m, idx=2961)
[INFO] [1784544788.449] [/local_avoidance]: [local_avoidance] DEACTIVATED
[WARN] [1784544788.473] [/px4_ctrl_bridge]: [px4_bridge] avoidance released -> published /planning/replan
[WARN] [1784544788.498] [/local_avoidance]: [local_avoidance] ACTIVATED  (min_dist=0.54 m, idx=4073)
[INFO] [1784544788.548] [/local_avoidance]: [local_avoidance] DEACTIVATED
[WARN] [1784544788.573] [/px4_ctrl_bridge]: [px4_bridge] avoidance released -> published /planning/replan
[WARN] [1784544788.601] [/local_avoidance]: [local_avoidance] ACTIVATED  (min_dist=0.52 m, idx=3409)
[INFO] [1784544788.650] [/local_avoidance]: [local_avoidance] DEACTIVATED
[WARN] [1784544788.673] [/px4_ctrl_bridge]: [px4_bridge] avoidance released -> published /planning/replan
[WARN] [1784544788.702] [/local_avoidance]: [local_avoidance] ACTIVATED  (min_dist=0.50 m, idx=7217)
[INFO] [1784544788.749] [/local_avoidance]: [local_avoidance] DEACTIVATED
[WARN] [1784544788.773] [/px4_ctrl_bridge]: [px4_bridge] avoidance released -> published /planning/replan
[WARN] [1784544788.799] [/local_avoidance]: [local_avoidance] ACTIVATED  (min_dist=0.53 m, idx=3961)
[INFO] [1784544788.848] [/local_avoidance]: [local_avoidance] DEACTIVATED
[WARN] [1784544788.873] [/px4_ctrl_bridge]: [px4_bridge] avoidance released -> published /planning/replan
[WARN] [1784544788.900] [/local_avoidance]: [local_avoidance] ACTIVATED  (min_dist=0.50 m, idx=7765)
[INFO] [1784544788.950] [/local_avoidance]: [local_avoidance] DEACTIVATED
[WARN] [1784544788.973] [/px4_ctrl_bridge]: [px4_bridge] avoidance released -> published /planning/replan
[WARN] [1784544788.998] [/local_avoidance]: [local_avoidance] ACTIVATED  (min_dist=0.55 m, idx=4317)
[INFO] [1784544789.048] [/cloud_crop_bridge]: [CloudCrop] 3115 -> 695 pts (22%)
[INFO] [1784544789.049] [/local_avoidance]: [local_avoidance] DEACTIVATED
[WARN] [1784544789.073] [/px4_ctrl_bridge]: [px4_bridge] avoidance released -> published /planning/replan
[WARN] [1784544789.099] [/local_avoidance]: [local_avoidance] ACTIVATED  (min_dist=0.53 m, idx=5637)
[WARN] [1784544789.143] [/px4_ctrl_bridge]: [px4_bridge] AVOIDANCE ACTIVE -> forwarding /target_avoidance
[INFO] [1784544789.148] [/local_avoidance]: [local_avoidance] DEACTIVATED
[WARN] [1784544789.173] [/px4_ctrl_bridge]: [px4_bridge] avoidance released -> published /planning/replan
[WARN] [1784544789.198] [/local_avoidance]: [local_avoidance] ACTIVATED  (min_dist=0.54 m, idx=4983)
[INFO] [1784544789.249] [/local_avoidance]: [local_avoidance] DEACTIVATED
[WARN] [1784544789.273] [/px4_ctrl_bridge]: [px4_bridge] avoidance released -> published /planning/replan
[WARN] [1784544789.299] [/local_avoidance]: [local_avoidance] ACTIVATED  (min_dist=0.51 m, idx=5877)
[INFO] [1784544789.350] [/local_avoidance]: [local_avoidance] DEACTIVATED
[WARN] [1784544789.373] [/px4_ctrl_bridge]: [px4_bridge] avoidance released -> published /planning/replan
[WARN] [1784544789.399] [/local_avoidance]: [local_avoidance] ACTIVATED  (min_dist=0.52 m, idx=8609)
[INFO] [1784544789.449] [/local_avoidance]: [local_avoidance] DEACTIVATED
[WARN] [1784544789.473] [/px4_ctrl_bridge]: [px4_bridge] avoidance released -> published /planning/replan
[WARN] [1784544789.499] [/local_avoidance]: [local_avoidance] ACTIVATED  (min_dist=0.53 m, idx=6449)
[INFO] [1784544789.549] [/local_avoidance]: [local_avoidance] DEACTIVATED
[WARN] [1784544789.573] [/px4_ctrl_bridge]: [px4_bridge] avoidance released -> published /planning/replan
[WARN] [1784544789.600] [/local_avoidance]: [local_avoidance] ACTIVATED  (min_dist=0.52 m, idx=8677)
[INFO] [1784544789.649] [/local_avoidance]: [local_avoidance] DEACTIVATED
[WARN] [1784544789.673] [/px4_ctrl_bridge]: [px4_bridge] avoidance released -> published /planning/replan
[WARN] [1784544789.700] [/local_avoidance]: [local_avoidance] ACTIVATED  (min_dist=0.54 m, idx=9685)
[INFO] [1784544789.751] [/local_avoidance]: [local_avoidance] DEACTIVATED
[WARN] [1784544789.783] [/px4_ctrl_bridge]: [px4_bridge] avoidance released -> published /planning/replan
[WARN] [1784544789.800] [/local_avoidance]: [local_avoidance] ACTIVATED  (min_dist=0.55 m, idx=6430)
[INFO] [1784544789.849] [/local_avoidance]: [local_avoidance] DEACTIVATED
[WARN] [1784544789.873] [/px4_ctrl_bridge]: [px4_bridge] avoidance released -> published /planning/replan
[WARN] [1784544789.901] [/local_avoidance]: [local_avoidance] ACTIVATED  (min_dist=0.54 m, idx=5746)
[INFO] [1784544789.948] [/local_avoidance]: [local_avoidance] avoiding...  min_dist=0.52 m
[INFO] [1784544790.049] [/local_avoidance]: [local_avoidance] DEACTIVATED
[WARN] [1784544790.073] [/px4_ctrl_bridge]: [px4_bridge] avoidance released -> published /planning/replan
[WARN] [1784544790.099] [/local_avoidance]: [local_avoidance] ACTIVATED  (min_dist=0.55 m, idx=6293)
[WARN] [1784544790.153] [/px4_ctrl_bridge]: [px4_bridge] AVOIDANCE ACTIVE -> forwarding /target_avoidance
[INFO] [1784544790.949] [/local_avoidance]: [local_avoidance] avoiding...  min_dist=0.56 m
[WARN] [1784544790.950] [/exploration_node]: wait for trigger.
[WARN] [1784544791.153] [/px4_ctrl_bridge]: [px4_bridge] AVOIDANCE ACTIVE -> forwarding /target_avoidance
[INFO] [1784544791.699] [/local_avoidance]: [local_avoidance] DEACTIVATED
[WARN] [1784544791.723] [/px4_ctrl_bridge]: [px4_bridge] avoidance released -> published /planning/replan
[WARN] [1784544791.749] [/local_avoidance]: [local_avoidance] ACTIVATED  (min_dist=0.52 m, idx=369)
[INFO] [1784544791.848] [/exploration_node]: [EV] [1784544791.848][     +6.9s][WAIT_TRIGGER] BATT 22.5V | voltage=22.60V percent=14% (repeated x1)
[INFO] [1784544791.902] [/local_avoidance]: [local_avoidance] DEACTIVATED
[WARN] [1784544791.933] [/px4_ctrl_bridge]: [px4_bridge] avoidance released -> published /planning/replan
[WARN] [1784544791.948] [/local_avoidance]: [local_avoidance] ACTIVATED  (min_dist=0.52 m, idx=725)
[INFO] [1784544792.000] [/local_avoidance]: [local_avoidance] DEACTIVATED
[WARN] [1784544792.023] [/px4_ctrl_bridge]: [px4_bridge] avoidance released -> published /planning/replan
[WARN] [1784544792.049] [/local_avoidance]: [local_avoidance] ACTIVATED  (min_dist=0.54 m, idx=4549)
[INFO] [1784544792.100] [/local_avoidance]: [local_avoidance] DEACTIVATED
[WARN] [1784544792.123] [/px4_ctrl_bridge]: [px4_bridge] avoidance released -> published /planning/replan
[WARN] [1784544792.149] [/local_avoidance]: [local_avoidance] ACTIVATED  (min_dist=0.54 m, idx=4025)
[WARN] [1784544792.183] [/px4_ctrl_bridge]: [px4_bridge] AVOIDANCE ACTIVE -> forwarding /target_avoidance
[INFO] [1784544792.200] [/local_avoidance]: [local_avoidance] DEACTIVATED
[WARN] [1784544792.223] [/px4_ctrl_bridge]: [px4_bridge] avoidance released -> published /planning/replan
[WARN] [1784544792.248] [/local_avoidance]: [local_avoidance] ACTIVATED  (min_dist=0.53 m, idx=5014)
[INFO] [1784544792.299] [/local_avoidance]: [local_avoidance] DEACTIVATED
[WARN] [1784544792.324] [/px4_ctrl_bridge]: [px4_bridge] avoidance released -> published /planning/replan
[WARN] [1784544792.349] [/local_avoidance]: [local_avoidance] ACTIVATED  (min_dist=0.55 m, idx=1773)
[INFO] [1784544792.399] [/local_avoidance]: [local_avoidance] DEACTIVATED
[WARN] [1784544792.423] [/px4_ctrl_bridge]: [px4_bridge] avoidance released -> published /planning/replan
[WARN] [1784544792.449] [/local_avoidance]: [local_avoidance] ACTIVATED  (min_dist=0.53 m, idx=5566)
[INFO] [1784544792.500] [/local_avoidance]: [local_avoidance] DEACTIVATED
[WARN] [1784544792.523] [/px4_ctrl_bridge]: [px4_bridge] avoidance released -> published /planning/replan
[WARN] [1784544792.550] [/local_avoidance]: [local_avoidance] ACTIVATED  (min_dist=0.50 m, idx=5005)
[INFO] [1784544792.599] [/local_avoidance]: [local_avoidance] DEACTIVATED
[WARN] [1784544792.623] [/px4_ctrl_bridge]: [px4_bridge] avoidance released -> published /planning/replan
[WARN] [1784544792.650] [/local_avoidance]: [local_avoidance] ACTIVATED  (min_dist=0.53 m, idx=1665)
[INFO] [1784544792.699] [/local_avoidance]: [local_avoidance] DEACTIVATED
[WARN] [1784544792.723] [/px4_ctrl_bridge]: [px4_bridge] avoidance released -> published /planning/replan
[WARN] [1784544792.749] [/local_avoidance]: [local_avoidance] ACTIVATED  (min_dist=0.53 m, idx=2769)
