# console (/rosout_agg) log for epic_2026-07-02-17-33-09.bag
# started at 2026-07-02-17-33-09
[INFO] [1782981190.055] [/record_on_goal]: [record_on_goal] event log -> /home/hmcl/stack1/src/EPIC_poongsan/src/EPIC/src/global_planner/exploration_manager/records/epic_2026-07-02-17-33-09/epic_2026-07-02-17-33-09.events.log
[INFO] [1782981191.331] [/exploration_node]: [EV] [1782981191.331][     +2.4s][WAIT_TRIGGER] BATT 24.0V | v=24.36V pct=72%
[WARN] [1782981192.425] [/local_avoidance]: [local_avoidance] ACTIVATED  (min_dist=0.59 m, idx=6841)
[WARN] [1782981192.457] [/px4_ctrl_bridge]: [px4_bridge] AVOIDANCE ACTIVE -> forwarding /target_avoidance
[WARN] [1782981192.457] [/exploration_node]: [EV] [1782981192.457][     +3.5s][WAIT_TRIGGER] AVOID ON (obstacle close, reactive layer overrides cmd) | pos=(-0.03, 0.03, 0.06)
[INFO] [1782981192.477] [/local_avoidance]: [local_avoidance] avoiding...  min_dist=0.57 m
[WARN] [1782981193.467] [/px4_ctrl_bridge]: [px4_bridge] AVOIDANCE ACTIVE -> forwarding /target_avoidance
[INFO] [1782981193.528] [/local_avoidance]: [local_avoidance] avoiding...  min_dist=0.50 m
[INFO] [1782981194.274] [/local_avoidance]: [local_avoidance] DEACTIVATED
[INFO] [1782981194.275] [/mavros]: HP: requesting home position
[WARN] [1782981194.308] [/px4_ctrl_bridge]: [px4_bridge] avoidance released -> published /planning/replan
[INFO] [1782981194.309] [/exploration_node]: [EV] [1782981194.309][     +5.3s][WAIT_TRIGGER] AVOID OFF (released, replan from current pose) | dur=1.9s
[WARN] [1782981194.325] [/local_avoidance]: [local_avoidance] ACTIVATED  (min_dist=0.59 m, idx=4496)
[INFO] [1782981194.374] [/local_avoidance]: [local_avoidance] DEACTIVATED
[WARN] [1782981194.407] [/px4_ctrl_bridge]: [px4_bridge] avoidance released -> published /planning/replan
[WARN] [1782981194.997] [/exploration_node]: wait for trigger.
[INFO] [1782981197.332] [/exploration_node]: [EV] [1782981197.332][     +8.4s][WAIT_TRIGGER] BATT 24.0V | v=24.36V pct=73% (x2)
[INFO] [1782981199.275] [/mavros]: GF: mission received
[INFO] [1782981199.276] [/mavros]: RP: mission received
[INFO] [1782981199.276] [/mavros]: WP: mission received
[INFO] [1782981199.332] [/exploration_node]: [EV] [1782981199.332][    +10.4s][WAIT_TRIGGER] BATT 24.0V | v=24.36V pct=72%
[WARN] [1782981200.000] [/exploration_node]: wait for trigger.
[INFO] [1782981203.311] [/rvizvisualisation]: Setting goal: Frame:world, Position(-0.120, 0.318, 0.000), Orientation(0.000, 0.000, 0.968, 0.250) = Angle: 2.637

[INFO] [1782981203.313] [/exploration_node]: [EV] [1782981203.313][     +0.0s][WAIT_TRIGGER] EVENT 2D-Nav-Goal trigger | trigger received | pos=(-0.03, 0.03, 0.08)
[INFO] [1782981203.313] [/exploration_node]: [EV] [1782981203.313][     +0.0s][WAIT_TRIGGER] PARAM box | down=[-150, -150, 0.5] up=[150, 150, 2]
[INFO] [1782981203.313] [/exploration_node]: [EV] [1782981203.313][     +0.0s][WAIT_TRIGGER] PARAM corridor | DilateSoft=0.60 DilateHard=0.45 MaxCorridor=4.0 MaxVel=1.0 max_traj_len=10.0 safe_dist=0.70 bubble_min_r=0.61
[INFO] [1782981203.313] [/exploration_node]: [EV] [1782981203.313][     +0.0s][WAIT_TRIGGER] PARAM frontier | cell=0.40 cluster_sz=[1.0, 5.0] minpts=5 dphi=0.26 znum=3 good_dir_score=0.60
[INFO] [1782981203.313] [/exploration_node]: [EV] [1782981203.313][     +0.0s][WAIT_TRIGGER] PARAM viewpoint | pillar_r=[0.5, 2.0]x8 h=[-1.0, 1.0]x5 circle_n=4 local_tsp=12
[INFO] [1782981203.313] [/exploration_node]: [EV] [1782981203.313][     +0.0s][WAIT_TRIGGER] PARAM fsm | takeoff_h=1.25 goal_tol=0.20 replan_t=0.20 emerg_err=3.0 max_hz=30 avoid_to=0.5 auto_rth_land=1 rth_land_xy_tol=0.20 avoidance=1
[INFO] [1782981203.313] [/exploration_node]: [EV] [1782981203.313][     +0.0s][WAIT_TRIGGER] PARAM topics | odom=/Odometry cloud=/cloud_registered
[INFO] [1782981203.313] [/exploration_node]: [EV] [1782981203.313][     +0.0s][TAKEOFF_HOVER] STATE WAIT_TRIGGER -> TAKEOFF_HOVER [triggerCallback: takeoff & hover]
[INFO] [1782981204.275] [/mavros]: HP: requesting home position
[INFO] [1782981205.333] [/exploration_node]: [EV] [1782981205.333][     +2.0s][TAKEOFF_HOVER] BATT 24.0V | v=24.35V pct=72% (x2)
[WARN] [1782981205.474] [/local_avoidance]: [local_avoidance] ACTIVATED  (min_dist=0.59 m, idx=5013)
[WARN] [1782981205.507] [/px4_ctrl_bridge]: [px4_bridge] AVOIDANCE ACTIVE -> forwarding /target_avoidance
[INFO] [1782981205.524] [/local_avoidance]: [local_avoidance] avoiding...  min_dist=0.54 m
[WARN] [1782981206.517] [/px4_ctrl_bridge]: [px4_bridge] AVOIDANCE ACTIVE -> forwarding /target_avoidance
[INFO] [1782981206.528] [/local_avoidance]: [local_avoidance] avoiding...  min_dist=0.25 m
[INFO] [1782981207.333] [/exploration_node]: [EV] [1782981207.333][     +4.0s][TAKEOFF_HOVER] BATT 24.0V | v=24.36V pct=73%
[WARN] [1782981207.517] [/px4_ctrl_bridge]: [px4_bridge] AVOIDANCE ACTIVE -> forwarding /target_avoidance
[INFO] [1782981207.576] [/local_avoidance]: [local_avoidance] avoiding...  min_dist=0.31 m
[WARN] [1782981208.518] [/px4_ctrl_bridge]: [px4_bridge] AVOIDANCE ACTIVE -> forwarding /target_avoidance
[INFO] [1782981208.624] [/local_avoidance]: [local_avoidance] avoiding...  min_dist=0.31 m
[INFO] [1782981208.924] [/local_avoidance]: [local_avoidance] DEACTIVATED
[WARN] [1782981208.958] [/px4_ctrl_bridge]: [px4_bridge] avoidance released -> published /planning/replan
[WARN] [1782981208.974] [/local_avoidance]: [local_avoidance] ACTIVATED  (min_dist=0.39 m, idx=3752)
[INFO] [1782981209.027] [/local_avoidance]: [local_avoidance] DEACTIVATED
[WARN] [1782981209.057] [/px4_ctrl_bridge]: [px4_bridge] avoidance released -> published /planning/replan
[WARN] [1782981209.075] [/local_avoidance]: [local_avoidance] ACTIVATED  (min_dist=0.41 m, idx=4862)
[INFO] [1782981209.125] [/local_avoidance]: [local_avoidance] DEACTIVATED
[WARN] [1782981209.158] [/px4_ctrl_bridge]: [px4_bridge] avoidance released -> published /planning/replan
[INFO] [1782981209.332] [/exploration_node]: [EV] [1782981209.332][     +6.0s][TAKEOFF_HOVER] BATT 24.0V | v=24.36V pct=72%
[INFO] [1782981209.370] [/exploration_node]: [EV] [1782981209.370][     +6.1s][PLAN_TRAJ_EXP] STATE TAKEOFF_HOVER -> PLAN_TRAJ_EXP [takeoff: altitude reached & stable -> explore]
[INFO] [1782981209.432] [/exploration_node]: [EV] [1782981209.432][     +6.1s][CAUTION] STATE PLAN_TRAJ_EXP -> CAUTION [odom_node no nbrs]
[WARN] [1782981210.704] [/exploration_node]: [EV] [1782981210.704][     +7.4s][PLAN_TRAJ_EXP] STATE CAUTION -> PLAN_TRAJ_EXP [safetyCallback: not safe, time:0.203192]
[WARN] [1782981212.621] [/exploration_node]: [EV] [1782981212.621][     +9.3s][PLAN_TRAJ_EXP] STATE CAUTION -> PLAN_TRAJ_EXP [safetyCallback: not safe, time:0.203186] |  (prev cycle x1/1.9s)
[WARN] [1782981212.665] [/exploration_node]: [EV] [1782981212.665][     +9.4s][PLAN_TRAJ_EXP] STATE PLAN_TRAJ_EXP -> PLAN_TRAJ_EXP [safetyCallback: not safe, time:0.247253]
[WARN] [1782981212.715] [/exploration_node]: [EV] [1782981212.715][     +9.4s][PLAN_TRAJ_EXP] STATE PLAN_TRAJ_EXP -> PLAN_TRAJ_EXP [safetyCallback: not safe, time:0.297500]
[INFO] [1782981214.275] [/mavros]: HP: requesting home position
[INFO] [1782981215.332] [/exploration_node]: [EV] [1782981215.332][    +12.0s][PLAN_TRAJ_EXP] BATT 24.0V | v=24.35V pct=72% (x2)
[INFO] [1782981219.332] [/exploration_node]: [EV] [1782981219.332][    +16.0s][PLAN_TRAJ_EXP] BATT 24.0V | v=24.36V pct=72% (x1)
[INFO] [1782981223.332] [/exploration_node]: [EV] [1782981223.332][    +20.0s][PLAN_TRAJ_EXP] BATT 24.0V | v=24.35V pct=72% (x1)
[INFO] [1782981224.275] [/mavros]: HP: requesting home position
[ERROR] [1782981225.319] [/exploration_node]: [EV] [1782981225.319][    +22.0s][PLAN_TRAJ_EXP] STUCK no motion >8s in PLAN_TRAJ_EXP | last-local: OK | pos=(-0.59, -0.01, 1.69) still=8s
[ERROR] [1782981230.329] [/exploration_node]: [EV] [1782981230.329][    +27.0s][PLAN_TRAJ_EXP] STUCK no motion >8s in PLAN_TRAJ_EXP | last-local: OK | pos=(-0.66, 0.02, 1.72) still=13s (x500)
[INFO] [1782981231.333] [/exploration_node]: [EV] [1782981231.333][    +28.0s][PLAN_TRAJ_EXP] BATT 24.0V | v=24.36V pct=72% (x3)
[INFO] [1782981234.275] [/mavros]: HP: requesting home position
[INFO] [1782981235.331] [/exploration_node]: [EV] [1782981235.331][    +32.0s][PLAN_TRAJ_EXP] BATT 24.0V | v=24.35V pct=72% (x1)
[ERROR] [1782981235.339] [/exploration_node]: [EV] [1782981235.339][    +32.0s][PLAN_TRAJ_EXP] STUCK no motion >8s in PLAN_TRAJ_EXP | last-local: OK | pos=(-0.67, -0.01, 1.74) still=18s (x500)
[ERROR] [1782981240.349] [/exploration_node]: [EV] [1782981240.349][    +37.0s][PLAN_TRAJ_EXP] STUCK no motion >8s in PLAN_TRAJ_EXP | last-local: OK | pos=(-0.58, -0.06, 1.77) still=23s (x500)
[INFO] [1782981244.275] [/mavros]: HP: requesting home position
[INFO] [1782981245.331] [/exploration_node]: [EV] [1782981245.331][    +42.0s][PLAN_TRAJ_EXP] BATT 24.0V | v=24.36V pct=72% (x4)
[ERROR] [1782981245.349] [/exploration_node]: [EV] [1782981245.349][    +42.0s][PLAN_TRAJ_EXP] STUCK no motion >8s in PLAN_TRAJ_EXP | last-local: OK | pos=(-0.54, -0.04, 1.76) still=28s (x499)
[INFO] [1782981249.331] [/exploration_node]: [EV] [1782981249.331][    +46.0s][PLAN_TRAJ_EXP] BATT 24.0V | v=24.35V pct=72% (x1)
[ERROR] [1782981250.359] [/exploration_node]: [EV] [1782981250.359][    +47.0s][PLAN_TRAJ_EXP] STUCK no motion >8s in PLAN_TRAJ_EXP | last-local: OK | pos=(-0.57, -0.05, 1.76) still=33s (x500)
[INFO] [1782981254.275] [/mavros]: HP: requesting home position
[ERROR] [1782981255.359] [/exploration_node]: [EV] [1782981255.359][    +52.0s][PLAN_TRAJ_EXP] STUCK no motion >8s in PLAN_TRAJ_EXP | last-local: OK | pos=(-0.57, -0.04, 1.75) still=38s (x499)
[ERROR] [1782981260.369] [/exploration_node]: [EV] [1782981260.369][    +57.1s][PLAN_TRAJ_EXP] STUCK no motion >8s in PLAN_TRAJ_EXP | last-local: OK | pos=(-0.58, -0.05, 1.76) still=43s (x500)
[INFO] [1782981261.329] [/exploration_node]: [EV] [1782981261.329][    +58.0s][PLAN_TRAJ_EXP] BATT 24.0V | v=24.36V pct=72% (x5)
[INFO] [1782981264.275] [/mavros]: HP: requesting home position
[INFO] [1782981265.329] [/exploration_node]: [EV] [1782981265.329][    +62.0s][PLAN_TRAJ_EXP] BATT 24.0V | v=24.35V pct=72% (x1)
[ERROR] [1782981265.379] [/exploration_node]: [EV] [1782981265.379][    +62.1s][PLAN_TRAJ_EXP] STUCK no motion >8s in PLAN_TRAJ_EXP | last-local: OK | pos=(-0.56, -0.00, 1.75) still=48s (x500)
[INFO] [1782981267.330] [/exploration_node]: [EV] [1782981267.330][    +64.0s][PLAN_TRAJ_EXP] BATT 24.0V | v=24.36V pct=72%
[ERROR] [1782981270.381] [/exploration_node]: [EV] [1782981270.381][    +67.1s][PLAN_TRAJ_EXP] STUCK no motion >8s in PLAN_TRAJ_EXP | last-local: OK | pos=(-0.59, -0.07, 1.75) still=53s (x498)
[INFO] [1782981273.329] [/exploration_node]: [EV] [1782981273.329][    +70.0s][PLAN_TRAJ_EXP] BATT 24.0V | v=24.35V pct=72% (x2)
[INFO] [1782981274.275] [/mavros]: HP: requesting home position
[ERROR] [1782981275.391] [/exploration_node]: [EV] [1782981275.391][    +72.1s][PLAN_TRAJ_EXP] STUCK no motion >8s in PLAN_TRAJ_EXP | last-local: OK | pos=(-0.54, -0.04, 1.75) still=58s (x500)
