# EPIC structured flight events for epic_2026-07-02-17-33-09.bag
# line format: [ros_epoch][+rel_s][FSM_STATE] CATEGORY signature | detail
# EPIC session info | published_ros=1782981188.977
# box | down=[-150, -150, 0.5] up=[150, 150, 2]
# corridor | DilateSoft=0.60 DilateHard=0.45 MaxCorridor=4.0 MaxVel=1.0 max_traj_len=10.0 safe_dist=0.70 bubble_min_r=0.61
# frontier | cell=0.40 cluster_sz=[1.0, 5.0] minpts=5 dphi=0.26 znum=3 good_dir_score=0.60
# viewpoint | pillar_r=[0.5, 2.0]x8 h=[-1.0, 1.0]x5 circle_n=4 local_tsp=12
# fsm | takeoff_h=1.25 goal_tol=0.20 replan_t=0.20 emerg_err=3.0 max_hz=30 avoid_to=0.5 auto_rth_land=1 rth_land_xy_tol=0.20 avoidance=1
# topics | odom=/Odometry cloud=/cloud_registered
[1782981191.331][     +2.4s][WAIT_TRIGGER] BATT 24.0V | v=24.36V pct=72%
[1782981192.457][     +3.5s][WAIT_TRIGGER] AVOID ON (obstacle close, reactive layer overrides cmd) | pos=(-0.03, 0.03, 0.06)
[1782981194.309][     +5.3s][WAIT_TRIGGER] AVOID OFF (released, replan from current pose) | dur=1.9s
[1782981197.332][     +8.4s][WAIT_TRIGGER] BATT 24.0V | v=24.36V pct=73% (x2)
[1782981199.332][    +10.4s][WAIT_TRIGGER] BATT 24.0V | v=24.36V pct=72%
[1782981203.313][     +0.0s][WAIT_TRIGGER] EVENT 2D-Nav-Goal trigger | trigger received | pos=(-0.03, 0.03, 0.08)
[1782981203.313][     +0.0s][WAIT_TRIGGER] PARAM box | down=[-150, -150, 0.5] up=[150, 150, 2]
[1782981203.313][     +0.0s][WAIT_TRIGGER] PARAM corridor | DilateSoft=0.60 DilateHard=0.45 MaxCorridor=4.0 MaxVel=1.0 max_traj_len=10.0 safe_dist=0.70 bubble_min_r=0.61
[1782981203.313][     +0.0s][WAIT_TRIGGER] PARAM frontier | cell=0.40 cluster_sz=[1.0, 5.0] minpts=5 dphi=0.26 znum=3 good_dir_score=0.60
[1782981203.313][     +0.0s][WAIT_TRIGGER] PARAM viewpoint | pillar_r=[0.5, 2.0]x8 h=[-1.0, 1.0]x5 circle_n=4 local_tsp=12
[1782981203.313][     +0.0s][WAIT_TRIGGER] PARAM fsm | takeoff_h=1.25 goal_tol=0.20 replan_t=0.20 emerg_err=3.0 max_hz=30 avoid_to=0.5 auto_rth_land=1 rth_land_xy_tol=0.20 avoidance=1
[1782981203.313][     +0.0s][WAIT_TRIGGER] PARAM topics | odom=/Odometry cloud=/cloud_registered
[1782981203.313][     +0.0s][TAKEOFF_HOVER] STATE WAIT_TRIGGER -> TAKEOFF_HOVER [triggerCallback: takeoff & hover]
[1782981205.333][     +2.0s][TAKEOFF_HOVER] BATT 24.0V | v=24.35V pct=72% (x2)
[1782981207.333][     +4.0s][TAKEOFF_HOVER] BATT 24.0V | v=24.36V pct=73%
[1782981209.332][     +6.0s][TAKEOFF_HOVER] BATT 24.0V | v=24.36V pct=72%
[1782981209.370][     +6.1s][PLAN_TRAJ_EXP] STATE TAKEOFF_HOVER -> PLAN_TRAJ_EXP [takeoff: altitude reached & stable -> explore]
[1782981209.432][     +6.1s][CAUTION] STATE PLAN_TRAJ_EXP -> CAUTION [odom_node no nbrs]
[1782981210.704][     +7.4s][PLAN_TRAJ_EXP] STATE CAUTION -> PLAN_TRAJ_EXP [safetyCallback: not safe, time:0.203192]
[1782981212.621][     +9.3s][PLAN_TRAJ_EXP] STATE CAUTION -> PLAN_TRAJ_EXP [safetyCallback: not safe, time:0.203186] |  (prev cycle x1/1.9s)
[1782981212.665][     +9.4s][PLAN_TRAJ_EXP] STATE PLAN_TRAJ_EXP -> PLAN_TRAJ_EXP [safetyCallback: not safe, time:0.247253]
[1782981212.715][     +9.4s][PLAN_TRAJ_EXP] STATE PLAN_TRAJ_EXP -> PLAN_TRAJ_EXP [safetyCallback: not safe, time:0.297500]
[1782981215.332][    +12.0s][PLAN_TRAJ_EXP] BATT 24.0V | v=24.35V pct=72% (x2)
[1782981219.332][    +16.0s][PLAN_TRAJ_EXP] BATT 24.0V | v=24.36V pct=72% (x1)
[1782981223.332][    +20.0s][PLAN_TRAJ_EXP] BATT 24.0V | v=24.35V pct=72% (x1)
[1782981225.319][    +22.0s][PLAN_TRAJ_EXP] STUCK no motion >8s in PLAN_TRAJ_EXP | last-local: OK | pos=(-0.59, -0.01, 1.69) still=8s
[1782981230.329][    +27.0s][PLAN_TRAJ_EXP] STUCK no motion >8s in PLAN_TRAJ_EXP | last-local: OK | pos=(-0.66, 0.02, 1.72) still=13s (x500)
[1782981231.333][    +28.0s][PLAN_TRAJ_EXP] BATT 24.0V | v=24.36V pct=72% (x3)
[1782981235.331][    +32.0s][PLAN_TRAJ_EXP] BATT 24.0V | v=24.35V pct=72% (x1)
[1782981235.339][    +32.0s][PLAN_TRAJ_EXP] STUCK no motion >8s in PLAN_TRAJ_EXP | last-local: OK | pos=(-0.67, -0.01, 1.74) still=18s (x500)
[1782981240.349][    +37.0s][PLAN_TRAJ_EXP] STUCK no motion >8s in PLAN_TRAJ_EXP | last-local: OK | pos=(-0.58, -0.06, 1.77) still=23s (x500)
[1782981245.331][    +42.0s][PLAN_TRAJ_EXP] BATT 24.0V | v=24.36V pct=72% (x4)
[1782981245.349][    +42.0s][PLAN_TRAJ_EXP] STUCK no motion >8s in PLAN_TRAJ_EXP | last-local: OK | pos=(-0.54, -0.04, 1.76) still=28s (x499)
[1782981249.331][    +46.0s][PLAN_TRAJ_EXP] BATT 24.0V | v=24.35V pct=72% (x1)
[1782981250.359][    +47.0s][PLAN_TRAJ_EXP] STUCK no motion >8s in PLAN_TRAJ_EXP | last-local: OK | pos=(-0.57, -0.05, 1.76) still=33s (x500)
[1782981255.359][    +52.0s][PLAN_TRAJ_EXP] STUCK no motion >8s in PLAN_TRAJ_EXP | last-local: OK | pos=(-0.57, -0.04, 1.75) still=38s (x499)
[1782981260.369][    +57.1s][PLAN_TRAJ_EXP] STUCK no motion >8s in PLAN_TRAJ_EXP | last-local: OK | pos=(-0.58, -0.05, 1.76) still=43s (x500)
[1782981261.329][    +58.0s][PLAN_TRAJ_EXP] BATT 24.0V | v=24.36V pct=72% (x5)
[1782981265.329][    +62.0s][PLAN_TRAJ_EXP] BATT 24.0V | v=24.35V pct=72% (x1)
[1782981265.379][    +62.1s][PLAN_TRAJ_EXP] STUCK no motion >8s in PLAN_TRAJ_EXP | last-local: OK | pos=(-0.56, -0.00, 1.75) still=48s (x500)
[1782981267.330][    +64.0s][PLAN_TRAJ_EXP] BATT 24.0V | v=24.36V pct=72%
[1782981270.381][    +67.1s][PLAN_TRAJ_EXP] STUCK no motion >8s in PLAN_TRAJ_EXP | last-local: OK | pos=(-0.59, -0.07, 1.75) still=53s (x498)
[1782981273.329][    +70.0s][PLAN_TRAJ_EXP] BATT 24.0V | v=24.35V pct=72% (x2)
[1782981275.391][    +72.1s][PLAN_TRAJ_EXP] STUCK no motion >8s in PLAN_TRAJ_EXP | last-local: OK | pos=(-0.54, -0.04, 1.75) still=58s (x500)
