# console (/rosout_agg) log for replay_2026-07-02-16-37-10.bag
# started at 2026-07-02-16-37-10
[INFO] [1782917947.994] [/record_on_goal]: [record_on_goal] event log -> /home/hmcl/stack1/src/EPIC_poongsan/src/EPIC/src/global_planner/exploration_manager/records/replay_2026-07-02-16-37-10/replay_2026-07-02-16-37-10.events.log
[INFO] [1782917947.994] [/record_on_goal]: [record_on_goal] recording started (pid 157487) -> /home/hmcl/stack1/src/EPIC_poongsan/src/EPIC/src/global_planner/exploration_manager/records/replay_2026-07-02-16-37-10/replay_2026-07-02-16-37-10.bag
[INFO] [1782917948.436] [/epic_rosbag_recorder]: Recording to '/home/hmcl/stack1/src/EPIC_poongsan/src/EPIC/src/global_planner/exploration_manager/records/replay_2026-07-02-16-37-10/replay_2026-07-02-16-37-10.bag'.
[INFO] [1782917948.436] [/epic_rosbag_recorder]: Subscribing to /rosout_agg
[INFO] [1782917948.436] [/epic_rosbag_recorder]: Subscribing to /rosout
[INFO] [1782917948.436] [/epic_rosbag_recorder]: Subscribing to /tf_static
[INFO] [1782917948.436] [/epic_rosbag_recorder]: Subscribing to /waypoint_generator/waypoints
[INFO] [1782917948.436] [/epic_rosbag_recorder]: Subscribing to /waypoint_generator/waypoints_vis
[INFO] [1782917948.436] [/epic_rosbag_recorder]: Subscribing to /quad0_odom_visualization
[INFO] [1782917948.436] [/epic_rosbag_recorder]: Subscribing to /quad0_odom_visualization/quad0/sensor_cloud_sync
[INFO] [1782917948.436] [/epic_rosbag_recorder]: Subscribing to /quad0_odom_visualization/pose
[INFO] [1782917948.446] [/epic_rosbag_recorder]: Subscribing to /quad0_odom_visualization/path
[INFO] [1782917948.446] [/epic_rosbag_recorder]: Subscribing to /quad0_odom_visualization/velocity
[INFO] [1782917948.446] [/epic_rosbag_recorder]: Subscribing to /quad0_odom_visualization/covariance
[INFO] [1782917948.446] [/epic_rosbag_recorder]: Subscribing to /quad0_odom_visualization/covariance_velocity
[INFO] [1782917948.446] [/epic_rosbag_recorder]: Subscribing to /quad0_odom_visualization/trajectory
[INFO] [1782917948.446] [/epic_rosbag_recorder]: Subscribing to /quad0_odom_visualization/sensor
[INFO] [1782917948.446] [/epic_rosbag_recorder]: Subscribing to /quad0_odom_visualization/robot
[INFO] [1782917948.446] [/epic_rosbag_recorder]: Subscribing to /quad0_odom_visualization/quad0height
[INFO] [1782917948.446] [/epic_rosbag_recorder]: Subscribing to /quad0_odom_visualization/drone_id
[INFO] [1782917948.456] [/epic_rosbag_recorder]: Subscribing to /tf
[INFO] [1782917948.456] [/epic_rosbag_recorder]: Subscribing to /initialpose
[INFO] [1782917948.456] [/epic_rosbag_recorder]: Subscribing to /move_base_simple/goal
[INFO] [1782917948.456] [/epic_rosbag_recorder]: Subscribing to /clicked_point
[INFO] [1782917948.456] [/epic_rosbag_recorder]: Subscribing to /clock
[INFO] [1782917948.456] [/epic_rosbag_recorder]: Subscribing to /Odometry
[INFO] [1782917948.456] [/epic_rosbag_recorder]: Subscribing to /cloud_registered
[INFO] [1782917948.456] [/epic_rosbag_recorder]: Subscribing to /local_planning/bubble_astar_search_cost
[INFO] [1782917948.456] [/epic_rosbag_recorder]: Subscribing to /visualizer/route
[INFO] [1782917948.456] [/epic_rosbag_recorder]: Subscribing to /visualizer/routeid
[INFO] [1782917948.466] [/epic_rosbag_recorder]: Subscribing to /visualizer/waypoints
[INFO] [1782917948.466] [/epic_rosbag_recorder]: Subscribing to /visualizer/trajectory
[INFO] [1782917948.466] [/epic_rosbag_recorder]: Subscribing to /visualizer/mesh
[INFO] [1782917948.466] [/epic_rosbag_recorder]: Subscribing to /visualizer/edge
[INFO] [1782917948.466] [/epic_rosbag_recorder]: Subscribing to /visualizer/spheres
[INFO] [1782917948.466] [/epic_rosbag_recorder]: Subscribing to /visualizer/speed
[INFO] [1782917948.466] [/epic_rosbag_recorder]: Subscribing to /visualizer/total_thrust
[INFO] [1782917948.466] [/epic_rosbag_recorder]: Subscribing to /visualizer/tilt_angle
[INFO] [1782917948.466] [/epic_rosbag_recorder]: Subscribing to /visualizer/body_rate
[INFO] [1782917948.466] [/epic_rosbag_recorder]: Subscribing to /visualizer/PolysGenerate_timecost
[INFO] [1782917948.466] [/epic_rosbag_recorder]: Subscribing to /visualizer/trajOptimize_timecost
[INFO] [1782917948.466] [/epic_rosbag_recorder]: Subscribing to /visualizer/pointCloudProcess_timecost
[INFO] [1782917948.466] [/epic_rosbag_recorder]: Subscribing to /visualizer/totoalOptimize_timecost
[INFO] [1782917948.466] [/epic_rosbag_recorder]: Subscribing to /visualizer/cloud_input
[INFO] [1782917948.466] [/epic_rosbag_recorder]: Subscribing to /visualizer/fast_searcher_search_cost
[INFO] [1782917948.477] [/epic_rosbag_recorder]: Subscribing to /visualizer/bubble_astar_search_cost
[INFO] [1782917948.477] [/epic_rosbag_recorder]: Subscribing to /visualizer/topo_graph_search_cost
[INFO] [1782917948.477] [/epic_rosbag_recorder]: Subscribing to /visualizer/trajectory_generation_cost
[INFO] [1782917948.477] [/epic_rosbag_recorder]: Subscribing to /visualizer/yaw_trajectory_optimization_cost
[INFO] [1782917948.477] [/epic_rosbag_recorder]: Subscribing to /visualizer/lbfgs_optimization_cost
[INFO] [1782917948.477] [/epic_rosbag_recorder]: Subscribing to /visualizer/path_collision_check_cost
[INFO] [1782917948.477] [/epic_rosbag_recorder]: Subscribing to /visualizer/collision_check_cost
[INFO] [1782917948.487] [/epic_rosbag_recorder]: Subscribing to /visualizer/velocity_check_cost
[INFO] [1782917948.487] [/epic_rosbag_recorder]: Subscribing to /viz_graph_topic
[INFO] [1782917948.487] [/epic_rosbag_recorder]: Subscribing to /global_tour
[INFO] [1782917948.487] [/epic_rosbag_recorder]: Subscribing to /bubble_visualizer/sphere
[INFO] [1782917948.487] [/epic_rosbag_recorder]: Subscribing to /bubble_visualizer/sphere_debug
[INFO] [1782917948.487] [/epic_rosbag_recorder]: Subscribing to /bubble_visualizer/frontend_traj
[INFO] [1782917948.487] [/epic_rosbag_recorder]: Subscribing to /yaw_state
[INFO] [1782917948.487] [/epic_rosbag_recorder]: Subscribing to /global_planning/vp_cluster_cost
[INFO] [1782917948.487] [/epic_rosbag_recorder]: Subscribing to /global_planning/remove_unreachable_cost
[INFO] [1782917948.487] [/epic_rosbag_recorder]: Subscribing to /global_planning/select_vp_cost
[INFO] [1782917948.487] [/epic_rosbag_recorder]: Subscribing to /frontier_manager/explored_cell_count
[INFO] [1782917948.497] [/epic_rosbag_recorder]: Subscribing to /global_planning/insert_viewpoint_cost
[INFO] [1782917948.497] [/epic_rosbag_recorder]: Subscribing to /global_planning/calculate_tsp_cost
[INFO] [1782917948.497] [/epic_rosbag_recorder]: Subscribing to /global_planning/lkh_solver_cost
[INFO] [1782917948.497] [/epic_rosbag_recorder]: Subscribing to /local_planning/topo_graph_search_cost
[INFO] [1782917948.497] [/epic_rosbag_recorder]: Subscribing to /epic/events
[INFO] [1782917948.497] [/epic_rosbag_recorder]: Subscribing to /epic/session_info
[INFO] [1782917948.497] [/epic_rosbag_recorder]: Subscribing to /planning/replan
[INFO] [1782917948.497] [/epic_rosbag_recorder]: Subscribing to /planning/heartbeat
[INFO] [1782917948.497] [/epic_rosbag_recorder]: Subscribing to /px4ctrl/takeoff_land
[INFO] [1782917948.497] [/epic_rosbag_recorder]: Subscribing to /planning/trajectory
[INFO] [1782917948.497] [/epic_rosbag_recorder]: Subscribing to /planning/yaw_trajectory
[INFO] [1782917948.497] [/epic_rosbag_recorder]: Subscribing to /time_cost
[INFO] [1782917948.497] [/epic_rosbag_recorder]: Subscribing to /planning/static
[INFO] [1782917948.497] [/epic_rosbag_recorder]: Subscribing to /planning/state
[INFO] [1782917948.507] [/epic_rosbag_recorder]: Subscribing to /planning/rth_distance
[INFO] [1782917948.507] [/epic_rosbag_recorder]: Subscribing to /planning/expl_diag
[INFO] [1782917948.507] [/epic_rosbag_recorder]: Subscribing to /planning/expl_diag_str
[INFO] [1782917948.507] [/epic_rosbag_recorder]: Subscribing to /position_cmd
[INFO] [1782917948.507] [/epic_rosbag_recorder]: Subscribing to /planning/timing/update_topo_skeleton_cost
[INFO] [1782917948.507] [/epic_rosbag_recorder]: Subscribing to /planning/timing/update_odom_vertex_cost
[INFO] [1782917948.507] [/epic_rosbag_recorder]: Subscribing to /planning/timing/vp_cluster_cost
[INFO] [1782917948.507] [/epic_rosbag_recorder]: Subscribing to /planning/timing/remove_unreachable_cost
[INFO] [1782917948.507] [/epic_rosbag_recorder]: Subscribing to /planning/timing/select_vp_cost
[INFO] [1782917948.507] [/epic_rosbag_recorder]: Subscribing to /planning/timing/insert_viewpoint_cost
[INFO] [1782917948.507] [/epic_rosbag_recorder]: Subscribing to /planning/timing/calculate_tsp_cost
[INFO] [1782917948.517] [/epic_rosbag_recorder]: Subscribing to /planning/timing/lkh_solver_cost
[INFO] [1782917948.517] [/epic_rosbag_recorder]: Subscribing to /planning/timing/call_planner_cost
[INFO] [1782917948.517] [/epic_rosbag_recorder]: Subscribing to /planning/timing/ikd_tree_insert_cost
[INFO] [1782917948.517] [/epic_rosbag_recorder]: Subscribing to /planning/timing/update_frontier_clusters_cost
[INFO] [1782917948.517] [/epic_rosbag_recorder]: Subscribing to /planning/timing/fast_searcher_search_cost
[INFO] [1782917948.517] [/epic_rosbag_recorder]: Subscribing to /planning/timing/bubble_astar_search_cost
[INFO] [1782917948.517] [/epic_rosbag_recorder]: Subscribing to /exploration_node/sf_cluster_marker
[INFO] [1782917948.517] [/epic_rosbag_recorder]: Subscribing to /exploration_node/bad_obs
[INFO] [1782917948.517] [/epic_rosbag_recorder]: Subscribing to /exploration_node/good_obs
[WARN] [1782917952.945] [/exploration_node]: wait for trigger.
[INFO] [1782917957.212] [/rvizvisualisation]: Setting goal: Frame:world, Position(0.075, -0.961, 0.000), Orientation(0.000, 0.000, 0.984, 0.179) = Angle: 2.781

[INFO] [1782917957.212] [/exploration_node]: [EV] [1782917957.212][     +0.0s][WAIT_TRIGGER] EVENT 2D-Nav-Goal trigger | trigger received | pos=(0.34, -0.06, 1.07)
[INFO] [1782917957.212] [/exploration_node]: [EV] [1782917957.212][     +0.0s][WAIT_TRIGGER] PARAM box | down=[-150, -150, 0.5] up=[150, 150, 2.5]
[INFO] [1782917957.212] [/exploration_node]: [EV] [1782917957.212][     +0.0s][WAIT_TRIGGER] PARAM corridor | DilateSoft=0.60 DilateHard=0.45 MaxCorridor=4.0 MaxVel=1.0 max_traj_len=10.0 safe_dist=0.60 bubble_min_r=0.61
[INFO] [1782917957.212] [/exploration_node]: [EV] [1782917957.212][     +0.0s][WAIT_TRIGGER] PARAM frontier | cell=0.40 cluster_sz=[1.0, 5.0] minpts=5 dphi=0.26 znum=3 good_dir_score=0.60
[INFO] [1782917957.212] [/exploration_node]: [EV] [1782917957.212][     +0.0s][WAIT_TRIGGER] PARAM viewpoint | pillar_r=[0.5, 2.0]x8 h=[-1.0, 1.0]x5 circle_n=4 local_tsp=12
[INFO] [1782917957.212] [/exploration_node]: [EV] [1782917957.212][     +0.0s][WAIT_TRIGGER] PARAM fsm | takeoff_h=1.25 goal_tol=0.10 replan_t=0.20 emerg_err=3.0 max_hz=30 avoid_to=0.5 auto_rth_land=1 rth_land_xy_tol=0.20 avoidance=1
[INFO] [1782917957.212] [/exploration_node]: [EV] [1782917957.212][     +0.0s][WAIT_TRIGGER] PARAM topics | odom=/Odometry cloud=/cloud_registered
[INFO] [1782917957.212] [/exploration_node]: [EV] [1782917957.212][     +0.0s][TAKEOFF_HOVER] STATE WAIT_TRIGGER -> TAKEOFF_HOVER [triggerCallback: takeoff & hover]
[INFO] [1782917960.854] [/exploration_node]: [EV] [1782917960.854][     +3.6s][PLAN_TRAJ_EXP] STATE TAKEOFF_HOVER -> PLAN_TRAJ_EXP [takeoff: altitude reached & stable -> explore]
[INFO] [1782917961.067] [/exploration_node]: [EV] [1782917961.067][     +3.9s][PLAN_TRAJ_EXP] GLOBAL result=OK | clusters=8(reach 8) vp=8(reach 8) pipe[tot=8 dorm=0 unreach=0 cons=8 nocand=0 topo=0 novis=0 ok=8] tour=9n/40.0m goal=(1.4, -10.3, 0.8) t=50ms
[INFO] [1782917961.067] [/exploration_node]: [EV] [1782917961.067][     +3.9s][PLAN_TRAJ_EXP] STATE PLAN_TRAJ_EXP -> PLAN_TRAJ_EXP [planGlobalPath: succeed]
[INFO] [1782917961.108] [/exploration_node]: [EV] [1782917961.108][     +3.9s][PLAN_TRAJ_EXP] LOCAL EXP OK | t=40.4ms goal_d=8.4m
[INFO] [1782917961.108] [/exploration_node]: [EV] [1782917961.108][     +3.9s][EXEC_TRAJ] STATE PLAN_TRAJ_EXP -> EXEC_TRAJ [plan success: new traj pub]
[INFO] [1782917961.312] [/exploration_node]: [EV] [1782917961.312][     +4.1s][PLAN_TRAJ_EXP] STATE EXEC_TRAJ -> PLAN_TRAJ_EXP [planGlobalPath: succeed]
[INFO] [1782917961.525] [/epic_rosbag_recorder]: Subscribing to /exploration_node/viewpoint_centers
[INFO] [1782917961.525] [/epic_rosbag_recorder]: Subscribing to /exploration_node/occ
[INFO] [1782917961.525] [/epic_rosbag_recorder]: Subscribing to /exploration_node/pocc
[INFO] [1782917961.525] [/epic_rosbag_recorder]: Subscribing to /exploration_node/frt
[INFO] [1782917962.078] [/exploration_node]: [EV] [1782917962.078][     +4.9s][EXEC_TRAJ] GLOBAL result=OK | clusters=6(reach 6) vp=6(reach 6) pipe[tot=6 dorm=0 unreach=0 cons=6 nocand=0 topo=0 novis=0 ok=6] tour=7n/32.3m goal=(3.2, -7.6, 0.8) t=80ms (x1)
[INFO] [1782917963.581] [/exploration_node]: [EV] [1782917963.581][     +6.4s][EXEC_TRAJ] GLOBAL result=OK | clusters=5(reach 5) vp=5(reach 5) pipe[tot=5 dorm=0 unreach=0 cons=5 nocand=0 topo=0 novis=0 ok=5] tour=6n/28.8m goal=(3.0, 8.0, 0.5) t=73ms (x1)
[INFO] [1782917964.992] [/exploration_node]: [EV] [1782917964.992][     +7.8s][EXEC_TRAJ] GLOBAL result=OK | clusters=5(reach 5) vp=5(reach 5) pipe[tot=5 dorm=0 unreach=0 cons=5 nocand=0 topo=0 novis=0 ok=5] tour=6n/29.7m goal=(3.0, 8.1, 0.5) t=62ms (x1)
[INFO] [1782917966.482] [/exploration_node]: [EV] [1782917966.482][     +9.3s][EXEC_TRAJ] GLOBAL result=OK | clusters=5(reach 5) vp=5(reach 5) pipe[tot=5 dorm=0 unreach=0 cons=5 nocand=0 topo=0 novis=0 ok=5] tour=6n/29.3m goal=(3.0, 8.1, 0.5) t=91ms (x1)
[INFO] [1782917966.523] [/exploration_node]: [EV] [1782917966.523][     +9.3s][PLAN_TRAJ_EXP] LOCAL EXP OK | t=40.8ms goal_d=13.2m (x7)
[INFO] [1782917966.523] [/epic_rosbag_recorder]: Subscribing to /mem_cost
[INFO] [1782917966.523] [/epic_rosbag_recorder]: Subscribing to /mem_cost_2
[INFO] [1782917966.523] [/epic_rosbag_recorder]: Subscribing to /mem_cost_3
[INFO] [1782917967.932] [/exploration_node]: [EV] [1782917967.932][    +10.7s][EXEC_TRAJ] GLOBAL result=OK | clusters=6(reach 6) vp=6(reach 6) pipe[tot=6 dorm=0 unreach=0 cons=6 nocand=0 topo=0 novis=0 ok=6] tour=7n/29.0m goal=(2.9, 8.1, 0.5) t=82ms (x1)
[INFO] [1782917969.412] [/exploration_node]: [EV] [1782917969.412][    +12.2s][EXEC_TRAJ] GLOBAL result=OK | clusters=6(reach 6) vp=6(reach 6) pipe[tot=6 dorm=0 unreach=0 cons=6 nocand=0 topo=0 novis=0 ok=6] tour=7n/27.2m goal=(3.2, 7.2, 0.6) t=84ms (x1)
[INFO] [1782917970.924] [/exploration_node]: [EV] [1782917970.924][    +13.7s][EXEC_TRAJ] GLOBAL result=OK | clusters=6(reach 6) vp=6(reach 6) pipe[tot=6 dorm=0 unreach=0 cons=6 nocand=0 topo=0 novis=0 ok=6] tour=7n/26.5m goal=(3.2, 8.1, 0.5) t=106ms (x1)
[INFO] [1782917971.734] [/exploration_node]: [EV] [1782917971.734][    +14.5s][PLAN_TRAJ_EXP] LOCAL EXP OK | t=40.2ms goal_d=8.2m (x6)
[INFO] [1782917972.428] [/exploration_node]: [EV] [1782917972.428][    +15.2s][EXEC_TRAJ] GLOBAL result=OK | clusters=8(reach 7) vp=7(reach 7) pipe[tot=8 dorm=0 unreach=0 cons=8 nocand=0 topo=0 novis=1 ok=7] tour=8n/25.9m goal=(3.0, 7.3, 1.3) t=61ms (x1)
[INFO] [1782917973.985] [/exploration_node]: [EV] [1782917973.985][    +16.8s][EXEC_TRAJ] GLOBAL result=OK | clusters=10(reach 8) vp=8(reach 7) pipe[tot=10 dorm=1 unreach=0 cons=9 nocand=0 topo=0 novis=1 ok=8] tour=8n/34.5m goal=(5.9, 11.1, 0.9) t=118ms (x1)
[INFO] [1782917975.298] [/exploration_node]: [EV] [1782917975.298][    +18.1s][EXEC_TRAJ] GLOBAL result=OK | clusters=10(reach 8) vp=8(reach 6) pipe[tot=10 dorm=1 unreach=0 cons=9 nocand=0 topo=0 novis=1 ok=8] tour=7n/49.9m goal=(3.9, 13.8, 1.3) t=96ms (x1)
[INFO] [1782917976.922] [/exploration_node]: [EV] [1782917976.922][    +19.7s][EXEC_TRAJ] GLOBAL result=OK | clusters=10(reach 7) vp=7(reach 5) pipe[tot=10 dorm=1 unreach=0 cons=9 nocand=0 topo=1 novis=1 ok=7] tour=6n/44.9m goal=(13.9, 0.4, 0.8) t=151ms (x1)
[INFO] [1782917976.962] [/exploration_node]: [EV] [1782917976.962][    +19.8s][PLAN_TRAJ_EXP] LOCAL EXP OK | t=40.2ms goal_d=8.7m (x6)
[INFO] [1782917978.601] [/exploration_node]: [EV] [1782917978.601][    +21.4s][EXEC_TRAJ] GLOBAL result=OK | clusters=10(reach 5) vp=5(reach 5) pipe[tot=10 dorm=1 unreach=0 cons=9 nocand=0 topo=3 novis=1 ok=5] tour=6n/45.4m goal=(13.9, 0.4, 0.8) t=167ms (x1)
[INFO] [1782917980.210] [/exploration_node]: [EV] [1782917980.210][    +23.0s][EXEC_TRAJ] GLOBAL result=OK | clusters=8(reach 2) vp=2(reach 1) pipe[tot=8 dorm=0 unreach=0 cons=8 nocand=0 topo=4 novis=2 ok=2] tour=2n/8.0m goal=(13.9, 0.5, 0.8) t=97ms (x1)
[WARN] [1782917980.744] [/exploration_node]: [31m[EMERGENCY] control error 3.00 m > 3.00 m -> replan from current pose[0m
[WARN] [1782917980.744] [/exploration_node]: [EV] [1782917980.744][    +23.5s][PLAN_TRAJ_EXP] STATE EXEC_TRAJ -> PLAN_TRAJ_EXP [emergency: control error] |  (prev cycle x51/19.4s)
[WARN] [1782917981.479] [/exploration_node]: [EV] [1782917981.479][    +24.3s][EXEC_TRAJ] GLOBAL result=NO_REACHABLE_VP | why: NO_PATH: 1 viewpoints exist but NONE reachable via topo graph (clusters=7, reachable_clusters=1) | clusters=7(reach 1) vp=1(reach 0) pipe[tot=7 dorm=0 unreach=1 cons=6 nocand=0 topo=4 novis=1 ok=1] tour=2n/8.0m goal=(13.0, 0.9, 0.8) t=113ms
[INFO] [1782917981.479] [/exploration_node]: [EV] [1782917981.479][    +24.3s][FINISH] STATE EXEC_TRAJ -> FINISH [planGlobalPath: no frontier] |  (prev cycle x1/0.7s)
[WARN] [1782917981.479] [/exploration_node]: [EV] [1782917981.479][    +24.3s][FINISH] MISSION FINISH (premature? unreached clusters remain) | pos=(6.22, 5.67, 0.64) elapsed=24s clusters_left=7(reach 1) pipe[tot=7 dorm=0 unreach=1 cons=6 nocand=0 topo=4 novis=1 ok=1]
[INFO] [1782917981.479] [/exploration_node]: [32m[FINISH] exploration done -> hover 1.0s, then return home & land[0m
[INFO] [1782917981.806] [/exploration_node]: [EV] [1782917981.806][    +24.6s][FINISH] STATE FINISH -> FINISH [planGlobalPath: no frontier]
[INFO] [1782917982.482] [/exploration_node]: [EV] [1782917982.482][    +25.3s][PLAN_TRAJ_RTH] STATE FINISH -> PLAN_TRAJ_RTH [FINISH: hover done -> return home] |  (prev x2/0.4s)
[INFO] [1782917982.492] [/exploration_node]: [EV] [1782917982.492][    +25.3s][PLAN_TRAJ_RTH] RTH d2goal=8.5m | auto-home(xy) dist=8.71m tol=0.20m goal=(0.34, -0.06, 1.25)
[WARN] [1782917982.492] [/exploration_node]: [Goal Planning] A* search failed on topology graph!
[WARN] [1782917982.492] [/exploration_node]: [EV] [1782917982.492][    +25.3s][PLAN_TRAJ_RTH] LOCAL RTH FAIL | why: RTH global: A* on topo graph failed (goal connected to 1 nodes) | t=0.0ms (prev x5/4.7s)
[WARN] [1782917982.492] [/exploration_node]: [EV] [1782917982.492][    +25.3s][PLAN_TRAJ_RTH] STATE PLAN_TRAJ_RTH -> PLAN_TRAJ_RTH [PLAN_TRAJ_RTH: plan failed]
[INFO] [1782917982.502] [/exploration_node]: [EV] [1782917982.502][    +25.3s][PLAN_TRAJ_RTH] RTH d2goal=8.5m | auto-home(xy) dist=8.73m tol=0.20m goal=(0.34, -0.06, 1.25)
[INFO] [1782917982.553] [/exploration_node]: [EV] [1782917982.553][    +25.3s][PLAN_TRAJ_RTH] RTH d2goal=8.5m | auto-home(xy) dist=8.74m tol=0.20m goal=(0.34, -0.06, 1.25) (x4)
[INFO] [1782917982.604] [/exploration_node]: [EV] [1782917982.604][    +25.4s][PLAN_TRAJ_RTH] RTH d2goal=8.5m | auto-home(xy) dist=8.75m tol=0.20m goal=(0.34, -0.06, 1.25) (x3)
[WARN] [1782917982.654] [/exploration_node]: [EV] [1782917982.654][    +25.4s][PLAN_TRAJ_RTH] GLOBAL result=RTH_ASTAR_FAIL | why: A* on topo graph failed (goal connected to 1 nodes) | clusters=7(reach 1) vp=1(reach 0) pipe[tot=7 dorm=0 unreach=6 cons=1 nocand=0 topo=0 novis=0 ok=1] tour=2n/8.0m goal=(13.0, 0.9, 0.8) t=0ms (prev x3/0.8s)
[INFO] [1782917982.664] [/exploration_node]: [EV] [1782917982.664][    +25.5s][PLAN_TRAJ_RTH] RTH d2goal=8.5m | auto-home(xy) dist=8.77m tol=0.20m goal=(0.34, -0.06, 1.25) (x3)
[INFO] [1782917982.705] [/exploration_node]: [EV] [1782917982.705][    +25.5s][PLAN_TRAJ_RTH] RTH d2goal=8.5m | auto-home(xy) dist=8.78m tol=0.20m goal=(0.34, -0.06, 1.25) (x2)
[INFO] [1782917982.757] [/exploration_node]: [EV] [1782917982.757][    +25.5s][PLAN_TRAJ_RTH] RTH d2goal=8.5m | auto-home(xy) dist=8.79m tol=0.20m goal=(0.34, -0.06, 1.25) (x3)
[INFO] [1782917982.807] [/exploration_node]: [EV] [1782917982.807][    +25.6s][PLAN_TRAJ_RTH] RTH d2goal=8.5m | auto-home(xy) dist=8.81m tol=0.20m goal=(0.34, -0.06, 1.25) (x4)
[INFO] [1782917982.881] [/exploration_node]: [EV] [1782917982.881][    +25.7s][PLAN_TRAJ_RTH] RTH d2goal=8.5m | auto-home(xy) dist=8.82m tol=0.20m goal=(0.34, -0.06, 1.25) (x4)
[INFO] [1782917982.962] [/exploration_node]: [EV] [1782917982.962][    +25.7s][PLAN_TRAJ_RTH] RTH d2goal=8.5m | auto-home(xy) dist=8.83m tol=0.20m goal=(0.34, -0.06, 1.25) (x5)
[INFO] [1782917983.002] [/exploration_node]: [EV] [1782917983.002][    +25.8s][PLAN_TRAJ_RTH] RTH d2goal=8.5m | auto-home(xy) dist=8.84m tol=0.20m goal=(0.34, -0.06, 1.25) (x2)
[INFO] [1782917983.052] [/exploration_node]: [EV] [1782917983.052][    +25.8s][PLAN_TRAJ_RTH] RTH d2goal=8.5m | auto-home(xy) dist=8.85m tol=0.20m goal=(0.34, -0.06, 1.25) (x4)
[INFO] [1782917983.153] [/exploration_node]: [EV] [1782917983.153][    +25.9s][PLAN_TRAJ_RTH] RTH d2goal=8.5m | auto-home(xy) dist=8.86m tol=0.20m goal=(0.34, -0.06, 1.25) (x6)
[INFO] [1782917983.423] [/exploration_node]: [EV] [1782917983.423][    +26.2s][PLAN_TRAJ_RTH] RTH d2goal=8.5m | auto-home(xy) dist=8.85m tol=0.20m goal=(0.34, -0.06, 1.25) (x22)
[INFO] [1782917983.504] [/exploration_node]: [EV] [1782917983.504][    +26.3s][PLAN_TRAJ_RTH] RTH d2goal=8.5m | auto-home(xy) dist=8.84m tol=0.20m goal=(0.34, -0.06, 1.25) (x7)
[INFO] [1782917983.606] [/exploration_node]: [EV] [1782917983.606][    +26.4s][PLAN_TRAJ_RTH] RTH d2goal=8.5m | auto-home(xy) dist=8.83m tol=0.20m goal=(0.34, -0.06, 1.25) (x6)
[INFO] [1782917983.657] [/exploration_node]: [EV] [1782917983.657][    +26.4s][PLAN_TRAJ_RTH] RTH d2goal=8.5m | auto-home(xy) dist=8.82m tol=0.20m goal=(0.34, -0.06, 1.25) (x4)
[INFO] [1782917983.698] [/exploration_node]: [EV] [1782917983.698][    +26.5s][PLAN_TRAJ_RTH] RTH d2goal=8.5m | auto-home(xy) dist=8.81m tol=0.20m goal=(0.34, -0.06, 1.25) (x2)
[INFO] [1782917983.770] [/exploration_node]: [EV] [1782917983.770][    +26.6s][PLAN_TRAJ_RTH] RTH d2goal=8.5m | auto-home(xy) dist=8.80m tol=0.20m goal=(0.34, -0.06, 1.25) (x4)
[INFO] [1782917983.810] [/exploration_node]: [EV] [1782917983.810][    +26.6s][PLAN_TRAJ_RTH] RTH d2goal=8.5m | auto-home(xy) dist=8.78m tol=0.20m goal=(0.34, -0.06, 1.25) (x3)
[INFO] [1782917983.854] [/exploration_node]: [EV] [1782917983.854][    +26.6s][PLAN_TRAJ_RTH] RTH d2goal=8.5m | auto-home(xy) dist=8.77m tol=0.20m goal=(0.34, -0.06, 1.25) (x3)
[INFO] [1782917983.907] [/exploration_node]: [EV] [1782917983.907][    +26.7s][PLAN_TRAJ_RTH] RTH d2goal=8.5m | auto-home(xy) dist=8.76m tol=0.20m goal=(0.34, -0.06, 1.25) (x3)
[INFO] [1782917983.957] [/exploration_node]: [EV] [1782917983.957][    +26.7s][PLAN_TRAJ_RTH] RTH d2goal=8.5m | auto-home(xy) dist=8.74m tol=0.20m goal=(0.34, -0.06, 1.25) (x2)
[INFO] [1782917984.009] [/exploration_node]: [EV] [1782917984.009][    +26.8s][PLAN_TRAJ_RTH] RTH d2goal=8.5m | auto-home(xy) dist=8.72m tol=0.20m goal=(0.34, -0.06, 1.25) (x2)
[INFO] [1782917984.050] [/exploration_node]: [EV] [1782917984.050][    +26.8s][PLAN_TRAJ_RTH] RTH d2goal=8.5m | auto-home(xy) dist=8.71m tol=0.20m goal=(0.34, -0.06, 1.25) (x2)
[INFO] [1782917984.101] [/exploration_node]: [EV] [1782917984.101][    +26.9s][PLAN_TRAJ_RTH] RTH d2goal=8.5m | auto-home(xy) dist=8.68m tol=0.20m goal=(0.34, -0.06, 1.25) (x3)
[INFO] [1782917984.152] [/exploration_node]: [EV] [1782917984.152][    +26.9s][PLAN_TRAJ_RTH] RTH d2goal=8.5m | auto-home(xy) dist=8.67m tol=0.20m goal=(0.34, -0.06, 1.25) (x4)
[WARN] [1782917984.224] [/exploration_node]: [EV] [1782917984.224][    +27.0s][PLAN_TRAJ_RTH] GLOBAL result=RTH_ASTAR_FAIL | why: A* on topo graph failed (goal connected to 1 nodes) | clusters=7(reach 1) vp=1(reach 0) pipe[tot=7 dorm=0 unreach=5 cons=2 nocand=0 topo=1 novis=0 ok=1] tour=2n/8.0m goal=(13.0, 0.9, 0.8) t=0ms (x6)
[INFO] [1782917984.224] [/exploration_node]: [EV] [1782917984.224][    +27.0s][PLAN_TRAJ_RTH] RTH d2goal=8.5m | auto-home(xy) dist=8.65m tol=0.20m goal=(0.34, -0.06, 1.25) (x4)
[INFO] [1782917984.255] [/exploration_node]: [EV] [1782917984.255][    +27.0s][PLAN_TRAJ_RTH] RTH d2goal=8.5m | auto-home(xy) dist=8.63m tol=0.20m goal=(0.34, -0.06, 1.25) (x2)
[INFO] [1782917984.308] [/exploration_node]: [EV] [1782917984.308][    +27.1s][PLAN_TRAJ_RTH] RTH d2goal=8.5m | auto-home(xy) dist=8.61m tol=0.20m goal=(0.34, -0.06, 1.25) (x3)
[INFO] [1782917984.359] [/exploration_node]: [EV] [1782917984.359][    +27.1s][PLAN_TRAJ_RTH] RTH d2goal=8.5m | auto-home(xy) dist=8.58m tol=0.20m goal=(0.34, -0.06, 1.25) (x3)
[INFO] [1782917984.400] [/exploration_node]: [EV] [1782917984.400][    +27.2s][PLAN_TRAJ_RTH] RTH d2goal=8.5m | auto-home(xy) dist=8.56m tol=0.20m goal=(0.34, -0.06, 1.25) (x2)
[INFO] [1782917984.462] [/exploration_node]: [EV] [1782917984.462][    +27.3s][PLAN_TRAJ_RTH] RTH d2goal=8.5m | auto-home(xy) dist=8.54m tol=0.20m goal=(0.34, -0.06, 1.25) (x2)
[WARN] [1782917984.502] [/exploration_node]: [Goal Planning] A* search failed on topology graph!
[WARN] [1782917984.502] [/exploration_node]: [EV] [1782917984.502][    +27.3s][PLAN_TRAJ_RTH] LOCAL RTH FAIL | why: RTH global: A* on topo graph failed (goal connected to 1 nodes) | t=10.1ms (x157)
[INFO] [1782917984.512] [/exploration_node]: [EV] [1782917984.512][    +27.3s][PLAN_TRAJ_RTH] RTH d2goal=8.5m | auto-home(xy) dist=8.51m tol=0.20m goal=(0.34, -0.06, 1.25) (x3)
[INFO] [1782917984.553] [/exploration_node]: [EV] [1782917984.553][    +27.3s][PLAN_TRAJ_RTH] RTH d2goal=8.0m | auto-home(xy) dist=8.49m tol=0.20m goal=(0.34, -0.06, 1.25) (prev x3/0.0s)
[INFO] [1782917984.604] [/exploration_node]: [EV] [1782917984.604][    +27.4s][PLAN_TRAJ_RTH] RTH d2goal=8.0m | auto-home(xy) dist=8.46m tol=0.20m goal=(0.34, -0.06, 1.25) (x4)
[INFO] [1782917984.656] [/exploration_node]: [EV] [1782917984.656][    +27.4s][PLAN_TRAJ_RTH] RTH d2goal=8.0m | auto-home(xy) dist=8.43m tol=0.20m goal=(0.34, -0.06, 1.25) (x3)
[INFO] [1782917984.700] [/exploration_node]: [EV] [1782917984.700][    +27.5s][PLAN_TRAJ_RTH] RTH d2goal=8.0m | auto-home(xy) dist=8.40m tol=0.20m goal=(0.34, -0.06, 1.25) (x3)
[INFO] [1782917984.750] [/exploration_node]: [EV] [1782917984.750][    +27.5s][PLAN_TRAJ_RTH] RTH d2goal=8.0m | auto-home(xy) dist=8.37m tol=0.20m goal=(0.34, -0.06, 1.25) (x4)
[INFO] [1782917984.808] [/exploration_node]: [EV] [1782917984.808][    +27.6s][PLAN_TRAJ_RTH] RTH d2goal=8.0m | auto-home(xy) dist=8.34m tol=0.20m goal=(0.34, -0.06, 1.25) (x4)
[INFO] [1782917984.849] [/exploration_node]: [EV] [1782917984.849][    +27.6s][PLAN_TRAJ_RTH] RTH d2goal=8.0m | auto-home(xy) dist=8.31m tol=0.20m goal=(0.34, -0.06, 1.25) (x2)
[INFO] [1782917984.901] [/exploration_node]: [EV] [1782917984.901][    +27.7s][PLAN_TRAJ_RTH] RTH d2goal=8.0m | auto-home(xy) dist=8.27m tol=0.20m goal=(0.34, -0.06, 1.25) (x1)
[INFO] [1782917984.954] [/exploration_node]: [EV] [1782917984.954][    +27.7s][PLAN_TRAJ_RTH] RTH d2goal=8.0m | auto-home(xy) dist=8.24m tol=0.20m goal=(0.34, -0.06, 1.25) (x4)
[INFO] [1782917984.994] [/exploration_node]: [EV] [1782917984.994][    +27.8s][PLAN_TRAJ_RTH] RTH d2goal=8.0m | auto-home(xy) dist=8.20m tol=0.20m goal=(0.34, -0.06, 1.25) (x2)
[INFO] [1782917985.055] [/exploration_node]: [EV] [1782917985.055][    +27.8s][PLAN_TRAJ_RTH] RTH d2goal=8.0m | auto-home(xy) dist=8.17m tol=0.20m goal=(0.34, -0.06, 1.25) (x3)
[INFO] [1782917985.116] [/exploration_node]: [EV] [1782917985.116][    +27.9s][PLAN_TRAJ_RTH] RTH d2goal=8.0m | auto-home(xy) dist=8.13m tol=0.20m goal=(0.34, -0.06, 1.25) (x2)
[INFO] [1782917985.156] [/exploration_node]: [EV] [1782917985.156][    +27.9s][PLAN_TRAJ_RTH] RTH d2goal=8.0m | auto-home(xy) dist=8.09m tol=0.20m goal=(0.34, -0.06, 1.25) (x2)
[INFO] [1782917985.207] [/exploration_node]: [EV] [1782917985.207][    +28.0s][PLAN_TRAJ_RTH] RTH d2goal=8.0m | auto-home(xy) dist=8.05m tol=0.20m goal=(0.34, -0.06, 1.25) (x2)
[INFO] [1782917985.250] [/exploration_node]: [EV] [1782917985.250][    +28.0s][PLAN_TRAJ_RTH] RTH d2goal=8.0m | auto-home(xy) dist=8.01m tol=0.20m goal=(0.34, -0.06, 1.25) (x3)
[WARN] [1782917985.320] [/exploration_node]: [EV] [1782917985.320][    +28.1s][PLAN_TRAJ_RTH] GLOBAL result=RTH_ASTAR_FAIL | why: A* on topo graph failed (goal connected to 1 nodes) | clusters=7(reach 1) vp=1(reach 0) pipe[tot=7 dorm=0 unreach=6 cons=1 nocand=0 topo=0 novis=0 ok=1] tour=2n/8.0m goal=(13.0, 0.9, 0.8) t=0ms (x4)
[INFO] [1782917985.320] [/exploration_node]: [EV] [1782917985.320][    +28.1s][PLAN_TRAJ_RTH] RTH d2goal=7.5m | auto-home(xy) dist=7.97m tol=0.20m goal=(0.34, -0.06, 1.25) (prev x3/0.1s)
[INFO] [1782917985.352] [/exploration_node]: [EV] [1782917985.352][    +28.1s][PLAN_TRAJ_RTH] RTH d2goal=7.5m | auto-home(xy) dist=7.93m tol=0.20m goal=(0.34, -0.06, 1.25) (x2)
[INFO] [1782917985.404] [/exploration_node]: [EV] [1782917985.404][    +28.2s][PLAN_TRAJ_RTH] RTH d2goal=7.5m | auto-home(xy) dist=7.89m tol=0.20m goal=(0.34, -0.06, 1.25) (x4)
[INFO] [1782917985.454] [/exploration_node]: [EV] [1782917985.454][    +28.2s][PLAN_TRAJ_RTH] RTH d2goal=7.5m | auto-home(xy) dist=7.85m tol=0.20m goal=(0.34, -0.06, 1.25) (x4)
[INFO] [1782917985.508] [/exploration_node]: [EV] [1782917985.508][    +28.3s][PLAN_TRAJ_RTH] RTH d2goal=7.5m | auto-home(xy) dist=7.81m tol=0.20m goal=(0.34, -0.06, 1.25) (x3)
[INFO] [1782917985.564] [/exploration_node]: [EV] [1782917985.564][    +28.4s][PLAN_TRAJ_RTH] RTH d2goal=7.5m | auto-home(xy) dist=7.77m tol=0.20m goal=(0.34, -0.06, 1.25) (x2)
[INFO] [1782917985.614] [/exploration_node]: [EV] [1782917985.614][    +28.4s][PLAN_TRAJ_RTH] RTH d2goal=7.5m | auto-home(xy) dist=7.73m tol=0.20m goal=(0.34, -0.06, 1.25) (x3)
[INFO] [1782917985.655] [/exploration_node]: [EV] [1782917985.655][    +28.4s][PLAN_TRAJ_RTH] RTH d2goal=7.5m | auto-home(xy) dist=7.69m tol=0.20m goal=(0.34, -0.06, 1.25) (x3)
[INFO] [1782917985.705] [/exploration_node]: [EV] [1782917985.705][    +28.5s][PLAN_TRAJ_RTH] RTH d2goal=7.5m | auto-home(xy) dist=7.64m tol=0.20m goal=(0.34, -0.06, 1.25) (x3)
[INFO] [1782917985.776] [/exploration_node]: [EV] [1782917985.776][    +28.6s][PLAN_TRAJ_RTH] RTH d2goal=7.5m | auto-home(xy) dist=7.60m tol=0.20m goal=(0.34, -0.06, 1.25) (x3)
[INFO] [1782917985.797] [/exploration_node]: [EV] [1782917985.797][    +28.6s][PLAN_TRAJ_RTH] RTH d2goal=7.5m | auto-home(xy) dist=7.56m tol=0.20m goal=(0.34, -0.06, 1.25) (x1)
[INFO] [1782917985.858] [/exploration_node]: [EV] [1782917985.858][    +28.6s][PLAN_TRAJ_RTH] RTH d2goal=7.5m | auto-home(xy) dist=7.52m tol=0.20m goal=(0.34, -0.06, 1.25) (x3)
[INFO] [1782917985.898] [/exploration_node]: [EV] [1782917985.898][    +28.7s][PLAN_TRAJ_RTH] RTH d2goal=7.0m | auto-home(xy) dist=7.48m tol=0.20m goal=(0.34, -0.06, 1.25) (prev x2/0.0s)
[INFO] [1782917985.959] [/exploration_node]: [EV] [1782917985.959][    +28.7s][PLAN_TRAJ_RTH] RTH d2goal=7.0m | auto-home(xy) dist=7.44m tol=0.20m goal=(0.34, -0.06, 1.25) (x4)
[INFO] [1782917986.010] [/exploration_node]: [EV] [1782917986.010][    +28.8s][PLAN_TRAJ_RTH] RTH d2goal=7.0m | auto-home(xy) dist=7.40m tol=0.20m goal=(0.34, -0.06, 1.25) (x3)
[INFO] [1782917986.062] [/exploration_node]: [EV] [1782917986.062][    +28.9s][PLAN_TRAJ_RTH] RTH d2goal=7.0m | auto-home(xy) dist=7.36m tol=0.20m goal=(0.34, -0.06, 1.25) (x3)
[INFO] [1782917986.103] [/exploration_node]: [EV] [1782917986.103][    +28.9s][PLAN_TRAJ_RTH] RTH d2goal=7.0m | auto-home(xy) dist=7.31m tol=0.20m goal=(0.34, -0.06, 1.25) (x2)
[INFO] [1782917986.154] [/exploration_node]: [EV] [1782917986.154][    +28.9s][PLAN_TRAJ_RTH] RTH d2goal=7.0m | auto-home(xy) dist=7.27m tol=0.20m goal=(0.34, -0.06, 1.25) (x3)
[INFO] [1782917986.211] [/exploration_node]: [EV] [1782917986.211][    +29.0s][PLAN_TRAJ_RTH] RTH d2goal=7.0m | auto-home(xy) dist=7.23m tol=0.20m goal=(0.34, -0.06, 1.25) (x2)
[INFO] [1782917986.251] [/exploration_node]: [EV] [1782917986.251][    +29.0s][PLAN_TRAJ_RTH] RTH d2goal=7.0m | auto-home(xy) dist=7.19m tol=0.20m goal=(0.34, -0.06, 1.25) (x3)
[INFO] [1782917986.315] [/exploration_node]: [EV] [1782917986.315][    +29.1s][PLAN_TRAJ_RTH] RTH d2goal=7.0m | auto-home(xy) dist=7.15m tol=0.20m goal=(0.34, -0.06, 1.25) (x5)
[INFO] [1782917986.356] [/exploration_node]: [EV] [1782917986.356][    +29.1s][PLAN_TRAJ_RTH] RTH d2goal=7.0m | auto-home(xy) dist=7.11m tol=0.20m goal=(0.34, -0.06, 1.25) (x2)
[INFO] [1782917986.448] [/exploration_node]: [EV] [1782917986.448][    +29.2s][PLAN_TRAJ_RTH] RTH d2goal=7.0m | auto-home(xy) dist=7.07m tol=0.20m goal=(0.34, -0.06, 1.25) (x2)
[INFO] [1782917986.468] [/exploration_node]: [EV] [1782917986.468][    +29.3s][PLAN_TRAJ_RTH] RTH d2goal=7.0m | auto-home(xy) dist=7.03m tol=0.20m goal=(0.34, -0.06, 1.25)
[INFO] [1782917986.509] [/exploration_node]: [EV] [1782917986.509][    +29.3s][PLAN_TRAJ_RTH] RTH d2goal=6.5m | auto-home(xy) dist=6.98m tol=0.20m goal=(0.34, -0.06, 1.25) (prev x2/0.0s)
[WARN] [1782917986.509] [/exploration_node]: [Goal Planning] A* search failed on topology graph!
[WARN] [1782917986.509] [/exploration_node]: [EV] [1782917986.509][    +29.3s][PLAN_TRAJ_RTH] LOCAL RTH FAIL | why: RTH global: A* on topo graph failed (goal connected to 1 nodes) | t=0.0ms (x149)
[INFO] [1782917986.557] [/exploration_node]: [EV] [1782917986.557][    +29.3s][PLAN_TRAJ_RTH] RTH d2goal=6.5m | auto-home(xy) dist=6.94m tol=0.20m goal=(0.34, -0.06, 1.25) (x2)
[INFO] [1782917986.598] [/exploration_node]: [EV] [1782917986.598][    +29.4s][PLAN_TRAJ_RTH] RTH d2goal=6.5m | auto-home(xy) dist=6.90m tol=0.20m goal=(0.34, -0.06, 1.25) (x2)
[INFO] [1782917986.651] [/exploration_node]: [EV] [1782917986.651][    +29.4s][PLAN_TRAJ_RTH] RTH d2goal=6.5m | auto-home(xy) dist=6.85m tol=0.20m goal=(0.34, -0.06, 1.25) (x3)
[INFO] [1782917986.712] [/exploration_node]: [EV] [1782917986.712][    +29.5s][PLAN_TRAJ_RTH] RTH d2goal=6.5m | auto-home(xy) dist=6.81m tol=0.20m goal=(0.34, -0.06, 1.25) (x1)
[INFO] [1782917986.755] [/exploration_node]: [EV] [1782917986.755][    +29.5s][PLAN_TRAJ_RTH] RTH d2goal=6.5m | auto-home(xy) dist=6.77m tol=0.20m goal=(0.34, -0.06, 1.25) (x2)
[INFO] [1782917986.796] [/exploration_node]: [EV] [1782917986.796][    +29.6s][PLAN_TRAJ_RTH] RTH d2goal=6.5m | auto-home(xy) dist=6.72m tol=0.20m goal=(0.34, -0.06, 1.25) (x2)
[INFO] [1782917986.859] [/exploration_node]: [EV] [1782917986.859][    +29.6s][PLAN_TRAJ_RTH] RTH d2goal=6.5m | auto-home(xy) dist=6.68m tol=0.20m goal=(0.34, -0.06, 1.25) (x3)
[WARN] [1782917986.960] [/exploration_node]: [EV] [1782917986.960][    +29.7s][PLAN_TRAJ_RTH] GLOBAL result=RTH_ASTAR_FAIL | why: A* on topo graph failed (goal connected to 1 nodes) | clusters=7(reach 1) vp=1(reach 0) pipe[tot=7 dorm=0 unreach=6 cons=1 nocand=0 topo=0 novis=0 ok=1] tour=2n/8.0m goal=(13.0, 0.9, 0.8) t=10ms (x6)
[INFO] [1782917986.960] [/exploration_node]: [EV] [1782917986.960][    +29.7s][PLAN_TRAJ_RTH] RTH d2goal=6.5m | auto-home(xy) dist=6.63m tol=0.20m goal=(0.34, -0.06, 1.25) (x3)
[INFO] [1782917986.970] [/exploration_node]: [EV] [1782917986.970][    +29.8s][PLAN_TRAJ_RTH] RTH d2goal=6.5m | auto-home(xy) dist=6.59m tol=0.20m goal=(0.34, -0.06, 1.25)
[INFO] [1782917987.011] [/exploration_node]: [EV] [1782917987.011][    +29.8s][PLAN_TRAJ_RTH] RTH d2goal=6.5m | auto-home(xy) dist=6.54m tol=0.20m goal=(0.34, -0.06, 1.25) (x2)
[INFO] [1782917987.061] [/exploration_node]: [EV] [1782917987.061][    +29.8s][PLAN_TRAJ_RTH] RTH d2goal=6.5m | auto-home(xy) dist=6.50m tol=0.20m goal=(0.34, -0.06, 1.25) (x3)
[INFO] [1782917987.102] [/exploration_node]: [EV] [1782917987.102][    +29.9s][PLAN_TRAJ_RTH] RTH d2goal=6.0m | auto-home(xy) dist=6.46m tol=0.20m goal=(0.34, -0.06, 1.25) (prev x3/0.0s)
[INFO] [1782917987.230] [/exploration_node]: [EV] [1782917987.230][    +30.0s][PLAN_TRAJ_RTH] RTH d2goal=6.0m | auto-home(xy) dist=6.42m tol=0.20m goal=(0.34, -0.06, 1.25) (x5)
[INFO] [1782917987.250] [/exploration_node]: [EV] [1782917987.250][    +30.0s][PLAN_TRAJ_RTH] RTH d2goal=6.0m | auto-home(xy) dist=6.32m tol=0.20m goal=(0.34, -0.06, 1.25)
[INFO] [1782917987.301] [/exploration_node]: [EV] [1782917987.301][    +30.1s][PLAN_TRAJ_RTH] RTH d2goal=6.0m | auto-home(xy) dist=6.28m tol=0.20m goal=(0.34, -0.06, 1.25) (x4)
[INFO] [1782917987.355] [/exploration_node]: [EV] [1782917987.355][    +30.1s][PLAN_TRAJ_RTH] RTH d2goal=6.0m | auto-home(xy) dist=6.23m tol=0.20m goal=(0.34, -0.06, 1.25) (x3)
[INFO] [1782917987.405] [/exploration_node]: [EV] [1782917987.405][    +30.2s][PLAN_TRAJ_RTH] RTH d2goal=6.0m | auto-home(xy) dist=6.19m tol=0.20m goal=(0.34, -0.06, 1.25) (x3)
[INFO] [1782917987.497] [/exploration_node]: [EV] [1782917987.497][    +30.3s][PLAN_TRAJ_RTH] RTH d2goal=6.0m | auto-home(xy) dist=6.10m tol=0.20m goal=(0.34, -0.06, 1.25) (x3)
[INFO] [1782917987.558] [/exploration_node]: [EV] [1782917987.558][    +30.3s][PLAN_TRAJ_RTH] RTH d2goal=6.0m | auto-home(xy) dist=6.06m tol=0.20m goal=(0.34, -0.06, 1.25) (x4)
[INFO] [1782917987.609] [/exploration_node]: [EV] [1782917987.609][    +30.4s][PLAN_TRAJ_RTH] RTH d2goal=6.0m | auto-home(xy) dist=6.01m tol=0.20m goal=(0.34, -0.06, 1.25) (x2)
[INFO] [1782917987.659] [/exploration_node]: [EV] [1782917987.659][    +30.4s][PLAN_TRAJ_RTH] RTH d2goal=5.5m | auto-home(xy) dist=5.97m tol=0.20m goal=(0.34, -0.06, 1.25) (prev x3/0.0s)
[INFO] [1782917987.741] [/exploration_node]: [EV] [1782917987.741][    +30.5s][PLAN_TRAJ_RTH] RTH d2goal=5.5m | auto-home(xy) dist=5.93m tol=0.20m goal=(0.34, -0.06, 1.25) (x2)
[INFO] [1782917987.762] [/exploration_node]: [EV] [1782917987.762][    +30.5s][PLAN_TRAJ_RTH] RTH d2goal=5.5m | auto-home(xy) dist=5.89m tol=0.20m goal=(0.34, -0.06, 1.25)
[INFO] [1782917987.812] [/exploration_node]: [EV] [1782917987.812][    +30.6s][PLAN_TRAJ_RTH] RTH d2goal=5.5m | auto-home(xy) dist=5.85m tol=0.20m goal=(0.34, -0.06, 1.25) (x3)
[INFO] [1782917987.853] [/exploration_node]: [EV] [1782917987.853][    +30.6s][PLAN_TRAJ_RTH] RTH d2goal=5.5m | auto-home(xy) dist=5.81m tol=0.20m goal=(0.34, -0.06, 1.25) (x2)
[INFO] [1782917987.903] [/exploration_node]: [EV] [1782917987.903][    +30.7s][PLAN_TRAJ_RTH] RTH d2goal=5.5m | auto-home(xy) dist=5.77m tol=0.20m goal=(0.34, -0.06, 1.25) (x3)
[WARN] [1782917987.974] [/exploration_node]: [EV] [1782917987.974][    +30.8s][PLAN_TRAJ_RTH] GLOBAL result=RTH_ASTAR_FAIL | why: A* on topo graph failed (goal connected to 1 nodes) | clusters=7(reach 1) vp=1(reach 0) pipe[tot=7 dorm=0 unreach=6 cons=1 nocand=0 topo=0 novis=0 ok=1] tour=2n/8.0m goal=(13.0, 0.9, 0.8) t=0ms (x3)
[INFO] [1782917987.984] [/exploration_node]: [EV] [1782917987.984][    +30.8s][PLAN_TRAJ_RTH] RTH d2goal=5.5m | auto-home(xy) dist=5.73m tol=0.20m goal=(0.34, -0.06, 1.25) (x3)
[INFO] [1782917987.995] [/exploration_node]: [EV] [1782917987.995][    +30.8s][PLAN_TRAJ_RTH] RTH d2goal=5.5m | auto-home(xy) dist=5.70m tol=0.20m goal=(0.34, -0.06, 1.25)
[INFO] [1782917988.056] [/exploration_node]: [EV] [1782917988.056][    +30.8s][PLAN_TRAJ_RTH] RTH d2goal=5.5m | auto-home(xy) dist=5.66m tol=0.20m goal=(0.34, -0.06, 1.25) (x3)
[INFO] [1782917988.106] [/exploration_node]: [EV] [1782917988.106][    +30.9s][PLAN_TRAJ_RTH] RTH d2goal=5.5m | auto-home(xy) dist=5.62m tol=0.20m goal=(0.34, -0.06, 1.25) (x3)
[INFO] [1782917988.150] [/exploration_node]: [EV] [1782917988.150][    +30.9s][PLAN_TRAJ_RTH] RTH d2goal=5.5m | auto-home(xy) dist=5.59m tol=0.20m goal=(0.34, -0.06, 1.25) (x3)
[INFO] [1782917988.255] [/exploration_node]: [EV] [1782917988.255][    +31.0s][PLAN_TRAJ_RTH] RTH d2goal=5.5m | auto-home(xy) dist=5.51m tol=0.20m goal=(0.34, -0.06, 1.25) (x3)
[INFO] [1782917988.297] [/exploration_node]: [EV] [1782917988.297][    +31.1s][PLAN_TRAJ_RTH] RTH d2goal=5.0m | auto-home(xy) dist=5.48m tol=0.20m goal=(0.34, -0.06, 1.25) (prev x3/0.0s)
[INFO] [1782917988.357] [/exploration_node]: [EV] [1782917988.357][    +31.1s][PLAN_TRAJ_RTH] RTH d2goal=5.0m | auto-home(xy) dist=5.45m tol=0.20m goal=(0.34, -0.06, 1.25) (x5)
[INFO] [1782917988.398] [/exploration_node]: [EV] [1782917988.398][    +31.2s][PLAN_TRAJ_RTH] RTH d2goal=5.0m | auto-home(xy) dist=5.41m tol=0.20m goal=(0.34, -0.06, 1.25) (x3)
[INFO] [1782917988.494] [/exploration_node]: [EV] [1782917988.494][    +31.3s][PLAN_TRAJ_RTH] RTH d2goal=5.0m | auto-home(xy) dist=5.38m tol=0.20m goal=(0.34, -0.06, 1.25) (x4)
[INFO] [1782917988.517] [/exploration_node]: [EV] [1782917988.517][    +31.3s][PLAN_TRAJ_RTH] RTH d2goal=5.0m | auto-home(xy) dist=5.34m tol=0.20m goal=(0.34, -0.06, 1.25)
[WARN] [1782917988.517] [/exploration_node]: [Goal Planning] A* search failed on topology graph!
[WARN] [1782917988.548] [/exploration_node]: [EV] [1782917988.548][    +31.3s][PLAN_TRAJ_RTH] LOCAL RTH FAIL | why: RTH global: A* on topo graph failed (goal connected to 1 nodes) | t=10.6ms (x131)
[INFO] [1782917988.558] [/exploration_node]: [EV] [1782917988.558][    +31.3s][PLAN_TRAJ_RTH] RTH d2goal=5.0m | auto-home(xy) dist=5.31m tol=0.20m goal=(0.34, -0.06, 1.25) (x2)
[INFO] [1782917988.598] [/exploration_node]: [EV] [1782917988.598][    +31.4s][PLAN_TRAJ_RTH] RTH d2goal=5.0m | auto-home(xy) dist=5.28m tol=0.20m goal=(0.34, -0.06, 1.25) (x3)
[INFO] [1782917988.649] [/exploration_node]: [EV] [1782917988.649][    +31.4s][PLAN_TRAJ_RTH] RTH d2goal=5.0m | auto-home(xy) dist=5.24m tol=0.20m goal=(0.34, -0.06, 1.25) (x4)
[INFO] [1782917988.750] [/exploration_node]: [EV] [1782917988.750][    +31.5s][PLAN_TRAJ_RTH] RTH d2goal=5.0m | auto-home(xy) dist=5.21m tol=0.20m goal=(0.34, -0.06, 1.25) (x3)
[INFO] [1782917988.770] [/exploration_node]: [EV] [1782917988.770][    +31.6s][PLAN_TRAJ_RTH] RTH d2goal=5.0m | auto-home(xy) dist=5.18m tol=0.20m goal=(0.34, -0.06, 1.25)
[INFO] [1782917988.810] [/exploration_node]: [EV] [1782917988.810][    +31.6s][PLAN_TRAJ_RTH] RTH d2goal=5.0m | auto-home(xy) dist=5.14m tol=0.20m goal=(0.34, -0.06, 1.25) (x3)
[INFO] [1782917988.861] [/exploration_node]: [EV] [1782917988.861][    +31.6s][PLAN_TRAJ_RTH] RTH d2goal=5.0m | auto-home(xy) dist=5.11m tol=0.20m goal=(0.34, -0.06, 1.25) (x3)
[INFO] [1782917988.901] [/exploration_node]: [EV] [1782917988.901][    +31.7s][PLAN_TRAJ_RTH] RTH d2goal=5.0m | auto-home(xy) dist=5.08m tol=0.20m goal=(0.34, -0.06, 1.25) (x3)
[INFO] [1782917989.003] [/exploration_node]: [EV] [1782917989.003][    +31.8s][PLAN_TRAJ_RTH] RTH d2goal=5.0m | auto-home(xy) dist=5.03m tol=0.20m goal=(0.34, -0.06, 1.25) (x4)
[INFO] [1782917989.074] [/exploration_node]: [EV] [1782917989.074][    +31.9s][PLAN_TRAJ_RTH] RTH d2goal=5.0m | auto-home(xy) dist=5.00m tol=0.20m goal=(0.34, -0.06, 1.25) (x6)
[INFO] [1782917989.104] [/exploration_node]: [EV] [1782917989.104][    +31.9s][PLAN_TRAJ_RTH] RTH d2goal=4.5m | auto-home(xy) dist=4.97m tol=0.20m goal=(0.34, -0.06, 1.25) (prev x1/0.0s)
[INFO] [1782917989.155] [/exploration_node]: [EV] [1782917989.155][    +31.9s][PLAN_TRAJ_RTH] RTH d2goal=4.5m | auto-home(xy) dist=4.95m tol=0.20m goal=(0.34, -0.06, 1.25) (x3)
[WARN] [1782917989.242] [/exploration_node]: [EV] [1782917989.242][    +32.0s][PLAN_TRAJ_RTH] GLOBAL result=RTH_ASTAR_FAIL | why: A* on topo graph failed (goal connected to 1 nodes) | clusters=7(reach 1) vp=1(reach 0) pipe[tot=7 dorm=0 unreach=6 cons=1 nocand=0 topo=0 novis=0 ok=1] tour=2n/8.0m goal=(13.0, 0.9, 0.8) t=10ms (x4)
[INFO] [1782917989.263] [/exploration_node]: [EV] [1782917989.263][    +32.1s][PLAN_TRAJ_RTH] RTH d2goal=4.5m | auto-home(xy) dist=4.90m tol=0.20m goal=(0.34, -0.06, 1.25) (x2)
[INFO] [1782917989.303] [/exploration_node]: [EV] [1782917989.303][    +32.1s][PLAN_TRAJ_RTH] RTH d2goal=4.5m | auto-home(xy) dist=4.87m tol=0.20m goal=(0.34, -0.06, 1.25) (x3)
[INFO] [1782917989.358] [/exploration_node]: [EV] [1782917989.358][    +32.1s][PLAN_TRAJ_RTH] RTH d2goal=4.5m | auto-home(xy) dist=4.84m tol=0.20m goal=(0.34, -0.06, 1.25) (x4)
[INFO] [1782917989.408] [/exploration_node]: [EV] [1782917989.408][    +32.2s][PLAN_TRAJ_RTH] RTH d2goal=4.5m | auto-home(xy) dist=4.82m tol=0.20m goal=(0.34, -0.06, 1.25) (x3)
[INFO] [1782917989.449] [/exploration_node]: [EV] [1782917989.449][    +32.2s][PLAN_TRAJ_RTH] RTH d2goal=4.5m | auto-home(xy) dist=4.79m tol=0.20m goal=(0.34, -0.06, 1.25) (x2)
[INFO] [1782917989.529] [/exploration_node]: [EV] [1782917989.529][    +32.3s][PLAN_TRAJ_RTH] RTH d2goal=4.5m | auto-home(xy) dist=4.76m tol=0.20m goal=(0.34, -0.06, 1.25) (x1)
[INFO] [1782917989.569] [/exploration_node]: [EV] [1782917989.569][    +32.4s][PLAN_TRAJ_RTH] RTH d2goal=4.5m | auto-home(xy) dist=4.74m tol=0.20m goal=(0.34, -0.06, 1.25) (x2)
[INFO] [1782917989.613] [/exploration_node]: [EV] [1782917989.613][    +32.4s][PLAN_TRAJ_RTH] RTH d2goal=4.5m | auto-home(xy) dist=4.71m tol=0.20m goal=(0.34, -0.06, 1.25) (x2)
[INFO] [1782917989.653] [/exploration_node]: [EV] [1782917989.653][    +32.4s][PLAN_TRAJ_RTH] RTH d2goal=4.5m | auto-home(xy) dist=4.69m tol=0.20m goal=(0.34, -0.06, 1.25) (x2)
[INFO] [1782917989.704] [/exploration_node]: [EV] [1782917989.704][    +32.5s][PLAN_TRAJ_RTH] RTH d2goal=4.5m | auto-home(xy) dist=4.66m tol=0.20m goal=(0.34, -0.06, 1.25) (x4)
[INFO] [1782917989.785] [/exploration_node]: [EV] [1782917989.785][    +32.6s][PLAN_TRAJ_RTH] RTH d2goal=4.5m | auto-home(xy) dist=4.64m tol=0.20m goal=(0.34, -0.06, 1.25) (x2)
[INFO] [1782917989.800] [/exploration_node]: [EV] [1782917989.800][    +32.6s][PLAN_TRAJ_RTH] RTH d2goal=4.5m | auto-home(xy) dist=4.62m tol=0.20m goal=(0.34, -0.06, 1.25)
[INFO] [1782917989.860] [/exploration_node]: [EV] [1782917989.860][    +32.6s][PLAN_TRAJ_RTH] RTH d2goal=4.5m | auto-home(xy) dist=4.59m tol=0.20m goal=(0.34, -0.06, 1.25) (x5)
[INFO] [1782917989.901] [/exploration_node]: [EV] [1782917989.901][    +32.7s][PLAN_TRAJ_RTH] RTH d2goal=4.5m | auto-home(xy) dist=4.57m tol=0.20m goal=(0.34, -0.06, 1.25) (x3)
[INFO] [1782917989.951] [/exploration_node]: [EV] [1782917989.951][    +32.7s][PLAN_TRAJ_RTH] RTH d2goal=4.5m | auto-home(xy) dist=4.54m tol=0.20m goal=(0.34, -0.06, 1.25) (x4)
[INFO] [1782917990.044] [/exploration_node]: [EV] [1782917990.044][    +32.8s][PLAN_TRAJ_RTH] RTH d2goal=4.5m | auto-home(xy) dist=4.52m tol=0.20m goal=(0.34, -0.06, 1.25) (x2)
[INFO] [1782917990.054] [/exploration_node]: [EV] [1782917990.054][    +32.8s][PLAN_TRAJ_RTH] RTH d2goal=4.0m | auto-home(xy) dist=4.49m tol=0.20m goal=(0.34, -0.06, 1.25)
[INFO] [1782917990.104] [/exploration_node]: [EV] [1782917990.104][    +32.9s][PLAN_TRAJ_RTH] RTH d2goal=4.0m | auto-home(xy) dist=4.47m tol=0.20m goal=(0.34, -0.06, 1.25) (x4)
[INFO] [1782917990.145] [/exploration_node]: [EV] [1782917990.145][    +32.9s][PLAN_TRAJ_RTH] RTH d2goal=4.0m | auto-home(xy) dist=4.45m tol=0.20m goal=(0.34, -0.06, 1.25) (x3)
[INFO] [1782917990.196] [/exploration_node]: [EV] [1782917990.196][    +33.0s][PLAN_TRAJ_RTH] RTH d2goal=4.0m | auto-home(xy) dist=4.42m tol=0.20m goal=(0.34, -0.06, 1.25) (x3)
[WARN] [1782917990.290] [/exploration_node]: [EV] [1782917990.290][    +33.1s][PLAN_TRAJ_RTH] GLOBAL result=RTH_ASTAR_FAIL | why: A* on topo graph failed (goal connected to 1 nodes) | clusters=7(reach 1) vp=1(reach 0) pipe[tot=7 dorm=0 unreach=6 cons=1 nocand=0 topo=0 novis=0 ok=1] tour=2n/8.0m goal=(13.0, 0.9, 0.8) t=0ms (x3)
[INFO] [1782917990.301] [/exploration_node]: [EV] [1782917990.301][    +33.1s][PLAN_TRAJ_RTH] RTH d2goal=4.0m | auto-home(xy) dist=4.38m tol=0.20m goal=(0.34, -0.06, 1.25) (x3)
[INFO] [1782917990.351] [/exploration_node]: [EV] [1782917990.351][    +33.1s][PLAN_TRAJ_RTH] RTH d2goal=4.0m | auto-home(xy) dist=4.36m tol=0.20m goal=(0.34, -0.06, 1.25) (x4)
[INFO] [1782917990.411] [/exploration_node]: [EV] [1782917990.411][    +33.2s][PLAN_TRAJ_RTH] RTH d2goal=4.0m | auto-home(xy) dist=4.34m tol=0.20m goal=(0.34, -0.06, 1.25) (x4)
[INFO] [1782917990.451] [/exploration_node]: [EV] [1782917990.451][    +33.2s][PLAN_TRAJ_RTH] RTH d2goal=4.0m | auto-home(xy) dist=4.32m tol=0.20m goal=(0.34, -0.06, 1.25) (x2)
[WARN] [1782917990.543] [/exploration_node]: [Goal Planning] A* search failed on topology graph!
[INFO] [1782917990.553] [/exploration_node]: [EV] [1782917990.553][    +33.3s][PLAN_TRAJ_RTH] RTH d2goal=4.0m | auto-home(xy) dist=4.28m tol=0.20m goal=(0.34, -0.06, 1.25) (x4)
[WARN] [1782917990.553] [/exploration_node]: [EV] [1782917990.553][    +33.3s][PLAN_TRAJ_RTH] LOCAL RTH FAIL | why: RTH global: A* on topo graph failed (goal connected to 1 nodes) | t=0.0ms (x137)
[INFO] [1782917990.603] [/exploration_node]: [EV] [1782917990.603][    +33.4s][PLAN_TRAJ_RTH] RTH d2goal=4.0m | auto-home(xy) dist=4.25m tol=0.20m goal=(0.34, -0.06, 1.25) (x4)
[INFO] [1782917990.653] [/exploration_node]: [EV] [1782917990.653][    +33.4s][PLAN_TRAJ_RTH] RTH d2goal=4.0m | auto-home(xy) dist=4.23m tol=0.20m goal=(0.34, -0.06, 1.25) (x4)
[INFO] [1782917990.715] [/exploration_node]: [EV] [1782917990.715][    +33.5s][PLAN_TRAJ_RTH] RTH d2goal=4.0m | auto-home(xy) dist=4.21m tol=0.20m goal=(0.34, -0.06, 1.25) (x4)
[INFO] [1782917990.828] [/exploration_node]: [EV] [1782917990.828][    +33.6s][PLAN_TRAJ_RTH] RTH d2goal=4.0m | auto-home(xy) dist=4.17m tol=0.20m goal=(0.34, -0.06, 1.25) (x3)
[INFO] [1782917990.848] [/exploration_node]: [EV] [1782917990.848][    +33.6s][PLAN_TRAJ_RTH] RTH d2goal=4.0m | auto-home(xy) dist=4.14m tol=0.20m goal=(0.34, -0.06, 1.25) (x1)
[INFO] [1782917990.899] [/exploration_node]: [EV] [1782917990.899][    +33.7s][PLAN_TRAJ_RTH] RTH d2goal=4.0m | auto-home(xy) dist=4.12m tol=0.20m goal=(0.34, -0.06, 1.25) (x4)
[INFO] [1782917990.949] [/exploration_node]: [EV] [1782917990.949][    +33.7s][PLAN_TRAJ_RTH] RTH d2goal=4.0m | auto-home(xy) dist=4.10m tol=0.20m goal=(0.34, -0.06, 1.25) (x4)
[INFO] [1782917991.010] [/exploration_node]: [EV] [1782917991.010][    +33.8s][PLAN_TRAJ_RTH] RTH d2goal=4.0m | auto-home(xy) dist=4.07m tol=0.20m goal=(0.34, -0.06, 1.25) (x5)
[INFO] [1782917991.060] [/exploration_node]: [EV] [1782917991.060][    +33.8s][PLAN_TRAJ_RTH] RTH d2goal=4.0m | auto-home(xy) dist=4.05m tol=0.20m goal=(0.34, -0.06, 1.25) (x1)
[INFO] [1782917991.101] [/exploration_node]: [EV] [1782917991.101][    +33.9s][PLAN_TRAJ_RTH] RTH d2goal=4.0m | auto-home(xy) dist=4.03m tol=0.20m goal=(0.34, -0.06, 1.25) (x2)
[INFO] [1782917991.155] [/exploration_node]: [EV] [1782917991.155][    +33.9s][PLAN_TRAJ_RTH] RTH d2goal=4.0m | auto-home(xy) dist=4.01m tol=0.20m goal=(0.34, -0.06, 1.25) (x4)
[INFO] [1782917991.207] [/exploration_node]: [EV] [1782917991.207][    +34.0s][PLAN_TRAJ_RTH] RTH d2goal=3.5m | auto-home(xy) dist=3.98m tol=0.20m goal=(0.34, -0.06, 1.25) (prev x3/0.0s)
[INFO] [1782917991.288] [/exploration_node]: [EV] [1782917991.288][    +34.1s][PLAN_TRAJ_RTH] RTH d2goal=3.5m | auto-home(xy) dist=3.96m tol=0.20m goal=(0.34, -0.06, 1.25) (x4)
[INFO] [1782917991.308] [/exploration_node]: [EV] [1782917991.308][    +34.1s][PLAN_TRAJ_RTH] RTH d2goal=3.5m | auto-home(xy) dist=3.94m tol=0.20m goal=(0.34, -0.06, 1.25) (x1)
[INFO] [1782917991.348] [/exploration_node]: [EV] [1782917991.348][    +34.1s][PLAN_TRAJ_RTH] RTH d2goal=3.5m | auto-home(xy) dist=3.92m tol=0.20m goal=(0.34, -0.06, 1.25) (x3)
[INFO] [1782917991.410] [/exploration_node]: [EV] [1782917991.410][    +34.2s][PLAN_TRAJ_RTH] RTH d2goal=3.5m | auto-home(xy) dist=3.90m tol=0.20m goal=(0.34, -0.06, 1.25) (x4)
[INFO] [1782917991.463] [/exploration_node]: [EV] [1782917991.463][    +34.3s][PLAN_TRAJ_RTH] RTH d2goal=3.5m | auto-home(xy) dist=3.87m tol=0.20m goal=(0.34, -0.06, 1.25) (x3)
[WARN] [1782917991.545] [/exploration_node]: [EV] [1782917991.545][    +34.3s][PLAN_TRAJ_RTH] GLOBAL result=RTH_ASTAR_FAIL | why: A* on topo graph failed (goal connected to 1 nodes) | clusters=7(reach 1) vp=1(reach 0) pipe[tot=7 dorm=0 unreach=6 cons=1 nocand=0 topo=0 novis=0 ok=1] tour=2n/8.0m goal=(13.0, 0.9, 0.8) t=10ms (x4)
[INFO] [1782917991.555] [/exploration_node]: [EV] [1782917991.555][    +34.3s][PLAN_TRAJ_RTH] RTH d2goal=3.5m | auto-home(xy) dist=3.83m tol=0.20m goal=(0.34, -0.06, 1.25) (x3)
[INFO] [1782917991.611] [/exploration_node]: [EV] [1782917991.611][    +34.4s][PLAN_TRAJ_RTH] RTH d2goal=3.5m | auto-home(xy) dist=3.81m tol=0.20m goal=(0.34, -0.06, 1.25) (x3)
[INFO] [1782917991.652] [/exploration_node]: [EV] [1782917991.652][    +34.4s][PLAN_TRAJ_RTH] RTH d2goal=3.5m | auto-home(xy) dist=3.78m tol=0.20m goal=(0.34, -0.06, 1.25) (x2)
[INFO] [1782917991.715] [/exploration_node]: [EV] [1782917991.715][    +34.5s][PLAN_TRAJ_RTH] RTH d2goal=3.5m | auto-home(xy) dist=3.76m tol=0.20m goal=(0.34, -0.06, 1.25) (x4)
[INFO] [1782917991.745] [/exploration_node]: [EV] [1782917991.745][    +34.5s][PLAN_TRAJ_RTH] RTH d2goal=3.5m | auto-home(xy) dist=3.74m tol=0.20m goal=(0.34, -0.06, 1.25) (x2)
[INFO] [1782917991.817] [/exploration_node]: [EV] [1782917991.817][    +34.6s][PLAN_TRAJ_RTH] RTH d2goal=3.5m | auto-home(xy) dist=3.72m tol=0.20m goal=(0.34, -0.06, 1.25) (x1)
[INFO] [1782917991.848] [/exploration_node]: [EV] [1782917991.848][    +34.6s][PLAN_TRAJ_RTH] RTH d2goal=3.5m | auto-home(xy) dist=3.70m tol=0.20m goal=(0.34, -0.06, 1.25) (x2)
[INFO] [1782917991.909] [/exploration_node]: [EV] [1782917991.909][    +34.7s][PLAN_TRAJ_RTH] RTH d2goal=3.5m | auto-home(xy) dist=3.68m tol=0.20m goal=(0.34, -0.06, 1.25) (x5)
[INFO] [1782917991.953] [/exploration_node]: [EV] [1782917991.953][    +34.7s][PLAN_TRAJ_RTH] RTH d2goal=3.5m | auto-home(xy) dist=3.66m tol=0.20m goal=(0.34, -0.06, 1.25) (x3)
[INFO] [1782917992.003] [/exploration_node]: [EV] [1782917992.003][    +34.8s][PLAN_TRAJ_RTH] RTH d2goal=3.5m | auto-home(xy) dist=3.64m tol=0.20m goal=(0.34, -0.06, 1.25) (x4)
[INFO] [1782917992.068] [/exploration_node]: [EV] [1782917992.068][    +34.9s][PLAN_TRAJ_RTH] RTH d2goal=3.5m | auto-home(xy) dist=3.62m tol=0.20m goal=(0.34, -0.06, 1.25) (x1)
[INFO] [1782917992.098] [/exploration_node]: [EV] [1782917992.098][    +34.9s][PLAN_TRAJ_RTH] RTH d2goal=3.5m | auto-home(xy) dist=3.61m tol=0.20m goal=(0.34, -0.06, 1.25) (x2)
[INFO] [1782917992.149] [/exploration_node]: [EV] [1782917992.149][    +34.9s][PLAN_TRAJ_RTH] RTH d2goal=3.5m | auto-home(xy) dist=3.60m tol=0.20m goal=(0.34, -0.06, 1.25) (x4)
[INFO] [1782917992.199] [/exploration_node]: [EV] [1782917992.199][    +35.0s][PLAN_TRAJ_RTH] RTH d2goal=3.5m | auto-home(xy) dist=3.59m tol=0.20m goal=(0.34, -0.06, 1.25) (x4)
[INFO] [1782917992.250] [/exploration_node]: [EV] [1782917992.250][    +35.0s][PLAN_TRAJ_RTH] RTH d2goal=3.5m | auto-home(xy) dist=3.58m tol=0.20m goal=(0.34, -0.06, 1.25) (x4)
[INFO] [1782917992.300] [/exploration_node]: [EV] [1782917992.300][    +35.1s][PLAN_TRAJ_RTH] RTH d2goal=3.5m | auto-home(xy) dist=3.57m tol=0.20m goal=(0.34, -0.06, 1.25) (x1)
[INFO] [1782917992.351] [/exploration_node]: [EV] [1782917992.351][    +35.1s][PLAN_TRAJ_RTH] RTH d2goal=3.5m | auto-home(xy) dist=3.56m tol=0.20m goal=(0.34, -0.06, 1.25) (x4)
[INFO] [1782917992.402] [/exploration_node]: [EV] [1782917992.402][    +35.2s][PLAN_TRAJ_RTH] RTH d2goal=3.5m | auto-home(xy) dist=3.55m tol=0.20m goal=(0.34, -0.06, 1.25) (x4)
[INFO] [1782917992.524] [/exploration_node]: [EV] [1782917992.524][    +35.3s][PLAN_TRAJ_RTH] RTH d2goal=3.5m | auto-home(xy) dist=3.54m tol=0.20m goal=(0.34, -0.06, 1.25) (x7)
[WARN] [1782917992.544] [/exploration_node]: [Goal Planning] A* search failed on topology graph!
[WARN] [1782917992.668] [/exploration_node]: [EV] [1782917992.668][    +35.5s][PLAN_TRAJ_RTH] LOCAL RTH FAIL | why: RTH global: A* on topo graph failed (goal connected to 1 nodes) | t=10.1ms (x162)
[INFO] [1782917992.698] [/exploration_node]: [EV] [1782917992.698][    +35.5s][PLAN_TRAJ_RTH] RTH d2goal=3.5m | auto-home(xy) dist=3.53m tol=0.20m goal=(0.34, -0.06, 1.25) (x15)
[WARN] [1782917992.749] [/exploration_node]: [EV] [1782917992.749][    +35.5s][PLAN_TRAJ_RTH] GLOBAL result=RTH_ASTAR_FAIL | why: A* on topo graph failed (goal connected to 1 nodes) | clusters=7(reach 1) vp=1(reach 0) pipe[tot=7 dorm=0 unreach=6 cons=1 nocand=0 topo=0 novis=0 ok=1] tour=2n/8.0m goal=(13.0, 0.9, 0.8) t=0ms (x4)
[INFO] [1782917992.911] [/exploration_node]: [EV] [1782917992.911][    +35.7s][PLAN_TRAJ_RTH] RTH d2goal=3.5m | auto-home(xy) dist=3.52m tol=0.20m goal=(0.34, -0.06, 1.25) (x14)
[INFO] [1782917993.114] [/exploration_node]: [EV] [1782917993.114][    +35.9s][PLAN_TRAJ_RTH] RTH d2goal=3.5m | auto-home(xy) dist=3.51m tol=0.20m goal=(0.34, -0.06, 1.25) (x14)
[INFO] [1782917993.401] [/exploration_node]: [EV] [1782917993.401][    +36.2s][PLAN_TRAJ_RTH] RTH d2goal=3.5m | auto-home(xy) dist=3.50m tol=0.20m goal=(0.34, -0.06, 1.25) (x21)
[INFO] [1782917993.491] [/exploration_node]: [EV] [1782917993.491][    +36.3s][PLAN_TRAJ_RTH] RTH d2goal=3.5m | auto-home(xy) dist=3.51m tol=0.20m goal=(0.34, -0.06, 1.25) (x4)
[INFO] [1782917993.737] [/exploration_node]: [EV] [1782917993.737][    +36.5s][PLAN_TRAJ_RTH] RTH d2goal=3.5m | auto-home(xy) dist=3.52m tol=0.20m goal=(0.34, -0.06, 1.25) (x16)
[INFO] [1782917993.868] [/exploration_node]: [EV] [1782917993.868][    +36.7s][PLAN_TRAJ_RTH] RTH d2goal=3.5m | auto-home(xy) dist=3.53m tol=0.20m goal=(0.34, -0.06, 1.25) (x9)
[INFO] [1782917993.909] [/exploration_node]: [EV] [1782917993.909][    +36.7s][PLAN_TRAJ_RTH] RTH d2goal=3.5m | auto-home(xy) dist=3.54m tol=0.20m goal=(0.34, -0.06, 1.25) (x3)
[WARN] [1782917993.969] [/exploration_node]: [EV] [1782917993.969][    +36.8s][PLAN_TRAJ_RTH] GLOBAL result=RTH_ASTAR_FAIL | why: A* on topo graph failed (goal connected to 1 nodes) | clusters=7(reach 1) vp=1(reach 0) pipe[tot=7 dorm=0 unreach=6 cons=1 nocand=0 topo=0 novis=0 ok=1] tour=2n/8.0m goal=(13.0, 0.9, 0.8) t=10ms (x4)
[INFO] [1782917993.979] [/exploration_node]: [EV] [1782917993.979][    +36.8s][PLAN_TRAJ_RTH] RTH d2goal=3.5m | auto-home(xy) dist=3.55m tol=0.20m goal=(0.34, -0.06, 1.25) (x1)
[INFO] [1782917993.999] [/exploration_node]: [EV] [1782917993.999][    +36.8s][PLAN_TRAJ_RTH] RTH d2goal=3.5m | auto-home(xy) dist=3.56m tol=0.20m goal=(0.34, -0.06, 1.25) (x1)
[INFO] [1782917994.050] [/exploration_node]: [EV] [1782917994.050][    +36.8s][PLAN_TRAJ_RTH] RTH d2goal=3.5m | auto-home(xy) dist=3.57m tol=0.20m goal=(0.34, -0.06, 1.25) (x3)
[INFO] [1782917994.100] [/exploration_node]: [EV] [1782917994.100][    +36.9s][PLAN_TRAJ_RTH] RTH d2goal=3.5m | auto-home(xy) dist=3.58m tol=0.20m goal=(0.34, -0.06, 1.25) (x4)
[INFO] [1782917994.151] [/exploration_node]: [EV] [1782917994.151][    +36.9s][PLAN_TRAJ_RTH] RTH d2goal=3.5m | auto-home(xy) dist=3.59m tol=0.20m goal=(0.34, -0.06, 1.25) (x3)
[INFO] [1782917994.226] [/exploration_node]: [EV] [1782917994.226][    +37.0s][PLAN_TRAJ_RTH] RTH d2goal=3.5m | auto-home(xy) dist=3.60m tol=0.20m goal=(0.34, -0.06, 1.25) (x1)
[INFO] [1782917994.256] [/exploration_node]: [EV] [1782917994.256][    +37.0s][PLAN_TRAJ_RTH] RTH d2goal=3.5m | auto-home(xy) dist=3.61m tol=0.20m goal=(0.34, -0.06, 1.25) (x1)
[INFO] [1782917994.306] [/exploration_node]: [EV] [1782917994.306][    +37.1s][PLAN_TRAJ_RTH] RTH d2goal=3.5m | auto-home(xy) dist=3.62m tol=0.20m goal=(0.34, -0.06, 1.25) (x3)
[INFO] [1782917994.357] [/exploration_node]: [EV] [1782917994.357][    +37.1s][PLAN_TRAJ_RTH] RTH d2goal=3.5m | auto-home(xy) dist=3.64m tol=0.20m goal=(0.34, -0.06, 1.25) (x3)
[INFO] [1782917994.408] [/exploration_node]: [EV] [1782917994.408][    +37.2s][PLAN_TRAJ_RTH] RTH d2goal=3.5m | auto-home(xy) dist=3.65m tol=0.20m goal=(0.34, -0.06, 1.25) (x3)
[INFO] [1782917994.492] [/exploration_node]: [EV] [1782917994.492][    +37.3s][PLAN_TRAJ_RTH] RTH d2goal=3.5m | auto-home(xy) dist=3.67m tol=0.20m goal=(0.34, -0.06, 1.25) (x1)
[INFO] [1782917994.502] [/exploration_node]: [EV] [1782917994.502][    +37.3s][PLAN_TRAJ_RTH] RTH d2goal=3.5m | auto-home(xy) dist=3.69m tol=0.20m goal=(0.34, -0.06, 1.25)
[INFO] [1782917994.553] [/exploration_node]: [EV] [1782917994.553][    +37.3s][PLAN_TRAJ_RTH] RTH d2goal=3.5m | auto-home(xy) dist=3.71m tol=0.20m goal=(0.34, -0.06, 1.25) (x3)
[WARN] [1782917994.563] [/exploration_node]: [Goal Planning] A* search failed on topology graph!
[INFO] [1782917994.616] [/exploration_node]: [EV] [1782917994.616][    +37.4s][PLAN_TRAJ_RTH] RTH d2goal=3.5m | auto-home(xy) dist=3.73m tol=0.20m goal=(0.34, -0.06, 1.25) (x3)
[INFO] [1782917994.650] [/exploration_node]: [EV] [1782917994.650][    +37.4s][PLAN_TRAJ_RTH] RTH d2goal=3.5m | auto-home(xy) dist=3.75m tol=0.20m goal=(0.34, -0.06, 1.25) (x2)
[WARN] [1782917994.670] [/exploration_node]: [EV] [1782917994.670][    +37.5s][PLAN_TRAJ_RTH] LOCAL RTH FAIL | why: RTH global: A* on topo graph failed (goal connected to 1 nodes) | t=0.0ms (x139)
[INFO] [1782917994.745] [/exploration_node]: [EV] [1782917994.745][    +37.5s][PLAN_TRAJ_RTH] RTH d2goal=3.5m | auto-home(xy) dist=3.78m tol=0.20m goal=(0.34, -0.06, 1.25) (x3)
[INFO] [1782917994.755] [/exploration_node]: [EV] [1782917994.755][    +37.5s][PLAN_TRAJ_RTH] RTH d2goal=3.5m | auto-home(xy) dist=3.80m tol=0.20m goal=(0.34, -0.06, 1.25)
[INFO] [1782917994.796] [/exploration_node]: [EV] [1782917994.796][    +37.6s][PLAN_TRAJ_RTH] RTH d2goal=3.5m | auto-home(xy) dist=3.83m tol=0.20m goal=(0.34, -0.06, 1.25) (x3)
[INFO] [1782917994.867] [/exploration_node]: [EV] [1782917994.867][    +37.7s][PLAN_TRAJ_RTH] RTH d2goal=3.5m | auto-home(xy) dist=3.85m tol=0.20m goal=(0.34, -0.06, 1.25) (x3)
[INFO] [1782917994.897] [/exploration_node]: [EV] [1782917994.897][    +37.7s][PLAN_TRAJ_RTH] RTH d2goal=3.5m | auto-home(xy) dist=3.88m tol=0.20m goal=(0.34, -0.06, 1.25) (x2)
[WARN] [1782917994.988] [/exploration_node]: [EV] [1782917994.988][    +37.8s][PLAN_TRAJ_RTH] GLOBAL result=RTH_ASTAR_FAIL | why: A* on topo graph failed (goal connected to 1 nodes) | clusters=7(reach 1) vp=1(reach 0) pipe[tot=7 dorm=0 unreach=6 cons=1 nocand=0 topo=0 novis=0 ok=1] tour=2n/8.0m goal=(13.0, 0.9, 0.8) t=0ms (x3)
[INFO] [1782917994.999] [/exploration_node]: [EV] [1782917994.999][    +37.8s][PLAN_TRAJ_RTH] RTH d2goal=3.5m | auto-home(xy) dist=3.94m tol=0.20m goal=(0.34, -0.06, 1.25) (x4)
[INFO] [1782917995.050] [/exploration_node]: [EV] [1782917995.050][    +37.8s][PLAN_TRAJ_RTH] RTH d2goal=3.5m | auto-home(xy) dist=3.98m tol=0.20m goal=(0.34, -0.06, 1.25) (x2)
[INFO] [1782917995.151] [/exploration_node]: [EV] [1782917995.151][    +37.9s][PLAN_TRAJ_RTH] RTH d2goal=4.0m | auto-home(xy) dist=4.04m tol=0.20m goal=(0.34, -0.06, 1.25) (x8)
[INFO] [1782917995.253] [/exploration_node]: [EV] [1782917995.253][    +38.0s][PLAN_TRAJ_RTH] RTH d2goal=4.0m | auto-home(xy) dist=4.11m tol=0.20m goal=(0.34, -0.06, 1.25) (x3)
[INFO] [1782917995.304] [/exploration_node]: [EV] [1782917995.304][    +38.1s][PLAN_TRAJ_RTH] RTH d2goal=4.0m | auto-home(xy) dist=4.15m tol=0.20m goal=(0.34, -0.06, 1.25) (x3)
[INFO] [1782917995.361] [/exploration_node]: [EV] [1782917995.361][    +38.1s][PLAN_TRAJ_RTH] RTH d2goal=4.0m | auto-home(xy) dist=4.19m tol=0.20m goal=(0.34, -0.06, 1.25) (x4)
[INFO] [1782917995.401] [/exploration_node]: [EV] [1782917995.401][    +38.2s][PLAN_TRAJ_RTH] RTH d2goal=4.0m | auto-home(xy) dist=4.22m tol=0.20m goal=(0.34, -0.06, 1.25) (x3)
[INFO] [1782917995.496] [/exploration_node]: [EV] [1782917995.496][    +38.3s][PLAN_TRAJ_RTH] RTH d2goal=4.0m | auto-home(xy) dist=4.26m tol=0.20m goal=(0.34, -0.06, 1.25) (x3)
[INFO] [1782917995.507] [/exploration_node]: [EV] [1782917995.507][    +38.3s][PLAN_TRAJ_RTH] RTH d2goal=4.0m | auto-home(xy) dist=4.30m tol=0.20m goal=(0.34, -0.06, 1.25)
[INFO] [1782917995.557] [/exploration_node]: [EV] [1782917995.557][    +38.3s][PLAN_TRAJ_RTH] RTH d2goal=4.0m | auto-home(xy) dist=4.34m tol=0.20m goal=(0.34, -0.06, 1.25) (x4)
[INFO] [1782917995.608] [/exploration_node]: [EV] [1782917995.608][    +38.4s][PLAN_TRAJ_RTH] RTH d2goal=4.0m | auto-home(xy) dist=4.37m tol=0.20m goal=(0.34, -0.06, 1.25) (x2)
[INFO] [1782917995.661] [/exploration_node]: [EV] [1782917995.661][    +38.4s][PLAN_TRAJ_RTH] RTH d2goal=4.0m | auto-home(xy) dist=4.41m tol=0.20m goal=(0.34, -0.06, 1.25) (x3)
[INFO] [1782917995.735] [/exploration_node]: [EV] [1782917995.735][    +38.5s][PLAN_TRAJ_RTH] RTH d2goal=4.0m | auto-home(xy) dist=4.44m tol=0.20m goal=(0.34, -0.06, 1.25) (x3)
[INFO] [1782917995.765] [/exploration_node]: [EV] [1782917995.765][    +38.6s][PLAN_TRAJ_RTH] RTH d2goal=4.0m | auto-home(xy) dist=4.48m tol=0.20m goal=(0.34, -0.06, 1.25) (x2)
[INFO] [1782917995.805] [/exploration_node]: [EV] [1782917995.805][    +38.6s][PLAN_TRAJ_RTH] RTH d2goal=4.5m | auto-home(xy) dist=4.52m tol=0.20m goal=(0.34, -0.06, 1.25) (prev cycle x1/4.6s)
[INFO] [1782917995.857] [/exploration_node]: [EV] [1782917995.857][    +38.6s][PLAN_TRAJ_RTH] RTH d2goal=4.5m | auto-home(xy) dist=4.55m tol=0.20m goal=(0.34, -0.06, 1.25) (x4)
[INFO] [1782917995.897] [/exploration_node]: [EV] [1782917995.897][    +38.7s][PLAN_TRAJ_RTH] RTH d2goal=4.5m | auto-home(xy) dist=4.59m tol=0.20m goal=(0.34, -0.06, 1.25) (x3)
[INFO] [1782917995.968] [/exploration_node]: [EV] [1782917995.968][    +38.8s][PLAN_TRAJ_RTH] RTH d2goal=4.5m | auto-home(xy) dist=4.62m tol=0.20m goal=(0.34, -0.06, 1.25) (x3)
[INFO] [1782917996.011] [/exploration_node]: [EV] [1782917996.011][    +38.8s][PLAN_TRAJ_RTH] RTH d2goal=4.5m | auto-home(xy) dist=4.65m tol=0.20m goal=(0.34, -0.06, 1.25) (x3)
[INFO] [1782917996.052] [/exploration_node]: [EV] [1782917996.052][    +38.8s][PLAN_TRAJ_RTH] RTH d2goal=4.5m | auto-home(xy) dist=4.68m tol=0.20m goal=(0.34, -0.06, 1.25) (x3)
[INFO] [1782917996.103] [/exploration_node]: [EV] [1782917996.103][    +38.9s][PLAN_TRAJ_RTH] RTH d2goal=4.5m | auto-home(xy) dist=4.71m tol=0.20m goal=(0.34, -0.06, 1.25) (x4)
[INFO] [1782917996.157] [/exploration_node]: [EV] [1782917996.157][    +38.9s][PLAN_TRAJ_RTH] RTH d2goal=4.5m | auto-home(xy) dist=4.74m tol=0.20m goal=(0.34, -0.06, 1.25) (x4)
[WARN] [1782917996.197] [/exploration_node]: [EV] [1782917996.197][    +39.0s][PLAN_TRAJ_RTH] GLOBAL result=RTH_ASTAR_FAIL | why: A* on topo graph failed (goal connected to 1 nodes) | clusters=7(reach 1) vp=1(reach 0) pipe[tot=7 dorm=0 unreach=7 cons=0 nocand=0 topo=0 novis=0 ok=0] tour=2n/8.0m goal=(13.0, 0.9, 0.8) t=0ms (x4)
[INFO] [1782917996.207] [/exploration_node]: [EV] [1782917996.207][    +39.0s][PLAN_TRAJ_RTH] RTH d2goal=4.5m | auto-home(xy) dist=4.76m tol=0.20m goal=(0.34, -0.06, 1.25) (x1)
[INFO] [1782917996.248] [/exploration_node]: [EV] [1782917996.248][    +39.0s][PLAN_TRAJ_RTH] RTH d2goal=4.5m | auto-home(xy) dist=4.78m tol=0.20m goal=(0.34, -0.06, 1.25) (x3)
[INFO] [1782917996.296] [/exploration_node]: [EV] [1782917996.296][    +39.1s][PLAN_TRAJ_RTH] RTH d2goal=4.5m | auto-home(xy) dist=4.79m tol=0.20m goal=(0.34, -0.06, 1.25) (x3)
[INFO] [1782917996.347] [/exploration_node]: [EV] [1782917996.347][    +39.1s][PLAN_TRAJ_RTH] RTH d2goal=4.5m | auto-home(xy) dist=4.80m tol=0.20m goal=(0.34, -0.06, 1.25) (x4)
[INFO] [1782917996.439] [/exploration_node]: [EV] [1782917996.439][    +39.2s][PLAN_TRAJ_RTH] RTH d2goal=4.5m | auto-home(xy) dist=4.81m tol=0.20m goal=(0.34, -0.06, 1.25) (x4)
[INFO] [1782917996.459] [/exploration_node]: [EV] [1782917996.459][    +39.2s][PLAN_TRAJ_RTH] RTH d2goal=4.5m | auto-home(xy) dist=4.82m tol=0.20m goal=(0.34, -0.06, 1.25) (x1)
[INFO] [1782917996.550] [/exploration_node]: [EV] [1782917996.550][    +39.3s][PLAN_TRAJ_RTH] RTH d2goal=4.5m | auto-home(xy) dist=4.83m tol=0.20m goal=(0.34, -0.06, 1.25) (x8)
[WARN] [1782917996.570] [/exploration_node]: [Goal Planning] A* search failed on topology graph!
[INFO] [1782917996.916] [/exploration_node]: [EV] [1782917996.916][    +39.7s][PLAN_TRAJ_RTH] RTH d2goal=4.5m | auto-home(xy) dist=4.82m tol=0.20m goal=(0.34, -0.06, 1.25) (x28)
[INFO] [1782917997.049] [/exploration_node]: [EV] [1782917997.049][    +39.8s][PLAN_TRAJ_RTH] RTH d2goal=4.5m | auto-home(xy) dist=4.81m tol=0.20m goal=(0.34, -0.06, 1.25) (x12)
[INFO] [1782917997.204] [/exploration_node]: [EV] [1782917997.204][    +40.0s][PLAN_TRAJ_RTH] RTH d2goal=4.5m | auto-home(xy) dist=4.80m tol=0.20m goal=(0.34, -0.06, 1.25) (x9)
[INFO] [1782917997.499] [/exploration_node]: [EV] [1782917997.499][    +40.3s][PLAN_TRAJ_RTH] RTH d2goal=4.5m | auto-home(xy) dist=4.79m tol=0.20m goal=(0.34, -0.06, 1.25) (x24)
[INFO] [1782917997.892] [/exploration_node]: [EV] [1782917997.892][    +40.7s][PLAN_TRAJ_RTH] RTH d2goal=4.5m | auto-home(xy) dist=4.80m tol=0.20m goal=(0.34, -0.06, 1.25) (x30)
[INFO] [1782917998.260] [/exploration_node]: [EV] [1782917998.260][    +41.0s][PLAN_TRAJ_RTH] RTH d2goal=4.5m | auto-home(xy) dist=4.81m tol=0.20m goal=(0.34, -0.06, 1.25) (x31)
[WARN] [1782917998.383] [/exploration_node]: [EV] [1782917998.383][    +41.2s][PLAN_TRAJ_RTH] LOCAL RTH FAIL | why: RTH global: A* on topo graph failed (goal connected to 1 nodes) | t=11.1ms (x286)
[WARN] [1782917998.596] [/exploration_node]: [Goal Planning] A* search failed on topology graph!
[WARN] [1782917998.831] [/exploration_node]: [EV] [1782917998.831][    +41.6s][PLAN_TRAJ_RTH] GLOBAL result=RTH_ASTAR_FAIL | why: A* on topo graph failed (goal connected to 1 nodes) | clusters=7(reach 1) vp=1(reach 0) pipe[tot=7 dorm=0 unreach=6 cons=1 nocand=0 topo=1 novis=0 ok=0] tour=2n/8.0m goal=(13.0, 0.9, 0.8) t=0ms (x10)
[INFO] [1782917999.149] [/exploration_node]: [EV] [1782917999.149][    +41.9s][PLAN_TRAJ_RTH] RTH d2goal=4.5m | auto-home(xy) dist=4.82m tol=0.20m goal=(0.34, -0.06, 1.25) (x73)
[INFO] [1782917999.326] [/exploration_node]: [EV] [1782917999.326][    +42.1s][PLAN_TRAJ_RTH] RTH d2goal=4.5m | auto-home(xy) dist=4.83m tol=0.20m goal=(0.34, -0.06, 1.25) (x11)
[INFO] [1782917999.498] [/exploration_node]: [EV] [1782917999.498][    +42.3s][PLAN_TRAJ_RTH] RTH d2goal=4.5m | auto-home(xy) dist=4.84m tol=0.20m goal=(0.34, -0.06, 1.25) (x16)
[INFO] [1782917999.561] [/exploration_node]: [EV] [1782917999.561][    +42.3s][PLAN_TRAJ_RTH] RTH d2goal=4.5m | auto-home(xy) dist=4.85m tol=0.20m goal=(0.34, -0.06, 1.25) (x2)
[INFO] [1782917999.647] [/exploration_node]: [EV] [1782917999.647][    +42.4s][PLAN_TRAJ_RTH] RTH d2goal=4.5m | auto-home(xy) dist=4.86m tol=0.20m goal=(0.34, -0.06, 1.25) (x7)
[INFO] [1782917999.801] [/exploration_node]: [EV] [1782917999.801][    +42.6s][PLAN_TRAJ_RTH] RTH d2goal=4.5m | auto-home(xy) dist=4.87m tol=0.20m goal=(0.34, -0.06, 1.25) (x10)
[INFO] [1782917999.902] [/exploration_node]: [EV] [1782917999.902][    +42.7s][PLAN_TRAJ_RTH] RTH d2goal=4.5m | auto-home(xy) dist=4.88m tol=0.20m goal=(0.34, -0.06, 1.25) (x9)
[WARN] [1782918000.033] [/exploration_node]: [EV] [1782918000.033][    +42.8s][PLAN_TRAJ_RTH] GLOBAL result=RTH_ASTAR_FAIL | why: A* on topo graph failed (goal connected to 1 nodes) | clusters=7(reach 1) vp=1(reach 0) pipe[tot=7 dorm=0 unreach=7 cons=0 nocand=0 topo=0 novis=0 ok=0] tour=2n/8.0m goal=(13.0, 0.9, 0.8) t=0ms (x4)
[INFO] [1782918000.104] [/exploration_node]: [EV] [1782918000.104][    +42.9s][PLAN_TRAJ_RTH] RTH d2goal=4.5m | auto-home(xy) dist=4.89m tol=0.20m goal=(0.34, -0.06, 1.25) (x16)
[INFO] [1782918000.308] [/exploration_node]: [EV] [1782918000.308][    +43.1s][PLAN_TRAJ_RTH] RTH d2goal=4.5m | auto-home(xy) dist=4.90m tol=0.20m goal=(0.34, -0.06, 1.25) (x15)
[WARN] [1782918000.392] [/exploration_node]: [EV] [1782918000.392][    +43.2s][PLAN_TRAJ_RTH] LOCAL RTH FAIL | why: RTH global: A* on topo graph failed (goal connected to 1 nodes) | t=0.0ms (x167)
[INFO] [1782918000.453] [/exploration_node]: [EV] [1782918000.453][    +43.2s][PLAN_TRAJ_RTH] RTH d2goal=4.5m | auto-home(xy) dist=4.91m tol=0.20m goal=(0.34, -0.06, 1.25) (x13)
[WARN] [1782918000.605] [/exploration_node]: [Goal Planning] A* search failed on topology graph!
[INFO] [1782918000.649] [/exploration_node]: [EV] [1782918000.649][    +43.4s][PLAN_TRAJ_RTH] RTH d2goal=4.5m | auto-home(xy) dist=4.92m tol=0.20m goal=(0.34, -0.06, 1.25) (x14)
[INFO] [1782918000.856] [/exploration_node]: [EV] [1782918000.856][    +43.6s][PLAN_TRAJ_RTH] RTH d2goal=4.5m | auto-home(xy) dist=4.93m tol=0.20m goal=(0.34, -0.06, 1.25) (x16)
[INFO] [1782918001.062] [/exploration_node]: [EV] [1782918001.062][    +43.9s][PLAN_TRAJ_RTH] RTH d2goal=4.5m | auto-home(xy) dist=4.94m tol=0.20m goal=(0.34, -0.06, 1.25) (x16)
[INFO] [1782918001.234] [/exploration_node]: [EV] [1782918001.234][    +44.0s][PLAN_TRAJ_RTH] RTH d2goal=4.5m | auto-home(xy) dist=4.95m tol=0.20m goal=(0.34, -0.06, 1.25) (x13)
[INFO] [1782918001.304] [/exploration_node]: [EV] [1782918001.304][    +44.1s][PLAN_TRAJ_RTH] RTH d2goal=4.5m | auto-home(xy) dist=4.96m tol=0.20m goal=(0.34, -0.06, 1.25) (x5)
[INFO] [1782918001.405] [/exploration_node]: [EV] [1782918001.405][    +44.2s][PLAN_TRAJ_RTH] RTH d2goal=4.5m | auto-home(xy) dist=4.97m tol=0.20m goal=(0.34, -0.06, 1.25) (x9)
[INFO] [1782918001.476] [/exploration_node]: [EV] [1782918001.476][    +44.3s][PLAN_TRAJ_RTH] RTH d2goal=4.5m | auto-home(xy) dist=4.98m tol=0.20m goal=(0.34, -0.06, 1.25) (x3)
[INFO] [1782918001.558] [/exploration_node]: [EV] [1782918001.558][    +44.3s][PLAN_TRAJ_RTH] RTH d2goal=4.5m | auto-home(xy) dist=4.99m tol=0.20m goal=(0.34, -0.06, 1.25) (x6)
[INFO] [1782918001.651] [/exploration_node]: [EV] [1782918001.651][    +44.4s][PLAN_TRAJ_RTH] RTH d2goal=4.5m | auto-home(xy) dist=5.00m tol=0.20m goal=(0.34, -0.06, 1.25) (x8)
[INFO] [1782918001.755] [/exploration_node]: [EV] [1782918001.755][    +44.5s][PLAN_TRAJ_RTH] RTH d2goal=5.0m | auto-home(xy) dist=5.00m tol=0.20m goal=(0.34, -0.06, 1.25) (prev x6/0.1s)
