# console (/rosout_agg) log for epic_2026-07-03-11-27-15.bag
# started at 2026-07-03-11-27-15
[INFO] [1783045635.361] [/record_on_goal]: [record_on_goal] event log -> /home/hmcl/stack1/src/EPIC_poongsan/src/EPIC/src/global_planner/exploration_manager/records/epic_2026-07-03-11-27-15/epic_2026-07-03-11-27-15.events.log
[INFO] [1783045635.366] [/record_on_goal]: [record_on_goal] recording started (pid 1882) -> /home/hmcl/stack1/src/EPIC_poongsan/src/EPIC/src/global_planner/exploration_manager/records/epic_2026-07-03-11-27-15/epic_2026-07-03-11-27-15.bag
[INFO] [1783045636.324] [/exploration_node]: [EV] [1783045636.324][     +2.1s][WAIT_TRIGGER] BATT 24.0V | v=24.48V pct=77%
[WARN] [1783045640.307] [/exploration_node]: wait for trigger.
[INFO] [1783045640.495] [/mavros]: HP: requesting home position
[INFO] [1783045643.322] [/exploration_node]: [EV] [1783045643.322][     +9.1s][WAIT_TRIGGER] PX4 mode=POSCTL armed=1 | prev=POSCTL
[INFO] [1783045644.321] [/exploration_node]: [EV] [1783045644.321][    +10.1s][WAIT_TRIGGER] BATT 24.0V | v=24.49V pct=77% (x3)
[INFO] [1783045644.457] [/rvizvisualisation]: Setting goal: Frame:world, Position(-1.352, -3.328, 0.000), Orientation(0.000, 0.000, 0.927, 0.374) = Angle: 2.374

[INFO] [1783045644.458] [/exploration_node]: [EV] [1783045644.458][     +0.0s][WAIT_TRIGGER] EVENT 2D-Nav-Goal trigger | trigger received | pos=(0.02, -0.05, 0.00)
[INFO] [1783045644.458] [/exploration_node]: [EV] [1783045644.458][     +0.0s][WAIT_TRIGGER] PARAM box | down=[-150, -150, 0.4] up=[150, 150, 2]
[INFO] [1783045644.458] [/exploration_node]: [EV] [1783045644.458][     +0.0s][WAIT_TRIGGER] PARAM corridor | DilateSoft=0.60 DilateHard=0.45 MaxCorridor=4.0 MaxVel=0.9 max_traj_len=10.0 safe_dist=0.70 bubble_min_r=0.50
[INFO] [1783045644.458] [/exploration_node]: [EV] [1783045644.458][     +0.0s][WAIT_TRIGGER] PARAM frontier | cell=0.40 cluster_sz=[0.5, 5.0] minpts=4 dphi=0.26 znum=3 good_dir_score=0.60
[INFO] [1783045644.458] [/exploration_node]: [EV] [1783045644.458][     +0.0s][WAIT_TRIGGER] PARAM viewpoint | pillar_r=[0.5, 2.0]x8 h=[-1.0, 1.0]x5 circle_n=8 local_tsp=16
[INFO] [1783045644.458] [/exploration_node]: [EV] [1783045644.458][     +0.0s][WAIT_TRIGGER] PARAM fsm | takeoff_h=1.20 goal_tol=0.20 replan_t=0.20 emerg_err=3.0 max_hz=30 avoid_to=0.5 auto_rth_land=1 rth_land_xy_tol=0.20 avoidance=1
[INFO] [1783045644.458] [/exploration_node]: [EV] [1783045644.458][     +0.0s][WAIT_TRIGGER] PARAM topics | odom=/Odometry cloud=/cloud_registered
[INFO] [1783045644.458] [/exploration_node]: [EV] [1783045644.458][     +0.0s][TAKEOFF_HOVER] STATE WAIT_TRIGGER -> TAKEOFF_HOVER [triggerCallback: takeoff & hover]
[INFO] [1783045646.316] [/exploration_node]: [EV] [1783045646.316][     +1.9s][TAKEOFF_HOVER] PX4 mode=OFFBOARD armed=1 | prev=POSCTL
[INFO] [1783045648.325] [/exploration_node]: [EV] [1783045648.324][     +3.9s][TAKEOFF_HOVER] BATT 24.0V | v=24.09V pct=79% (x1)
[INFO] [1783045650.319] [/exploration_node]: [EV] [1783045650.319][     +5.9s][TAKEOFF_HOVER] BATT 23.5V | v=23.74V pct=71%
[INFO] [1783045650.496] [/mavros]: HP: requesting home position
[INFO] [1783045652.317] [/exploration_node]: [EV] [1783045652.317][     +7.9s][TAKEOFF_HOVER] BATT 23.5V | v=23.60V pct=69%
[INFO] [1783045653.338] [/exploration_node]: [EV] [1783045653.338][     +8.9s][PLAN_TRAJ_EXP] STATE TAKEOFF_HOVER -> PLAN_TRAJ_EXP [takeoff: altitude reached & stable -> explore]
[WARN] [1783045653.557] [/exploration_node]: [EV] [1783045653.557][     +9.1s][PLAN_TRAJ_EXP] GLOBAL result=NO_VIEWPOINTS | why: NO_FRONTIER: 0 viewpoints (clusters=6, reachable_clusters=0) pipe[tot=6 dorm=0 unreach=0 cons=6 nocand=0 topo=6 novis=0 ok=0] | clusters=6(reach 0) vp=0(reach 0) pipe[tot=6 dorm=0 unreach=0 cons=6 nocand=0 topo=6 novis=0 ok=0] tour=0n/0.0m goal=(0.0, 0.0, 0.0) t=40ms
[WARN] [1783045653.560] [/exploration_node]: [EV] [1783045653.560][     +9.1s][PLAN_TRAJ_EXP] LOCAL EXP NO_FRONTIER | t=0.0ms goal_d=1.1m
[WARN] [1783045653.560] [/exploration_node]: [EV] [1783045653.560][     +9.1s][PLAN_TRAJ_EXP] STATE PLAN_TRAJ_EXP -> PLAN_TRAJ_EXP [PLAN_TRAJ_EXP: no frontier yet (warming up)]
[INFO] [1783045653.705] [/epic_rosbag_recorder]: Subscribing to /exploration_node/viewpoint_centers
[INFO] [1783045653.706] [/epic_rosbag_recorder]: Subscribing to /exploration_node/occ
[INFO] [1783045653.706] [/epic_rosbag_recorder]: Subscribing to /exploration_node/pocc
[INFO] [1783045653.708] [/epic_rosbag_recorder]: Subscribing to /exploration_node/frt
[WARN] [1783045653.815] [/exploration_node]: [EV] [1783045653.815][     +9.4s][PLAN_TRAJ_EXP] GLOBAL result=NO_VIEWPOINTS | why: NO_FRONTIER: 0 viewpoints (clusters=6, reachable_clusters=0) pipe[tot=6 dorm=0 unreach=5 cons=1 nocand=0 topo=1 novis=0 ok=0] | clusters=6(reach 0) vp=0(reach 0) pipe[tot=6 dorm=0 unreach=5 cons=1 nocand=0 topo=1 novis=0 ok=0] tour=0n/0.0m goal=(0.0, 0.0, 0.0) t=54ms
[WARN] [1783045653.854] [/px4_ctrl_bridge]: [px4_bridge] /position_cmd stale -> holding pose
[WARN] [1783045654.053] [/exploration_node]: [EV] [1783045654.053][     +9.6s][PLAN_TRAJ_EXP] GLOBAL result=NO_VIEWPOINTS | why: NO_FRONTIER: 0 viewpoints (clusters=7, reachable_clusters=0) pipe[tot=7 dorm=0 unreach=3 cons=4 nocand=0 topo=4 novis=0 ok=0] | clusters=7(reach 0) vp=0(reach 0) pipe[tot=7 dorm=0 unreach=3 cons=4 nocand=0 topo=4 novis=0 ok=0] tour=0n/0.0m goal=(0.0, 0.0, 0.0) t=35ms
[WARN] [1783045654.290] [/exploration_node]: [EV] [1783045654.290][     +9.8s][PLAN_TRAJ_EXP] GLOBAL result=NO_VIEWPOINTS | why: NO_FRONTIER: 0 viewpoints (clusters=7, reachable_clusters=0) pipe[tot=7 dorm=0 unreach=6 cons=1 nocand=0 topo=1 novis=0 ok=0] | clusters=7(reach 0) vp=0(reach 0) pipe[tot=7 dorm=0 unreach=6 cons=1 nocand=0 topo=1 novis=0 ok=0] tour=0n/0.0m goal=(0.0, 0.0, 0.0) t=37ms
[INFO] [1783045654.317] [/exploration_node]: [EV] [1783045654.317][     +9.9s][PLAN_TRAJ_EXP] BATT 23.0V | v=23.46V pct=63%
[WARN] [1783045654.517] [/exploration_node]: [EV] [1783045654.517][    +10.1s][PLAN_TRAJ_EXP] GLOBAL result=NO_VIEWPOINTS | why: NO_FRONTIER: 0 viewpoints (clusters=6, reachable_clusters=0) pipe[tot=6 dorm=0 unreach=2 cons=4 nocand=0 topo=4 novis=0 ok=0] | clusters=6(reach 0) vp=0(reach 0) pipe[tot=6 dorm=0 unreach=2 cons=4 nocand=0 topo=4 novis=0 ok=0] tour=0n/0.0m goal=(0.0, 0.0, 0.0) t=25ms
[WARN] [1783045654.741] [/exploration_node]: [EV] [1783045654.741][    +10.3s][PLAN_TRAJ_EXP] GLOBAL result=NO_VIEWPOINTS | why: NO_FRONTIER: 0 viewpoints (clusters=6, reachable_clusters=0) pipe[tot=6 dorm=0 unreach=3 cons=3 nocand=0 topo=3 novis=0 ok=0] | clusters=6(reach 0) vp=0(reach 0) pipe[tot=6 dorm=0 unreach=3 cons=3 nocand=0 topo=3 novis=0 ok=0] tour=0n/0.0m goal=(0.0, 0.0, 0.0) t=23ms
[WARN] [1783045654.855] [/px4_ctrl_bridge]: [px4_bridge] /position_cmd stale -> holding pose
[WARN] [1783045654.970] [/exploration_node]: [EV] [1783045654.970][    +10.5s][PLAN_TRAJ_EXP] GLOBAL result=NO_VIEWPOINTS | why: NO_FRONTIER: 0 viewpoints (clusters=6, reachable_clusters=0) pipe[tot=6 dorm=0 unreach=5 cons=1 nocand=0 topo=1 novis=0 ok=0] | clusters=6(reach 0) vp=0(reach 0) pipe[tot=6 dorm=0 unreach=5 cons=1 nocand=0 topo=1 novis=0 ok=0] tour=0n/0.0m goal=(0.0, 0.0, 0.0) t=28ms
[WARN] [1783045655.204] [/exploration_node]: [EV] [1783045655.204][    +10.7s][PLAN_TRAJ_EXP] GLOBAL result=NO_VIEWPOINTS | why: NO_FRONTIER: 0 viewpoints (clusters=6, reachable_clusters=0) pipe[tot=6 dorm=0 unreach=4 cons=2 nocand=0 topo=2 novis=0 ok=0] | clusters=6(reach 0) vp=0(reach 0) pipe[tot=6 dorm=0 unreach=4 cons=2 nocand=0 topo=2 novis=0 ok=0] tour=0n/0.0m goal=(0.0, 0.0, 0.0) t=28ms
[WARN] [1783045655.434] [/exploration_node]: [EV] [1783045655.434][    +11.0s][PLAN_TRAJ_EXP] GLOBAL result=NO_VIEWPOINTS | why: NO_FRONTIER: 0 viewpoints (clusters=6, reachable_clusters=0) pipe[tot=6 dorm=0 unreach=6 cons=0 nocand=0 topo=0 novis=0 ok=0] | clusters=6(reach 0) vp=0(reach 0) pipe[tot=6 dorm=0 unreach=6 cons=0 nocand=0 topo=0 novis=0 ok=0] tour=0n/0.0m goal=(0.0, 0.0, 0.0) t=25ms
[WARN] [1783045655.864] [/px4_ctrl_bridge]: [px4_bridge] /position_cmd stale -> holding pose
[INFO] [1783045656.315] [/exploration_node]: [EV] [1783045656.315][    +11.9s][PLAN_TRAJ_EXP] BATT 23.0V | v=23.43V pct=65%
[WARN] [1783045656.598] [/exploration_node]: [EV] [1783045656.598][    +12.1s][PLAN_TRAJ_EXP] GLOBAL result=NO_VIEWPOINTS | why: NO_FRONTIER: 0 viewpoints (clusters=6, reachable_clusters=0) pipe[tot=6 dorm=0 unreach=5 cons=1 nocand=0 topo=1 novis=0 ok=0] | clusters=6(reach 0) vp=0(reach 0) pipe[tot=6 dorm=0 unreach=5 cons=1 nocand=0 topo=1 novis=0 ok=0] tour=0n/0.0m goal=(0.0, 0.0, 0.0) t=31ms (prev cycle x3/1.2s)
[WARN] [1783045656.819] [/exploration_node]: [EV] [1783045656.819][    +12.4s][PLAN_TRAJ_EXP] GLOBAL result=NO_VIEWPOINTS | why: NO_FRONTIER: 0 viewpoints (clusters=6, reachable_clusters=0) pipe[tot=6 dorm=0 unreach=6 cons=0 nocand=0 topo=0 novis=0 ok=0] | clusters=6(reach 0) vp=0(reach 0) pipe[tot=6 dorm=0 unreach=6 cons=0 nocand=0 topo=0 novis=0 ok=0] tour=0n/0.0m goal=(0.0, 0.0, 0.0) t=20ms
[WARN] [1783045656.864] [/px4_ctrl_bridge]: [px4_bridge] /position_cmd stale -> holding pose
[WARN] [1783045656.893] [/exploration_node]: [EV] [1783045656.893][    +12.4s][PLAN_TRAJ_EXP] LOCAL EXP NO_FRONTIER | t=0.3ms goal_d=1.1m (x281)
[WARN] [1783045657.874] [/px4_ctrl_bridge]: [px4_bridge] /position_cmd stale -> holding pose
[WARN] [1783045658.172] [/exploration_node]: [EV] [1783045658.172][    +13.7s][PLAN_TRAJ_EXP] GLOBAL result=NO_VIEWPOINTS | why: NO_FRONTIER: 0 viewpoints (clusters=6, reachable_clusters=0) pipe[tot=6 dorm=0 unreach=4 cons=2 nocand=0 topo=2 novis=0 ok=0] | clusters=6(reach 0) vp=0(reach 0) pipe[tot=6 dorm=0 unreach=4 cons=2 nocand=0 topo=2 novis=0 ok=0] tour=0n/0.0m goal=(0.0, 0.0, 0.0) t=20ms (prev cycle x4/1.4s)
[INFO] [1783045658.316] [/exploration_node]: [EV] [1783045658.316][    +13.9s][PLAN_TRAJ_EXP] BATT 23.0V | v=23.39V pct=63%
[WARN] [1783045658.411] [/exploration_node]: [EV] [1783045658.410][    +14.0s][PLAN_TRAJ_EXP] GLOBAL result=NO_VIEWPOINTS | why: NO_FRONTIER: 0 viewpoints (clusters=6, reachable_clusters=0) pipe[tot=6 dorm=0 unreach=5 cons=1 nocand=0 topo=1 novis=0 ok=0] | clusters=6(reach 0) vp=0(reach 0) pipe[tot=6 dorm=0 unreach=5 cons=1 nocand=0 topo=1 novis=0 ok=0] tour=0n/0.0m goal=(0.0, 0.0, 0.0) t=36ms
[INFO] [1783045658.565] [/exploration_node]: [EV] [1783045658.565][    +14.1s][FINISH] STATE PLAN_TRAJ_EXP -> FINISH [PLAN_TRAJ_EXP: no frontier] |  (prev x424/5.0s)
[WARN] [1783045658.576] [/exploration_node]: [EV] [1783045658.575][    +14.1s][FINISH] MISSION FINISH (premature? unreached clusters remain) | pos=(0.17, -0.24, 0.98) elapsed=14s clusters_left=6(reach 0) pipe[tot=6 dorm=0 unreach=5 cons=1 nocand=0 topo=1 novis=0 ok=0]
[INFO] [1783045658.576] [/exploration_node]: [32m[FINISH] exploration done -> hover 1.0s, then return home & land[0m
[WARN] [1783045658.637] [/exploration_node]: [EV] [1783045658.637][    +14.2s][FINISH] GLOBAL result=NO_VIEWPOINTS | why: NO_FRONTIER: 0 viewpoints (clusters=6, reachable_clusters=0) pipe[tot=6 dorm=0 unreach=3 cons=3 nocand=0 topo=3 novis=0 ok=0] | clusters=6(reach 0) vp=0(reach 0) pipe[tot=6 dorm=0 unreach=3 cons=3 nocand=0 topo=3 novis=0 ok=0] tour=0n/0.0m goal=(0.0, 0.0, 0.0) t=24ms
[INFO] [1783045658.637] [/exploration_node]: [EV] [1783045658.637][    +14.2s][FINISH] STATE FINISH -> FINISH [planGlobalPath: no frontier]
[INFO] [1783045658.705] [/epic_rosbag_recorder]: Subscribing to /mem_cost
[INFO] [1783045658.706] [/epic_rosbag_recorder]: Subscribing to /mem_cost_2
[INFO] [1783045658.707] [/epic_rosbag_recorder]: Subscribing to /mem_cost_3
[WARN] [1783045659.329] [/exploration_node]: [EV] [1783045659.329][    +14.9s][FINISH] GLOBAL result=NO_VIEWPOINTS | why: NO_FRONTIER: 0 viewpoints (clusters=6, reachable_clusters=0) pipe[tot=6 dorm=0 unreach=4 cons=2 nocand=0 topo=2 novis=0 ok=0] | clusters=6(reach 0) vp=0(reach 0) pipe[tot=6 dorm=0 unreach=4 cons=2 nocand=0 topo=2 novis=0 ok=0] tour=0n/0.0m goal=(0.0, 0.0, 0.0) t=23ms (prev cycle x1/0.7s)
[INFO] [1783045659.582] [/exploration_node]: [EV] [1783045659.582][    +15.1s][PLAN_TRAJ_RTH] STATE FINISH -> PLAN_TRAJ_RTH [FINISH: hover done -> return home] |  (prev x4/0.7s)
[ERROR] [1783045659.591] [/exploration_node]: [EV] [1783045659.591][    +15.1s][PLAN_TRAJ_RTH] STUCK no motion >8s in PLAN_TRAJ_RTH | last-local: OK | pos=(0.18, -0.32, 1.00) still=9s
[INFO] [1783045659.591] [/exploration_node]: [EV] [1783045659.591][    +15.1s][PLAN_TRAJ_RTH] RTH d2goal=0.0m | auto-home(xy) dist=0.32m tol=0.20m goal=(0.02, -0.05, 1.20)
[WARN] [1783045659.591] [/exploration_node]: [EV] [1783045659.591][    +15.1s][PLAN_TRAJ_RTH] LOCAL RTH FAIL | why: no global tour yet (RTH global plan pending) | t=0.0ms (prev x143/2.7s)
[WARN] [1783045659.591] [/exploration_node]: [EV] [1783045659.591][    +15.1s][PLAN_TRAJ_RTH] STATE PLAN_TRAJ_RTH -> PLAN_TRAJ_RTH [PLAN_TRAJ_RTH: plan failed]
[ERROR] [1783045659.602] [/exploration_node]: [EV] [1783045659.602][    +15.1s][PLAN_TRAJ_RTH] STUCK no motion >8s in PLAN_TRAJ_RTH | last-local: no global tour yet (RTH global plan pending) | pos=(0.18, -0.32, 1.00) still=9s
[INFO] [1783045659.807] [/exploration_node]: [33m[Path Simplification] Reduced path from 4 to 2 nodes, 2 collision checks, 0.01 ms[0m
[INFO] [1783045659.807] [/exploration_node]:   Segment 1: 0.38 m
[INFO] [1783045659.808] [/exploration_node]: [EV] [1783045659.808][    +15.4s][PLAN_TRAJ_RTH] GLOBAL result=RTH_PATH_OK | why: path to goal: 2 nodes / 0.4m (connected via 3) | clusters=6(reach 0) vp=0(reach 0) pipe[tot=6 dorm=0 unreach=5 cons=1 nocand=0 topo=1 novis=0 ok=0] tour=2n/0.4m goal=(0.0, 0.0, 0.0) t=18ms (prev x1/0.2s)
[INFO] [1783045659.808] [/exploration_node]: [EV] [1783045659.808][    +15.4s][PLAN_TRAJ_RTH] STATE PLAN_TRAJ_RTH -> PLAN_TRAJ_RTH [planGoalPath: succeed] |  (prev x16/0.2s)
[INFO] [1783045659.821] [/exploration_node]: [33m[Path Simplification] Reduced path from 4 to 2 nodes, 2 collision checks, 0.01 ms[0m
[INFO] [1783045659.821] [/exploration_node]:   Segment 1: 0.38 m
[INFO] [1783045659.842] [/exploration_node]: [EV] [1783045659.842][    +15.4s][PLAN_TRAJ_RTH] LOCAL RTH OK | t=33.4ms (prev x16/0.2s)
[INFO] [1783045659.842] [/exploration_node]: [EV] [1783045659.842][    +15.4s][EXEC_TRAJ] STATE PLAN_TRAJ_RTH -> EXEC_TRAJ [PLAN_TRAJ_RTH: plan success]
[INFO] [1783045659.853] [/traj_server]: [32m[Metrics] Mission started[0m
[ERROR] [1783045659.855] [/exploration_node]: [EV] [1783045659.852][    +15.4s][EXEC_TRAJ] STUCK no motion >8s in EXEC_TRAJ | last-local: OK | pos=(0.17, -0.33, 1.01) still=9s (prev x16/0.2s)
[INFO] [1783045660.035] [/exploration_node]: [33m[Path Simplification] Reduced path from 4 to 2 nodes, 2 collision checks, 0.01 ms[0m
[INFO] [1783045660.035] [/exploration_node]:   Segment 1: 0.38 m
[INFO] [1783045660.036] [/exploration_node]: [EV] [1783045660.036][    +15.6s][PLAN_TRAJ_RTH] STATE EXEC_TRAJ -> PLAN_TRAJ_RTH [planGoalPath: succeed]
[ERROR] [1783045660.036] [/exploration_node]: [EV] [1783045660.036][    +15.6s][PLAN_TRAJ_RTH] STUCK no motion >8s in PLAN_TRAJ_RTH | last-local: OK | pos=(0.16, -0.34, 1.01) still=9s (prev x15/0.2s)
[INFO] [1783045660.036] [/exploration_node]: [EV] [1783045660.036][    +15.6s][PLAN_TRAJ_RTH] RTH d2goal=0.0m | auto-home(xy) dist=0.33m tol=0.20m goal=(0.02, -0.05, 1.20) (x17)
[INFO] [1783045660.037] [/traj_server]: [33m[Metrics] RTH mode activated at index 1 (current state: PLAN_TRAJ_RTH)[0m
[INFO] [1783045660.049] [/exploration_node]: [33m[Path Simplification] Reduced path from 4 to 2 nodes, 2 collision checks, 0.01 ms[0m
[INFO] [1783045660.049] [/exploration_node]:   Segment 1: 0.38 m
[INFO] [1783045660.319] [/exploration_node]: [EV] [1783045660.319][    +15.9s][EXEC_TRAJ] BATT 23.0V | v=23.32V pct=60%
[INFO] [1783045660.495] [/mavros]: HP: requesting home position
[INFO] [1783045660.746] [/exploration_node]: [33m[Path Simplification] Reduced path from 4 to 2 nodes, 2 collision checks, 0.01 ms[0m
[INFO] [1783045660.746] [/exploration_node]:   Segment 1: 0.38 m
[INFO] [1783045660.747] [/exploration_node]: [EV] [1783045660.747][    +16.3s][PLAN_TRAJ_RTH] RTH d2goal=0.0m | auto-home(xy) dist=0.32m tol=0.20m goal=(0.02, -0.05, 1.20)
[INFO] [1783045660.760] [/exploration_node]: [33m[Path Simplification] Reduced path from 4 to 2 nodes, 2 collision checks, 0.01 ms[0m
[INFO] [1783045660.760] [/exploration_node]:   Segment 1: 0.38 m
[INFO] [1783045661.438] [/exploration_node]: [33m[Path Simplification] Reduced path from 4 to 2 nodes, 2 collision checks, 0.01 ms[0m
[INFO] [1783045661.438] [/exploration_node]:   Segment 1: 0.35 m
[INFO] [1783045661.440] [/exploration_node]: [EV] [1783045661.440][    +17.0s][EXEC_TRAJ] GLOBAL result=RTH_PATH_OK | why: path to goal: 2 nodes / 0.3m (connected via 3) | clusters=6(reach 0) vp=0(reach 0) pipe[tot=7 dorm=0 unreach=4 cons=3 nocand=0 topo=3 novis=0 ok=0] tour=2n/0.3m goal=(0.0, -0.0, 1.2) t=20ms (prev x2/1.4s)
[INFO] [1783045661.440] [/exploration_node]: [EV] [1783045661.440][    +17.0s][PLAN_TRAJ_RTH] RTH d2goal=0.0m | auto-home(xy) dist=0.27m tol=0.20m goal=(0.02, -0.05, 1.20)
[INFO] [1783045661.453] [/exploration_node]: [33m[Path Simplification] Reduced path from 4 to 2 nodes, 2 collision checks, 0.01 ms[0m
[INFO] [1783045661.453] [/exploration_node]:   Segment 1: 0.35 m
[INFO] [1783045662.116] [/exploration_node]: [33m[Path Simplification] Reduced path from 4 to 2 nodes, 2 collision checks, 0.01 ms[0m
[INFO] [1783045662.116] [/exploration_node]:   Segment 1: 0.29 m
[INFO] [1783045662.117] [/exploration_node]: [EV] [1783045662.117][    +17.7s][PLAN_TRAJ_RTH] RTH d2goal=0.0m | auto-home(xy) dist=0.23m tol=0.20m goal=(0.02, -0.05, 1.20)
[INFO] [1783045662.129] [/exploration_node]: [33m[Path Simplification] Reduced path from 4 to 2 nodes, 2 collision checks, 0.01 ms[0m
[INFO] [1783045662.129] [/exploration_node]:   Segment 1: 0.29 m
[INFO] [1783045662.313] [/exploration_node]: [EV] [1783045662.313][    +17.9s][EXEC_TRAJ] BATT 23.0V | v=23.28V pct=59%
[INFO] [1783045662.800] [/exploration_node]: [33m[Path Simplification] Reduced path from 4 to 2 nodes, 2 collision checks, 0.01 ms[0m
[INFO] [1783045662.801] [/exploration_node]:   Segment 1: 0.20 m
[INFO] [1783045662.802] [/exploration_node]: [EV] [1783045662.802][    +18.3s][EXEC_TRAJ] GLOBAL result=RTH_PATH_OK | why: path to goal: 2 nodes / 0.2m (connected via 3) | clusters=6(reach 0) vp=0(reach 0) pipe[tot=7 dorm=0 unreach=6 cons=1 nocand=0 topo=1 novis=0 ok=0] tour=2n/0.2m goal=(0.0, -0.0, 1.2) t=14ms (prev x1/0.7s)
[INFO] [1783045662.802] [/exploration_node]: [EV] [1783045662.802][    +18.3s][PLAN_TRAJ_RTH] RTH d2goal=0.0m | auto-home(xy) dist=0.15m tol=0.20m goal=(0.02, -0.05, 1.20)
[INFO] [1783045662.802] [/exploration_node]: [EV] [1783045662.802][    +18.3s][LAND] STATE PLAN_TRAJ_RTH -> LAND [RTH: home reached -> AUTO.LAND] |  (prev cycle x8/2.8s)
[INFO] [1783045662.802] [/exploration_node]: [32m[RTH] Home reached (xy 0.154 m) -> landing[0m
[INFO] [1783045662.802] [/traj_server]: [33m[Metrics] RTH distance received: 0.154 m, logging metrics...[0m
[INFO] [1783045662.802] [/traj_server]: [32m[Metrics] Mission Complete - Logged to /home/hmcl/.ros/epic_metrics.log[0m
[INFO] [1783045662.802] [/traj_server]: [36m  Mission time: 2.95 s[0m
[INFO] [1783045662.802] [/traj_server]: [36m  RTH distance to goal: 0.154 m[0m
[INFO] [1783045662.802] [/traj_server]: [36m  Avg speed (odometry): 0.109 m/s[0m
[INFO] [1783045662.802] [/traj_server]: [36m  Path length: 0.36 m[0m
[INFO] [1783045662.802] [/traj_server]: [36m  Avg speed (path/time): 0.123 m/s[0m
[INFO] [1783045662.802] [/traj_server]: [36m  Avg tracking error: 0.112 m[0m
[WARN] [1783045662.806] [/exploration_node]: [33m[LAND] AUTO.LAND requested[0m
[WARN] [1783045662.812] [/mavros]: CMD: Unexpected command 176, result 0
[WARN] [1783045662.828] [/mavros]: PositionTargetGlobal failed because no origin
[WARN] [1783045662.929] [/mavros]: PositionTargetGlobal failed because no origin
[WARN] [1783045663.029] [/mavros]: PositionTargetGlobal failed because no origin
[WARN] [1783045663.129] [/mavros]: PositionTargetGlobal failed because no origin
[WARN] [1783045663.229] [/mavros]: PositionTargetGlobal failed because no origin
[WARN] [1783045663.311] [/exploration_node]: [EV] [1783045663.311][    +18.9s][LAND] PX4 mode=AUTO.LAND armed=1 (LEFT OFFBOARD: pilot takeover or failsafe) | prev=OFFBOARD
[INFO] [1783045663.312] [/exploration_node]: [32m[LAND] PX4 in AUTO.LAND -> descending & auto-disarm[0m
[WARN] [1783045663.327] [/mavros]: PositionTargetGlobal failed because no origin
[WARN] [1783045663.429] [/mavros]: PositionTargetGlobal failed because no origin
[WARN] [1783045663.529] [/mavros]: PositionTargetGlobal failed because no origin
[WARN] [1783045663.629] [/mavros]: PositionTargetGlobal failed because no origin
[WARN] [1783045663.731] [/mavros]: PositionTargetGlobal failed because no origin
[WARN] [1783045663.828] [/mavros]: PositionTargetGlobal failed because no origin
[WARN] [1783045663.929] [/mavros]: PositionTargetGlobal failed because no origin
[WARN] [1783045664.030] [/mavros]: PositionTargetGlobal failed because no origin
[WARN] [1783045664.130] [/mavros]: PositionTargetGlobal failed because no origin
[WARN] [1783045664.231] [/mavros]: PositionTargetGlobal failed because no origin
[INFO] [1783045664.312] [/exploration_node]: [EV] [1783045664.312][    +19.9s][LAND] BATT 23.0V | v=23.35V pct=57%
[WARN] [1783045664.329] [/mavros]: PositionTargetGlobal failed because no origin
[WARN] [1783045664.428] [/mavros]: PositionTargetGlobal failed because no origin
[WARN] [1783045664.528] [/mavros]: PositionTargetGlobal failed because no origin
[WARN] [1783045664.631] [/mavros]: PositionTargetGlobal failed because no origin
[WARN] [1783045664.727] [/mavros]: PositionTargetGlobal failed because no origin
[WARN] [1783045664.828] [/mavros]: PositionTargetGlobal failed because no origin
[WARN] [1783045664.931] [/mavros]: PositionTargetGlobal failed because no origin
[WARN] [1783045665.030] [/mavros]: PositionTargetGlobal failed because no origin
[WARN] [1783045665.127] [/mavros]: PositionTargetGlobal failed because no origin
[WARN] [1783045665.232] [/mavros]: PositionTargetGlobal failed because no origin
[INFO] [1783045665.324] [/exploration_node]: [32m[LAND] PX4 in AUTO.LAND -> descending & auto-disarm[0m
[WARN] [1783045665.331] [/mavros]: PositionTargetGlobal failed because no origin
[WARN] [1783045665.430] [/mavros]: PositionTargetGlobal failed because no origin
[WARN] [1783045665.529] [/mavros]: PositionTargetGlobal failed because no origin
[WARN] [1783045665.630] [/mavros]: PositionTargetGlobal failed because no origin
[WARN] [1783045665.731] [/mavros]: PositionTargetGlobal failed because no origin
[WARN] [1783045665.827] [/mavros]: PositionTargetGlobal failed because no origin
[WARN] [1783045665.930] [/mavros]: PositionTargetGlobal failed because no origin
[WARN] [1783045666.028] [/mavros]: PositionTargetGlobal failed because no origin
[WARN] [1783045666.132] [/mavros]: PositionTargetGlobal failed because no origin
[WARN] [1783045666.227] [/mavros]: PositionTargetGlobal failed because no origin
[WARN] [1783045666.330] [/mavros]: PositionTargetGlobal failed because no origin
[WARN] [1783045666.427] [/mavros]: PositionTargetGlobal failed because no origin
[WARN] [1783045666.532] [/mavros]: PositionTargetGlobal failed because no origin
[WARN] [1783045666.627] [/mavros]: PositionTargetGlobal failed because no origin
[WARN] [1783045667.309] [/exploration_node]: [EV] [1783045667.309][    +22.9s][LAND] PX4 mode=OFFBOARD armed=0 | prev=AUTO.LAND
[INFO] [1783045667.312] [/exploration_node]: [EV] [1783045667.312][    +22.9s][LANDED] STATE LAND -> LANDED [LAND: touchdown & disarmed]
[INFO] [1783045667.325] [/exploration_node]: [EV] [1783045667.325][    +22.9s][LANDED] MISSION LANDED (mission complete, disarmed)
