# EPIC structured flight events for epic_2026-07-09-21-28-55.bag
# line format: [ros_epoch][+rel_s][FSM_STATE] CATEGORY signature | detail
# EPIC session info | published_ros=1783600134.909
# box | down=[-150, -150, 0.4] up=[150, 150, 2]
# corridor | DilateRadiusSoft=0.60 DilateRadiusHard=0.50 MaxCorridorSize=4.0 MaxVelMag=0.9 max_traj_len=10.0 astar_safe_distance=0.65 bubble_min_radius=0.50
# frontier | cell_size=0.20 cluster_size=[0.5, 7.0] cluster_min_points=4 candidate_dphi=0.26 candidate_znum=3 good_observation_dir_score=0.80
# viewpoint | pillar_radius=[0.5, 2.0]x8 pillar_height=[-1.0, 1.0]x5 circle_samples=8 min_obstacle_clearance=0.65 local_tsp_size=10
# fsm | takeoff_height=1.20 goal_tolerance=0.20 replan_time=0.20 emergency_replan_error=3.0 local_plan_max_hz=30 avoid_flag_timeout=0.5 auto_rth_land=1 rth_land_xy_tol=0.20 avoidance_enabled=1
# topics | odom=/Odometry cloud=/cloud_registered_cropped (cropped)
[1783600136.117][     +1.2s][WAIT_TRIGGER] BATT 23.5V | voltage=23.72V percent=51%
[1783600138.112][     +3.2s][WAIT_TRIGGER] BATT 23.5V | voltage=23.71V percent=51%
[1783600142.112][     +7.2s][WAIT_TRIGGER] BATT 23.5V | voltage=23.72V percent=51% (repeated x1)
[1783600144.111][     +9.2s][WAIT_TRIGGER] BATT 23.5V | voltage=23.71V percent=51%
[1783600148.109][    +13.2s][WAIT_TRIGGER] BATT 23.5V | voltage=23.72V percent=51% (repeated x1)
[1783600150.113][    +15.2s][WAIT_TRIGGER] BATT 23.5V | voltage=23.71V percent=51%
[1783600168.199][    +33.3s][WAIT_TRIGGER] Avoidance: Deactivated  <->  Activated | cycling x287 over 32.3s
[1783600182.099][    +47.2s][WAIT_TRIGGER] BATT 23.5V | voltage=23.71V percent=51% (still repeating x16 over 30.0s)
[1783600198.300][    +63.4s][WAIT_TRIGGER] Avoidance: Deactivated  <->  Activated | cycling x567 over 62.4s
[1783600214.088][    +79.2s][WAIT_TRIGGER] BATT 23.5V | voltage=23.71V percent=51% (still repeating x16 over 30.0s)
[1783600228.300][    +93.4s][WAIT_TRIGGER] Avoidance: Deactivated  <->  Activated | cycling x841 over 92.4s
[1783600246.077][   +111.2s][WAIT_TRIGGER] BATT 23.5V | voltage=23.71V percent=51% (still repeating x16 over 30.0s)
[1783600258.361][   +123.5s][WAIT_TRIGGER] Avoidance: Activated  <->  Deactivated | cycling x1134 over 122.4s
[1783600278.066][   +143.2s][WAIT_TRIGGER] BATT 23.5V | voltage=23.71V percent=51% (still repeating x16 over 30.0s)
[1783600288.401][   +153.5s][WAIT_TRIGGER] Avoidance: Deactivated  <->  Activated | cycling x1413 over 152.5s
[1783600310.055][   +175.2s][WAIT_TRIGGER] BATT 23.5V | voltage=23.71V percent=51% (still repeating x16 over 30.0s)
[1783600318.450][   +183.6s][WAIT_TRIGGER] Avoidance: Activated  <->  Deactivated | cycling x1700 over 182.5s
[1783600342.042][   +207.2s][WAIT_TRIGGER] BATT 23.5V | voltage=23.71V percent=51% (still repeating x16 over 30.0s)
[1783600348.501][   +213.6s][WAIT_TRIGGER] Avoidance: Deactivated  <->  Activated | cycling x1981 over 212.6s
[1783600374.031][   +239.1s][WAIT_TRIGGER] BATT 23.5V | voltage=23.71V percent=51% (still repeating x16 over 30.0s)
[1783600378.551][   +243.7s][WAIT_TRIGGER] Avoidance: Activated  <->  Deactivated | cycling x2258 over 242.6s
[1783600406.022][   +271.1s][WAIT_TRIGGER] BATT 23.5V | voltage=23.71V percent=51% (still repeating x16 over 30.0s)
[1783600408.600][   +273.7s][WAIT_TRIGGER] Avoidance: Deactivated  <->  Activated | cycling x2549 over 272.7s
[1783600426.010][   +291.1s][WAIT_TRIGGER] BATT 23.5V | voltage=23.70V percent=51% (repeated x9)
[1783600428.012][   +293.1s][WAIT_TRIGGER] BATT 23.5V | voltage=23.71V percent=51%
[1783600438.601][   +303.7s][WAIT_TRIGGER] Avoidance: Deactivated  <->  Activated | cycling x2833 over 302.7s
[1783600440.006][   +305.1s][WAIT_TRIGGER] BATT 23.5V | voltage=23.70V percent=51% (repeated x5)
[1783600442.004][   +307.1s][WAIT_TRIGGER] BATT 23.5V | voltage=23.71V percent=51%
[1783600468.602][   +333.7s][WAIT_TRIGGER] Avoidance: Deactivated  <->  Activated | cycling x3111 over 332.7s
[1783600469.994][   +335.1s][WAIT_TRIGGER] BATT 23.5V | voltage=23.70V percent=51% (repeated x13)
[1783600475.992][   +341.1s][WAIT_TRIGGER] BATT 23.5V | voltage=23.71V percent=51% (repeated x2)
[1783600477.990][   +343.1s][WAIT_TRIGGER] BATT 23.5V | voltage=23.70V percent=51%
[1783600479.990][   +345.1s][WAIT_TRIGGER] BATT 23.5V | voltage=23.71V percent=51%
[1783600485.986][   +351.1s][WAIT_TRIGGER] BATT 23.5V | voltage=23.70V percent=51% (repeated x2)
[1783600487.986][   +353.1s][WAIT_TRIGGER] BATT 23.5V | voltage=23.71V percent=51%
[1783600491.988][   +357.1s][WAIT_TRIGGER] BATT 23.5V | voltage=23.70V percent=51% (repeated x1)
[1783600495.984][   +361.1s][WAIT_TRIGGER] BATT 23.5V | voltage=23.71V percent=51% (repeated x1)
[1783600498.650][   +363.8s][WAIT_TRIGGER] Avoidance: Activated  <->  Deactivated | cycling x3384 over 362.7s
[1783600499.985][   +365.1s][WAIT_TRIGGER] BATT 23.5V | voltage=23.70V percent=51% (repeated x1)
[1783600511.979][   +377.1s][WAIT_TRIGGER] BATT 23.5V | voltage=23.71V percent=51% (repeated x5)
[1783600513.977][   +379.1s][WAIT_TRIGGER] BATT 23.5V | voltage=23.70V percent=51%
[1783600525.974][   +391.1s][WAIT_TRIGGER] BATT 23.5V | voltage=23.71V percent=51% (repeated x5)
[1783600528.650][   +393.8s][WAIT_TRIGGER] Avoidance: Activated  <->  Deactivated | cycling x3668 over 392.7s
[1783600531.969][   +397.1s][WAIT_TRIGGER] BATT 23.5V | voltage=23.70V percent=51% (repeated x2)
[1783600535.972][   +401.1s][WAIT_TRIGGER] BATT 23.5V | voltage=23.71V percent=51% (repeated x1)
[1783600537.969][   +403.1s][WAIT_TRIGGER] BATT 23.5V | voltage=23.70V percent=51%
[1783600545.964][   +411.1s][WAIT_TRIGGER] BATT 23.5V | voltage=23.71V percent=51% (repeated x3)
[1783600547.963][   +413.1s][WAIT_TRIGGER] BATT 23.5V | voltage=23.70V percent=51%
[1783600553.963][   +419.1s][WAIT_TRIGGER] BATT 23.5V | voltage=23.71V percent=51% (repeated x2)
[1783600555.962][   +421.1s][WAIT_TRIGGER] BATT 23.5V | voltage=23.70V percent=51%
[1783600558.651][   +423.8s][WAIT_TRIGGER] Avoidance: Activated  <->  Deactivated | cycling x3946 over 422.7s
[1783600587.951][   +453.1s][WAIT_TRIGGER] BATT 23.5V | voltage=23.70V percent=51% (still repeating x16 over 30.0s)
[1783600588.700][   +453.8s][WAIT_TRIGGER] Avoidance: Deactivated  <->  Activated | cycling x4229 over 452.8s
[1783600618.701][   +483.8s][WAIT_TRIGGER] Avoidance: Deactivated  <->  Activated | cycling x4509 over 482.8s
[1783600619.936][   +485.1s][WAIT_TRIGGER] BATT 23.5V | voltage=23.70V percent=51% (still repeating x16 over 30.0s)
[1783600637.932][   +503.0s][WAIT_TRIGGER] BATT 23.5V | voltage=23.70V percent=50% (repeated x8)
[1783600639.929][   +505.0s][WAIT_TRIGGER] BATT 23.5V | voltage=23.70V percent=51%
[1783600648.751][   +513.9s][WAIT_TRIGGER] Avoidance: Activated  <->  Deactivated | cycling x4798 over 512.8s
[1783600669.919][   +535.0s][WAIT_TRIGGER] BATT 23.5V | voltage=23.70V percent=50% (repeated x14)
[1783600671.916][   +537.0s][WAIT_TRIGGER] BATT 23.5V | voltage=23.70V percent=51%
[1783600678.801][   +543.9s][WAIT_TRIGGER] Avoidance: Deactivated  <->  Activated | cycling x5083 over 542.9s
[1783600701.907][   +567.0s][WAIT_TRIGGER] BATT 23.5V | voltage=23.70V percent=50% (repeated x14)
[1783600703.906][   +569.0s][WAIT_TRIGGER] BATT 23.5V | voltage=23.70V percent=51%
[1783600708.851][   +574.0s][WAIT_TRIGGER] Avoidance: Activated  <->  Deactivated | cycling x5362 over 572.9s
[1783600709.902][   +575.0s][WAIT_TRIGGER] BATT 23.5V | voltage=23.70V percent=50% (repeated x2)
[1783600711.902][   +577.0s][WAIT_TRIGGER] BATT 23.5V | voltage=23.70V percent=51%
[1783600738.853][   +604.0s][WAIT_TRIGGER] Avoidance: Activated  <->  Deactivated | cycling x5644 over 602.9s
[1783600741.888][   +607.0s][WAIT_TRIGGER] BATT 23.5V | voltage=23.70V percent=50% (repeated x14)
[1783600743.890][   +609.0s][WAIT_TRIGGER] BATT 23.5V | voltage=23.70V percent=51%
[1783600755.885][   +621.0s][WAIT_TRIGGER] BATT 23.5V | voltage=23.70V percent=50% (repeated x5)
[1783600757.886][   +623.0s][WAIT_TRIGGER] BATT 23.5V | voltage=23.70V percent=51%
[1783600768.900][   +634.0s][WAIT_TRIGGER] Avoidance: Deactivated  <->  Activated | cycling x5923 over 633.0s
[1783600771.878][   +637.0s][WAIT_TRIGGER] BATT 23.5V | voltage=23.70V percent=50% (repeated x6)
[1783600773.880][   +639.0s][WAIT_TRIGGER] BATT 23.5V | voltage=23.70V percent=51%
[1783600775.879][   +641.0s][WAIT_TRIGGER] BATT 23.5V | voltage=23.70V percent=50%
[1783600779.876][   +645.0s][WAIT_TRIGGER] BATT 23.5V | voltage=23.70V percent=51% (repeated x1)
[1783600783.875][   +649.0s][WAIT_TRIGGER] BATT 23.5V | voltage=23.70V percent=50% (repeated x1)
[1783600791.870][   +657.0s][WAIT_TRIGGER] BATT 23.5V | voltage=23.70V percent=51% (repeated x3)
[1783600793.874][   +659.0s][WAIT_TRIGGER] BATT 23.5V | voltage=23.70V percent=50%
[1783600797.870][   +663.0s][WAIT_TRIGGER] BATT 23.5V | voltage=23.70V percent=51% (repeated x1)
[1783600798.901][   +664.0s][WAIT_TRIGGER] Avoidance: Deactivated  <->  Activated | cycling x6205 over 663.0s
[1783600801.869][   +667.0s][WAIT_TRIGGER] BATT 23.5V | voltage=23.70V percent=50% (repeated x1)
[1783600815.863][   +681.0s][WAIT_TRIGGER] BATT 23.5V | voltage=23.70V percent=51% (repeated x6)
[1783600819.863][   +685.0s][WAIT_TRIGGER] BATT 23.5V | voltage=23.70V percent=50% (repeated x1)
[1783600828.902][   +694.0s][WAIT_TRIGGER] Avoidance: Deactivated  <->  Activated | cycling x6485 over 693.0s
[1783600835.857][   +701.0s][WAIT_TRIGGER] BATT 23.5V | voltage=23.70V percent=51% (repeated x7)
[1783600837.854][   +703.0s][WAIT_TRIGGER] BATT 23.5V | voltage=23.70V percent=50%
[1783600858.950][   +724.1s][WAIT_TRIGGER] Avoidance: Activated  <->  Deactivated | cycling x6764 over 723.0s
[1783600869.844][   +735.0s][WAIT_TRIGGER] BATT 23.5V | voltage=23.70V percent=50% (still repeating x16 over 30.0s)
[1783600875.837][   +741.0s][WAIT_TRIGGER] BATT 23.5V | voltage=23.70V percent=51% (repeated x2)
[1783600877.840][   +743.0s][WAIT_TRIGGER] BATT 23.5V | voltage=23.70V percent=50%
[1783600885.837][   +751.0s][WAIT_TRIGGER] BATT 23.5V | voltage=23.70V percent=51% (repeated x3)
[1783600887.836][   +753.0s][WAIT_TRIGGER] BATT 23.5V | voltage=23.70V percent=50%
[1783600888.952][   +754.1s][WAIT_TRIGGER] Avoidance: Activated  <->  Deactivated | cycling x7042 over 753.0s
[1783600907.826][   +772.9s][WAIT_TRIGGER] BATT 23.5V | voltage=23.69V percent=50% (repeated x9)
[1783600909.827][   +774.9s][WAIT_TRIGGER] BATT 23.5V | voltage=23.70V percent=50%
[1783600911.828][   +776.9s][WAIT_TRIGGER] BATT 23.5V | voltage=23.69V percent=50%
[1783600915.825][   +780.9s][WAIT_TRIGGER] BATT 23.5V | voltage=23.70V percent=50% (repeated x1)
[1783600917.824][   +782.9s][WAIT_TRIGGER] BATT 23.5V | voltage=23.69V percent=50%
[1783600919.001][   +784.1s][WAIT_TRIGGER] Avoidance: Deactivated  <->  Activated | cycling x7323 over 783.1s
[1783600921.822][   +786.9s][WAIT_TRIGGER] BATT 23.5V | voltage=23.70V percent=50% (repeated x1)
[1783600925.821][   +790.9s][WAIT_TRIGGER] BATT 23.5V | voltage=23.69V percent=50% (repeated x1)
[1783600927.818][   +792.9s][WAIT_TRIGGER] BATT 23.5V | voltage=23.70V percent=50%
[1783600929.820][   +794.9s][WAIT_TRIGGER] BATT 23.5V | voltage=23.69V percent=50%
[1783600943.814][   +808.9s][WAIT_TRIGGER] BATT 23.5V | voltage=23.70V percent=50% (repeated x6)
[1783600945.813][   +810.9s][WAIT_TRIGGER] BATT 23.5V | voltage=23.69V percent=50%
[1783600947.813][   +812.9s][WAIT_TRIGGER] BATT 23.5V | voltage=23.70V percent=50%
[1783600949.053][   +814.2s][WAIT_TRIGGER] Avoidance: Activated  <->  Deactivated | cycling x7602 over 813.1s
[1783600953.810][   +818.9s][WAIT_TRIGGER] BATT 23.5V | voltage=23.69V percent=50% (repeated x2)
[1783600959.808][   +824.9s][WAIT_TRIGGER] BATT 23.5V | voltage=23.70V percent=50% (repeated x2)
[1783600961.809][   +826.9s][WAIT_TRIGGER] BATT 23.5V | voltage=23.69V percent=50%
[1783600979.100][   +844.2s][WAIT_TRIGGER] Avoidance: Deactivated  <->  Activated | cycling x7877 over 843.2s
[1783600993.795][   +858.9s][WAIT_TRIGGER] BATT 23.5V | voltage=23.69V percent=50% (still repeating x16 over 30.0s)
[1783601005.789][   +870.9s][WAIT_TRIGGER] BATT 23.5V | voltage=23.70V percent=50% (repeated x5)
[1783601007.789][   +872.9s][WAIT_TRIGGER] BATT 23.5V | voltage=23.69V percent=50%
[1783601009.101][   +874.2s][WAIT_TRIGGER] Avoidance: Deactivated  <->  Activated | cycling x8157 over 873.2s
[1783601039.151][   +904.3s][WAIT_TRIGGER] Avoidance: Activated  <->  Deactivated | cycling x8432 over 903.2s
[1783601039.778][   +904.9s][WAIT_TRIGGER] BATT 23.5V | voltage=23.69V percent=50% (still repeating x16 over 30.0s)
[1783601069.271][   +934.4s][WAIT_TRIGGER] Avoidance: Deactivated  <->  Activated | cycling x8711 over 933.4s
[1783601071.765][   +936.9s][WAIT_TRIGGER] BATT 23.5V | voltage=23.69V percent=50% (still repeating x16 over 30.0s)
[1783601099.400][   +964.5s][WAIT_TRIGGER] Avoidance: Deactivated  <->  Activated | cycling x8993 over 963.5s
[1783601103.753][   +968.9s][WAIT_TRIGGER] BATT 23.5V | voltage=23.69V percent=50% (still repeating x16 over 30.0s)
[1783601129.500][   +994.6s][WAIT_TRIGGER] Avoidance: Deactivated  <->  Activated | cycling x9273 over 993.6s
[1783601135.741][  +1000.9s][WAIT_TRIGGER] BATT 23.5V | voltage=23.69V percent=50% (still repeating x16 over 30.0s)
[1783601161.853][  +1027.0s][WAIT_TRIGGER] Avoidance: Deactivated  <->  Activated | cycling x9549 over 1025.9s
[1783601167.726][  +1032.8s][WAIT_TRIGGER] BATT 23.5V | voltage=23.69V percent=50% (still repeating x16 over 30.0s)
[1783601191.953][  +1057.1s][WAIT_TRIGGER] Avoidance: Deactivated  <->  Activated | cycling x9837 over 1056.0s
[1783601199.717][  +1064.8s][WAIT_TRIGGER] BATT 23.5V | voltage=23.69V percent=50% (still repeating x16 over 30.0s)
[1783601222.002][  +1087.1s][WAIT_TRIGGER] Avoidance: Activated  <->  Deactivated | cycling x10110 over 1086.1s
[1783601231.713][  +1096.8s][WAIT_TRIGGER] BATT 23.5V | voltage=23.69V percent=50% (still repeating x16 over 30.0s)
[1783601252.050][  +1117.2s][WAIT_TRIGGER] Avoidance: Deactivated  <->  Activated | cycling x10383 over 1116.1s
[1783601263.701][  +1128.8s][WAIT_TRIGGER] BATT 23.5V | voltage=23.69V percent=50% (still repeating x16 over 30.0s)
[1783601282.051][  +1147.2s][WAIT_TRIGGER] Avoidance: Deactivated  <->  Activated | cycling x10665 over 1146.1s
[1783601295.687][  +1160.8s][WAIT_TRIGGER] BATT 23.5V | voltage=23.69V percent=50% (still repeating x16 over 30.0s)
[1783601312.101][  +1177.2s][WAIT_TRIGGER] Avoidance: Activated  <->  Deactivated | cycling x10950 over 1176.2s
[1783601315.682][  +1180.8s][WAIT_TRIGGER] BATT 23.5V | voltage=23.68V percent=50% (repeated x9)
[1783601317.679][  +1182.8s][WAIT_TRIGGER] BATT 23.5V | voltage=23.69V percent=50%
[1783601325.675][  +1190.8s][WAIT_TRIGGER] BATT 23.5V | voltage=23.68V percent=50% (repeated x3)
[1783601327.676][  +1192.8s][WAIT_TRIGGER] BATT 23.5V | voltage=23.69V percent=50%
[1783601329.674][  +1194.8s][WAIT_TRIGGER] BATT 23.5V | voltage=23.68V percent=50%
[1783601331.673][  +1196.8s][WAIT_TRIGGER] BATT 23.5V | voltage=23.69V percent=50%
[1783601333.674][  +1198.8s][WAIT_TRIGGER] BATT 23.5V | voltage=23.68V percent=50%
[1783601335.673][  +1200.8s][WAIT_TRIGGER] BATT 23.5V | voltage=23.69V percent=50%
[1783601337.671][  +1202.8s][WAIT_TRIGGER] BATT 23.5V | voltage=23.68V percent=50%
[1783601339.672][  +1204.8s][WAIT_TRIGGER] BATT 23.5V | voltage=23.69V percent=50%
[1783601342.101][  +1207.2s][WAIT_TRIGGER] Avoidance: Activated  <->  Deactivated | cycling x11230 over 1206.2s
[1783601343.669][  +1208.8s][WAIT_TRIGGER] BATT 23.5V | voltage=23.68V percent=50% (repeated x1)
[1783601347.668][  +1212.8s][WAIT_TRIGGER] BATT 23.5V | voltage=23.69V percent=50% (repeated x1)
[1783601349.668][  +1214.8s][WAIT_TRIGGER] BATT 23.5V | voltage=23.68V percent=50%
[1783601353.668][  +1218.8s][WAIT_TRIGGER] BATT 23.5V | voltage=23.69V percent=50% (repeated x1)
[1783601355.666][  +1220.8s][WAIT_TRIGGER] BATT 23.5V | voltage=23.68V percent=50%
[1783601357.664][  +1222.8s][WAIT_TRIGGER] BATT 23.5V | voltage=23.69V percent=50%
[1783601367.660][  +1232.8s][WAIT_TRIGGER] BATT 23.5V | voltage=23.68V percent=50% (repeated x4)
[1783601369.660][  +1234.8s][WAIT_TRIGGER] BATT 23.5V | voltage=23.69V percent=50%
[1783601372.101][  +1237.2s][WAIT_TRIGGER] Avoidance: Activated  <->  Deactivated | cycling x11508 over 1236.2s
[1783601375.656][  +1240.8s][WAIT_TRIGGER] BATT 23.5V | voltage=23.68V percent=50% (repeated x2)
[1783601377.658][  +1242.8s][WAIT_TRIGGER] BATT 23.5V | voltage=23.69V percent=50%
[1783601379.658][  +1244.8s][WAIT_TRIGGER] BATT 23.5V | voltage=23.68V percent=50%
[1783601395.649][  +1260.8s][WAIT_TRIGGER] BATT 23.5V | voltage=23.69V percent=50% (repeated x7)
[1783601399.647][  +1264.8s][WAIT_TRIGGER] BATT 23.5V | voltage=23.68V percent=50% (repeated x1)
[1783601401.648][  +1266.8s][WAIT_TRIGGER] BATT 23.5V | voltage=23.69V percent=50%
[1783601402.150][  +1267.3s][WAIT_TRIGGER] Avoidance: Deactivated  <->  Activated | cycling x11783 over 1266.2s
[1783601403.646][  +1268.8s][WAIT_TRIGGER] BATT 23.5V | voltage=23.68V percent=50%
[1783601411.644][  +1276.8s][WAIT_TRIGGER] BATT 23.5V | voltage=23.69V percent=50% (repeated x3)
[1783601413.643][  +1278.8s][WAIT_TRIGGER] BATT 23.5V | voltage=23.68V percent=50%
[1783601417.643][  +1282.8s][WAIT_TRIGGER] BATT 23.5V | voltage=23.69V percent=50% (repeated x1)
[1783601419.641][  +1284.8s][WAIT_TRIGGER] BATT 23.5V | voltage=23.68V percent=50%
[1783601432.151][  +1297.3s][WAIT_TRIGGER] Avoidance: Deactivated  <->  Activated | cycling x12063 over 1296.2s
[1783601451.632][  +1316.7s][WAIT_TRIGGER] BATT 23.5V | voltage=23.68V percent=50% (still repeating x16 over 30.0s)
[1783601462.200][  +1327.3s][WAIT_TRIGGER] Avoidance: Activated  <->  Deactivated | cycling x12350 over 1326.3s
[1783601483.625][  +1348.7s][WAIT_TRIGGER] BATT 23.5V | voltage=23.68V percent=50% (still repeating x16 over 30.0s)
[1783601492.201][  +1357.3s][WAIT_TRIGGER] Avoidance: Activated  <->  Deactivated | cycling x12630 over 1356.3s
[1783601515.613][  +1380.7s][WAIT_TRIGGER] BATT 23.5V | voltage=23.68V percent=50% (still repeating x16 over 30.0s)
[1783601522.201][  +1387.3s][WAIT_TRIGGER] Avoidance: Activated  <->  Deactivated | cycling x12910 over 1386.3s
[1783601547.604][  +1412.7s][WAIT_TRIGGER] BATT 23.5V | voltage=23.68V percent=50% (still repeating x16 over 30.0s)
[1783601552.252][  +1417.4s][WAIT_TRIGGER] Avoidance: Deactivated  <->  Activated | cycling x13185 over 1416.3s
[1783601579.595][  +1444.7s][WAIT_TRIGGER] BATT 23.5V | voltage=23.68V percent=50% (still repeating x16 over 30.0s)
[1783601584.701][  +1449.8s][WAIT_TRIGGER] Avoidance: Deactivated  <->  Activated | cycling x13465 over 1448.8s
[1783601611.585][  +1476.7s][WAIT_TRIGGER] BATT 23.5V | voltage=23.68V percent=50% (still repeating x16 over 30.0s)
[1783601614.801][  +1479.9s][WAIT_TRIGGER] Avoidance: Deactivated  <->  Activated | cycling x13757 over 1478.9s
[1783601643.578][  +1508.7s][WAIT_TRIGGER] BATT 23.5V | voltage=23.68V percent=50% (still repeating x16 over 30.0s)
[1783601644.851][  +1510.0s][WAIT_TRIGGER] Avoidance: Activated  <->  Deactivated | cycling x14042 over 1508.9s
[1783601674.900][  +1540.0s][WAIT_TRIGGER] Avoidance: Deactivated  <->  Activated | cycling x14319 over 1539.0s
[1783601675.561][  +1540.7s][WAIT_TRIGGER] BATT 23.5V | voltage=23.68V percent=50% (still repeating x16 over 30.0s)
[1783601704.901][  +1570.0s][WAIT_TRIGGER] Avoidance: Deactivated  <->  Activated | cycling x14599 over 1569.0s
[1783601707.554][  +1572.7s][WAIT_TRIGGER] BATT 23.5V | voltage=23.68V percent=50% (still repeating x16 over 30.0s)
[1783601723.549][  +1588.7s][WAIT_TRIGGER] BATT 23.5V | voltage=23.67V percent=50% (repeated x7)
[1783601725.547][  +1590.7s][WAIT_TRIGGER] BATT 23.5V | voltage=23.68V percent=50%
[1783601734.901][  +1600.0s][WAIT_TRIGGER] Avoidance: Deactivated  <->  Activated | cycling x14877 over 1599.0s
[1783601739.544][  +1604.7s][WAIT_TRIGGER] BATT 23.5V | voltage=23.67V percent=50% (repeated x6)
[1783601741.543][  +1606.7s][WAIT_TRIGGER] BATT 23.5V | voltage=23.68V percent=50%
[1783601755.539][  +1620.7s][WAIT_TRIGGER] BATT 23.5V | voltage=23.67V percent=50% (repeated x6)
[1783601759.537][  +1624.7s][WAIT_TRIGGER] BATT 23.5V | voltage=23.68V percent=50% (repeated x1)
[1783601763.535][  +1628.7s][WAIT_TRIGGER] BATT 23.5V | voltage=23.67V percent=50% (repeated x1)
[1783601764.901][  +1630.0s][WAIT_TRIGGER] Avoidance: Deactivated  <->  Activated | cycling x15159 over 1629.0s
[1783601765.536][  +1630.7s][WAIT_TRIGGER] BATT 23.5V | voltage=23.68V percent=50%
[1783601767.535][  +1632.7s][WAIT_TRIGGER] BATT 23.5V | voltage=23.67V percent=50%
[1783601769.533][  +1634.6s][WAIT_TRIGGER] BATT 23.5V | voltage=23.68V percent=50%
[1783601771.533][  +1636.6s][WAIT_TRIGGER] BATT 23.5V | voltage=23.67V percent=50%
[1783601773.533][  +1638.6s][WAIT_TRIGGER] BATT 23.5V | voltage=23.68V percent=50%
[1783601779.530][  +1644.6s][WAIT_TRIGGER] BATT 23.5V | voltage=23.67V percent=50% (repeated x2)
[1783601781.530][  +1646.6s][WAIT_TRIGGER] BATT 23.5V | voltage=23.68V percent=50%
[1783601783.530][  +1648.6s][WAIT_TRIGGER] BATT 23.5V | voltage=23.67V percent=50%
[1783601785.527][  +1650.6s][WAIT_TRIGGER] BATT 23.5V | voltage=23.68V percent=50%
[1783601787.529][  +1652.6s][WAIT_TRIGGER] BATT 23.5V | voltage=23.67V percent=50%
[1783601794.951][  +1660.1s][WAIT_TRIGGER] Avoidance: Activated  <->  Deactivated | cycling x15446 over 1659.0s
[1783601803.522][  +1668.6s][WAIT_TRIGGER] BATT 23.5V | voltage=23.68V percent=50% (repeated x7)
[1783601805.522][  +1670.6s][WAIT_TRIGGER] BATT 23.5V | voltage=23.67V percent=50%
[1783601823.515][  +1688.6s][WAIT_TRIGGER] BATT 23.5V | voltage=23.68V percent=50% (repeated x8)
[1783601825.001][  +1690.1s][WAIT_TRIGGER] Avoidance: Deactivated  <->  Activated | cycling x15735 over 1689.1s
[1783601825.516][  +1690.6s][WAIT_TRIGGER] BATT 23.5V | voltage=23.67V percent=50%
[1783601855.002][  +1720.1s][WAIT_TRIGGER] Avoidance: Deactivated  <->  Activated | cycling x16017 over 1719.1s
[1783601857.511][  +1722.6s][WAIT_TRIGGER] BATT 23.5V | voltage=23.67V percent=50% (still repeating x16 over 30.0s)
[1783601887.450][  +1752.6s][WAIT_TRIGGER] Avoidance: Deactivated  <->  Activated | cycling x16303 over 1751.5s
[1783601889.496][  +1754.6s][WAIT_TRIGGER] BATT 23.5V | voltage=23.67V percent=50% (still repeating x16 over 30.0s)
[1783601917.551][  +1782.7s][WAIT_TRIGGER] Avoidance: Deactivated  <->  Activated | cycling x16583 over 1781.6s
[1783601921.484][  +1786.6s][WAIT_TRIGGER] BATT 23.5V | voltage=23.67V percent=50% (still repeating x16 over 30.0s)
[1783601947.601][  +1812.7s][WAIT_TRIGGER] Avoidance: Activated  <->  Deactivated | cycling x16866 over 1811.7s
[1783601953.473][  +1818.6s][WAIT_TRIGGER] BATT 23.5V | voltage=23.67V percent=50% (still repeating x16 over 30.0s)
[1783601977.651][  +1842.8s][WAIT_TRIGGER] Avoidance: Deactivated  <->  Activated | cycling x17153 over 1841.7s
[1783601985.465][  +1850.6s][WAIT_TRIGGER] BATT 23.5V | voltage=23.67V percent=49% (repeated x15)
[1783601987.460][  +1852.6s][WAIT_TRIGGER] BATT 23.5V | voltage=23.67V percent=50%
[1783602007.651][  +1872.8s][WAIT_TRIGGER] Avoidance: Deactivated  <->  Activated | cycling x17431 over 1871.7s
[1783602019.448][  +1884.6s][WAIT_TRIGGER] BATT 23.5V | voltage=23.67V percent=50% (still repeating x16 over 30.0s)
[1783602021.449][  +1886.6s][WAIT_TRIGGER] BATT 23.5V | voltage=23.67V percent=49%
[1783602023.447][  +1888.6s][WAIT_TRIGGER] BATT 23.5V | voltage=23.67V percent=50%
[1783602037.651][  +1902.8s][WAIT_TRIGGER] Avoidance: Deactivated  <->  Activated | cycling x17711 over 1901.7s
[1783602055.435][  +1920.6s][WAIT_TRIGGER] BATT 23.5V | voltage=23.67V percent=50% (still repeating x16 over 30.0s)
[1783602067.651][  +1932.8s][WAIT_TRIGGER] Avoidance: Deactivated  <->  Activated | cycling x17997 over 1931.7s
[1783602069.434][  +1934.6s][WAIT_TRIGGER] BATT 23.5V | voltage=23.67V percent=49% (repeated x6)
[1783602073.432][  +1938.5s][WAIT_TRIGGER] BATT 23.5V | voltage=23.67V percent=50% (repeated x1)
[1783602075.430][  +1940.5s][WAIT_TRIGGER] BATT 23.5V | voltage=23.67V percent=49%
[1783602079.428][  +1944.5s][WAIT_TRIGGER] BATT 23.5V | voltage=23.67V percent=50% (repeated x1)
[1783602081.427][  +1946.5s][WAIT_TRIGGER] BATT 23.5V | voltage=23.67V percent=49%
[1783602087.425][  +1952.5s][WAIT_TRIGGER] BATT 23.5V | voltage=23.67V percent=50% (repeated x2)
[1783602091.423][  +1956.5s][WAIT_TRIGGER] BATT 23.5V | voltage=23.67V percent=49% (repeated x1)
[1783602093.425][  +1958.5s][WAIT_TRIGGER] BATT 23.5V | voltage=23.67V percent=50%
[1783602095.426][  +1960.5s][WAIT_TRIGGER] BATT 23.5V | voltage=23.67V percent=49%
[1783602097.423][  +1962.5s][WAIT_TRIGGER] BATT 23.5V | voltage=23.67V percent=50%
[1783602097.701][  +1962.8s][WAIT_TRIGGER] Avoidance: Activated  <->  Deactivated | cycling x18278 over 1961.8s
[1783602107.420][  +1972.5s][WAIT_TRIGGER] BATT 23.5V | voltage=23.67V percent=49% (repeated x4)
[1783602109.423][  +1974.5s][WAIT_TRIGGER] BATT 23.5V | voltage=23.67V percent=50%
[1783602111.422][  +1976.5s][WAIT_TRIGGER] BATT 23.5V | voltage=23.67V percent=49%
[1783602115.417][  +1980.5s][WAIT_TRIGGER] BATT 23.5V | voltage=23.67V percent=50% (repeated x1)
[1783602117.413][  +1982.5s][WAIT_TRIGGER] BATT 23.5V | voltage=23.67V percent=49%
[1783602119.413][  +1984.5s][WAIT_TRIGGER] BATT 23.5V | voltage=23.67V percent=50%
[1783602121.413][  +1986.5s][WAIT_TRIGGER] BATT 23.5V | voltage=23.67V percent=49%
[1783602127.707][  +1992.8s][WAIT_TRIGGER] Avoidance: Activated  <->  Deactivated | cycling x18556 over 1991.8s
[1783602129.409][  +1994.5s][WAIT_TRIGGER] BATT 23.5V | voltage=23.67V percent=50% (repeated x3)
[1783602131.408][  +1996.5s][WAIT_TRIGGER] BATT 23.5V | voltage=23.67V percent=49%
[1783602133.408][  +1998.5s][WAIT_TRIGGER] BATT 23.5V | voltage=23.67V percent=50%
[1783602135.411][  +2000.5s][WAIT_TRIGGER] BATT 23.5V | voltage=23.67V percent=49%
[1783602141.406][  +2006.5s][WAIT_TRIGGER] BATT 23.5V | voltage=23.67V percent=50% (repeated x2)
[1783602147.406][  +2012.5s][WAIT_TRIGGER] BATT 23.5V | voltage=23.67V percent=49% (repeated x2)
[1783602153.405][  +2018.5s][WAIT_TRIGGER] BATT 23.5V | voltage=23.67V percent=50% (repeated x2)
[1783602155.399][  +2020.5s][WAIT_TRIGGER] BATT 23.5V | voltage=23.67V percent=49%
[1783602157.402][  +2022.5s][WAIT_TRIGGER] BATT 23.5V | voltage=23.67V percent=50%
[1783602157.751][  +2022.9s][WAIT_TRIGGER] Avoidance: Deactivated  <->  Activated | cycling x18839 over 2021.8s
[1783602159.400][  +2024.5s][WAIT_TRIGGER] BATT 23.5V | voltage=23.67V percent=49%
[1783602167.401][  +2032.5s][WAIT_TRIGGER] BATT 23.5V | voltage=23.67V percent=50% (repeated x3)
[1783602169.398][  +2034.5s][WAIT_TRIGGER] BATT 23.5V | voltage=23.67V percent=49%
[1783602181.390][  +2046.5s][WAIT_TRIGGER] BATT 23.5V | voltage=23.66V percent=49% (repeated x5)
[1783602185.389][  +2050.5s][WAIT_TRIGGER] BATT 23.5V | voltage=23.67V percent=50% (repeated x1)
[1783602187.392][  +2052.5s][WAIT_TRIGGER] BATT 23.5V | voltage=23.67V percent=49%
[1783602187.751][  +2052.9s][WAIT_TRIGGER] Avoidance: Deactivated  <->  Activated | cycling x19117 over 2051.8s
[1783602191.390][  +2056.5s][WAIT_TRIGGER] BATT 23.5V | voltage=23.67V percent=50% (repeated x1)
[1783602193.386][  +2058.5s][WAIT_TRIGGER] BATT 23.5V | voltage=23.67V percent=49%
[1783602199.390][  +2064.5s][WAIT_TRIGGER] BATT 23.5V | voltage=23.66V percent=49% (repeated x2)
[1783602203.386][  +2068.5s][WAIT_TRIGGER] BATT 23.5V | voltage=23.67V percent=49% (repeated x1)
[1783602213.380][  +2078.5s][WAIT_TRIGGER] BATT 23.5V | voltage=23.66V percent=49% (repeated x4)
[1783602215.380][  +2080.5s][WAIT_TRIGGER] BATT 23.5V | voltage=23.67V percent=49%
[1783602217.751][  +2082.9s][WAIT_TRIGGER] Avoidance: Deactivated  <->  Activated | cycling x19407 over 2081.8s
[1783602239.372][  +2104.5s][WAIT_TRIGGER] BATT 23.5V | voltage=23.66V percent=49% (repeated x11)
[1783602241.370][  +2106.5s][WAIT_TRIGGER] BATT 23.5V | voltage=23.67V percent=49%
[1783602243.371][  +2108.5s][WAIT_TRIGGER] BATT 23.5V | voltage=23.66V percent=49%
[1783602245.370][  +2110.5s][WAIT_TRIGGER] BATT 23.5V | voltage=23.67V percent=49%
[1783602247.752][  +2112.9s][WAIT_TRIGGER] Avoidance: Deactivated  <->  Activated | cycling x19693 over 2111.8s
[1783602251.367][  +2116.5s][WAIT_TRIGGER] BATT 23.5V | voltage=23.66V percent=49% (repeated x2)
[1783602261.365][  +2126.5s][WAIT_TRIGGER] BATT 23.5V | voltage=23.67V percent=49% (repeated x4)
[1783602263.365][  +2128.5s][WAIT_TRIGGER] BATT 23.5V | voltage=23.66V percent=49%
[1783602277.754][  +2142.9s][WAIT_TRIGGER] Avoidance: Deactivated  <->  Activated | cycling x19975 over 2141.8s
[1783602281.356][  +2146.5s][WAIT_TRIGGER] BATT 23.5V | voltage=23.67V percent=49% (repeated x8)
[1783602283.356][  +2148.5s][WAIT_TRIGGER] BATT 23.5V | voltage=23.66V percent=49%
[1783602289.355][  +2154.5s][WAIT_TRIGGER] BATT 23.5V | voltage=23.67V percent=49% (repeated x2)
[1783602291.351][  +2156.5s][WAIT_TRIGGER] BATT 23.5V | voltage=23.66V percent=49%
[1783602297.351][  +2162.5s][WAIT_TRIGGER] BATT 23.5V | voltage=23.67V percent=49% (repeated x2)
[1783602299.349][  +2164.5s][WAIT_TRIGGER] BATT 23.5V | voltage=23.66V percent=49%
[1783602307.801][  +2172.9s][WAIT_TRIGGER] Avoidance: Activated  <->  Deactivated | cycling x20258 over 2171.9s
[1783602331.337][  +2196.5s][WAIT_TRIGGER] BATT 23.5V | voltage=23.66V percent=49% (still repeating x16 over 30.0s)
[1783602337.851][  +2203.0s][WAIT_TRIGGER] Avoidance: Deactivated  <->  Activated | cycling x20547 over 2201.9s
[1783602363.326][  +2228.4s][WAIT_TRIGGER] BATT 23.5V | voltage=23.66V percent=49% (still repeating x16 over 30.0s)
[1783602367.952][  +2233.1s][WAIT_TRIGGER] Avoidance: Deactivated  <->  Activated | cycling x20829 over 2232.0s
[1783602395.314][  +2260.4s][WAIT_TRIGGER] BATT 23.5V | voltage=23.66V percent=49% (still repeating x16 over 30.0s)
[1783602400.101][  +2265.2s][WAIT_TRIGGER] Avoidance: Deactivated  <->  Activated | cycling x21105 over 2264.2s
[1783602427.302][  +2292.4s][WAIT_TRIGGER] BATT 23.5V | voltage=23.66V percent=49% (still repeating x16 over 30.0s)
[1783602430.301][  +2295.4s][WAIT_TRIGGER] Avoidance: Deactivated  <->  Activated | cycling x21381 over 2294.4s
[1783602459.289][  +2324.4s][WAIT_TRIGGER] BATT 23.5V | voltage=23.66V percent=49% (still repeating x16 over 30.0s)
[1783602460.401][  +2325.5s][WAIT_TRIGGER] Avoidance: Deactivated  <->  Activated | cycling x21661 over 2324.5s
[1783602490.402][  +2355.5s][WAIT_TRIGGER] Avoidance: Deactivated  <->  Activated | cycling x21943 over 2354.5s
[1783602491.278][  +2356.4s][WAIT_TRIGGER] BATT 23.5V | voltage=23.66V percent=49% (still repeating x16 over 30.0s)
[1783602520.402][  +2385.5s][WAIT_TRIGGER] Avoidance: Deactivated  <->  Activated | cycling x22217 over 2384.5s
[1783602523.266][  +2388.4s][WAIT_TRIGGER] BATT 23.5V | voltage=23.66V percent=49% (still repeating x16 over 30.0s)
[1783602550.405][  +2415.5s][WAIT_TRIGGER] Avoidance: Deactivated  <->  Activated | cycling x22501 over 2414.5s
[1783602555.258][  +2420.4s][WAIT_TRIGGER] BATT 23.5V | voltage=23.66V percent=49% (still repeating x16 over 30.0s)
[1783602559.250][  +2424.4s][WAIT_TRIGGER] BATT 23.5V | voltage=23.65V percent=49% (repeated x1)
[1783602561.252][  +2426.4s][WAIT_TRIGGER] BATT 23.5V | voltage=23.66V percent=49%
[1783602580.454][  +2445.6s][WAIT_TRIGGER] Avoidance: Activated  <->  Deactivated | cycling x22788 over 2444.5s
[1783602593.239][  +2458.4s][WAIT_TRIGGER] BATT 23.5V | voltage=23.66V percent=49% (still repeating x16 over 30.0s)
[1783602610.458][  +2475.6s][WAIT_TRIGGER] Avoidance: Activated  <->  Deactivated | cycling x23068 over 2474.5s
[1783602625.226][  +2490.3s][WAIT_TRIGGER] BATT 23.5V | voltage=23.66V percent=49% (still repeating x16 over 30.0s)
[1783602640.502][  +2505.6s][WAIT_TRIGGER] Avoidance: Deactivated  <->  Activated | cycling x23339 over 2504.6s
[1783602649.218][  +2514.3s][WAIT_TRIGGER] BATT 23.5V | voltage=23.65V percent=49% (repeated x11)
[1783602651.217][  +2516.3s][WAIT_TRIGGER] BATT 23.5V | voltage=23.66V percent=49%
[1783602657.218][  +2522.3s][WAIT_TRIGGER] BATT 23.5V | voltage=23.65V percent=49% (repeated x2)
[1783602661.214][  +2526.3s][WAIT_TRIGGER] BATT 23.5V | voltage=23.66V percent=49% (repeated x1)
[1783602670.553][  +2535.7s][WAIT_TRIGGER] Avoidance: Activated  <->  Deactivated | cycling x23622 over 2534.6s
[1783602685.203][  +2550.3s][WAIT_TRIGGER] BATT 23.5V | voltage=23.65V percent=49% (repeated x11)
[1783602687.203][  +2552.3s][WAIT_TRIGGER] BATT 23.5V | voltage=23.66V percent=49%
[1783602697.200][  +2562.3s][WAIT_TRIGGER] BATT 23.5V | voltage=23.65V percent=49% (repeated x4)
[1783602700.603][  +2565.7s][WAIT_TRIGGER] Avoidance: Deactivated  <->  Activated | cycling x23897 over 2564.7s
[1783602705.198][  +2570.3s][WAIT_TRIGGER] BATT 23.5V | voltage=23.66V percent=49% (repeated x3)
[1783602707.195][  +2572.3s][WAIT_TRIGGER] BATT 23.5V | voltage=23.65V percent=49%
[1783602711.197][  +2576.3s][WAIT_TRIGGER] BATT 23.5V | voltage=23.66V percent=49% (repeated x1)
[1783602713.193][  +2578.3s][WAIT_TRIGGER] BATT 23.5V | voltage=23.65V percent=49%
[1783602717.192][  +2582.3s][WAIT_TRIGGER] BATT 23.5V | voltage=23.66V percent=49% (repeated x1)
[1783602721.190][  +2586.3s][WAIT_TRIGGER] BATT 23.5V | voltage=23.65V percent=49% (repeated x1)
[1783602723.190][  +2588.3s][WAIT_TRIGGER] BATT 23.5V | voltage=23.66V percent=49%
[1783602725.190][  +2590.3s][WAIT_TRIGGER] BATT 23.5V | voltage=23.65V percent=49%
[1783602730.653][  +2595.8s][WAIT_TRIGGER] Avoidance: Activated  <->  Deactivated | cycling x24174 over 2594.7s
[1783602731.188][  +2596.3s][WAIT_TRIGGER] BATT 23.5V | voltage=23.66V percent=49% (repeated x2)
[1783602733.186][  +2598.3s][WAIT_TRIGGER] BATT 23.5V | voltage=23.65V percent=49%
[1783602735.184][  +2600.3s][WAIT_TRIGGER] BATT 23.5V | voltage=23.66V percent=49%
[1783602737.185][  +2602.3s][WAIT_TRIGGER] BATT 23.5V | voltage=23.65V percent=49%
[1783602747.180][  +2612.3s][WAIT_TRIGGER] BATT 23.5V | voltage=23.66V percent=49% (repeated x4)
[1783602749.178][  +2614.3s][WAIT_TRIGGER] BATT 23.5V | voltage=23.65V percent=49%
[1783602760.703][  +2625.8s][WAIT_TRIGGER] Avoidance: Deactivated  <->  Activated | cycling x24461 over 2624.8s
[1783602781.166][  +2646.3s][WAIT_TRIGGER] BATT 23.5V | voltage=23.65V percent=49% (still repeating x16 over 30.0s)
[1783602790.753][  +2655.9s][WAIT_TRIGGER] Avoidance: Activated  <->  Deactivated | cycling x24748 over 2654.8s
[1783602813.158][  +2678.3s][WAIT_TRIGGER] BATT 23.5V | voltage=23.65V percent=49% (still repeating x16 over 30.0s)
[1783602820.797][  +2685.9s][WAIT_TRIGGER] Avoidance: Deactivated  <->  Activated | cycling x25025 over 2684.9s
[1783602845.142][  +2710.3s][WAIT_TRIGGER] BATT 23.5V | voltage=23.65V percent=49% (still repeating x16 over 30.0s)
[1783602850.797][  +2715.9s][WAIT_TRIGGER] Avoidance: Deactivated  <->  Activated | cycling x25309 over 2714.9s
[1783602877.129][  +2742.2s][WAIT_TRIGGER] BATT 23.5V | voltage=23.65V percent=49% (still repeating x16 over 30.0s)
[1783602880.847][  +2746.0s][WAIT_TRIGGER] Avoidance: Activated  <->  Deactivated | cycling x25586 over 2744.9s
[1783602909.127][  +2774.2s][WAIT_TRIGGER] BATT 23.5V | voltage=23.65V percent=49% (still repeating x16 over 30.0s)
[1783602910.854][  +2776.0s][WAIT_TRIGGER] Avoidance: Activated  <->  Deactivated | cycling x25868 over 2774.9s
[1783602940.856][  +2806.0s][WAIT_TRIGGER] Avoidance: Activated  <->  Deactivated | cycling x26152 over 2804.9s
[1783602941.117][  +2806.2s][WAIT_TRIGGER] BATT 23.5V | voltage=23.65V percent=49% (still repeating x16 over 30.0s)
[1783602970.896][  +2836.0s][WAIT_TRIGGER] Avoidance: Deactivated  <->  Activated | cycling x26431 over 2835.0s
[1783602973.104][  +2838.2s][WAIT_TRIGGER] BATT 23.5V | voltage=23.65V percent=49% (still repeating x16 over 30.0s)
[1783603000.996][  +2866.1s][WAIT_TRIGGER] Avoidance: Deactivated  <->  Activated | cycling x26713 over 2865.1s
[1783603005.091][  +2870.2s][WAIT_TRIGGER] BATT 23.5V | voltage=23.65V percent=49% (still repeating x16 over 30.0s)
[1783603033.446][  +2898.6s][WAIT_TRIGGER] Avoidance: Deactivated  <->  Activated | cycling x26983 over 2897.5s
[1783603037.078][  +2902.2s][WAIT_TRIGGER] BATT 23.5V | voltage=23.65V percent=49% (still repeating x16 over 30.0s)
[1783603063.451][  +2928.6s][WAIT_TRIGGER] Avoidance: Deactivated  <->  Activated | cycling x27257 over 2927.5s
[1783603069.067][  +2934.2s][WAIT_TRIGGER] BATT 23.5V | voltage=23.65V percent=49% (still repeating x16 over 30.0s)
[1783603071.065][  +2936.2s][WAIT_TRIGGER] BATT 23.5V | voltage=23.64V percent=49%
[1783603073.065][  +2938.2s][WAIT_TRIGGER] BATT 23.5V | voltage=23.65V percent=49%
[1783603093.496][  +2958.6s][WAIT_TRIGGER] Avoidance: Activated  <->  Deactivated | cycling x27540 over 2957.6s
[1783603097.057][  +2962.2s][WAIT_TRIGGER] BATT 23.5V | voltage=23.64V percent=49% (repeated x11)
[1783603101.055][  +2966.2s][WAIT_TRIGGER] BATT 23.5V | voltage=23.65V percent=49% (repeated x1)
[1783603107.051][  +2972.2s][WAIT_TRIGGER] BATT 23.5V | voltage=23.64V percent=49% (repeated x2)
[1783603109.049][  +2974.2s][WAIT_TRIGGER] BATT 23.5V | voltage=23.65V percent=49%
[1783603113.049][  +2978.2s][WAIT_TRIGGER] BATT 23.5V | voltage=23.64V percent=49% (repeated x1)
[1783603115.049][  +2980.2s][WAIT_TRIGGER] BATT 23.5V | voltage=23.65V percent=49%
[1783603117.047][  +2982.2s][WAIT_TRIGGER] BATT 23.5V | voltage=23.64V percent=49%
[1783603121.045][  +2986.2s][WAIT_TRIGGER] BATT 23.5V | voltage=23.65V percent=49% (repeated x1)
[1783603123.549][  +2988.7s][WAIT_TRIGGER] Avoidance: Deactivated  <->  Activated | cycling x27827 over 2987.6s
[1783603129.041][  +2994.2s][WAIT_TRIGGER] BATT 23.5V | voltage=23.64V percent=49% (repeated x3)
[1783603133.042][  +2998.2s][WAIT_TRIGGER] BATT 23.5V | voltage=23.65V percent=49% (repeated x1)
[1783603141.039][  +3006.2s][WAIT_TRIGGER] BATT 23.5V | voltage=23.64V percent=49% (repeated x3)
[1783603143.036][  +3008.2s][WAIT_TRIGGER] BATT 23.5V | voltage=23.65V percent=49%
[1783603145.037][  +3010.2s][WAIT_TRIGGER] BATT 23.5V | voltage=23.64V percent=49%
[1783603147.036][  +3012.2s][WAIT_TRIGGER] BATT 23.5V | voltage=23.65V percent=49%
[1783603153.034][  +3018.2s][WAIT_TRIGGER] BATT 23.5V | voltage=23.64V percent=49% (repeated x2)
[1783603153.599][  +3018.7s][WAIT_TRIGGER] Avoidance: Activated  <->  Deactivated | cycling x28106 over 3017.7s
[1783603155.032][  +3020.1s][WAIT_TRIGGER] BATT 23.5V | voltage=23.65V percent=49%
[1783603157.031][  +3022.1s][WAIT_TRIGGER] BATT 23.5V | voltage=23.64V percent=49%
[1783603159.032][  +3024.1s][WAIT_TRIGGER] BATT 23.5V | voltage=23.65V percent=49%
[1783603161.029][  +3026.1s][WAIT_TRIGGER] BATT 23.5V | voltage=23.64V percent=49%
[1783603167.030][  +3032.1s][WAIT_TRIGGER] BATT 23.5V | voltage=23.65V percent=49% (repeated x2)
[1783603171.026][  +3036.1s][WAIT_TRIGGER] BATT 23.5V | voltage=23.64V percent=49% (repeated x1)
[1783603179.025][  +3044.1s][WAIT_TRIGGER] BATT 23.5V | voltage=23.65V percent=49% (repeated x3)
[1783603183.022][  +3048.1s][WAIT_TRIGGER] BATT 23.5V | voltage=23.64V percent=49% (repeated x1)
[1783603183.601][  +3048.7s][WAIT_TRIGGER] Avoidance: Activated  <->  Deactivated | cycling x28382 over 3047.7s
[1783603185.021][  +3050.1s][WAIT_TRIGGER] BATT 23.5V | voltage=23.65V percent=49%
[1783603189.020][  +3054.1s][WAIT_TRIGGER] BATT 23.5V | voltage=23.64V percent=49% (repeated x1)
[1783603195.015][  +3060.1s][WAIT_TRIGGER] BATT 23.5V | voltage=23.65V percent=49% (repeated x2)
[1783603199.015][  +3064.1s][WAIT_TRIGGER] BATT 23.5V | voltage=23.64V percent=49% (repeated x1)
[1783603205.014][  +3070.1s][WAIT_TRIGGER] BATT 23.5V | voltage=23.65V percent=49% (repeated x2)
[1783603207.013][  +3072.1s][WAIT_TRIGGER] BATT 23.5V | voltage=23.64V percent=49%
[1783603209.013][  +3074.1s][WAIT_TRIGGER] BATT 23.5V | voltage=23.65V percent=49%
[1783603211.011][  +3076.1s][WAIT_TRIGGER] BATT 23.5V | voltage=23.64V percent=49%
[1783603213.605][  +3078.7s][WAIT_TRIGGER] Avoidance: Activated  <->  Deactivated | cycling x28666 over 3077.7s
[1783603217.007][  +3082.1s][WAIT_TRIGGER] BATT 23.5V | voltage=23.65V percent=49% (repeated x2)
[1783603219.010][  +3084.1s][WAIT_TRIGGER] BATT 23.5V | voltage=23.64V percent=49%
[1783603231.003][  +3096.1s][WAIT_TRIGGER] BATT 23.5V | voltage=23.65V percent=49% (repeated x5)
[1783603233.001][  +3098.1s][WAIT_TRIGGER] BATT 23.5V | voltage=23.64V percent=49%
[1783603243.648][  +3108.8s][WAIT_TRIGGER] Avoidance: Deactivated  <->  Activated | cycling x28949 over 3107.7s
[1783603244.997][  +3110.1s][WAIT_TRIGGER] BATT 23.5V | voltage=23.65V percent=49% (repeated x5)
[1783603246.998][  +3112.1s][WAIT_TRIGGER] BATT 23.5V | voltage=23.64V percent=49%
[1783603273.651][  +3138.8s][WAIT_TRIGGER] Avoidance: Deactivated  <->  Activated | cycling x29239 over 3137.7s
[1783603278.982][  +3144.1s][WAIT_TRIGGER] BATT 23.5V | voltage=23.64V percent=49% (still repeating x16 over 30.0s)
[1783603303.653][  +3168.8s][WAIT_TRIGGER] Avoidance: Deactivated  <->  Activated | cycling x29513 over 3167.7s
[1783603310.970][  +3176.1s][WAIT_TRIGGER] BATT 23.5V | voltage=23.64V percent=49% (still repeating x16 over 30.0s)
[1783603333.705][  +3198.8s][WAIT_TRIGGER] Avoidance: Activated  <->  Deactivated | cycling x29788 over 3197.8s
[1783603342.960][  +3208.1s][WAIT_TRIGGER] BATT 23.5V | voltage=23.64V percent=49% (still repeating x16 over 30.0s)
[1783603363.752][  +3228.9s][WAIT_TRIGGER] Avoidance: Deactivated  <->  Activated | cycling x30071 over 3227.8s
[1783603374.945][  +3240.1s][WAIT_TRIGGER] BATT 23.5V | voltage=23.64V percent=49% (still repeating x16 over 30.0s)
[1783603393.758][  +3258.9s][WAIT_TRIGGER] Avoidance: Deactivated  <->  Activated | cycling x30351 over 3257.8s
[1783603406.932][  +3272.0s][WAIT_TRIGGER] BATT 23.5V | voltage=23.64V percent=49% (still repeating x16 over 30.0s)
[1783603423.796][  +3288.9s][WAIT_TRIGGER] Avoidance: Activated  <->  Deactivated | cycling x30630 over 3287.9s
[1783603438.922][  +3304.0s][WAIT_TRIGGER] BATT 23.5V | voltage=23.64V percent=49% (still repeating x16 over 30.0s)
[1783603444.918][  +3310.0s][WAIT_TRIGGER] BATT 23.5V | voltage=23.64V percent=48% (repeated x2)
[1783603446.922][  +3312.0s][WAIT_TRIGGER] BATT 23.5V | voltage=23.64V percent=49%
[1783603452.915][  +3318.0s][WAIT_TRIGGER] BATT 23.5V | voltage=23.64V percent=48% (repeated x2)
[1783603453.804][  +3318.9s][WAIT_TRIGGER] Avoidance: Activated  <->  Deactivated | cycling x30908 over 3317.9s
[1783603454.916][  +3320.0s][WAIT_TRIGGER] BATT 23.5V | voltage=23.64V percent=49%
[1783603456.917][  +3322.0s][WAIT_TRIGGER] BATT 23.5V | voltage=23.64V percent=48%
[1783603458.918][  +3324.0s][WAIT_TRIGGER] BATT 23.5V | voltage=23.64V percent=49%
[1783603460.917][  +3326.0s][WAIT_TRIGGER] BATT 23.5V | voltage=23.64V percent=48%
[1783603462.914][  +3328.0s][WAIT_TRIGGER] BATT 23.5V | voltage=23.64V percent=49%
[1783603464.919][  +3330.0s][WAIT_TRIGGER] BATT 23.5V | voltage=23.64V percent=48%
[1783603468.913][  +3334.0s][WAIT_TRIGGER] BATT 23.5V | voltage=23.64V percent=49% (repeated x1)
[1783603474.906][  +3340.0s][WAIT_TRIGGER] BATT 23.5V | voltage=23.64V percent=48% (repeated x2)
[1783603476.908][  +3342.0s][WAIT_TRIGGER] BATT 23.5V | voltage=23.64V percent=49%
[1783603482.902][  +3348.0s][WAIT_TRIGGER] BATT 23.5V | voltage=23.64V percent=48% (repeated x2)
[1783603483.854][  +3349.0s][WAIT_TRIGGER] Avoidance: Deactivated  <->  Activated | cycling x31187 over 3347.9s
[1783603484.903][  +3350.0s][WAIT_TRIGGER] BATT 23.5V | voltage=23.64V percent=49%
[1783603496.898][  +3362.0s][WAIT_TRIGGER] BATT 23.5V | voltage=23.64V percent=48% (repeated x5)
[1783603498.895][  +3364.0s][WAIT_TRIGGER] BATT 23.5V | voltage=23.64V percent=49%
[1783603508.893][  +3374.0s][WAIT_TRIGGER] BATT 23.5V | voltage=23.64V percent=48% (repeated x4)
[1783603512.891][  +3378.0s][WAIT_TRIGGER] BATT 23.5V | voltage=23.64V percent=49% (repeated x1)
[1783603513.900][  +3379.0s][WAIT_TRIGGER] Avoidance: Activated  <->  Deactivated | cycling x31468 over 3378.0s
[1783603522.887][  +3388.0s][WAIT_TRIGGER] BATT 23.5V | voltage=23.64V percent=48% (repeated x4)
[1783603526.885][  +3392.0s][WAIT_TRIGGER] BATT 23.5V | voltage=23.64V percent=49% (repeated x1)
[1783603528.885][  +3394.0s][WAIT_TRIGGER] BATT 23.5V | voltage=23.64V percent=48%
[1783603530.884][  +3396.0s][WAIT_TRIGGER] BATT 23.5V | voltage=23.64V percent=49%
[1783603534.881][  +3400.0s][WAIT_TRIGGER] BATT 23.5V | voltage=23.64V percent=48% (repeated x1)
[1783603536.882][  +3402.0s][WAIT_TRIGGER] BATT 23.5V | voltage=23.64V percent=49%
[1783603538.881][  +3404.0s][WAIT_TRIGGER] BATT 23.5V | voltage=23.64V percent=48%
[1783603540.879][  +3406.0s][WAIT_TRIGGER] BATT 23.5V | voltage=23.64V percent=49%
[1783603542.879][  +3408.0s][WAIT_TRIGGER] BATT 23.5V | voltage=23.64V percent=48%
[1783603543.950][  +3409.1s][WAIT_TRIGGER] Avoidance: Deactivated  <->  Activated | cycling x31749 over 3408.0s
[1783603548.877][  +3414.0s][WAIT_TRIGGER] BATT 23.5V | voltage=23.64V percent=49% (repeated x2)
[1783603550.875][  +3416.0s][WAIT_TRIGGER] BATT 23.5V | voltage=23.64V percent=48%
[1783603552.873][  +3418.0s][WAIT_TRIGGER] BATT 23.5V | voltage=23.64V percent=49%
[1783603554.875][  +3420.0s][WAIT_TRIGGER] BATT 23.5V | voltage=23.64V percent=48%
[1783603562.871][  +3428.0s][WAIT_TRIGGER] BATT 23.5V | voltage=23.64V percent=49% (repeated x3)
[1783603564.868][  +3430.0s][WAIT_TRIGGER] BATT 23.5V | voltage=23.64V percent=48%
[1783603573.952][  +3439.1s][WAIT_TRIGGER] Avoidance: Deactivated  <->  Activated | cycling x32019 over 3438.0s
[1783603584.863][  +3450.0s][WAIT_TRIGGER] BATT 23.5V | voltage=23.64V percent=49% (repeated x9)
[1783603586.860][  +3452.0s][WAIT_TRIGGER] BATT 23.5V | voltage=23.64V percent=48%
[1783603594.858][  +3460.0s][WAIT_TRIGGER] BATT 23.5V | voltage=23.64V percent=49% (repeated x3)
[1783603596.857][  +3462.0s][WAIT_TRIGGER] BATT 23.5V | voltage=23.64V percent=48%
[1783603600.854][  +3466.0s][WAIT_TRIGGER] BATT 23.5V | voltage=23.64V percent=49% (repeated x1)
[1783603602.856][  +3468.0s][WAIT_TRIGGER] BATT 23.5V | voltage=23.64V percent=48%
[1783603603.954][  +3469.1s][WAIT_TRIGGER] Avoidance: Deactivated  <->  Activated | cycling x32303 over 3468.0s
[1783603626.842][  +3492.0s][WAIT_TRIGGER] BATT 23.5V | voltage=23.64V percent=49% (repeated x11)
[1783603628.843][  +3494.0s][WAIT_TRIGGER] BATT 23.5V | voltage=23.63V percent=48%
[1783603630.843][  +3496.0s][WAIT_TRIGGER] BATT 23.5V | voltage=23.64V percent=48%
[1783603632.842][  +3498.0s][WAIT_TRIGGER] BATT 23.5V | voltage=23.64V percent=49%
[1783603633.998][  +3499.1s][WAIT_TRIGGER] Avoidance: Activated  <->  Deactivated | cycling x32586 over 3498.1s
[1783603634.840][  +3500.0s][WAIT_TRIGGER] BATT 23.5V | voltage=23.64V percent=48%
[1783603636.840][  +3502.0s][WAIT_TRIGGER] BATT 23.5V | voltage=23.63V percent=48%
[1783603638.837][  +3504.0s][WAIT_TRIGGER] BATT 23.5V | voltage=23.64V percent=48%
