# console (/rosout_agg) log for epic_2026-07-02-19-19-01.bag
# started at 2026-07-02-19-19-01
[INFO] [1782987541.938] [/record_on_goal]: [record_on_goal] event log -> /home/hmcl/stack1/src/EPIC_poongsan/src/EPIC/src/global_planner/exploration_manager/records/epic_2026-07-02-19-19-01/epic_2026-07-02-19-19-01.events.log
[INFO] [1782987546.247] [/rvizvisualisation]: Setting goal: Frame:world, Position(2.261, -0.662, 0.000), Orientation(0.000, 0.000, -0.980, 0.201) = Angle: -2.737

[INFO] [1782987546.248] [/exploration_node]: [EV] [1782987546.248][     +0.0s][WAIT_TRIGGER] EVENT 2D-Nav-Goal trigger | trigger received | pos=(0.02, -0.01, 0.01)
[INFO] [1782987546.248] [/exploration_node]: [EV] [1782987546.248][     +0.0s][WAIT_TRIGGER] PARAM box | down=[-150, -150, 0.5] up=[150, 150, 2]
[INFO] [1782987546.248] [/exploration_node]: [EV] [1782987546.248][     +0.0s][WAIT_TRIGGER] PARAM corridor | DilateSoft=0.60 DilateHard=0.45 MaxCorridor=4.0 MaxVel=1.0 max_traj_len=10.0 safe_dist=0.70 bubble_min_r=0.61
[INFO] [1782987546.248] [/exploration_node]: [EV] [1782987546.248][     +0.0s][WAIT_TRIGGER] PARAM frontier | cell=0.40 cluster_sz=[1.0, 5.0] minpts=5 dphi=0.26 znum=3 good_dir_score=0.60
[INFO] [1782987546.248] [/exploration_node]: [EV] [1782987546.248][     +0.0s][WAIT_TRIGGER] PARAM viewpoint | pillar_r=[0.5, 2.0]x8 h=[-1.0, 1.0]x5 circle_n=4 local_tsp=12
[INFO] [1782987546.248] [/exploration_node]: [EV] [1782987546.248][     +0.0s][WAIT_TRIGGER] PARAM fsm | takeoff_h=1.10 goal_tol=0.20 replan_t=0.20 emerg_err=3.0 max_hz=30 avoid_to=0.5 auto_rth_land=1 rth_land_xy_tol=0.20 avoidance=1
[INFO] [1782987546.248] [/exploration_node]: [EV] [1782987546.248][     +0.0s][WAIT_TRIGGER] PARAM topics | odom=/Odometry cloud=/cloud_registered
[INFO] [1782987546.248] [/exploration_node]: [EV] [1782987546.248][     +0.0s][TAKEOFF_HOVER] STATE WAIT_TRIGGER -> TAKEOFF_HOVER [triggerCallback: takeoff & hover]
[INFO] [1782987547.211] [/mavros]: HP: requesting home position
[WARN] [1782987549.261] [/local_avoidance]: [local_avoidance] ACTIVATED  (min_dist=0.51 m, idx=5566)
[WARN] [1782987549.285] [/px4_ctrl_bridge]: [px4_bridge] AVOIDANCE ACTIVE -> forwarding /target_avoidance
[WARN] [1782987549.288] [/exploration_node]: [EV] [1782987549.288][     +3.0s][TAKEOFF_HOVER] AVOID ON (obstacle close, reactive layer overrides cmd) | pos=(0.02, -0.01, 0.01)
[INFO] [1782987549.311] [/local_avoidance]: [local_avoidance] avoiding...  min_dist=0.59 m
[WARN] [1782987550.285] [/px4_ctrl_bridge]: [px4_bridge] AVOIDANCE ACTIVE -> forwarding /target_avoidance
[INFO] [1782987550.313] [/local_avoidance]: [local_avoidance] avoiding...  min_dist=0.41 m
[WARN] [1782987551.295] [/px4_ctrl_bridge]: [px4_bridge] AVOIDANCE ACTIVE -> forwarding /target_avoidance
[INFO] [1782987551.361] [/local_avoidance]: [local_avoidance] avoiding...  min_dist=0.20 m
[WARN] [1782987552.305] [/px4_ctrl_bridge]: [px4_bridge] AVOIDANCE ACTIVE -> forwarding /target_avoidance
[INFO] [1782987552.361] [/local_avoidance]: [local_avoidance] avoiding...  min_dist=0.33 m
[WARN] [1782987553.305] [/px4_ctrl_bridge]: [px4_bridge] AVOIDANCE ACTIVE -> forwarding /target_avoidance
[INFO] [1782987553.411] [/local_avoidance]: [local_avoidance] avoiding...  min_dist=0.39 m
[INFO] [1782987553.461] [/local_avoidance]: [local_avoidance] DEACTIVATED
[WARN] [1782987553.485] [/px4_ctrl_bridge]: [px4_bridge] avoidance released -> published /planning/replan
[INFO] [1782987553.489] [/exploration_node]: [EV] [1782987553.488][     +7.2s][TAKEOFF_HOVER] AVOID OFF (released, replan from current pose) | dur=4.2s
[WARN] [1782987553.511] [/local_avoidance]: [local_avoidance] ACTIVATED  (min_dist=0.45 m, idx=4160)
[INFO] [1782987553.561] [/local_avoidance]: [local_avoidance] DEACTIVATED
[WARN] [1782987553.585] [/px4_ctrl_bridge]: [px4_bridge] avoidance released -> published /planning/replan
[INFO] [1782987557.211] [/mavros]: HP: requesting home position
[WARN] [1782987557.311] [/local_avoidance]: [local_avoidance] ACTIVATED  (min_dist=0.30 m, idx=1295)
[WARN] [1782987557.335] [/px4_ctrl_bridge]: [px4_bridge] AVOIDANCE ACTIVE -> forwarding /target_avoidance
[INFO] [1782987557.361] [/local_avoidance]: [local_avoidance] avoiding...  min_dist=0.31 m
[WARN] [1782987558.345] [/px4_ctrl_bridge]: [px4_bridge] AVOIDANCE ACTIVE -> forwarding /target_avoidance
[INFO] [1782987558.411] [/local_avoidance]: [local_avoidance] avoiding...  min_dist=0.27 m
[INFO] [1782987558.962] [/local_avoidance]: [local_avoidance] DEACTIVATED
[WARN] [1782987558.985] [/px4_ctrl_bridge]: [px4_bridge] avoidance released -> published /planning/replan
[WARN] [1782987559.011] [/local_avoidance]: [local_avoidance] ACTIVATED  (min_dist=0.30 m, idx=2445)
[INFO] [1782987559.061] [/local_avoidance]: [local_avoidance] DEACTIVATED
[WARN] [1782987559.085] [/px4_ctrl_bridge]: [px4_bridge] avoidance released -> published /planning/replan
[WARN] [1782987559.111] [/local_avoidance]: [local_avoidance] ACTIVATED  (min_dist=0.28 m, idx=3720)
[INFO] [1782987559.161] [/local_avoidance]: [local_avoidance] DEACTIVATED
[WARN] [1782987559.185] [/px4_ctrl_bridge]: [px4_bridge] avoidance released -> published /planning/replan
[WARN] [1782987559.211] [/local_avoidance]: [local_avoidance] ACTIVATED  (min_dist=0.32 m, idx=3017)
[INFO] [1782987559.262] [/local_avoidance]: [local_avoidance] DEACTIVATED
[WARN] [1782987559.286] [/px4_ctrl_bridge]: [px4_bridge] avoidance released -> published /planning/replan
[WARN] [1782987559.312] [/local_avoidance]: [local_avoidance] ACTIVATED  (min_dist=0.30 m, idx=2496)
[WARN] [1782987559.345] [/px4_ctrl_bridge]: [px4_bridge] AVOIDANCE ACTIVE -> forwarding /target_avoidance
[INFO] [1782987559.361] [/local_avoidance]: [local_avoidance] DEACTIVATED
[WARN] [1782987559.385] [/px4_ctrl_bridge]: [px4_bridge] avoidance released -> published /planning/replan
[WARN] [1782987559.411] [/local_avoidance]: [local_avoidance] ACTIVATED  (min_dist=0.31 m, idx=3524)
[INFO] [1782987559.461] [/local_avoidance]: [local_avoidance] DEACTIVATED
[WARN] [1782987559.485] [/px4_ctrl_bridge]: [px4_bridge] avoidance released -> published /planning/replan
[WARN] [1782987559.511] [/local_avoidance]: [local_avoidance] ACTIVATED  (min_dist=0.30 m, idx=4547)
[INFO] [1782987559.562] [/local_avoidance]: [local_avoidance] DEACTIVATED
[WARN] [1782987559.595] [/px4_ctrl_bridge]: [px4_bridge] avoidance released -> published /planning/replan
[WARN] [1782987559.612] [/local_avoidance]: [local_avoidance] ACTIVATED  (min_dist=0.28 m, idx=4076)
[INFO] [1782987559.661] [/local_avoidance]: [local_avoidance] DEACTIVATED
[WARN] [1782987559.685] [/px4_ctrl_bridge]: [px4_bridge] avoidance released -> published /planning/replan
[WARN] [1782987559.711] [/local_avoidance]: [local_avoidance] ACTIVATED  (min_dist=0.26 m, idx=4980)
[INFO] [1782987559.761] [/local_avoidance]: [local_avoidance] DEACTIVATED
[WARN] [1782987559.785] [/px4_ctrl_bridge]: [px4_bridge] avoidance released -> published /planning/replan
[WARN] [1782987559.812] [/local_avoidance]: [local_avoidance] ACTIVATED  (min_dist=0.26 m, idx=4507)
[INFO] [1782987559.863] [/local_avoidance]: [local_avoidance] DEACTIVATED
[WARN] [1782987559.885] [/px4_ctrl_bridge]: [px4_bridge] avoidance released -> published /planning/replan
[WARN] [1782987559.912] [/local_avoidance]: [local_avoidance] ACTIVATED  (min_dist=0.25 m, idx=3988)
[INFO] [1782987559.961] [/local_avoidance]: [local_avoidance] DEACTIVATED
[WARN] [1782987559.985] [/px4_ctrl_bridge]: [px4_bridge] avoidance released -> published /planning/replan
[WARN] [1782987560.011] [/local_avoidance]: [local_avoidance] ACTIVATED  (min_dist=0.25 m, idx=4941)
[INFO] [1782987560.061] [/local_avoidance]: [local_avoidance] DEACTIVATED
[WARN] [1782987560.096] [/px4_ctrl_bridge]: [px4_bridge] avoidance released -> published /planning/replan
[WARN] [1782987560.111] [/local_avoidance]: [local_avoidance] ACTIVATED  (min_dist=0.24 m, idx=5952)
[INFO] [1782987560.163] [/local_avoidance]: [local_avoidance] DEACTIVATED
[WARN] [1782987560.185] [/px4_ctrl_bridge]: [px4_bridge] avoidance released -> published /planning/replan
[WARN] [1782987560.211] [/local_avoidance]: [local_avoidance] ACTIVATED  (min_dist=0.24 m, idx=7612)
[INFO] [1782987560.261] [/local_avoidance]: [local_avoidance] DEACTIVATED
[WARN] [1782987560.285] [/px4_ctrl_bridge]: [px4_bridge] avoidance released -> published /planning/replan
[WARN] [1782987560.314] [/local_avoidance]: [local_avoidance] ACTIVATED  (min_dist=0.24 m, idx=4696)
[WARN] [1782987560.356] [/px4_ctrl_bridge]: [px4_bridge] AVOIDANCE ACTIVE -> forwarding /target_avoidance
[INFO] [1782987560.362] [/local_avoidance]: [local_avoidance] DEACTIVATED
[WARN] [1782987560.385] [/px4_ctrl_bridge]: [px4_bridge] avoidance released -> published /planning/replan
[WARN] [1782987560.411] [/local_avoidance]: [local_avoidance] ACTIVATED  (min_dist=0.24 m, idx=7163)
[INFO] [1782987560.461] [/local_avoidance]: [local_avoidance] avoiding...  min_dist=0.59 m
[INFO] [1782987560.561] [/local_avoidance]: [local_avoidance] DEACTIVATED
[WARN] [1782987560.585] [/px4_ctrl_bridge]: [px4_bridge] avoidance released -> published /planning/replan
[WARN] [1782987560.611] [/local_avoidance]: [local_avoidance] ACTIVATED  (min_dist=0.23 m, idx=8475)
[INFO] [1782987560.661] [/local_avoidance]: [local_avoidance] DEACTIVATED
[WARN] [1782987560.695] [/px4_ctrl_bridge]: [px4_bridge] avoidance released -> published /planning/replan
[WARN] [1782987560.710] [/local_avoidance]: [local_avoidance] ACTIVATED  (min_dist=0.23 m, idx=3931)
[INFO] [1782987560.861] [/local_avoidance]: [local_avoidance] DEACTIVATED
[WARN] [1782987560.887] [/px4_ctrl_bridge]: [px4_bridge] avoidance released -> published /planning/replan
[WARN] [1782987560.911] [/local_avoidance]: [local_avoidance] ACTIVATED  (min_dist=0.24 m, idx=6153)
[WARN] [1782987561.365] [/px4_ctrl_bridge]: [px4_bridge] AVOIDANCE ACTIVE -> forwarding /target_avoidance
[INFO] [1782987561.461] [/local_avoidance]: [local_avoidance] avoiding...  min_dist=0.35 m
[WARN] [1782987562.365] [/px4_ctrl_bridge]: [px4_bridge] AVOIDANCE ACTIVE -> forwarding /target_avoidance
[INFO] [1782987562.511] [/local_avoidance]: [local_avoidance] avoiding...  min_dist=0.18 m
[WARN] [1782987563.377] [/px4_ctrl_bridge]: [px4_bridge] AVOIDANCE ACTIVE -> forwarding /target_avoidance
[INFO] [1782987563.512] [/local_avoidance]: [local_avoidance] avoiding...  min_dist=0.19 m
[WARN] [1782987564.385] [/px4_ctrl_bridge]: [px4_bridge] AVOIDANCE ACTIVE -> forwarding /target_avoidance
[INFO] [1782987564.561] [/local_avoidance]: [local_avoidance] avoiding...  min_dist=0.19 m
[WARN] [1782987565.395] [/px4_ctrl_bridge]: [px4_bridge] AVOIDANCE ACTIVE -> forwarding /target_avoidance
[INFO] [1782987565.612] [/local_avoidance]: [local_avoidance] avoiding...  min_dist=0.33 m
[ERROR] [1782987566.248] [/exploration_node]: [takeoff] timeout 20.0s and NOT at altitude (z_err=0.99 m, v=0.00 m/s) -> holding hover, NOT exploring (check arming / OFFBOARD / thrust)
[WARN] [1782987566.395] [/px4_ctrl_bridge]: [px4_bridge] AVOIDANCE ACTIVE -> forwarding /target_avoidance
[INFO] [1782987566.661] [/local_avoidance]: [local_avoidance] avoiding...  min_dist=0.20 m
[INFO] [1782987567.211] [/mavros]: HP: requesting home position
[WARN] [1782987567.405] [/px4_ctrl_bridge]: [px4_bridge] AVOIDANCE ACTIVE -> forwarding /target_avoidance
[INFO] [1782987567.711] [/local_avoidance]: [local_avoidance] avoiding...  min_dist=0.20 m
[ERROR] [1782987568.249] [/exploration_node]: [takeoff] timeout 20.0s and NOT at altitude (z_err=0.98 m, v=0.00 m/s) -> holding hover, NOT exploring (check arming / OFFBOARD / thrust)
[WARN] [1782987568.405] [/px4_ctrl_bridge]: [px4_bridge] AVOIDANCE ACTIVE -> forwarding /target_avoidance
[INFO] [1782987568.712] [/local_avoidance]: [local_avoidance] avoiding...  min_dist=0.31 m
[WARN] [1782987569.415] [/px4_ctrl_bridge]: [px4_bridge] AVOIDANCE ACTIVE -> forwarding /target_avoidance
[INFO] [1782987569.761] [/local_avoidance]: [local_avoidance] avoiding...  min_dist=0.32 m
[ERROR] [1782987570.259] [/exploration_node]: [takeoff] timeout 20.0s and NOT at altitude (z_err=0.97 m, v=0.00 m/s) -> holding hover, NOT exploring (check arming / OFFBOARD / thrust)
[WARN] [1782987570.415] [/px4_ctrl_bridge]: [px4_bridge] AVOIDANCE ACTIVE -> forwarding /target_avoidance
[INFO] [1782987570.811] [/local_avoidance]: [local_avoidance] avoiding...  min_dist=0.19 m
[WARN] [1782987571.425] [/px4_ctrl_bridge]: [px4_bridge] AVOIDANCE ACTIVE -> forwarding /target_avoidance
[INFO] [1782987571.811] [/local_avoidance]: [local_avoidance] avoiding...  min_dist=0.20 m
[ERROR] [1782987572.269] [/exploration_node]: [takeoff] timeout 20.0s and NOT at altitude (z_err=0.94 m, v=0.00 m/s) -> holding hover, NOT exploring (check arming / OFFBOARD / thrust)
[WARN] [1782987572.425] [/px4_ctrl_bridge]: [px4_bridge] AVOIDANCE ACTIVE -> forwarding /target_avoidance
[INFO] [1782987572.861] [/local_avoidance]: [local_avoidance] avoiding...  min_dist=0.20 m
[INFO] [1782987573.211] [/local_avoidance]: [local_avoidance] DEACTIVATED
[WARN] [1782987573.235] [/px4_ctrl_bridge]: [px4_bridge] avoidance released -> published /planning/replan
[INFO] [1782987573.235] [/exploration_node]: [EV] [1782987573.235][    +27.0s][TAKEOFF_HOVER] BATT 24.0V | v=24.32V pct=71% (still, x16/30.0s)
[WARN] [1782987573.411] [/local_avoidance]: [local_avoidance] ACTIVATED  (min_dist=0.49 m, idx=4008)
[WARN] [1782987573.435] [/px4_ctrl_bridge]: [px4_bridge] AVOIDANCE ACTIVE -> forwarding /target_avoidance
[WARN] [1782987573.558] [/exploration_node]: [takeoff] timeout 20.0s, near altitude (z_err=0.44 m, v=0.00 m/s) -> explore
[INFO] [1782987573.559] [/exploration_node]: [EV] [1782987573.559][    +27.3s][PLAN_TRAJ_EXP] STATE TAKEOFF_HOVER -> PLAN_TRAJ_EXP [takeoff: timeout (near altitude) -> explore]
[INFO] [1782987573.714] [/exploration_node]: [EV] [1782987573.714][    +27.5s][CAUTION] STATE PLAN_TRAJ_EXP -> CAUTION [odom_node no nbrs]
[INFO] [1782987573.861] [/local_avoidance]: [local_avoidance] avoiding...  min_dist=0.22 m
[WARN] [1782987574.347] [/exploration_node]: [EV] [1782987574.347][    +28.1s][PLAN_TRAJ_EXP] STATE CAUTION -> PLAN_TRAJ_EXP [safetyCallback: not safe, time:1.002634]
[WARN] [1782987574.435] [/px4_ctrl_bridge]: [px4_bridge] AVOIDANCE ACTIVE -> forwarding /target_avoidance
[WARN] [1782987574.574] [/exploration_node]: [local-plan] escape: gcopter setup failed
