# console (/rosout_agg) log for epic_2026-07-02-17-06-06.bag
# started at 2026-07-02-17-06-06
[INFO] [1782979566.644] [/record_on_goal]: [record_on_goal] event log -> /home/hmcl/stack1/src/EPIC_poongsan/src/EPIC/src/global_planner/exploration_manager/records/epic_2026-07-02-17-06-06/epic_2026-07-02-17-06-06.events.log
[INFO] [1782979571.092] [/mavros]: HP: requesting home position
[WARN] [1782979571.586] [/exploration_node]: wait for trigger.
[INFO] [1782979574.067] [/exploration_node]: [EV] [1782979574.067][     +8.5s][WAIT_TRIGGER] PX4 mode=POSCTL armed=1 | prev=POSCTL
[INFO] [1782979574.106] [/exploration_node]: [EV] [1782979574.106][     +8.5s][WAIT_TRIGGER] BATT 24.5V | v=24.83V pct=89% (x3)
[INFO] [1782979574.866] [/rvizvisualisation]: Setting goal: Frame:world, Position(2.433, -0.132, 0.000), Orientation(0.000, 0.000, 0.975, 0.220) = Angle: 2.698

[INFO] [1782979574.867] [/exploration_node]: [EV] [1782979574.867][     +0.0s][WAIT_TRIGGER] EVENT 2D-Nav-Goal trigger | trigger received | pos=(-0.02, 0.01, 0.08)
[INFO] [1782979574.867] [/exploration_node]: [EV] [1782979574.867][     +0.0s][WAIT_TRIGGER] PARAM box | down=[-150, -150, 0.5] up=[150, 150, 2.5]
[INFO] [1782979574.867] [/exploration_node]: [EV] [1782979574.867][     +0.0s][WAIT_TRIGGER] PARAM corridor | DilateSoft=0.60 DilateHard=0.45 MaxCorridor=4.0 MaxVel=1.0 max_traj_len=10.0 safe_dist=0.80 bubble_min_r=0.61
[INFO] [1782979574.867] [/exploration_node]: [EV] [1782979574.867][     +0.0s][WAIT_TRIGGER] PARAM frontier | cell=0.40 cluster_sz=[1.0, 5.0] minpts=5 dphi=0.26 znum=3 good_dir_score=0.60
[INFO] [1782979574.867] [/exploration_node]: [EV] [1782979574.867][     +0.0s][WAIT_TRIGGER] PARAM viewpoint | pillar_r=[0.5, 2.0]x8 h=[-1.0, 1.0]x5 circle_n=4 local_tsp=12
[INFO] [1782979574.867] [/exploration_node]: [EV] [1782979574.867][     +0.0s][WAIT_TRIGGER] PARAM fsm | takeoff_h=1.25 goal_tol=0.10 replan_t=0.20 emerg_err=3.0 max_hz=30 avoid_to=0.5 auto_rth_land=1 rth_land_xy_tol=0.20 avoidance=1
[INFO] [1782979574.867] [/exploration_node]: [EV] [1782979574.867][     +0.0s][WAIT_TRIGGER] PARAM topics | odom=/Odometry cloud=/cloud_registered
[INFO] [1782979574.867] [/exploration_node]: [EV] [1782979574.867][     +0.0s][TAKEOFF_HOVER] STATE WAIT_TRIGGER -> TAKEOFF_HOVER [triggerCallback: takeoff & hover]
[INFO] [1782979576.105] [/exploration_node]: [EV] [1782979576.105][     +1.2s][TAKEOFF_HOVER] BATT 24.5V | v=24.83V pct=88%
[INFO] [1782979577.067] [/exploration_node]: [EV] [1782979577.067][     +2.2s][TAKEOFF_HOVER] PX4 mode=OFFBOARD armed=1 | prev=POSCTL
[INFO] [1782979578.103] [/exploration_node]: [EV] [1782979578.103][     +3.2s][TAKEOFF_HOVER] BATT 24.5V | v=24.74V pct=88%
[INFO] [1782979580.103] [/exploration_node]: [EV] [1782979580.103][     +5.2s][TAKEOFF_HOVER] BATT 24.0V | v=24.13V pct=83%
[INFO] [1782979581.092] [/mavros]: HP: requesting home position
[INFO] [1782979582.102] [/exploration_node]: [EV] [1782979582.102][     +7.2s][TAKEOFF_HOVER] BATT 23.5V | v=23.91V pct=78%
[INFO] [1782979582.276] [/exploration_node]: [EV] [1782979582.276][     +7.4s][PLAN_TRAJ_EXP] STATE TAKEOFF_HOVER -> PLAN_TRAJ_EXP [takeoff: altitude reached & stable -> explore]
[INFO] [1782979582.417] [/exploration_node]: [EV] [1782979582.417][     +7.6s][PLAN_TRAJ_EXP] GLOBAL result=OK | clusters=2(reach 1) vp=1(reach 1) pipe[tot=2 dorm=0 unreach=0 cons=2 nocand=0 topo=1 novis=0 ok=1] tour=2n/0.6m goal=(0.0, 0.0, 0.0) t=24ms
[INFO] [1782979582.417] [/exploration_node]: [EV] [1782979582.417][     +7.6s][PLAN_TRAJ_EXP] STATE PLAN_TRAJ_EXP -> PLAN_TRAJ_EXP [planGlobalPath: succeed]
[WARN] [1782979582.418] [/exploration_node]: [local-plan] fast-searcher: no path odom->goal
[WARN] [1782979582.418] [/exploration_node]: [EV] [1782979582.418][     +7.6s][PLAN_TRAJ_EXP] LOCAL EXP FAIL | why: fast-searcher: no path odom->goal | t=0.1ms goal_d=1.1m
[WARN] [1782979582.418] [/exploration_node]: [EV] [1782979582.418][     +7.6s][PLAN_TRAJ_EXP] STATE PLAN_TRAJ_EXP -> PLAN_TRAJ_EXP [PLAN_TRAJ_EXP: plan failed]
[INFO] [1782979582.666] [/exploration_node]: [EV] [1782979582.666][     +7.8s][PLAN_TRAJ_EXP] LOCAL EXP OK | t=33.4ms goal_d=0.6m (prev x19/0.2s)
[INFO] [1782979582.666] [/exploration_node]: [EV] [1782979582.666][     +7.8s][EXEC_TRAJ] STATE PLAN_TRAJ_EXP -> EXEC_TRAJ [plan success: new traj pub] |  (prev cycle x1/0.2s)
[INFO] [1782979582.676] [/traj_server]: [32m[Metrics] Mission started[0m
[INFO] [1782979582.841] [/exploration_node]: [EV] [1782979582.841][     +8.0s][PLAN_TRAJ_EXP] STATE EXEC_TRAJ -> PLAN_TRAJ_EXP [planGlobalPath: succeed]
[INFO] [1782979583.483] [/exploration_node]: [EV] [1782979583.483][     +8.6s][EXEC_TRAJ] GLOBAL result=OK | clusters=2(reach 2) vp=2(reach 2) pipe[tot=2 dorm=0 unreach=0 cons=2 nocand=0 topo=0 novis=0 ok=2] tour=3n/8.1m goal=(-0.0, -0.4, 1.7) t=12ms (x2)
[INFO] [1782979584.138] [/exploration_node]: [EV] [1782979584.138][     +9.3s][EXEC_TRAJ] BATT 23.5V | v=23.61V pct=74%
[INFO] [1782979584.525] [/exploration_node]: [EV] [1782979584.525][     +9.7s][EXEC_TRAJ] GLOBAL result=OK | clusters=2(reach 2) vp=2(reach 1) pipe[tot=2 dorm=0 unreach=0 cons=2 nocand=0 topo=0 novis=0 ok=2] tour=2n/6.9m goal=(5.9, 3.4, 0.7) t=8ms (x1)
[WARN] [1782979584.562] [/exploration_node]: [EV] [1782979584.562][     +9.7s][PLAN_TRAJ_EXP] STATE EXEC_TRAJ -> PLAN_TRAJ_EXP [safetyCallback: not safe, time:3.084514] |  (prev cycle x7/1.7s)
[WARN] [1782979584.612] [/exploration_node]: [EV] [1782979584.612][     +9.7s][PLAN_TRAJ_EXP] STATE EXEC_TRAJ -> PLAN_TRAJ_EXP [safetyCallback: not safe, time:3.039601] |  (prev cycle x1/0.0s)
[WARN] [1782979584.656] [/exploration_node]: [EV] [1782979584.656][     +9.8s][PLAN_TRAJ_EXP] STATE EXEC_TRAJ -> PLAN_TRAJ_EXP [safetyCallback: not safe, time:3.040407] |  (prev cycle x1/0.0s)
[WARN] [1782979584.663] [/exploration_node]: [EV] [1782979584.662][     +9.8s][PLAN_TRAJ_EXP] STATE PLAN_TRAJ_EXP -> PLAN_TRAJ_EXP [safetyCallback: not safe, time:3.046441]
[INFO] [1782979584.700] [/exploration_node]: [EV] [1782979584.700][     +9.8s][EXEC_TRAJ] STATE PLAN_TRAJ_EXP -> EXEC_TRAJ [plan success: new traj pub]
[WARN] [1782979584.711] [/exploration_node]: [EV] [1782979584.711][     +9.8s][PLAN_TRAJ_EXP] STATE EXEC_TRAJ -> PLAN_TRAJ_EXP [safetyCallback: not safe, time:2.991957]
[INFO] [1782979584.753] [/exploration_node]: [EV] [1782979584.753][     +9.9s][PLAN_TRAJ_EXP] STATE EXEC_TRAJ -> PLAN_TRAJ_EXP [planGlobalPath: succeed] |  (prev cycle x1/0.0s)
[WARN] [1782979584.791] [/exploration_node]: [EV] [1782979584.791][     +9.9s][PLAN_TRAJ_EXP] STATE EXEC_TRAJ -> PLAN_TRAJ_EXP [safetyCallback: not safe, time:2.932632] |  (prev cycle x1/0.0s)
[WARN] [1782979584.834] [/exploration_node]: [EV] [1782979584.834][    +10.0s][PLAN_TRAJ_EXP] STATE EXEC_TRAJ -> PLAN_TRAJ_EXP [safetyCallback: not safe, time:2.932707] |  (prev cycle x1/0.0s)
[WARN] [1782979584.878] [/exploration_node]: [EV] [1782979584.878][    +10.0s][PLAN_TRAJ_EXP] STATE EXEC_TRAJ -> PLAN_TRAJ_EXP [safetyCallback: not safe, time:2.882562] |  (prev cycle x1/0.0s)
[WARN] [1782979584.921] [/exploration_node]: [EV] [1782979584.921][    +10.1s][PLAN_TRAJ_EXP] STATE EXEC_TRAJ -> PLAN_TRAJ_EXP [safetyCallback: not safe, time:2.882558] |  (prev cycle x1/0.0s)
[INFO] [1782979584.986] [/exploration_node]: [EV] [1782979584.986][    +10.1s][PLAN_TRAJ_EXP] STATE EXEC_TRAJ -> PLAN_TRAJ_EXP [planGlobalPath: succeed] |  (prev cycle x1/0.1s)
[WARN] [1782979584.987] [/exploration_node]: [EV] [1782979584.987][    +10.1s][PLAN_TRAJ_EXP] STATE PLAN_TRAJ_EXP -> PLAN_TRAJ_EXP [safetyCallback: not safe, time:2.804657]
[INFO] [1782979585.022] [/exploration_node]: [EV] [1782979585.022][    +10.2s][EXEC_TRAJ] STATE PLAN_TRAJ_EXP -> EXEC_TRAJ [plan success: new traj pub]
[WARN] [1782979585.023] [/exploration_node]: [EV] [1782979585.023][    +10.2s][PLAN_TRAJ_EXP] STATE EXEC_TRAJ -> PLAN_TRAJ_EXP [safetyCallback: not safe, time:2.782364]
[WARN] [1782979585.068] [/exploration_node]: [EV] [1782979585.068][    +10.2s][PLAN_TRAJ_EXP] STATE EXEC_TRAJ -> PLAN_TRAJ_EXP [safetyCallback: not safe, time:2.732318] |  (prev cycle x1/0.0s)
[WARN] [1782979585.117] [/exploration_node]: [EV] [1782979585.117][    +10.3s][PLAN_TRAJ_EXP] STATE EXEC_TRAJ -> PLAN_TRAJ_EXP [safetyCallback: not safe, time:2.738237] |  (prev cycle x1/0.0s)
[WARN] [1782979585.163] [/exploration_node]: [EV] [1782979585.163][    +10.3s][PLAN_TRAJ_EXP] STATE EXEC_TRAJ -> PLAN_TRAJ_EXP [safetyCallback: not safe, time:2.640162] |  (prev cycle x1/0.0s)
[INFO] [1782979585.207] [/exploration_node]: [EV] [1782979585.207][    +10.3s][PLAN_TRAJ_EXP] STATE EXEC_TRAJ -> PLAN_TRAJ_EXP [planGlobalPath: succeed] |  (prev cycle x1/0.0s)
[INFO] [1782979585.830] [/exploration_node]: [EV] [1782979585.830][    +11.0s][EXEC_TRAJ] GLOBAL result=OK | clusters=2(reach 2) vp=2(reach 2) pipe[tot=2 dorm=0 unreach=0 cons=2 nocand=0 topo=0 novis=0 ok=2] tour=3n/8.9m goal=(-0.5, 0.4, 1.3) t=6ms (x3)
[INFO] [1782979586.101] [/exploration_node]: [EV] [1782979586.101][    +11.2s][EXEC_TRAJ] BATT 23.5V | v=23.57V pct=69%
[INFO] [1782979587.696] [/exploration_node]: [EV] [1782979587.696][    +12.8s][EXEC_TRAJ] GLOBAL result=OK | clusters=2(reach 2) vp=2(reach 2) pipe[tot=2 dorm=0 unreach=0 cons=2 nocand=0 topo=0 novis=0 ok=2] tour=3n/8.8m goal=(-0.5, 0.4, 1.3) t=16ms (x2)
[WARN] [1782979587.702] [/exploration_node]: [local-plan] minco optimize failed
[WARN] [1782979587.731] [/exploration_node]: [EV] [1782979587.731][    +12.9s][PLAN_TRAJ_EXP] LOCAL EXP FAIL | why: minco optimize failed | t=33.4ms goal_d=0.5m (prev x22/4.9s)
[WARN] [1782979587.731] [/exploration_node]: [EV] [1782979587.731][    +12.9s][PLAN_TRAJ_EXP] STATE PLAN_TRAJ_EXP -> PLAN_TRAJ_EXP [PLAN_TRAJ_EXP: plan failed] |  (prev cycle x8/2.5s)
[INFO] [1782979587.914] [/exploration_node]: [EV] [1782979587.914][    +13.0s][PLAN_TRAJ_EXP] STATE PLAN_TRAJ_EXP -> PLAN_TRAJ_EXP [planGlobalPath: succeed] |  (prev x4/0.1s)
[INFO] [1782979587.993] [/exploration_node]: [EV] [1782979587.993][    +13.1s][EXEC_TRAJ] STATE PLAN_TRAJ_EXP -> EXEC_TRAJ [plan success: new traj pub] |  (prev cycle x1/0.1s)
[INFO] [1782979588.100] [/exploration_node]: [EV] [1782979588.100][    +13.2s][EXEC_TRAJ] BATT 23.5V | v=23.54V pct=67%
[INFO] [1782979588.549] [/exploration_node]: [EV] [1782979588.549][    +13.7s][PLAN_TRAJ_EXP] STATE EXEC_TRAJ -> PLAN_TRAJ_EXP [planGlobalPath: succeed]
[INFO] [1782979589.177] [/exploration_node]: [EV] [1782979589.177][    +14.3s][EXEC_TRAJ] GLOBAL result=OK | clusters=2(reach 2) vp=2(reach 2) pipe[tot=2 dorm=0 unreach=0 cons=2 nocand=0 topo=0 novis=0 ok=2] tour=3n/8.7m goal=(-0.5, 0.4, 1.3) t=19ms (x2)
[WARN] [1782979589.801] [/exploration_node]: [local-plan] minco optimize failed
[WARN] [1782979589.831] [/exploration_node]: [EV] [1782979589.831][    +15.0s][PLAN_TRAJ_EXP] STATE PLAN_TRAJ_EXP -> PLAN_TRAJ_EXP [PLAN_TRAJ_EXP: plan failed] |  (prev cycle x4/1.3s)
[WARN] [1782979589.969] [/exploration_node]: [EV] [1782979589.969][    +15.1s][PLAN_TRAJ_EXP] LOCAL EXP FAIL | why: minco optimize failed | t=33.4ms goal_d=0.3m (x9)
[INFO] [1782979590.012] [/exploration_node]: [EV] [1782979590.012][    +15.1s][EXEC_TRAJ] STATE PLAN_TRAJ_EXP -> EXEC_TRAJ [plan success: new traj pub] |  (prev x3/0.1s)
[INFO] [1782979590.099] [/exploration_node]: [EV] [1782979590.099][    +15.2s][EXEC_TRAJ] BATT 23.5V | v=23.56V pct=67%
[INFO] [1782979590.651] [/exploration_node]: [EV] [1782979590.651][    +15.8s][EXEC_TRAJ] GLOBAL result=OK | clusters=2(reach 2) vp=2(reach 1) pipe[tot=2 dorm=0 unreach=0 cons=2 nocand=0 topo=0 novis=0 ok=2] tour=2n/8.1m goal=(7.0, 3.7, 0.7) t=20ms (x1)
[INFO] [1782979590.651] [/exploration_node]: [EV] [1782979590.651][    +15.8s][PLAN_TRAJ_EXP] STATE EXEC_TRAJ -> PLAN_TRAJ_EXP [planGlobalPath: succeed]
[INFO] [1782979591.094] [/mavros]: HP: requesting home position
[INFO] [1782979591.922] [/exploration_node]: [EV] [1782979591.922][    +17.1s][EXEC_TRAJ] GLOBAL result=OK | clusters=2(reach 2) vp=2(reach 1) pipe[tot=2 dorm=0 unreach=0 cons=2 nocand=0 topo=0 novis=0 ok=2] tour=2n/8.3m goal=(7.0, 3.7, 0.7) t=15ms (x1)
[INFO] [1782979592.100] [/exploration_node]: [EV] [1782979592.100][    +17.2s][EXEC_TRAJ] BATT 23.0V | v=23.47V pct=66%
[INFO] [1782979593.193] [/exploration_node]: [EV] [1782979593.193][    +18.3s][EXEC_TRAJ] GLOBAL result=OK | clusters=2(reach 2) vp=2(reach 1) pipe[tot=2 dorm=0 unreach=0 cons=2 nocand=0 topo=0 novis=0 ok=2] tour=2n/8.0m goal=(7.0, 3.7, 0.7) t=9ms (x1)
[INFO] [1782979594.096] [/exploration_node]: [EV] [1782979594.096][    +19.2s][EXEC_TRAJ] BATT 23.0V | v=23.37V pct=64%
[INFO] [1782979594.460] [/exploration_node]: [EV] [1782979594.460][    +19.6s][EXEC_TRAJ] GLOBAL result=OK | clusters=2(reach 2) vp=2(reach 1) pipe[tot=2 dorm=0 unreach=0 cons=2 nocand=0 topo=0 novis=0 ok=2] tour=2n/7.0m goal=(7.0, 3.7, 0.7) t=6ms (x1)
[WARN] [1782979595.076] [/exploration_node]: [local-plan] next goal too close to occupancy -> re-run global
[INFO] [1782979595.082] [/exploration_node]: [EV] [1782979595.082][    +20.2s][PLAN_TRAJ_EXP] STATE PLAN_TRAJ_EXP -> PLAN_TRAJ_EXP [planGlobalPath: succeed] |  (prev cycle x14/4.4s)
[WARN] [1782979595.082] [/exploration_node]: [EV] [1782979595.082][    +20.2s][PLAN_TRAJ_EXP] LOCAL EXP FAIL | why: next goal too close to occupancy -> re-run global | t=5.6ms goal_d=7.0m (prev cycle x3/7.4s)
[WARN] [1782979595.082] [/exploration_node]: [EV] [1782979595.082][    +20.2s][PLAN_TRAJ_EXP] STATE PLAN_TRAJ_EXP -> PLAN_TRAJ_EXP [PLAN_TRAJ_EXP: plan failed]
[INFO] [1782979595.126] [/exploration_node]: [EV] [1782979595.125][    +20.3s][EXEC_TRAJ] STATE PLAN_TRAJ_EXP -> EXEC_TRAJ [plan success: new traj pub]
[WARN] [1782979595.713] [/exploration_node]: [EV] [1782979595.713][    +20.8s][EXEC_TRAJ] GLOBAL result=NO_VIEWPOINTS | why: NO_FRONTIER: 0 viewpoints (clusters=1, reachable_clusters=0) pipe[tot=1 dorm=0 unreach=0 cons=1 nocand=0 topo=1 novis=0 ok=0] | clusters=1(reach 0) vp=0(reach 0) pipe[tot=1 dorm=0 unreach=0 cons=1 nocand=0 topo=1 novis=0 ok=0] tour=2n/7.0m goal=(6.7, 4.8, 0.8) t=10ms (prev x2/0.6s)
[INFO] [1782979595.713] [/exploration_node]: [EV] [1782979595.713][    +20.8s][FINISH] STATE EXEC_TRAJ -> FINISH [planGlobalPath: no frontier]
[WARN] [1782979595.714] [/exploration_node]: [EV] [1782979595.713][    +20.8s][FINISH] MISSION FINISH (premature? unreached clusters remain) | pos=(2.14, 0.12, 0.54) elapsed=21s clusters_left=1(reach 0) pipe[tot=1 dorm=0 unreach=0 cons=1 nocand=0 topo=1 novis=0 ok=0]
[INFO] [1782979595.714] [/exploration_node]: [32m[FINISH] exploration done -> hover 1.0s, then return home & land[0m
[INFO] [1782979595.931] [/exploration_node]: [EV] [1782979595.931][    +21.1s][FINISH] STATE FINISH -> FINISH [planGlobalPath: no frontier]
[INFO] [1782979596.096] [/exploration_node]: [EV] [1782979596.096][    +21.2s][FINISH] BATT 23.0V | v=23.38V pct=63%
[WARN] [1782979596.374] [/exploration_node]: [EV] [1782979596.374][    +21.5s][FINISH] GLOBAL result=NO_VIEWPOINTS | why: NO_FRONTIER: 0 viewpoints (clusters=2, reachable_clusters=0) pipe[tot=2 dorm=0 unreach=0 cons=2 nocand=0 topo=2 novis=0 ok=0] | clusters=2(reach 0) vp=0(reach 0) pipe[tot=2 dorm=0 unreach=0 cons=2 nocand=0 topo=2 novis=0 ok=0] tour=2n/7.0m goal=(6.7, 4.8, 0.8) t=16ms (prev x2/0.4s)
[INFO] [1782979596.716] [/exploration_node]: [EV] [1782979596.716][    +21.8s][PLAN_TRAJ_RTH] STATE FINISH -> PLAN_TRAJ_RTH [FINISH: hover done -> return home] |  (prev x3/0.6s)
[INFO] [1782979596.726] [/traj_server]: [33m[Metrics] RTH mode activated at index 286 (current state: PLAN_TRAJ_RTH)[0m
[INFO] [1782979596.725] [/exploration_node]: [EV] [1782979596.725][    +21.9s][PLAN_TRAJ_RTH] RTH d2goal=3.0m | auto-home(xy) dist=3.12m tol=0.20m goal=(-0.02, 0.01, 1.25)
[INFO] [1782979596.730] [/exploration_node]: [33m[Path Simplification] Reduced path from 4 to 2 nodes, 2 collision checks, 0.05 ms[0m
[INFO] [1782979596.730] [/exploration_node]:   Segment 1: 3.17 m
[INFO] [1782979596.759] [/exploration_node]: [EV] [1782979596.759][    +21.9s][PLAN_TRAJ_RTH] LOCAL RTH OK | t=33.4ms (prev cycle x1/1.7s)
[INFO] [1782979596.759] [/exploration_node]: [EV] [1782979596.759][    +21.9s][EXEC_TRAJ] STATE PLAN_TRAJ_RTH -> EXEC_TRAJ [PLAN_TRAJ_RTH: plan success]
[INFO] [1782979597.430] [/exploration_node]: [33m[Path Simplification] Reduced path from 4 to 2 nodes, 2 collision checks, 0.07 ms[0m
[INFO] [1782979597.430] [/exploration_node]:   Segment 1: 3.42 m
[INFO] [1782979597.431] [/exploration_node]: [EV] [1782979597.431][    +22.6s][EXEC_TRAJ] GLOBAL result=RTH_PATH_OK | why: path to goal: 2 nodes / 3.4m (connected via 2) | clusters=1(reach 0) vp=0(reach 0) pipe[tot=1 dorm=0 unreach=0 cons=1 nocand=0 topo=1 novis=0 ok=0] tour=2n/3.4m goal=(-0.0, 0.0, 1.2) t=6ms (prev cycle x1/1.1s)
[INFO] [1782979597.431] [/exploration_node]: [EV] [1782979597.431][    +22.6s][PLAN_TRAJ_RTH] STATE EXEC_TRAJ -> PLAN_TRAJ_RTH [planGoalPath: succeed]
[INFO] [1782979597.431] [/exploration_node]: [EV] [1782979597.431][    +22.6s][PLAN_TRAJ_RTH] RTH d2goal=3.0m | auto-home(xy) dist=3.40m tol=0.20m goal=(-0.02, 0.01, 1.25)
[INFO] [1782979597.436] [/exploration_node]: [33m[Path Simplification] Reduced path from 4 to 2 nodes, 2 collision checks, 0.07 ms[0m
[INFO] [1782979597.436] [/exploration_node]:   Segment 1: 3.42 m
[INFO] [1782979598.054] [/exploration_node]: [33m[Path Simplification] Reduced path from 4 to 3 nodes, 2 collision checks, 0.06 ms[0m
[INFO] [1782979598.054] [/exploration_node]:   Segment 1: 1.01 m
[INFO] [1782979598.054] [/exploration_node]:   Segment 2: 4.31 m
[INFO] [1782979598.055] [/exploration_node]: [EV] [1782979598.055][    +23.2s][EXEC_TRAJ] GLOBAL result=RTH_PATH_OK | why: path to goal: 3 nodes / 5.3m (connected via 2) | clusters=1(reach 0) vp=0(reach 0) pipe[tot=1 dorm=0 unreach=0 cons=1 nocand=0 topo=1 novis=0 ok=0] tour=3n/5.3m goal=(-0.0, 0.0, 1.2) t=6ms
[INFO] [1782979598.055] [/exploration_node]: [EV] [1782979598.055][    +23.2s][PLAN_TRAJ_RTH] RTH d2goal=3.0m | auto-home(xy) dist=3.42m tol=0.20m goal=(-0.02, 0.01, 1.25)
[INFO] [1782979598.059] [/exploration_node]: [33m[Path Simplification] Reduced path from 4 to 3 nodes, 2 collision checks, 0.06 ms[0m
[INFO] [1782979598.059] [/exploration_node]:   Segment 1: 1.01 m
[INFO] [1782979598.059] [/exploration_node]:   Segment 2: 4.31 m
[INFO] [1782979598.098] [/exploration_node]: [EV] [1782979598.098][    +23.2s][EXEC_TRAJ] BATT 23.0V | v=23.39V pct=63%
[WARN] [1782979598.235] [/local_avoidance]: [local_avoidance] ACTIVATED  (min_dist=0.80 m, idx=4686)
[WARN] [1782979598.261] [/exploration_node]: [EV] [1782979598.261][    +23.4s][EXEC_TRAJ] AVOID ON (obstacle close, reactive layer overrides cmd) | pos=(3.31, 0.66, 0.82)
[WARN] [1782979598.262] [/px4_ctrl_bridge]: [px4_bridge] AVOIDANCE ACTIVE -> forwarding /target_avoidance
[INFO] [1782979598.284] [/local_avoidance]: [local_avoidance] DEACTIVATED
[WARN] [1782979598.308] [/exploration_node]: [EV] [1782979598.308][    +23.4s][PLAN_TRAJ_RTH] STATE EXEC_TRAJ -> PLAN_TRAJ_RTH [avoidance released: replan from current pose] |  (prev cycle x3/0.9s)
[INFO] [1782979598.309] [/exploration_node]: [EV] [1782979598.309][    +23.4s][PLAN_TRAJ_RTH] AVOID OFF (released, replan from current pose) | dur=0.0s
[INFO] [1782979598.309] [/exploration_node]: [EV] [1782979598.309][    +23.4s][PLAN_TRAJ_RTH] RTH d2goal=3.0m | auto-home(xy) dist=3.38m tol=0.20m goal=(-0.02, 0.01, 1.25)
[WARN] [1782979598.313] [/px4_ctrl_bridge]: [px4_bridge] avoidance released -> published /planning/replan
[INFO] [1782979598.313] [/exploration_node]: [33m[Path Simplification] Reduced path from 4 to 3 nodes, 2 collision checks, 0.07 ms[0m
[INFO] [1782979598.313] [/exploration_node]:   Segment 1: 1.06 m
[INFO] [1782979598.313] [/exploration_node]:   Segment 2: 4.31 m
[WARN] [1782979598.331] [/local_avoidance]: [local_avoidance] ACTIVATED  (min_dist=0.79 m, idx=6459)
[INFO] [1782979598.381] [/local_avoidance]: [local_avoidance] DEACTIVATED
[WARN] [1782979598.412] [/px4_ctrl_bridge]: [px4_bridge] avoidance released -> published /planning/replan
[INFO] [1782979598.412] [/exploration_node]: [EV] [1782979598.412][    +23.5s][PLAN_TRAJ_RTH] RTH d2goal=3.0m | auto-home(xy) dist=3.34m tol=0.20m goal=(-0.02, 0.01, 1.25)
[INFO] [1782979598.417] [/exploration_node]: [33m[Path Simplification] Reduced path from 4 to 3 nodes, 2 collision checks, 0.07 ms[0m
[INFO] [1782979598.417] [/exploration_node]:   Segment 1: 1.09 m
[INFO] [1782979598.417] [/exploration_node]:   Segment 2: 4.31 m
[WARN] [1782979598.431] [/local_avoidance]: [local_avoidance] ACTIVATED  (min_dist=0.79 m, idx=4417)
[INFO] [1782979598.481] [/local_avoidance]: [local_avoidance] DEACTIVATED
[INFO] [1782979598.506] [/exploration_node]: [EV] [1782979598.506][    +23.6s][PLAN_TRAJ_RTH] RTH d2goal=3.0m | auto-home(xy) dist=3.33m tol=0.20m goal=(-0.02, 0.01, 1.25)
[INFO] [1782979598.511] [/exploration_node]: [33m[Path Simplification] Reduced path from 4 to 3 nodes, 2 collision checks, 0.07 ms[0m
[INFO] [1782979598.511] [/exploration_node]:   Segment 1: 1.10 m
[INFO] [1782979598.511] [/exploration_node]:   Segment 2: 4.31 m
[WARN] [1782979598.512] [/px4_ctrl_bridge]: [px4_bridge] avoidance released -> published /planning/replan
[WARN] [1782979598.531] [/local_avoidance]: [local_avoidance] ACTIVATED  (min_dist=0.79 m, idx=6875)
[INFO] [1782979598.584] [/local_avoidance]: [local_avoidance] DEACTIVATED
[INFO] [1782979598.612] [/exploration_node]: [EV] [1782979598.612][    +23.7s][PLAN_TRAJ_RTH] RTH d2goal=3.0m | auto-home(xy) dist=3.30m tol=0.20m goal=(-0.02, 0.01, 1.25)
[WARN] [1782979598.613] [/px4_ctrl_bridge]: [px4_bridge] avoidance released -> published /planning/replan
[INFO] [1782979598.616] [/exploration_node]: [33m[Path Simplification] Reduced path from 4 to 3 nodes, 2 collision checks, 0.05 ms[0m
[INFO] [1782979598.616] [/exploration_node]:   Segment 1: 1.12 m
[INFO] [1782979598.616] [/exploration_node]:   Segment 2: 4.31 m
[INFO] [1782979599.278] [/exploration_node]: [33m[Path Simplification] Reduced path from 4 to 2 nodes, 2 collision checks, 0.06 ms[0m
[INFO] [1782979599.278] [/exploration_node]:   Segment 1: 3.25 m
[INFO] [1782979599.279] [/exploration_node]: [EV] [1782979599.279][    +24.4s][EXEC_TRAJ] GLOBAL result=RTH_PATH_OK | why: path to goal: 2 nodes / 3.3m (connected via 2) | clusters=1(reach 0) vp=0(reach 0) pipe[tot=1 dorm=0 unreach=1 cons=0 nocand=0 topo=0 novis=0 ok=0] tour=2n/3.3m goal=(4.3, 0.3, 1.0) t=5ms
[INFO] [1782979599.279] [/exploration_node]: [EV] [1782979599.279][    +24.4s][PLAN_TRAJ_RTH] STATE EXEC_TRAJ -> PLAN_TRAJ_RTH [planGoalPath: succeed] |  (prev cycle x7/1.0s)
[INFO] [1782979599.279] [/exploration_node]: [EV] [1782979599.279][    +24.4s][PLAN_TRAJ_RTH] RTH d2goal=3.0m | auto-home(xy) dist=3.22m tol=0.20m goal=(-0.02, 0.01, 1.25)
[INFO] [1782979599.284] [/exploration_node]: [33m[Path Simplification] Reduced path from 4 to 2 nodes, 2 collision checks, 0.06 ms[0m
[INFO] [1782979599.284] [/exploration_node]:   Segment 1: 3.25 m
[WARN] [1782979599.314] [/exploration_node]: [EV] [1782979599.314][    +24.4s][PLAN_TRAJ_RTH] STATE EXEC_TRAJ -> PLAN_TRAJ_RTH [safetyCallback: not safe, time:2.474333] |  (prev cycle x1/0.0s)
[INFO] [1782979599.323] [/exploration_node]: [EV] [1782979599.323][    +24.5s][PLAN_TRAJ_RTH] RTH d2goal=3.0m | auto-home(xy) dist=3.21m tol=0.20m goal=(-0.02, 0.01, 1.25)
[INFO] [1782979599.327] [/exploration_node]: [33m[Path Simplification] Reduced path from 4 to 2 nodes, 2 collision checks, 0.06 ms[0m
[INFO] [1782979599.327] [/exploration_node]:   Segment 1: 3.24 m
[WARN] [1782979599.359] [/exploration_node]: [EV] [1782979599.359][    +24.5s][PLAN_TRAJ_RTH] STATE EXEC_TRAJ -> PLAN_TRAJ_RTH [safetyCallback: not safe, time:2.476657] |  (prev cycle x1/0.0s)
[INFO] [1782979599.371] [/exploration_node]: [33m[Path Simplification] Reduced path from 4 to 2 nodes, 2 collision checks, 0.06 ms[0m
[INFO] [1782979599.371] [/exploration_node]:   Segment 1: 3.24 m
[WARN] [1782979599.410] [/exploration_node]: [EV] [1782979599.410][    +24.5s][PLAN_TRAJ_RTH] STATE EXEC_TRAJ -> PLAN_TRAJ_RTH [safetyCallback: not safe, time:2.534236] |  (prev cycle x1/0.1s)
[WARN] [1782979599.414] [/exploration_node]: [EV] [1782979599.414][    +24.5s][PLAN_TRAJ_RTH] STATE PLAN_TRAJ_RTH -> PLAN_TRAJ_RTH [safetyCallback: not safe, time:2.538366]
[INFO] [1782979599.424] [/exploration_node]: [33m[Path Simplification] Reduced path from 4 to 2 nodes, 2 collision checks, 0.07 ms[0m
[INFO] [1782979599.424] [/exploration_node]:   Segment 1: 3.24 m
[INFO] [1782979599.453] [/exploration_node]: [EV] [1782979599.453][    +24.6s][EXEC_TRAJ] STATE PLAN_TRAJ_RTH -> EXEC_TRAJ [PLAN_TRAJ_RTH: plan success]
[WARN] [1782979599.459] [/exploration_node]: [EV] [1782979599.459][    +24.6s][PLAN_TRAJ_RTH] STATE EXEC_TRAJ -> PLAN_TRAJ_RTH [safetyCallback: not safe, time:2.580001]
[INFO] [1782979599.467] [/exploration_node]: [33m[Path Simplification] Reduced path from 4 to 2 nodes, 2 collision checks, 0.06 ms[0m
[INFO] [1782979599.467] [/exploration_node]:   Segment 1: 3.24 m
[INFO] [1782979599.509] [/exploration_node]: [33m[Path Simplification] Reduced path from 4 to 2 nodes, 2 collision checks, 0.07 ms[0m
[INFO] [1782979599.509] [/exploration_node]:   Segment 1: 3.24 m
[INFO] [1782979599.510] [/exploration_node]: [EV] [1782979599.510][    +24.6s][EXEC_TRAJ] GLOBAL result=RTH_PATH_OK | why: path to goal: 2 nodes / 3.2m (connected via 2) | clusters=1(reach 0) vp=0(reach 0) pipe[tot=1 dorm=0 unreach=1 cons=0 nocand=0 topo=0 novis=0 ok=0] tour=2n/3.2m goal=(-0.0, 0.0, 1.2) t=6ms
[INFO] [1782979599.510] [/exploration_node]: [EV] [1782979599.510][    +24.6s][PLAN_TRAJ_RTH] STATE EXEC_TRAJ -> PLAN_TRAJ_RTH [planGoalPath: succeed] |  (prev cycle x1/0.1s)
[INFO] [1782979599.515] [/exploration_node]: [33m[Path Simplification] Reduced path from 4 to 2 nodes, 2 collision checks, 0.06 ms[0m
[INFO] [1782979599.515] [/exploration_node]:   Segment 1: 3.24 m
[WARN] [1782979599.547] [/exploration_node]: [EV] [1782979599.547][    +24.7s][PLAN_TRAJ_RTH] STATE EXEC_TRAJ -> PLAN_TRAJ_RTH [safetyCallback: not safe, time:2.376700] |  (prev cycle x1/0.0s)
[INFO] [1782979599.555] [/exploration_node]: [EV] [1782979599.555][    +24.7s][PLAN_TRAJ_RTH] RTH d2goal=3.0m | auto-home(xy) dist=3.20m tol=0.20m goal=(-0.02, 0.01, 1.25) (x4)
[INFO] [1782979599.559] [/exploration_node]: [33m[Path Simplification] Reduced path from 4 to 2 nodes, 2 collision checks, 0.07 ms[0m
[INFO] [1782979599.559] [/exploration_node]:   Segment 1: 3.23 m
[WARN] [1782979599.590] [/exploration_node]: [EV] [1782979599.590][    +24.7s][PLAN_TRAJ_RTH] STATE EXEC_TRAJ -> PLAN_TRAJ_RTH [safetyCallback: not safe, time:2.324869] |  (prev cycle x1/0.0s)
[INFO] [1782979599.603] [/exploration_node]: [33m[Path Simplification] Reduced path from 4 to 2 nodes, 2 collision checks, 0.07 ms[0m
[INFO] [1782979599.603] [/exploration_node]:   Segment 1: 3.23 m
[WARN] [1782979599.634] [/exploration_node]: [EV] [1782979599.634][    +24.8s][PLAN_TRAJ_RTH] STATE EXEC_TRAJ -> PLAN_TRAJ_RTH [safetyCallback: not safe, time:2.275592] |  (prev cycle x1/0.0s)
[INFO] [1782979599.642] [/exploration_node]: [EV] [1782979599.642][    +24.8s][PLAN_TRAJ_RTH] RTH d2goal=3.0m | auto-home(xy) dist=3.19m tol=0.20m goal=(-0.02, 0.01, 1.25) (x1)
[INFO] [1782979599.647] [/exploration_node]: [33m[Path Simplification] Reduced path from 4 to 2 nodes, 2 collision checks, 0.07 ms[0m
[INFO] [1782979599.647] [/exploration_node]:   Segment 1: 3.22 m
[WARN] [1782979599.677] [/exploration_node]: [EV] [1782979599.677][    +24.8s][PLAN_TRAJ_RTH] STATE EXEC_TRAJ -> PLAN_TRAJ_RTH [safetyCallback: not safe, time:2.276053] |  (prev cycle x1/0.0s)
[INFO] [1782979599.691] [/exploration_node]: [33m[Path Simplification] Reduced path from 4 to 2 nodes, 2 collision checks, 0.08 ms[0m
[INFO] [1782979599.691] [/exploration_node]:   Segment 1: 3.22 m
[WARN] [1782979599.724] [/exploration_node]: [EV] [1782979599.724][    +24.9s][PLAN_TRAJ_RTH] STATE EXEC_TRAJ -> PLAN_TRAJ_RTH [safetyCallback: not safe, time:2.227883] |  (prev cycle x1/0.0s)
[INFO] [1782979599.733] [/exploration_node]: [33m[Path Simplification] Reduced path from 4 to 2 nodes, 2 collision checks, 0.08 ms[0m
[INFO] [1782979599.733] [/exploration_node]:   Segment 1: 3.22 m
[INFO] [1782979599.734] [/exploration_node]: [EV] [1782979599.734][    +24.9s][PLAN_TRAJ_RTH] STATE PLAN_TRAJ_RTH -> PLAN_TRAJ_RTH [planGoalPath: succeed]
[INFO] [1782979599.739] [/exploration_node]: [33m[Path Simplification] Reduced path from 4 to 2 nodes, 2 collision checks, 0.08 ms[0m
[INFO] [1782979599.739] [/exploration_node]:   Segment 1: 3.22 m
[INFO] [1782979599.768] [/exploration_node]: [EV] [1782979599.768][    +24.9s][EXEC_TRAJ] STATE PLAN_TRAJ_RTH -> EXEC_TRAJ [PLAN_TRAJ_RTH: plan success]
[WARN] [1782979599.770] [/exploration_node]: [EV] [1782979599.770][    +24.9s][PLAN_TRAJ_RTH] STATE EXEC_TRAJ -> PLAN_TRAJ_RTH [safetyCallback: not safe, time:2.325892]
[INFO] [1782979599.783] [/exploration_node]: [33m[Path Simplification] Reduced path from 4 to 2 nodes, 2 collision checks, 0.08 ms[0m
[INFO] [1782979599.783] [/exploration_node]:   Segment 1: 3.21 m
[WARN] [1782979599.813] [/exploration_node]: [EV] [1782979599.813][    +24.9s][PLAN_TRAJ_RTH] STATE EXEC_TRAJ -> PLAN_TRAJ_RTH [safetyCallback: not safe, time:2.272706] |  (prev cycle x1/0.0s)
[INFO] [1782979599.822] [/exploration_node]: [EV] [1782979599.821][    +25.0s][PLAN_TRAJ_RTH] RTH d2goal=3.0m | auto-home(xy) dist=3.17m tol=0.20m goal=(-0.02, 0.01, 1.25) (x3)
[INFO] [1782979599.826] [/exploration_node]: [33m[Path Simplification] Reduced path from 4 to 2 nodes, 2 collision checks, 0.08 ms[0m
[INFO] [1782979599.826] [/exploration_node]:   Segment 1: 3.20 m
[WARN] [1782979599.864] [/exploration_node]: [EV] [1782979599.864][    +25.0s][PLAN_TRAJ_RTH] STATE EXEC_TRAJ -> PLAN_TRAJ_RTH [safetyCallback: not safe, time:2.183921] |  (prev cycle x1/0.1s)
[INFO] [1782979599.871] [/exploration_node]: [33m[Path Simplification] Reduced path from 4 to 3 nodes, 2 collision checks, 0.07 ms[0m
[INFO] [1782979599.871] [/exploration_node]:   Segment 1: 1.24 m
[INFO] [1782979599.871] [/exploration_node]:   Segment 2: 4.31 m
[INFO] [1782979600.094] [/exploration_node]: [EV] [1782979600.094][    +25.2s][EXEC_TRAJ] BATT 23.0V | v=23.40V pct=60%
[INFO] [1782979600.548] [/exploration_node]: [33m[Path Simplification] Reduced path from 4 to 2 nodes, 2 collision checks, 0.07 ms[0m
[INFO] [1782979600.549] [/exploration_node]:   Segment 1: 3.31 m
[INFO] [1782979600.550] [/exploration_node]: [EV] [1782979600.550][    +25.7s][PLAN_TRAJ_RTH] STATE EXEC_TRAJ -> PLAN_TRAJ_RTH [planGoalPath: succeed] |  (prev cycle x1/0.7s)
[INFO] [1782979600.550] [/exploration_node]: [EV] [1782979600.550][    +25.7s][PLAN_TRAJ_RTH] RTH d2goal=3.0m | auto-home(xy) dist=3.28m tol=0.20m goal=(-0.02, 0.01, 1.25) (x1)
[INFO] [1782979600.554] [/exploration_node]: [33m[Path Simplification] Reduced path from 4 to 2 nodes, 2 collision checks, 0.07 ms[0m
[INFO] [1782979600.554] [/exploration_node]:   Segment 1: 3.31 m
[INFO] [1782979601.093] [/mavros]: HP: requesting home position
[INFO] [1782979601.163] [/exploration_node]: [33m[Path Simplification] Reduced path from 4 to 2 nodes, 2 collision checks, 0.06 ms[0m
[INFO] [1782979601.163] [/exploration_node]:   Segment 1: 3.64 m
[INFO] [1782979601.165] [/exploration_node]: [EV] [1782979601.165][    +26.3s][EXEC_TRAJ] GLOBAL result=RTH_PATH_OK | why: path to goal: 2 nodes / 3.6m (connected via 2) | clusters=1(reach 0) vp=0(reach 0) pipe[tot=1 dorm=0 unreach=0 cons=1 nocand=0 topo=1 novis=0 ok=0] tour=2n/3.6m goal=(-0.0, 0.0, 1.2) t=6ms (prev cycle x1/1.7s)
[INFO] [1782979601.168] [/exploration_node]: [EV] [1782979601.168][    +26.3s][PLAN_TRAJ_RTH] RTH d2goal=3.5m | auto-home(xy) dist=3.65m tol=0.20m goal=(-0.02, 0.01, 1.25)
[INFO] [1782979601.180] [/exploration_node]: [33m[Path Simplification] Reduced path from 4 to 2 nodes, 2 collision checks, 0.05 ms[0m
[INFO] [1782979601.180] [/exploration_node]:   Segment 1: 3.66 m
[INFO] [1782979601.815] [/exploration_node]: [33m[Path Simplification] Reduced path from 4 to 2 nodes, 2 collision checks, 0.09 ms[0m
[INFO] [1782979601.815] [/exploration_node]:   Segment 1: 4.08 m
[INFO] [1782979601.817] [/exploration_node]: [EV] [1782979601.817][    +26.9s][EXEC_TRAJ] GLOBAL result=RTH_PATH_OK | why: path to goal: 2 nodes / 4.1m (connected via 1) | clusters=1(reach 0) vp=0(reach 0) pipe[tot=2 dorm=0 unreach=0 cons=2 nocand=0 topo=1 novis=0 ok=1] tour=2n/4.1m goal=(-0.0, 0.0, 1.2) t=10ms
[INFO] [1782979601.817] [/exploration_node]: [EV] [1782979601.817][    +26.9s][PLAN_TRAJ_RTH] RTH d2goal=4.0m | auto-home(xy) dist=4.06m tol=0.20m goal=(-0.02, 0.01, 1.25)
[INFO] [1782979601.825] [/exploration_node]: [33m[Path Simplification] Reduced path from 4 to 2 nodes, 2 collision checks, 0.07 ms[0m
[INFO] [1782979601.825] [/exploration_node]:   Segment 1: 4.08 m
[INFO] [1782979602.094] [/exploration_node]: [EV] [1782979602.093][    +27.2s][EXEC_TRAJ] BATT 23.0V | v=23.39V pct=62%
[INFO] [1782979602.456] [/exploration_node]: [33m[Path Simplification] Reduced path from 4 to 2 nodes, 2 collision checks, 0.14 ms[0m
[INFO] [1782979602.456] [/exploration_node]:   Segment 1: 4.28 m
[INFO] [1782979602.457] [/exploration_node]: [EV] [1782979602.457][    +27.6s][EXEC_TRAJ] GLOBAL result=RTH_PATH_OK | why: path to goal: 2 nodes / 4.3m (connected via 1) | clusters=1(reach 0) vp=0(reach 0) pipe[tot=1 dorm=0 unreach=0 cons=1 nocand=0 topo=0 novis=1 ok=0] tour=2n/4.3m goal=(-0.0, 0.0, 1.2) t=9ms
[INFO] [1782979602.458] [/exploration_node]: [EV] [1782979602.458][    +27.6s][PLAN_TRAJ_RTH] RTH d2goal=4.0m | auto-home(xy) dist=4.27m tol=0.20m goal=(-0.02, 0.01, 1.25)
[INFO] [1782979602.465] [/exploration_node]: [33m[Path Simplification] Reduced path from 4 to 2 nodes, 2 collision checks, 0.13 ms[0m
[INFO] [1782979602.465] [/exploration_node]:   Segment 1: 4.28 m
[INFO] [1782979603.100] [/exploration_node]: [33m[Path Simplification] Reduced path from 4 to 2 nodes, 2 collision checks, 0.13 ms[0m
[INFO] [1782979603.100] [/exploration_node]:   Segment 1: 4.06 m
[INFO] [1782979603.101] [/exploration_node]: [EV] [1782979603.101][    +28.2s][PLAN_TRAJ_RTH] RTH d2goal=4.0m | auto-home(xy) dist=4.05m tol=0.20m goal=(-0.02, 0.01, 1.25)
[INFO] [1782979603.108] [/exploration_node]: [33m[Path Simplification] Reduced path from 4 to 2 nodes, 2 collision checks, 0.11 ms[0m
[INFO] [1782979603.108] [/exploration_node]:   Segment 1: 4.06 m
[INFO] [1782979603.753] [/exploration_node]: [33m[Path Simplification] Reduced path from 4 to 2 nodes, 2 collision checks, 0.12 ms[0m
[INFO] [1782979603.753] [/exploration_node]:   Segment 1: 3.57 m
[INFO] [1782979603.754] [/exploration_node]: [EV] [1782979603.754][    +28.9s][EXEC_TRAJ] GLOBAL result=RTH_PATH_OK | why: path to goal: 2 nodes / 3.6m (connected via 1) | clusters=1(reach 0) vp=0(reach 0) pipe[tot=1 dorm=0 unreach=1 cons=0 nocand=0 topo=0 novis=0 ok=0] tour=2n/3.6m goal=(-0.0, 0.0, 1.2) t=8ms (prev cycle x1/1.3s)
[INFO] [1782979603.761] [/exploration_node]: [33m[Path Simplification] Reduced path from 4 to 2 nodes, 2 collision checks, 0.09 ms[0m
[INFO] [1782979603.761] [/exploration_node]:   Segment 1: 3.57 m
[INFO] [1782979603.788] [/exploration_node]: [EV] [1782979603.788][    +28.9s][PLAN_TRAJ_RTH] LOCAL RTH OK | t=33.6ms (x25)
[INFO] [1782979604.091] [/exploration_node]: [EV] [1782979604.091][    +29.2s][EXEC_TRAJ] BATT 23.0V | v=23.37V pct=60%
[INFO] [1782979604.375] [/exploration_node]: [33m[Path Simplification] Reduced path from 4 to 2 nodes, 2 collision checks, 0.06 ms[0m
[INFO] [1782979604.375] [/exploration_node]:   Segment 1: 2.91 m
[INFO] [1782979604.376] [/exploration_node]: [EV] [1782979604.376][    +29.5s][EXEC_TRAJ] GLOBAL result=RTH_PATH_OK | why: path to goal: 2 nodes / 2.9m (connected via 1) | clusters=1(reach 0) vp=0(reach 0) pipe[tot=1 dorm=0 unreach=1 cons=0 nocand=0 topo=0 novis=0 ok=0] tour=2n/2.9m goal=(-0.0, 0.0, 1.2) t=9ms
[INFO] [1782979604.377] [/exploration_node]: [EV] [1782979604.377][    +29.5s][PLAN_TRAJ_RTH] RTH d2goal=2.5m | auto-home(xy) dist=2.90m tol=0.20m goal=(-0.02, 0.01, 1.25) (prev cycle x1/2.6s)
[INFO] [1782979604.384] [/exploration_node]: [33m[Path Simplification] Reduced path from 4 to 2 nodes, 2 collision checks, 0.08 ms[0m
[INFO] [1782979604.384] [/exploration_node]:   Segment 1: 2.91 m
[INFO] [1782979605.007] [/exploration_node]: [33m[Path Simplification] Reduced path from 4 to 2 nodes, 2 collision checks, 0.04 ms[0m
[INFO] [1782979605.007] [/exploration_node]:   Segment 1: 2.25 m
[INFO] [1782979605.008] [/exploration_node]: [EV] [1782979605.008][    +30.1s][EXEC_TRAJ] GLOBAL result=RTH_PATH_OK | why: path to goal: 2 nodes / 2.3m (connected via 1) | clusters=1(reach 0) vp=0(reach 0) pipe[tot=1 dorm=0 unreach=1 cons=0 nocand=0 topo=0 novis=0 ok=0] tour=2n/2.3m goal=(-0.0, 0.0, 1.2) t=7ms
[INFO] [1782979605.009] [/exploration_node]: [EV] [1782979605.009][    +30.1s][PLAN_TRAJ_RTH] RTH d2goal=2.0m | auto-home(xy) dist=2.24m tol=0.20m goal=(-0.02, 0.01, 1.25)
[INFO] [1782979605.015] [/exploration_node]: [33m[Path Simplification] Reduced path from 4 to 2 nodes, 2 collision checks, 0.05 ms[0m
[INFO] [1782979605.015] [/exploration_node]:   Segment 1: 2.25 m
[INFO] [1782979605.641] [/exploration_node]: [33m[Path Simplification] Reduced path from 4 to 2 nodes, 2 collision checks, 0.03 ms[0m
[INFO] [1782979605.641] [/exploration_node]:   Segment 1: 1.58 m
[INFO] [1782979605.642] [/exploration_node]: [EV] [1782979605.642][    +30.8s][EXEC_TRAJ] GLOBAL result=RTH_PATH_OK | why: path to goal: 2 nodes / 1.6m (connected via 1) | clusters=1(reach 0) vp=0(reach 0) pipe[tot=1 dorm=0 unreach=1 cons=0 nocand=0 topo=0 novis=0 ok=0] tour=2n/1.6m goal=(-0.0, 0.0, 1.2) t=7ms
[INFO] [1782979605.642] [/exploration_node]: [EV] [1782979605.642][    +30.8s][PLAN_TRAJ_RTH] RTH d2goal=1.5m | auto-home(xy) dist=1.57m tol=0.20m goal=(-0.02, 0.01, 1.25)
[INFO] [1782979605.648] [/exploration_node]: [33m[Path Simplification] Reduced path from 4 to 2 nodes, 2 collision checks, 0.03 ms[0m
[INFO] [1782979605.648] [/exploration_node]:   Segment 1: 1.58 m
[INFO] [1782979606.092] [/exploration_node]: [EV] [1782979606.092][    +31.2s][EXEC_TRAJ] BATT 23.0V | v=23.35V pct=60%
[WARN] [1782979606.266] [/exploration_node]: [Goal Planning] Goal not reachable! Fallback: navigate to closest frontier
[ERROR] [1782979606.266] [/exploration_node]: [Goal Planning] No frontiers available for fallback!
[WARN] [1782979606.266] [/exploration_node]: [EV] [1782979606.266][    +31.4s][EXEC_TRAJ] GLOBAL result=RTH_NO_FRONTIER | why: goal unreachable (0 verified connections) and no frontier viewpoints for fallback pipe[tot=0 dorm=0 unreach=0 cons=0 nocand=0 topo=0 novis=0 ok=0] | clusters=1(reach 0) vp=0(reach 0) pipe[tot=0 dorm=0 unreach=0 cons=0 nocand=0 topo=0 novis=0 ok=0] tour=2n/1.6m goal=(-0.0, 0.0, 1.2) t=9ms
[WARN] [1782979607.371] [/exploration_node]: [EV] [1782979607.371][    +32.5s][EXEC_TRAJ] GLOBAL result=RTH_NO_FRONTIER | why: goal unreachable (0 verified connections) and no frontier viewpoints for fallback pipe[tot=0 dorm=0 unreach=0 cons=0 nocand=0 topo=0 novis=0 ok=0] | clusters=1(reach 0) vp=0(reach 0) pipe[tot=0 dorm=0 unreach=0 cons=0 nocand=0 topo=0 novis=0 ok=0] tour=2n/1.6m goal=(-0.0, 0.0, 1.2) t=7ms (x4)
[INFO] [1782979608.090] [/exploration_node]: [EV] [1782979608.090][    +33.2s][EXEC_TRAJ] BATT 23.0V | v=23.31V pct=59%
[WARN] [1782979608.477] [/exploration_node]: [Goal Planning] Goal not reachable! Fallback: navigate to closest frontier
[ERROR] [1782979608.477] [/exploration_node]: [Goal Planning] No frontiers available for fallback!
[WARN] [1782979608.477] [/exploration_node]: [EV] [1782979608.477][    +33.6s][EXEC_TRAJ] GLOBAL result=RTH_NO_FRONTIER | why: goal unreachable (0 verified connections) and no frontier viewpoints for fallback pipe[tot=0 dorm=0 unreach=0 cons=0 nocand=0 topo=0 novis=0 ok=0] | clusters=1(reach 0) vp=0(reach 0) pipe[tot=0 dorm=0 unreach=0 cons=0 nocand=0 topo=0 novis=0 ok=0] tour=2n/1.6m goal=(-0.0, 0.0, 1.2) t=6ms (x4)
[WARN] [1782979609.760] [/exploration_node]: [EV] [1782979609.760][    +34.9s][EXEC_TRAJ] GLOBAL result=RTH_NO_FRONTIER | why: goal unreachable (0 verified connections) and no frontier viewpoints for fallback pipe[tot=0 dorm=0 unreach=0 cons=0 nocand=0 topo=0 novis=0 ok=0] | clusters=1(reach 0) vp=0(reach 0) pipe[tot=0 dorm=0 unreach=0 cons=0 nocand=0 topo=0 novis=0 ok=0] tour=2n/1.6m goal=(-0.0, 0.0, 1.2) t=7ms (x5)
[INFO] [1782979610.090] [/exploration_node]: [EV] [1782979610.090][    +35.2s][EXEC_TRAJ] BATT 23.0V | v=23.07V pct=56%
[WARN] [1782979610.635] [/exploration_node]: [Goal Planning] Goal not reachable! Fallback: navigate to closest frontier
[ERROR] [1782979610.635] [/exploration_node]: [Goal Planning] No frontiers available for fallback!
[WARN] [1782979610.864] [/exploration_node]: [EV] [1782979610.864][    +36.0s][EXEC_TRAJ] GLOBAL result=RTH_NO_FRONTIER | why: goal unreachable (0 verified connections) and no frontier viewpoints for fallback pipe[tot=0 dorm=0 unreach=0 cons=0 nocand=0 topo=0 novis=0 ok=0] | clusters=1(reach 0) vp=0(reach 0) pipe[tot=0 dorm=0 unreach=0 cons=0 nocand=0 topo=0 novis=0 ok=0] tour=2n/1.6m goal=(-0.0, 0.0, 1.2) t=6ms (x4)
[INFO] [1782979611.092] [/mavros]: HP: requesting home position
[WARN] [1782979611.965] [/exploration_node]: [EV] [1782979611.965][    +37.1s][EXEC_TRAJ] GLOBAL result=RTH_NO_FRONTIER | why: goal unreachable (0 verified connections) and no frontier viewpoints for fallback pipe[tot=0 dorm=0 unreach=0 cons=0 nocand=0 topo=0 novis=0 ok=0] | clusters=1(reach 0) vp=0(reach 0) pipe[tot=0 dorm=0 unreach=0 cons=0 nocand=0 topo=0 novis=0 ok=0] tour=2n/1.6m goal=(-0.0, 0.0, 1.2) t=7ms (x4)
[INFO] [1782979612.089] [/exploration_node]: [EV] [1782979612.089][    +37.2s][EXEC_TRAJ] BATT 23.0V | v=23.02V pct=55%
[WARN] [1782979612.847] [/exploration_node]: [Goal Planning] Goal not reachable! Fallback: navigate to closest frontier
[ERROR] [1782979612.847] [/exploration_node]: [Goal Planning] No frontiers available for fallback!
[WARN] [1782979613.292] [/exploration_node]: [EV] [1782979613.292][    +38.4s][EXEC_TRAJ] GLOBAL result=RTH_NO_FRONTIER | why: goal unreachable (0 verified connections) and no frontier viewpoints for fallback pipe[tot=0 dorm=0 unreach=0 cons=0 nocand=0 topo=0 novis=0 ok=0] | clusters=1(reach 0) vp=0(reach 0) pipe[tot=0 dorm=0 unreach=0 cons=0 nocand=0 topo=0 novis=0 ok=0] tour=2n/1.6m goal=(-0.0, 0.0, 1.2) t=8ms (x5)
[INFO] [1782979614.087] [/exploration_node]: [EV] [1782979614.087][    +39.2s][EXEC_TRAJ] BATT 23.0V | v=23.06V pct=54%
[WARN] [1782979614.406] [/exploration_node]: [EV] [1782979614.406][    +39.5s][EXEC_TRAJ] GLOBAL result=RTH_NO_FRONTIER | why: goal unreachable (0 verified connections) and no frontier viewpoints for fallback pipe[tot=0 dorm=0 unreach=0 cons=0 nocand=0 topo=0 novis=0 ok=0] | clusters=1(reach 0) vp=0(reach 0) pipe[tot=0 dorm=0 unreach=0 cons=0 nocand=0 topo=0 novis=0 ok=0] tour=2n/1.6m goal=(-0.0, 0.0, 1.2) t=6ms (x4)
[WARN] [1782979615.061] [/exploration_node]: [Goal Planning] Goal not reachable! Fallback: navigate to closest frontier
[ERROR] [1782979615.061] [/exploration_node]: [Goal Planning] No frontiers available for fallback!
[INFO] [1782979616.087] [/exploration_node]: [EV] [1782979616.087][    +41.2s][EXEC_TRAJ] BATT 22.5V | v=22.96V pct=54%
[WARN] [1782979616.343] [/exploration_node]: [EV] [1782979616.343][    +41.5s][EXEC_TRAJ] GLOBAL result=RTH_NO_FRONTIER | why: goal unreachable (0 verified connections) and no frontier viewpoints for fallback pipe[tot=0 dorm=0 unreach=0 cons=0 nocand=0 topo=0 novis=0 ok=0] | clusters=1(reach 0) vp=0(reach 0) pipe[tot=0 dorm=0 unreach=0 cons=0 nocand=0 topo=0 novis=0 ok=0] tour=2n/1.6m goal=(-0.0, 0.0, 1.2) t=5ms (x8)
[WARN] [1782979617.199] [/exploration_node]: [Goal Planning] Goal not reachable! Fallback: navigate to closest frontier
[ERROR] [1782979617.199] [/exploration_node]: [Goal Planning] No frontiers available for fallback!
[WARN] [1782979617.413] [/exploration_node]: [EV] [1782979617.413][    +42.5s][EXEC_TRAJ] GLOBAL result=RTH_NO_FRONTIER | why: goal unreachable (0 verified connections) and no frontier viewpoints for fallback pipe[tot=0 dorm=0 unreach=0 cons=0 nocand=0 topo=0 novis=0 ok=0] | clusters=1(reach 0) vp=0(reach 0) pipe[tot=0 dorm=0 unreach=0 cons=0 nocand=0 topo=0 novis=0 ok=0] tour=2n/1.6m goal=(-0.0, 0.0, 1.2) t=6ms (x4)
[INFO] [1782979618.086] [/exploration_node]: [EV] [1782979618.086][    +43.2s][EXEC_TRAJ] BATT 22.5V | v=22.86V pct=52%
[WARN] [1782979618.978] [/exploration_node]: [EV] [1782979618.978][    +44.1s][EXEC_TRAJ] GLOBAL result=RTH_NO_FRONTIER | why: goal unreachable (0 verified connections) and no frontier viewpoints for fallback pipe[tot=0 dorm=0 unreach=0 cons=0 nocand=0 topo=0 novis=0 ok=0] | clusters=1(reach 0) vp=0(reach 0) pipe[tot=0 dorm=0 unreach=0 cons=0 nocand=0 topo=0 novis=0 ok=0] tour=2n/1.6m goal=(-0.0, 0.0, 1.2) t=7ms (x6)
[WARN] [1782979619.411] [/exploration_node]: [Goal Planning] Goal not reachable! Fallback: navigate to closest frontier
[ERROR] [1782979619.411] [/exploration_node]: [Goal Planning] No frontiers available for fallback!
[WARN] [1782979620.066] [/exploration_node]: [EV] [1782979620.066][    +45.2s][EXEC_TRAJ] GLOBAL result=RTH_NO_FRONTIER | why: goal unreachable (0 verified connections) and no frontier viewpoints for fallback pipe[tot=0 dorm=0 unreach=0 cons=0 nocand=0 topo=0 novis=0 ok=0] | clusters=1(reach 0) vp=0(reach 0) pipe[tot=0 dorm=0 unreach=0 cons=0 nocand=0 topo=0 novis=0 ok=0] tour=2n/1.6m goal=(-0.0, 0.0, 1.2) t=8ms (x4)
[INFO] [1782979620.085] [/exploration_node]: [EV] [1782979620.085][    +45.2s][EXEC_TRAJ] BATT 22.5V | v=22.94V pct=50%
[INFO] [1782979621.092] [/mavros]: HP: requesting home position
[WARN] [1782979621.155] [/exploration_node]: [EV] [1782979621.155][    +46.3s][EXEC_TRAJ] GLOBAL result=RTH_NO_FRONTIER | why: goal unreachable (0 verified connections) and no frontier viewpoints for fallback pipe[tot=0 dorm=0 unreach=0 cons=0 nocand=0 topo=0 novis=0 ok=0] | clusters=1(reach 0) vp=0(reach 0) pipe[tot=0 dorm=0 unreach=0 cons=0 nocand=0 topo=0 novis=0 ok=0] tour=2n/1.6m goal=(-0.0, 0.0, 1.2) t=6ms (x4)
[WARN] [1782979621.589] [/exploration_node]: [Goal Planning] Goal not reachable! Fallback: navigate to closest frontier
[ERROR] [1782979621.589] [/exploration_node]: [Goal Planning] No frontiers available for fallback!
[ERROR] [1782979621.623] [/exploration_node]: [EV] [1782979621.623][    +46.8s][EXEC_TRAJ] STUCK no motion >8s in EXEC_TRAJ | last-local: OK | pos=(-0.06, -0.06, 1.14) still=8s
[WARN] [1782979622.049] [/exploration_node]: [EV] [1782979622.048][    +47.2s][EXEC_TRAJ] PX4 mode=POSCTL armed=1 (LEFT OFFBOARD: pilot takeover or failsafe) | prev=OFFBOARD
[WARN] [1782979622.476] [/exploration_node]: [EV] [1782979622.476][    +47.6s][EXEC_TRAJ] GLOBAL result=RTH_NO_FRONTIER | why: goal unreachable (0 verified connections) and no frontier viewpoints for fallback pipe[tot=0 dorm=0 unreach=0 cons=0 nocand=0 topo=0 novis=0 ok=0] | clusters=1(reach 0) vp=0(reach 0) pipe[tot=0 dorm=0 unreach=0 cons=0 nocand=0 topo=0 novis=0 ok=0] tour=2n/1.6m goal=(-0.0, 0.0, 1.2) t=8ms (x5)
[WARN] [1782979623.595] [/exploration_node]: [Goal Planning] Goal not reachable! Fallback: navigate to closest frontier
[ERROR] [1782979623.595] [/exploration_node]: [Goal Planning] No frontiers available for fallback!
[WARN] [1782979623.595] [/exploration_node]: [EV] [1782979623.595][    +48.7s][EXEC_TRAJ] GLOBAL result=RTH_NO_FRONTIER | why: goal unreachable (0 verified connections) and no frontier viewpoints for fallback pipe[tot=0 dorm=0 unreach=0 cons=0 nocand=0 topo=0 novis=0 ok=0] | clusters=1(reach 0) vp=0(reach 0) pipe[tot=0 dorm=0 unreach=0 cons=0 nocand=0 topo=0 novis=0 ok=0] tour=2n/1.6m goal=(-0.0, 0.0, 1.2) t=6ms (x4)
[WARN] [1782979624.640] [/exploration_node]: [EV] [1782979624.640][    +49.8s][EXEC_TRAJ] GLOBAL result=RTH_NO_FRONTIER | why: goal unreachable (0 verified connections) and no frontier viewpoints for fallback pipe[tot=0 dorm=0 unreach=0 cons=0 nocand=0 topo=0 novis=0 ok=0] | clusters=1(reach 0) vp=0(reach 0) pipe[tot=0 dorm=0 unreach=0 cons=0 nocand=0 topo=0 novis=0 ok=0] tour=2n/1.6m goal=(-0.0, 0.0, 1.2) t=5ms (x4)
[WARN] [1782979625.753] [/exploration_node]: [Goal Planning] Goal not reachable! Fallback: navigate to closest frontier
[ERROR] [1782979625.753] [/exploration_node]: [Goal Planning] No frontiers available for fallback!
[WARN] [1782979625.753] [/exploration_node]: [EV] [1782979625.753][    +50.9s][EXEC_TRAJ] GLOBAL result=RTH_NO_FRONTIER | why: goal unreachable (0 verified connections) and no frontier viewpoints for fallback pipe[tot=0 dorm=0 unreach=0 cons=0 nocand=0 topo=0 novis=0 ok=0] | clusters=1(reach 0) vp=0(reach 0) pipe[tot=0 dorm=0 unreach=0 cons=0 nocand=0 topo=0 novis=0 ok=0] tour=2n/1.6m goal=(-0.0, 0.0, 1.2) t=6ms (x4)
[WARN] [1782979626.044] [/exploration_node]: [EV] [1782979626.044][    +51.2s][EXEC_TRAJ] PX4 mode=POSCTL armed=0 | prev=POSCTL
[INFO] [1782979626.082] [/exploration_node]: [EV] [1782979626.082][    +51.2s][EXEC_TRAJ] BATT 23.5V | v=23.69V pct=53% (prev cycle x1/10.0s)
[WARN] [1782979627.435] [/exploration_node]: [EV] [1782979627.435][    +52.6s][EXEC_TRAJ] GLOBAL result=RTH_NO_FRONTIER | why: goal unreachable (0 verified connections) and no frontier viewpoints for fallback pipe[tot=0 dorm=0 unreach=0 cons=0 nocand=0 topo=0 novis=0 ok=0] | clusters=1(reach 0) vp=0(reach 0) pipe[tot=0 dorm=0 unreach=0 cons=0 nocand=0 topo=0 novis=0 ok=0] tour=2n/1.6m goal=(-0.0, 0.0, 1.2) t=7ms (x7)
[WARN] [1782979627.854] [/exploration_node]: [Goal Planning] Goal not reachable! Fallback: navigate to closest frontier
[ERROR] [1782979627.854] [/exploration_node]: [Goal Planning] No frontiers available for fallback!
[INFO] [1782979628.081] [/exploration_node]: [EV] [1782979628.081][    +53.2s][EXEC_TRAJ] BATT 23.5V | v=23.98V pct=60%
[WARN] [1782979628.491] [/exploration_node]: [EV] [1782979628.491][    +53.6s][EXEC_TRAJ] GLOBAL result=RTH_NO_FRONTIER | why: goal unreachable (0 verified connections) and no frontier viewpoints for fallback pipe[tot=0 dorm=0 unreach=0 cons=0 nocand=0 topo=0 novis=0 ok=0] | clusters=1(reach 0) vp=0(reach 0) pipe[tot=0 dorm=0 unreach=0 cons=0 nocand=0 topo=0 novis=0 ok=0] tour=2n/1.6m goal=(-0.0, 0.0, 1.2) t=14ms (x4)
[WARN] [1782979629.545] [/exploration_node]: [EV] [1782979629.545][    +54.7s][EXEC_TRAJ] GLOBAL result=RTH_NO_FRONTIER | why: goal unreachable (0 verified connections) and no frontier viewpoints for fallback pipe[tot=0 dorm=0 unreach=0 cons=0 nocand=0 topo=0 novis=0 ok=0] | clusters=1(reach 0) vp=0(reach 0) pipe[tot=0 dorm=0 unreach=0 cons=0 nocand=0 topo=0 novis=0 ok=0] tour=2n/1.6m goal=(-0.0, 0.0, 1.2) t=7ms (x4)
[WARN] [1782979629.970] [/exploration_node]: [Goal Planning] Goal not reachable! Fallback: navigate to closest frontier
[ERROR] [1782979629.970] [/exploration_node]: [Goal Planning] No frontiers available for fallback!
[INFO] [1782979630.079] [/exploration_node]: [EV] [1782979630.079][    +55.2s][EXEC_TRAJ] BATT 24.0V | v=24.08V pct=63%
[WARN] [1782979630.644] [/exploration_node]: [EV] [1782979630.644][    +55.8s][EXEC_TRAJ] GLOBAL result=RTH_NO_FRONTIER | why: goal unreachable (0 verified connections) and no frontier viewpoints for fallback pipe[tot=0 dorm=0 unreach=0 cons=0 nocand=0 topo=0 novis=0 ok=0] | clusters=1(reach 0) vp=0(reach 0) pipe[tot=0 dorm=0 unreach=0 cons=0 nocand=0 topo=0 novis=0 ok=0] tour=2n/1.6m goal=(-0.0, 0.0, 1.2) t=9ms (x4)
[INFO] [1782979631.092] [/mavros]: HP: requesting home position
[WARN] [1782979631.709] [/exploration_node]: [EV] [1782979631.709][    +56.8s][EXEC_TRAJ] GLOBAL result=RTH_NO_FRONTIER | why: goal unreachable (0 verified connections) and no frontier viewpoints for fallback pipe[tot=0 dorm=0 unreach=0 cons=0 nocand=0 topo=0 novis=0 ok=0] | clusters=1(reach 0) vp=0(reach 0) pipe[tot=0 dorm=0 unreach=0 cons=0 nocand=0 topo=0 novis=0 ok=0] tour=2n/1.6m goal=(-0.0, 0.0, 1.2) t=7ms (x4)
[INFO] [1782979632.079] [/exploration_node]: [EV] [1782979632.079][    +57.2s][EXEC_TRAJ] BATT 24.0V | v=24.14V pct=65%
[WARN] [1782979632.134] [/exploration_node]: [Goal Planning] Goal not reachable! Fallback: navigate to closest frontier
[ERROR] [1782979632.134] [/exploration_node]: [Goal Planning] No frontiers available for fallback!
[WARN] [1782979632.980] [/exploration_node]: [EV] [1782979632.980][    +58.1s][EXEC_TRAJ] GLOBAL result=RTH_NO_FRONTIER | why: goal unreachable (0 verified connections) and no frontier viewpoints for fallback pipe[tot=0 dorm=0 unreach=0 cons=0 nocand=0 topo=0 novis=0 ok=0] | clusters=1(reach 0) vp=0(reach 0) pipe[tot=0 dorm=0 unreach=0 cons=0 nocand=0 topo=0 novis=0 ok=0] tour=2n/1.6m goal=(-0.0, 0.0, 1.2) t=5ms (x5)
[WARN] [1782979634.035] [/exploration_node]: [EV] [1782979634.035][    +59.2s][EXEC_TRAJ] GLOBAL result=RTH_NO_FRONTIER | why: goal unreachable (0 verified connections) and no frontier viewpoints for fallback pipe[tot=0 dorm=0 unreach=0 cons=0 nocand=0 topo=0 novis=0 ok=0] | clusters=1(reach 0) vp=0(reach 0) pipe[tot=0 dorm=0 unreach=0 cons=0 nocand=0 topo=0 novis=0 ok=0] tour=2n/1.6m goal=(-0.0, 0.0, 1.2) t=6ms (x4)
[INFO] [1782979634.077] [/exploration_node]: [EV] [1782979634.077][    +59.2s][EXEC_TRAJ] BATT 24.0V | v=24.18V pct=67%
[WARN] [1782979634.246] [/exploration_node]: [Goal Planning] Goal not reachable! Fallback: navigate to closest frontier
[ERROR] [1782979634.247] [/exploration_node]: [Goal Planning] No frontiers available for fallback!
[ERROR] [1782979635.025] [/exploration_node]: [EV] [1782979635.024][    +60.2s][EXEC_TRAJ] STUCK no motion >8s in EXEC_TRAJ | last-local: OK | pos=(0.14, -0.09, -0.01) still=8s (x141)
[WARN] [1782979635.528] [/exploration_node]: [EV] [1782979635.528][    +60.7s][EXEC_TRAJ] GLOBAL result=RTH_NO_FRONTIER | why: goal unreachable (0 verified connections) and no frontier viewpoints for fallback pipe[tot=0 dorm=0 unreach=0 cons=0 nocand=0 topo=0 novis=0 ok=0] | clusters=1(reach 0) vp=0(reach 0) pipe[tot=0 dorm=0 unreach=0 cons=0 nocand=0 topo=0 novis=0 ok=0] tour=2n/1.6m goal=(-0.0, 0.0, 1.2) t=5ms (x6)
[INFO] [1782979636.080] [/exploration_node]: [EV] [1782979636.080][    +61.2s][EXEC_TRAJ] BATT 24.0V | v=24.22V pct=68%
[WARN] [1782979636.365] [/exploration_node]: [Goal Planning] Goal not reachable! Fallback: navigate to closest frontier
[ERROR] [1782979636.365] [/exploration_node]: [Goal Planning] No frontiers available for fallback!
[WARN] [1782979636.581] [/exploration_node]: [EV] [1782979636.581][    +61.7s][EXEC_TRAJ] GLOBAL result=RTH_NO_FRONTIER | why: goal unreachable (0 verified connections) and no frontier viewpoints for fallback pipe[tot=0 dorm=0 unreach=0 cons=0 nocand=0 topo=0 novis=0 ok=0] | clusters=1(reach 0) vp=0(reach 0) pipe[tot=0 dorm=0 unreach=0 cons=0 nocand=0 topo=0 novis=0 ok=0] tour=2n/1.6m goal=(-0.0, 0.0, 1.2) t=13ms (x4)
[WARN] [1782979637.646] [/exploration_node]: [EV] [1782979637.645][    +62.8s][EXEC_TRAJ] GLOBAL result=RTH_NO_FRONTIER | why: goal unreachable (0 verified connections) and no frontier viewpoints for fallback pipe[tot=0 dorm=0 unreach=0 cons=0 nocand=0 topo=0 novis=0 ok=0] | clusters=1(reach 0) vp=0(reach 0) pipe[tot=0 dorm=0 unreach=0 cons=0 nocand=0 topo=0 novis=0 ok=0] tour=2n/1.6m goal=(-0.0, 0.0, 1.2) t=7ms (x4)
[INFO] [1782979638.083] [/exploration_node]: [EV] [1782979638.083][    +63.2s][EXEC_TRAJ] BATT 24.0V | v=24.25V pct=69%
[WARN] [1782979638.502] [/exploration_node]: [Goal Planning] Goal not reachable! Fallback: navigate to closest frontier
[ERROR] [1782979638.502] [/exploration_node]: [Goal Planning] No frontiers available for fallback!
[WARN] [1782979638.711] [/exploration_node]: [EV] [1782979638.711][    +63.8s][EXEC_TRAJ] GLOBAL result=RTH_NO_FRONTIER | why: goal unreachable (0 verified connections) and no frontier viewpoints for fallback pipe[tot=0 dorm=0 unreach=0 cons=0 nocand=0 topo=0 novis=0 ok=0] | clusters=1(reach 0) vp=0(reach 0) pipe[tot=0 dorm=0 unreach=0 cons=0 nocand=0 topo=0 novis=0 ok=0] tour=2n/1.6m goal=(-0.0, 0.0, 1.2) t=6ms (x4)
[WARN] [1782979639.756] [/exploration_node]: [EV] [1782979639.756][    +64.9s][EXEC_TRAJ] GLOBAL result=RTH_NO_FRONTIER | why: goal unreachable (0 verified connections) and no frontier viewpoints for fallback pipe[tot=0 dorm=0 unreach=0 cons=0 nocand=0 topo=0 novis=0 ok=0] | clusters=1(reach 0) vp=0(reach 0) pipe[tot=0 dorm=0 unreach=0 cons=0 nocand=0 topo=0 novis=0 ok=0] tour=2n/1.6m goal=(-0.0, 0.0, 1.2) t=5ms (x4)
[ERROR] [1782979640.031] [/exploration_node]: [EV] [1782979640.031][    +65.2s][EXEC_TRAJ] STUCK no motion >8s in EXEC_TRAJ | last-local: OK | pos=(0.14, -0.08, -0.01) still=13s (x497)
[INFO] [1782979640.076] [/exploration_node]: [EV] [1782979640.076][    +65.2s][EXEC_TRAJ] BATT 24.0V | v=24.28V pct=70%
[WARN] [1782979640.610] [/exploration_node]: [Goal Planning] Goal not reachable! Fallback: navigate to closest frontier
[ERROR] [1782979640.610] [/exploration_node]: [Goal Planning] No frontiers available for fallback!
[WARN] [1782979640.823] [/exploration_node]: [EV] [1782979640.822][    +66.0s][EXEC_TRAJ] GLOBAL result=RTH_NO_FRONTIER | why: goal unreachable (0 verified connections) and no frontier viewpoints for fallback pipe[tot=0 dorm=0 unreach=0 cons=0 nocand=0 topo=0 novis=0 ok=0] | clusters=1(reach 0) vp=0(reach 0) pipe[tot=0 dorm=0 unreach=0 cons=0 nocand=0 topo=0 novis=0 ok=0] tour=2n/1.6m goal=(-0.0, 0.0, 1.2) t=6ms (x4)
[INFO] [1782979641.094] [/mavros]: HP: requesting home position
