# EPIC structured flight events for epic_2026-07-02-17-06-06.bag
# line format: [ros_epoch][+rel_s][FSM_STATE] CATEGORY signature | detail
# EPIC session info | published_ros=1782979565.576
# box | down=[-150, -150, 0.5] up=[150, 150, 2.5]
# corridor | DilateSoft=0.60 DilateHard=0.45 MaxCorridor=4.0 MaxVel=1.0 max_traj_len=10.0 safe_dist=0.80 bubble_min_r=0.61
# frontier | cell=0.40 cluster_sz=[1.0, 5.0] minpts=5 dphi=0.26 znum=3 good_dir_score=0.60
# viewpoint | pillar_r=[0.5, 2.0]x8 h=[-1.0, 1.0]x5 circle_n=4 local_tsp=12
# fsm | takeoff_h=1.25 goal_tol=0.10 replan_t=0.20 emerg_err=3.0 max_hz=30 avoid_to=0.5 auto_rth_land=1 rth_land_xy_tol=0.20 avoidance=1
# topics | odom=/Odometry cloud=/cloud_registered
[1782979574.067][     +8.5s][WAIT_TRIGGER] PX4 mode=POSCTL armed=1 | prev=POSCTL
[1782979574.106][     +8.5s][WAIT_TRIGGER] BATT 24.5V | v=24.83V pct=89% (x3)
[1782979574.867][     +0.0s][WAIT_TRIGGER] EVENT 2D-Nav-Goal trigger | trigger received | pos=(-0.02, 0.01, 0.08)
[1782979574.867][     +0.0s][WAIT_TRIGGER] PARAM box | down=[-150, -150, 0.5] up=[150, 150, 2.5]
[1782979574.867][     +0.0s][WAIT_TRIGGER] PARAM corridor | DilateSoft=0.60 DilateHard=0.45 MaxCorridor=4.0 MaxVel=1.0 max_traj_len=10.0 safe_dist=0.80 bubble_min_r=0.61
[1782979574.867][     +0.0s][WAIT_TRIGGER] PARAM frontier | cell=0.40 cluster_sz=[1.0, 5.0] minpts=5 dphi=0.26 znum=3 good_dir_score=0.60
[1782979574.867][     +0.0s][WAIT_TRIGGER] PARAM viewpoint | pillar_r=[0.5, 2.0]x8 h=[-1.0, 1.0]x5 circle_n=4 local_tsp=12
[1782979574.867][     +0.0s][WAIT_TRIGGER] PARAM fsm | takeoff_h=1.25 goal_tol=0.10 replan_t=0.20 emerg_err=3.0 max_hz=30 avoid_to=0.5 auto_rth_land=1 rth_land_xy_tol=0.20 avoidance=1
[1782979574.867][     +0.0s][WAIT_TRIGGER] PARAM topics | odom=/Odometry cloud=/cloud_registered
[1782979574.867][     +0.0s][TAKEOFF_HOVER] STATE WAIT_TRIGGER -> TAKEOFF_HOVER [triggerCallback: takeoff & hover]
[1782979576.105][     +1.2s][TAKEOFF_HOVER] BATT 24.5V | v=24.83V pct=88%
[1782979577.067][     +2.2s][TAKEOFF_HOVER] PX4 mode=OFFBOARD armed=1 | prev=POSCTL
[1782979578.103][     +3.2s][TAKEOFF_HOVER] BATT 24.5V | v=24.74V pct=88%
[1782979580.103][     +5.2s][TAKEOFF_HOVER] BATT 24.0V | v=24.13V pct=83%
[1782979582.102][     +7.2s][TAKEOFF_HOVER] BATT 23.5V | v=23.91V pct=78%
[1782979582.276][     +7.4s][PLAN_TRAJ_EXP] STATE TAKEOFF_HOVER -> PLAN_TRAJ_EXP [takeoff: altitude reached & stable -> explore]
[1782979582.417][     +7.6s][PLAN_TRAJ_EXP] GLOBAL result=OK | clusters=2(reach 1) vp=1(reach 1) pipe[tot=2 dorm=0 unreach=0 cons=2 nocand=0 topo=1 novis=0 ok=1] tour=2n/0.6m goal=(0.0, 0.0, 0.0) t=24ms
[1782979582.417][     +7.6s][PLAN_TRAJ_EXP] STATE PLAN_TRAJ_EXP -> PLAN_TRAJ_EXP [planGlobalPath: succeed]
[1782979582.418][     +7.6s][PLAN_TRAJ_EXP] LOCAL EXP FAIL | why: fast-searcher: no path odom->goal | t=0.1ms goal_d=1.1m
[1782979582.418][     +7.6s][PLAN_TRAJ_EXP] STATE PLAN_TRAJ_EXP -> PLAN_TRAJ_EXP [PLAN_TRAJ_EXP: plan failed]
[1782979582.666][     +7.8s][PLAN_TRAJ_EXP] LOCAL EXP OK | t=33.4ms goal_d=0.6m (prev x19/0.2s)
[1782979582.666][     +7.8s][EXEC_TRAJ] STATE PLAN_TRAJ_EXP -> EXEC_TRAJ [plan success: new traj pub] |  (prev cycle x1/0.2s)
[1782979582.841][     +8.0s][PLAN_TRAJ_EXP] STATE EXEC_TRAJ -> PLAN_TRAJ_EXP [planGlobalPath: succeed]
[1782979583.483][     +8.6s][EXEC_TRAJ] GLOBAL result=OK | clusters=2(reach 2) vp=2(reach 2) pipe[tot=2 dorm=0 unreach=0 cons=2 nocand=0 topo=0 novis=0 ok=2] tour=3n/8.1m goal=(-0.0, -0.4, 1.7) t=12ms (x2)
[1782979584.138][     +9.3s][EXEC_TRAJ] BATT 23.5V | v=23.61V pct=74%
[1782979584.525][     +9.7s][EXEC_TRAJ] GLOBAL result=OK | clusters=2(reach 2) vp=2(reach 1) pipe[tot=2 dorm=0 unreach=0 cons=2 nocand=0 topo=0 novis=0 ok=2] tour=2n/6.9m goal=(5.9, 3.4, 0.7) t=8ms (x1)
[1782979584.562][     +9.7s][PLAN_TRAJ_EXP] STATE EXEC_TRAJ -> PLAN_TRAJ_EXP [safetyCallback: not safe, time:3.084514] |  (prev cycle x7/1.7s)
[1782979584.612][     +9.7s][PLAN_TRAJ_EXP] STATE EXEC_TRAJ -> PLAN_TRAJ_EXP [safetyCallback: not safe, time:3.039601] |  (prev cycle x1/0.0s)
[1782979584.656][     +9.8s][PLAN_TRAJ_EXP] STATE EXEC_TRAJ -> PLAN_TRAJ_EXP [safetyCallback: not safe, time:3.040407] |  (prev cycle x1/0.0s)
[1782979584.662][     +9.8s][PLAN_TRAJ_EXP] STATE PLAN_TRAJ_EXP -> PLAN_TRAJ_EXP [safetyCallback: not safe, time:3.046441]
[1782979584.700][     +9.8s][EXEC_TRAJ] STATE PLAN_TRAJ_EXP -> EXEC_TRAJ [plan success: new traj pub]
[1782979584.711][     +9.8s][PLAN_TRAJ_EXP] STATE EXEC_TRAJ -> PLAN_TRAJ_EXP [safetyCallback: not safe, time:2.991957]
[1782979584.753][     +9.9s][PLAN_TRAJ_EXP] STATE EXEC_TRAJ -> PLAN_TRAJ_EXP [planGlobalPath: succeed] |  (prev cycle x1/0.0s)
[1782979584.791][     +9.9s][PLAN_TRAJ_EXP] STATE EXEC_TRAJ -> PLAN_TRAJ_EXP [safetyCallback: not safe, time:2.932632] |  (prev cycle x1/0.0s)
[1782979584.834][    +10.0s][PLAN_TRAJ_EXP] STATE EXEC_TRAJ -> PLAN_TRAJ_EXP [safetyCallback: not safe, time:2.932707] |  (prev cycle x1/0.0s)
[1782979584.878][    +10.0s][PLAN_TRAJ_EXP] STATE EXEC_TRAJ -> PLAN_TRAJ_EXP [safetyCallback: not safe, time:2.882562] |  (prev cycle x1/0.0s)
[1782979584.921][    +10.1s][PLAN_TRAJ_EXP] STATE EXEC_TRAJ -> PLAN_TRAJ_EXP [safetyCallback: not safe, time:2.882558] |  (prev cycle x1/0.0s)
[1782979584.986][    +10.1s][PLAN_TRAJ_EXP] STATE EXEC_TRAJ -> PLAN_TRAJ_EXP [planGlobalPath: succeed] |  (prev cycle x1/0.1s)
[1782979584.987][    +10.1s][PLAN_TRAJ_EXP] STATE PLAN_TRAJ_EXP -> PLAN_TRAJ_EXP [safetyCallback: not safe, time:2.804657]
[1782979585.022][    +10.2s][EXEC_TRAJ] STATE PLAN_TRAJ_EXP -> EXEC_TRAJ [plan success: new traj pub]
[1782979585.023][    +10.2s][PLAN_TRAJ_EXP] STATE EXEC_TRAJ -> PLAN_TRAJ_EXP [safetyCallback: not safe, time:2.782364]
[1782979585.068][    +10.2s][PLAN_TRAJ_EXP] STATE EXEC_TRAJ -> PLAN_TRAJ_EXP [safetyCallback: not safe, time:2.732318] |  (prev cycle x1/0.0s)
[1782979585.117][    +10.3s][PLAN_TRAJ_EXP] STATE EXEC_TRAJ -> PLAN_TRAJ_EXP [safetyCallback: not safe, time:2.738237] |  (prev cycle x1/0.0s)
[1782979585.163][    +10.3s][PLAN_TRAJ_EXP] STATE EXEC_TRAJ -> PLAN_TRAJ_EXP [safetyCallback: not safe, time:2.640162] |  (prev cycle x1/0.0s)
[1782979585.207][    +10.3s][PLAN_TRAJ_EXP] STATE EXEC_TRAJ -> PLAN_TRAJ_EXP [planGlobalPath: succeed] |  (prev cycle x1/0.0s)
[1782979585.830][    +11.0s][EXEC_TRAJ] GLOBAL result=OK | clusters=2(reach 2) vp=2(reach 2) pipe[tot=2 dorm=0 unreach=0 cons=2 nocand=0 topo=0 novis=0 ok=2] tour=3n/8.9m goal=(-0.5, 0.4, 1.3) t=6ms (x3)
[1782979586.101][    +11.2s][EXEC_TRAJ] BATT 23.5V | v=23.57V pct=69%
[1782979587.696][    +12.8s][EXEC_TRAJ] GLOBAL result=OK | clusters=2(reach 2) vp=2(reach 2) pipe[tot=2 dorm=0 unreach=0 cons=2 nocand=0 topo=0 novis=0 ok=2] tour=3n/8.8m goal=(-0.5, 0.4, 1.3) t=16ms (x2)
[1782979587.731][    +12.9s][PLAN_TRAJ_EXP] LOCAL EXP FAIL | why: minco optimize failed | t=33.4ms goal_d=0.5m (prev x22/4.9s)
[1782979587.731][    +12.9s][PLAN_TRAJ_EXP] STATE PLAN_TRAJ_EXP -> PLAN_TRAJ_EXP [PLAN_TRAJ_EXP: plan failed] |  (prev cycle x8/2.5s)
[1782979587.914][    +13.0s][PLAN_TRAJ_EXP] STATE PLAN_TRAJ_EXP -> PLAN_TRAJ_EXP [planGlobalPath: succeed] |  (prev x4/0.1s)
[1782979587.993][    +13.1s][EXEC_TRAJ] STATE PLAN_TRAJ_EXP -> EXEC_TRAJ [plan success: new traj pub] |  (prev cycle x1/0.1s)
[1782979588.100][    +13.2s][EXEC_TRAJ] BATT 23.5V | v=23.54V pct=67%
[1782979588.549][    +13.7s][PLAN_TRAJ_EXP] STATE EXEC_TRAJ -> PLAN_TRAJ_EXP [planGlobalPath: succeed]
[1782979589.177][    +14.3s][EXEC_TRAJ] GLOBAL result=OK | clusters=2(reach 2) vp=2(reach 2) pipe[tot=2 dorm=0 unreach=0 cons=2 nocand=0 topo=0 novis=0 ok=2] tour=3n/8.7m goal=(-0.5, 0.4, 1.3) t=19ms (x2)
[1782979589.831][    +15.0s][PLAN_TRAJ_EXP] STATE PLAN_TRAJ_EXP -> PLAN_TRAJ_EXP [PLAN_TRAJ_EXP: plan failed] |  (prev cycle x4/1.3s)
[1782979589.969][    +15.1s][PLAN_TRAJ_EXP] LOCAL EXP FAIL | why: minco optimize failed | t=33.4ms goal_d=0.3m (x9)
[1782979590.012][    +15.1s][EXEC_TRAJ] STATE PLAN_TRAJ_EXP -> EXEC_TRAJ [plan success: new traj pub] |  (prev x3/0.1s)
[1782979590.099][    +15.2s][EXEC_TRAJ] BATT 23.5V | v=23.56V pct=67%
[1782979590.651][    +15.8s][EXEC_TRAJ] GLOBAL result=OK | clusters=2(reach 2) vp=2(reach 1) pipe[tot=2 dorm=0 unreach=0 cons=2 nocand=0 topo=0 novis=0 ok=2] tour=2n/8.1m goal=(7.0, 3.7, 0.7) t=20ms (x1)
[1782979590.651][    +15.8s][PLAN_TRAJ_EXP] STATE EXEC_TRAJ -> PLAN_TRAJ_EXP [planGlobalPath: succeed]
[1782979591.922][    +17.1s][EXEC_TRAJ] GLOBAL result=OK | clusters=2(reach 2) vp=2(reach 1) pipe[tot=2 dorm=0 unreach=0 cons=2 nocand=0 topo=0 novis=0 ok=2] tour=2n/8.3m goal=(7.0, 3.7, 0.7) t=15ms (x1)
[1782979592.100][    +17.2s][EXEC_TRAJ] BATT 23.0V | v=23.47V pct=66%
[1782979593.193][    +18.3s][EXEC_TRAJ] GLOBAL result=OK | clusters=2(reach 2) vp=2(reach 1) pipe[tot=2 dorm=0 unreach=0 cons=2 nocand=0 topo=0 novis=0 ok=2] tour=2n/8.0m goal=(7.0, 3.7, 0.7) t=9ms (x1)
[1782979594.096][    +19.2s][EXEC_TRAJ] BATT 23.0V | v=23.37V pct=64%
[1782979594.460][    +19.6s][EXEC_TRAJ] GLOBAL result=OK | clusters=2(reach 2) vp=2(reach 1) pipe[tot=2 dorm=0 unreach=0 cons=2 nocand=0 topo=0 novis=0 ok=2] tour=2n/7.0m goal=(7.0, 3.7, 0.7) t=6ms (x1)
[1782979595.082][    +20.2s][PLAN_TRAJ_EXP] STATE PLAN_TRAJ_EXP -> PLAN_TRAJ_EXP [planGlobalPath: succeed] |  (prev cycle x14/4.4s)
[1782979595.082][    +20.2s][PLAN_TRAJ_EXP] LOCAL EXP FAIL | why: next goal too close to occupancy -> re-run global | t=5.6ms goal_d=7.0m (prev cycle x3/7.4s)
[1782979595.082][    +20.2s][PLAN_TRAJ_EXP] STATE PLAN_TRAJ_EXP -> PLAN_TRAJ_EXP [PLAN_TRAJ_EXP: plan failed]
[1782979595.125][    +20.3s][EXEC_TRAJ] STATE PLAN_TRAJ_EXP -> EXEC_TRAJ [plan success: new traj pub]
[1782979595.713][    +20.8s][EXEC_TRAJ] GLOBAL result=NO_VIEWPOINTS | why: NO_FRONTIER: 0 viewpoints (clusters=1, reachable_clusters=0) pipe[tot=1 dorm=0 unreach=0 cons=1 nocand=0 topo=1 novis=0 ok=0] | clusters=1(reach 0) vp=0(reach 0) pipe[tot=1 dorm=0 unreach=0 cons=1 nocand=0 topo=1 novis=0 ok=0] tour=2n/7.0m goal=(6.7, 4.8, 0.8) t=10ms (prev x2/0.6s)
[1782979595.713][    +20.8s][FINISH] STATE EXEC_TRAJ -> FINISH [planGlobalPath: no frontier]
[1782979595.713][    +20.8s][FINISH] MISSION FINISH (premature? unreached clusters remain) | pos=(2.14, 0.12, 0.54) elapsed=21s clusters_left=1(reach 0) pipe[tot=1 dorm=0 unreach=0 cons=1 nocand=0 topo=1 novis=0 ok=0]
[1782979595.931][    +21.1s][FINISH] STATE FINISH -> FINISH [planGlobalPath: no frontier]
[1782979596.096][    +21.2s][FINISH] BATT 23.0V | v=23.38V pct=63%
[1782979596.374][    +21.5s][FINISH] GLOBAL result=NO_VIEWPOINTS | why: NO_FRONTIER: 0 viewpoints (clusters=2, reachable_clusters=0) pipe[tot=2 dorm=0 unreach=0 cons=2 nocand=0 topo=2 novis=0 ok=0] | clusters=2(reach 0) vp=0(reach 0) pipe[tot=2 dorm=0 unreach=0 cons=2 nocand=0 topo=2 novis=0 ok=0] tour=2n/7.0m goal=(6.7, 4.8, 0.8) t=16ms (prev x2/0.4s)
[1782979596.716][    +21.8s][PLAN_TRAJ_RTH] STATE FINISH -> PLAN_TRAJ_RTH [FINISH: hover done -> return home] |  (prev x3/0.6s)
[1782979596.725][    +21.9s][PLAN_TRAJ_RTH] RTH d2goal=3.0m | auto-home(xy) dist=3.12m tol=0.20m goal=(-0.02, 0.01, 1.25)
[1782979596.759][    +21.9s][PLAN_TRAJ_RTH] LOCAL RTH OK | t=33.4ms (prev cycle x1/1.7s)
[1782979596.759][    +21.9s][EXEC_TRAJ] STATE PLAN_TRAJ_RTH -> EXEC_TRAJ [PLAN_TRAJ_RTH: plan success]
[1782979597.431][    +22.6s][EXEC_TRAJ] GLOBAL result=RTH_PATH_OK | why: path to goal: 2 nodes / 3.4m (connected via 2) | clusters=1(reach 0) vp=0(reach 0) pipe[tot=1 dorm=0 unreach=0 cons=1 nocand=0 topo=1 novis=0 ok=0] tour=2n/3.4m goal=(-0.0, 0.0, 1.2) t=6ms (prev cycle x1/1.1s)
[1782979597.431][    +22.6s][PLAN_TRAJ_RTH] STATE EXEC_TRAJ -> PLAN_TRAJ_RTH [planGoalPath: succeed]
[1782979597.431][    +22.6s][PLAN_TRAJ_RTH] RTH d2goal=3.0m | auto-home(xy) dist=3.40m tol=0.20m goal=(-0.02, 0.01, 1.25)
[1782979598.055][    +23.2s][EXEC_TRAJ] GLOBAL result=RTH_PATH_OK | why: path to goal: 3 nodes / 5.3m (connected via 2) | clusters=1(reach 0) vp=0(reach 0) pipe[tot=1 dorm=0 unreach=0 cons=1 nocand=0 topo=1 novis=0 ok=0] tour=3n/5.3m goal=(-0.0, 0.0, 1.2) t=6ms
[1782979598.055][    +23.2s][PLAN_TRAJ_RTH] RTH d2goal=3.0m | auto-home(xy) dist=3.42m tol=0.20m goal=(-0.02, 0.01, 1.25)
[1782979598.098][    +23.2s][EXEC_TRAJ] BATT 23.0V | v=23.39V pct=63%
[1782979598.261][    +23.4s][EXEC_TRAJ] AVOID ON (obstacle close, reactive layer overrides cmd) | pos=(3.31, 0.66, 0.82)
[1782979598.308][    +23.4s][PLAN_TRAJ_RTH] STATE EXEC_TRAJ -> PLAN_TRAJ_RTH [avoidance released: replan from current pose] |  (prev cycle x3/0.9s)
[1782979598.309][    +23.4s][PLAN_TRAJ_RTH] AVOID OFF (released, replan from current pose) | dur=0.0s
[1782979598.309][    +23.4s][PLAN_TRAJ_RTH] RTH d2goal=3.0m | auto-home(xy) dist=3.38m tol=0.20m goal=(-0.02, 0.01, 1.25)
[1782979598.412][    +23.5s][PLAN_TRAJ_RTH] RTH d2goal=3.0m | auto-home(xy) dist=3.34m tol=0.20m goal=(-0.02, 0.01, 1.25)
[1782979598.506][    +23.6s][PLAN_TRAJ_RTH] RTH d2goal=3.0m | auto-home(xy) dist=3.33m tol=0.20m goal=(-0.02, 0.01, 1.25)
[1782979598.612][    +23.7s][PLAN_TRAJ_RTH] RTH d2goal=3.0m | auto-home(xy) dist=3.30m tol=0.20m goal=(-0.02, 0.01, 1.25)
[1782979599.279][    +24.4s][EXEC_TRAJ] GLOBAL result=RTH_PATH_OK | why: path to goal: 2 nodes / 3.3m (connected via 2) | clusters=1(reach 0) vp=0(reach 0) pipe[tot=1 dorm=0 unreach=1 cons=0 nocand=0 topo=0 novis=0 ok=0] tour=2n/3.3m goal=(4.3, 0.3, 1.0) t=5ms
[1782979599.279][    +24.4s][PLAN_TRAJ_RTH] STATE EXEC_TRAJ -> PLAN_TRAJ_RTH [planGoalPath: succeed] |  (prev cycle x7/1.0s)
[1782979599.279][    +24.4s][PLAN_TRAJ_RTH] RTH d2goal=3.0m | auto-home(xy) dist=3.22m tol=0.20m goal=(-0.02, 0.01, 1.25)
[1782979599.314][    +24.4s][PLAN_TRAJ_RTH] STATE EXEC_TRAJ -> PLAN_TRAJ_RTH [safetyCallback: not safe, time:2.474333] |  (prev cycle x1/0.0s)
[1782979599.323][    +24.5s][PLAN_TRAJ_RTH] RTH d2goal=3.0m | auto-home(xy) dist=3.21m tol=0.20m goal=(-0.02, 0.01, 1.25)
[1782979599.359][    +24.5s][PLAN_TRAJ_RTH] STATE EXEC_TRAJ -> PLAN_TRAJ_RTH [safetyCallback: not safe, time:2.476657] |  (prev cycle x1/0.0s)
[1782979599.410][    +24.5s][PLAN_TRAJ_RTH] STATE EXEC_TRAJ -> PLAN_TRAJ_RTH [safetyCallback: not safe, time:2.534236] |  (prev cycle x1/0.1s)
[1782979599.414][    +24.5s][PLAN_TRAJ_RTH] STATE PLAN_TRAJ_RTH -> PLAN_TRAJ_RTH [safetyCallback: not safe, time:2.538366]
[1782979599.453][    +24.6s][EXEC_TRAJ] STATE PLAN_TRAJ_RTH -> EXEC_TRAJ [PLAN_TRAJ_RTH: plan success]
[1782979599.459][    +24.6s][PLAN_TRAJ_RTH] STATE EXEC_TRAJ -> PLAN_TRAJ_RTH [safetyCallback: not safe, time:2.580001]
[1782979599.510][    +24.6s][EXEC_TRAJ] GLOBAL result=RTH_PATH_OK | why: path to goal: 2 nodes / 3.2m (connected via 2) | clusters=1(reach 0) vp=0(reach 0) pipe[tot=1 dorm=0 unreach=1 cons=0 nocand=0 topo=0 novis=0 ok=0] tour=2n/3.2m goal=(-0.0, 0.0, 1.2) t=6ms
[1782979599.510][    +24.6s][PLAN_TRAJ_RTH] STATE EXEC_TRAJ -> PLAN_TRAJ_RTH [planGoalPath: succeed] |  (prev cycle x1/0.1s)
[1782979599.547][    +24.7s][PLAN_TRAJ_RTH] STATE EXEC_TRAJ -> PLAN_TRAJ_RTH [safetyCallback: not safe, time:2.376700] |  (prev cycle x1/0.0s)
[1782979599.555][    +24.7s][PLAN_TRAJ_RTH] RTH d2goal=3.0m | auto-home(xy) dist=3.20m tol=0.20m goal=(-0.02, 0.01, 1.25) (x4)
[1782979599.590][    +24.7s][PLAN_TRAJ_RTH] STATE EXEC_TRAJ -> PLAN_TRAJ_RTH [safetyCallback: not safe, time:2.324869] |  (prev cycle x1/0.0s)
[1782979599.634][    +24.8s][PLAN_TRAJ_RTH] STATE EXEC_TRAJ -> PLAN_TRAJ_RTH [safetyCallback: not safe, time:2.275592] |  (prev cycle x1/0.0s)
[1782979599.642][    +24.8s][PLAN_TRAJ_RTH] RTH d2goal=3.0m | auto-home(xy) dist=3.19m tol=0.20m goal=(-0.02, 0.01, 1.25) (x1)
[1782979599.677][    +24.8s][PLAN_TRAJ_RTH] STATE EXEC_TRAJ -> PLAN_TRAJ_RTH [safetyCallback: not safe, time:2.276053] |  (prev cycle x1/0.0s)
[1782979599.724][    +24.9s][PLAN_TRAJ_RTH] STATE EXEC_TRAJ -> PLAN_TRAJ_RTH [safetyCallback: not safe, time:2.227883] |  (prev cycle x1/0.0s)
[1782979599.734][    +24.9s][PLAN_TRAJ_RTH] STATE PLAN_TRAJ_RTH -> PLAN_TRAJ_RTH [planGoalPath: succeed]
[1782979599.768][    +24.9s][EXEC_TRAJ] STATE PLAN_TRAJ_RTH -> EXEC_TRAJ [PLAN_TRAJ_RTH: plan success]
[1782979599.770][    +24.9s][PLAN_TRAJ_RTH] STATE EXEC_TRAJ -> PLAN_TRAJ_RTH [safetyCallback: not safe, time:2.325892]
[1782979599.813][    +24.9s][PLAN_TRAJ_RTH] STATE EXEC_TRAJ -> PLAN_TRAJ_RTH [safetyCallback: not safe, time:2.272706] |  (prev cycle x1/0.0s)
[1782979599.821][    +25.0s][PLAN_TRAJ_RTH] RTH d2goal=3.0m | auto-home(xy) dist=3.17m tol=0.20m goal=(-0.02, 0.01, 1.25) (x3)
[1782979599.864][    +25.0s][PLAN_TRAJ_RTH] STATE EXEC_TRAJ -> PLAN_TRAJ_RTH [safetyCallback: not safe, time:2.183921] |  (prev cycle x1/0.1s)
[1782979600.094][    +25.2s][EXEC_TRAJ] BATT 23.0V | v=23.40V pct=60%
[1782979600.550][    +25.7s][PLAN_TRAJ_RTH] STATE EXEC_TRAJ -> PLAN_TRAJ_RTH [planGoalPath: succeed] |  (prev cycle x1/0.7s)
[1782979600.550][    +25.7s][PLAN_TRAJ_RTH] RTH d2goal=3.0m | auto-home(xy) dist=3.28m tol=0.20m goal=(-0.02, 0.01, 1.25) (x1)
[1782979601.165][    +26.3s][EXEC_TRAJ] GLOBAL result=RTH_PATH_OK | why: path to goal: 2 nodes / 3.6m (connected via 2) | clusters=1(reach 0) vp=0(reach 0) pipe[tot=1 dorm=0 unreach=0 cons=1 nocand=0 topo=1 novis=0 ok=0] tour=2n/3.6m goal=(-0.0, 0.0, 1.2) t=6ms (prev cycle x1/1.7s)
[1782979601.168][    +26.3s][PLAN_TRAJ_RTH] RTH d2goal=3.5m | auto-home(xy) dist=3.65m tol=0.20m goal=(-0.02, 0.01, 1.25)
[1782979601.817][    +26.9s][EXEC_TRAJ] GLOBAL result=RTH_PATH_OK | why: path to goal: 2 nodes / 4.1m (connected via 1) | clusters=1(reach 0) vp=0(reach 0) pipe[tot=2 dorm=0 unreach=0 cons=2 nocand=0 topo=1 novis=0 ok=1] tour=2n/4.1m goal=(-0.0, 0.0, 1.2) t=10ms
[1782979601.817][    +26.9s][PLAN_TRAJ_RTH] RTH d2goal=4.0m | auto-home(xy) dist=4.06m tol=0.20m goal=(-0.02, 0.01, 1.25)
[1782979602.093][    +27.2s][EXEC_TRAJ] BATT 23.0V | v=23.39V pct=62%
[1782979602.457][    +27.6s][EXEC_TRAJ] GLOBAL result=RTH_PATH_OK | why: path to goal: 2 nodes / 4.3m (connected via 1) | clusters=1(reach 0) vp=0(reach 0) pipe[tot=1 dorm=0 unreach=0 cons=1 nocand=0 topo=0 novis=1 ok=0] tour=2n/4.3m goal=(-0.0, 0.0, 1.2) t=9ms
[1782979602.458][    +27.6s][PLAN_TRAJ_RTH] RTH d2goal=4.0m | auto-home(xy) dist=4.27m tol=0.20m goal=(-0.02, 0.01, 1.25)
[1782979603.101][    +28.2s][PLAN_TRAJ_RTH] RTH d2goal=4.0m | auto-home(xy) dist=4.05m tol=0.20m goal=(-0.02, 0.01, 1.25)
[1782979603.754][    +28.9s][EXEC_TRAJ] GLOBAL result=RTH_PATH_OK | why: path to goal: 2 nodes / 3.6m (connected via 1) | clusters=1(reach 0) vp=0(reach 0) pipe[tot=1 dorm=0 unreach=1 cons=0 nocand=0 topo=0 novis=0 ok=0] tour=2n/3.6m goal=(-0.0, 0.0, 1.2) t=8ms (prev cycle x1/1.3s)
[1782979603.788][    +28.9s][PLAN_TRAJ_RTH] LOCAL RTH OK | t=33.6ms (x25)
[1782979604.091][    +29.2s][EXEC_TRAJ] BATT 23.0V | v=23.37V pct=60%
[1782979604.376][    +29.5s][EXEC_TRAJ] GLOBAL result=RTH_PATH_OK | why: path to goal: 2 nodes / 2.9m (connected via 1) | clusters=1(reach 0) vp=0(reach 0) pipe[tot=1 dorm=0 unreach=1 cons=0 nocand=0 topo=0 novis=0 ok=0] tour=2n/2.9m goal=(-0.0, 0.0, 1.2) t=9ms
[1782979604.377][    +29.5s][PLAN_TRAJ_RTH] RTH d2goal=2.5m | auto-home(xy) dist=2.90m tol=0.20m goal=(-0.02, 0.01, 1.25) (prev cycle x1/2.6s)
[1782979605.008][    +30.1s][EXEC_TRAJ] GLOBAL result=RTH_PATH_OK | why: path to goal: 2 nodes / 2.3m (connected via 1) | clusters=1(reach 0) vp=0(reach 0) pipe[tot=1 dorm=0 unreach=1 cons=0 nocand=0 topo=0 novis=0 ok=0] tour=2n/2.3m goal=(-0.0, 0.0, 1.2) t=7ms
[1782979605.009][    +30.1s][PLAN_TRAJ_RTH] RTH d2goal=2.0m | auto-home(xy) dist=2.24m tol=0.20m goal=(-0.02, 0.01, 1.25)
[1782979605.642][    +30.8s][EXEC_TRAJ] GLOBAL result=RTH_PATH_OK | why: path to goal: 2 nodes / 1.6m (connected via 1) | clusters=1(reach 0) vp=0(reach 0) pipe[tot=1 dorm=0 unreach=1 cons=0 nocand=0 topo=0 novis=0 ok=0] tour=2n/1.6m goal=(-0.0, 0.0, 1.2) t=7ms
[1782979605.642][    +30.8s][PLAN_TRAJ_RTH] RTH d2goal=1.5m | auto-home(xy) dist=1.57m tol=0.20m goal=(-0.02, 0.01, 1.25)
[1782979606.092][    +31.2s][EXEC_TRAJ] BATT 23.0V | v=23.35V pct=60%
[1782979606.266][    +31.4s][EXEC_TRAJ] GLOBAL result=RTH_NO_FRONTIER | why: goal unreachable (0 verified connections) and no frontier viewpoints for fallback pipe[tot=0 dorm=0 unreach=0 cons=0 nocand=0 topo=0 novis=0 ok=0] | clusters=1(reach 0) vp=0(reach 0) pipe[tot=0 dorm=0 unreach=0 cons=0 nocand=0 topo=0 novis=0 ok=0] tour=2n/1.6m goal=(-0.0, 0.0, 1.2) t=9ms
[1782979607.371][    +32.5s][EXEC_TRAJ] GLOBAL result=RTH_NO_FRONTIER | why: goal unreachable (0 verified connections) and no frontier viewpoints for fallback pipe[tot=0 dorm=0 unreach=0 cons=0 nocand=0 topo=0 novis=0 ok=0] | clusters=1(reach 0) vp=0(reach 0) pipe[tot=0 dorm=0 unreach=0 cons=0 nocand=0 topo=0 novis=0 ok=0] tour=2n/1.6m goal=(-0.0, 0.0, 1.2) t=7ms (x4)
[1782979608.090][    +33.2s][EXEC_TRAJ] BATT 23.0V | v=23.31V pct=59%
[1782979608.477][    +33.6s][EXEC_TRAJ] GLOBAL result=RTH_NO_FRONTIER | why: goal unreachable (0 verified connections) and no frontier viewpoints for fallback pipe[tot=0 dorm=0 unreach=0 cons=0 nocand=0 topo=0 novis=0 ok=0] | clusters=1(reach 0) vp=0(reach 0) pipe[tot=0 dorm=0 unreach=0 cons=0 nocand=0 topo=0 novis=0 ok=0] tour=2n/1.6m goal=(-0.0, 0.0, 1.2) t=6ms (x4)
[1782979609.760][    +34.9s][EXEC_TRAJ] GLOBAL result=RTH_NO_FRONTIER | why: goal unreachable (0 verified connections) and no frontier viewpoints for fallback pipe[tot=0 dorm=0 unreach=0 cons=0 nocand=0 topo=0 novis=0 ok=0] | clusters=1(reach 0) vp=0(reach 0) pipe[tot=0 dorm=0 unreach=0 cons=0 nocand=0 topo=0 novis=0 ok=0] tour=2n/1.6m goal=(-0.0, 0.0, 1.2) t=7ms (x5)
[1782979610.090][    +35.2s][EXEC_TRAJ] BATT 23.0V | v=23.07V pct=56%
[1782979610.864][    +36.0s][EXEC_TRAJ] GLOBAL result=RTH_NO_FRONTIER | why: goal unreachable (0 verified connections) and no frontier viewpoints for fallback pipe[tot=0 dorm=0 unreach=0 cons=0 nocand=0 topo=0 novis=0 ok=0] | clusters=1(reach 0) vp=0(reach 0) pipe[tot=0 dorm=0 unreach=0 cons=0 nocand=0 topo=0 novis=0 ok=0] tour=2n/1.6m goal=(-0.0, 0.0, 1.2) t=6ms (x4)
[1782979611.965][    +37.1s][EXEC_TRAJ] GLOBAL result=RTH_NO_FRONTIER | why: goal unreachable (0 verified connections) and no frontier viewpoints for fallback pipe[tot=0 dorm=0 unreach=0 cons=0 nocand=0 topo=0 novis=0 ok=0] | clusters=1(reach 0) vp=0(reach 0) pipe[tot=0 dorm=0 unreach=0 cons=0 nocand=0 topo=0 novis=0 ok=0] tour=2n/1.6m goal=(-0.0, 0.0, 1.2) t=7ms (x4)
[1782979612.089][    +37.2s][EXEC_TRAJ] BATT 23.0V | v=23.02V pct=55%
[1782979613.292][    +38.4s][EXEC_TRAJ] GLOBAL result=RTH_NO_FRONTIER | why: goal unreachable (0 verified connections) and no frontier viewpoints for fallback pipe[tot=0 dorm=0 unreach=0 cons=0 nocand=0 topo=0 novis=0 ok=0] | clusters=1(reach 0) vp=0(reach 0) pipe[tot=0 dorm=0 unreach=0 cons=0 nocand=0 topo=0 novis=0 ok=0] tour=2n/1.6m goal=(-0.0, 0.0, 1.2) t=8ms (x5)
[1782979614.087][    +39.2s][EXEC_TRAJ] BATT 23.0V | v=23.06V pct=54%
[1782979614.406][    +39.5s][EXEC_TRAJ] GLOBAL result=RTH_NO_FRONTIER | why: goal unreachable (0 verified connections) and no frontier viewpoints for fallback pipe[tot=0 dorm=0 unreach=0 cons=0 nocand=0 topo=0 novis=0 ok=0] | clusters=1(reach 0) vp=0(reach 0) pipe[tot=0 dorm=0 unreach=0 cons=0 nocand=0 topo=0 novis=0 ok=0] tour=2n/1.6m goal=(-0.0, 0.0, 1.2) t=6ms (x4)
[1782979616.087][    +41.2s][EXEC_TRAJ] BATT 22.5V | v=22.96V pct=54%
[1782979616.343][    +41.5s][EXEC_TRAJ] GLOBAL result=RTH_NO_FRONTIER | why: goal unreachable (0 verified connections) and no frontier viewpoints for fallback pipe[tot=0 dorm=0 unreach=0 cons=0 nocand=0 topo=0 novis=0 ok=0] | clusters=1(reach 0) vp=0(reach 0) pipe[tot=0 dorm=0 unreach=0 cons=0 nocand=0 topo=0 novis=0 ok=0] tour=2n/1.6m goal=(-0.0, 0.0, 1.2) t=5ms (x8)
[1782979617.413][    +42.5s][EXEC_TRAJ] GLOBAL result=RTH_NO_FRONTIER | why: goal unreachable (0 verified connections) and no frontier viewpoints for fallback pipe[tot=0 dorm=0 unreach=0 cons=0 nocand=0 topo=0 novis=0 ok=0] | clusters=1(reach 0) vp=0(reach 0) pipe[tot=0 dorm=0 unreach=0 cons=0 nocand=0 topo=0 novis=0 ok=0] tour=2n/1.6m goal=(-0.0, 0.0, 1.2) t=6ms (x4)
[1782979618.086][    +43.2s][EXEC_TRAJ] BATT 22.5V | v=22.86V pct=52%
[1782979618.978][    +44.1s][EXEC_TRAJ] GLOBAL result=RTH_NO_FRONTIER | why: goal unreachable (0 verified connections) and no frontier viewpoints for fallback pipe[tot=0 dorm=0 unreach=0 cons=0 nocand=0 topo=0 novis=0 ok=0] | clusters=1(reach 0) vp=0(reach 0) pipe[tot=0 dorm=0 unreach=0 cons=0 nocand=0 topo=0 novis=0 ok=0] tour=2n/1.6m goal=(-0.0, 0.0, 1.2) t=7ms (x6)
[1782979620.066][    +45.2s][EXEC_TRAJ] GLOBAL result=RTH_NO_FRONTIER | why: goal unreachable (0 verified connections) and no frontier viewpoints for fallback pipe[tot=0 dorm=0 unreach=0 cons=0 nocand=0 topo=0 novis=0 ok=0] | clusters=1(reach 0) vp=0(reach 0) pipe[tot=0 dorm=0 unreach=0 cons=0 nocand=0 topo=0 novis=0 ok=0] tour=2n/1.6m goal=(-0.0, 0.0, 1.2) t=8ms (x4)
[1782979620.085][    +45.2s][EXEC_TRAJ] BATT 22.5V | v=22.94V pct=50%
[1782979621.155][    +46.3s][EXEC_TRAJ] GLOBAL result=RTH_NO_FRONTIER | why: goal unreachable (0 verified connections) and no frontier viewpoints for fallback pipe[tot=0 dorm=0 unreach=0 cons=0 nocand=0 topo=0 novis=0 ok=0] | clusters=1(reach 0) vp=0(reach 0) pipe[tot=0 dorm=0 unreach=0 cons=0 nocand=0 topo=0 novis=0 ok=0] tour=2n/1.6m goal=(-0.0, 0.0, 1.2) t=6ms (x4)
[1782979621.623][    +46.8s][EXEC_TRAJ] STUCK no motion >8s in EXEC_TRAJ | last-local: OK | pos=(-0.06, -0.06, 1.14) still=8s
[1782979622.048][    +47.2s][EXEC_TRAJ] PX4 mode=POSCTL armed=1 (LEFT OFFBOARD: pilot takeover or failsafe) | prev=OFFBOARD
[1782979622.476][    +47.6s][EXEC_TRAJ] GLOBAL result=RTH_NO_FRONTIER | why: goal unreachable (0 verified connections) and no frontier viewpoints for fallback pipe[tot=0 dorm=0 unreach=0 cons=0 nocand=0 topo=0 novis=0 ok=0] | clusters=1(reach 0) vp=0(reach 0) pipe[tot=0 dorm=0 unreach=0 cons=0 nocand=0 topo=0 novis=0 ok=0] tour=2n/1.6m goal=(-0.0, 0.0, 1.2) t=8ms (x5)
[1782979623.595][    +48.7s][EXEC_TRAJ] GLOBAL result=RTH_NO_FRONTIER | why: goal unreachable (0 verified connections) and no frontier viewpoints for fallback pipe[tot=0 dorm=0 unreach=0 cons=0 nocand=0 topo=0 novis=0 ok=0] | clusters=1(reach 0) vp=0(reach 0) pipe[tot=0 dorm=0 unreach=0 cons=0 nocand=0 topo=0 novis=0 ok=0] tour=2n/1.6m goal=(-0.0, 0.0, 1.2) t=6ms (x4)
[1782979624.640][    +49.8s][EXEC_TRAJ] GLOBAL result=RTH_NO_FRONTIER | why: goal unreachable (0 verified connections) and no frontier viewpoints for fallback pipe[tot=0 dorm=0 unreach=0 cons=0 nocand=0 topo=0 novis=0 ok=0] | clusters=1(reach 0) vp=0(reach 0) pipe[tot=0 dorm=0 unreach=0 cons=0 nocand=0 topo=0 novis=0 ok=0] tour=2n/1.6m goal=(-0.0, 0.0, 1.2) t=5ms (x4)
[1782979625.753][    +50.9s][EXEC_TRAJ] GLOBAL result=RTH_NO_FRONTIER | why: goal unreachable (0 verified connections) and no frontier viewpoints for fallback pipe[tot=0 dorm=0 unreach=0 cons=0 nocand=0 topo=0 novis=0 ok=0] | clusters=1(reach 0) vp=0(reach 0) pipe[tot=0 dorm=0 unreach=0 cons=0 nocand=0 topo=0 novis=0 ok=0] tour=2n/1.6m goal=(-0.0, 0.0, 1.2) t=6ms (x4)
[1782979626.044][    +51.2s][EXEC_TRAJ] PX4 mode=POSCTL armed=0 | prev=POSCTL
[1782979626.082][    +51.2s][EXEC_TRAJ] BATT 23.5V | v=23.69V pct=53% (prev cycle x1/10.0s)
[1782979627.435][    +52.6s][EXEC_TRAJ] GLOBAL result=RTH_NO_FRONTIER | why: goal unreachable (0 verified connections) and no frontier viewpoints for fallback pipe[tot=0 dorm=0 unreach=0 cons=0 nocand=0 topo=0 novis=0 ok=0] | clusters=1(reach 0) vp=0(reach 0) pipe[tot=0 dorm=0 unreach=0 cons=0 nocand=0 topo=0 novis=0 ok=0] tour=2n/1.6m goal=(-0.0, 0.0, 1.2) t=7ms (x7)
[1782979628.081][    +53.2s][EXEC_TRAJ] BATT 23.5V | v=23.98V pct=60%
[1782979628.491][    +53.6s][EXEC_TRAJ] GLOBAL result=RTH_NO_FRONTIER | why: goal unreachable (0 verified connections) and no frontier viewpoints for fallback pipe[tot=0 dorm=0 unreach=0 cons=0 nocand=0 topo=0 novis=0 ok=0] | clusters=1(reach 0) vp=0(reach 0) pipe[tot=0 dorm=0 unreach=0 cons=0 nocand=0 topo=0 novis=0 ok=0] tour=2n/1.6m goal=(-0.0, 0.0, 1.2) t=14ms (x4)
[1782979629.545][    +54.7s][EXEC_TRAJ] GLOBAL result=RTH_NO_FRONTIER | why: goal unreachable (0 verified connections) and no frontier viewpoints for fallback pipe[tot=0 dorm=0 unreach=0 cons=0 nocand=0 topo=0 novis=0 ok=0] | clusters=1(reach 0) vp=0(reach 0) pipe[tot=0 dorm=0 unreach=0 cons=0 nocand=0 topo=0 novis=0 ok=0] tour=2n/1.6m goal=(-0.0, 0.0, 1.2) t=7ms (x4)
[1782979630.079][    +55.2s][EXEC_TRAJ] BATT 24.0V | v=24.08V pct=63%
[1782979630.644][    +55.8s][EXEC_TRAJ] GLOBAL result=RTH_NO_FRONTIER | why: goal unreachable (0 verified connections) and no frontier viewpoints for fallback pipe[tot=0 dorm=0 unreach=0 cons=0 nocand=0 topo=0 novis=0 ok=0] | clusters=1(reach 0) vp=0(reach 0) pipe[tot=0 dorm=0 unreach=0 cons=0 nocand=0 topo=0 novis=0 ok=0] tour=2n/1.6m goal=(-0.0, 0.0, 1.2) t=9ms (x4)
[1782979631.709][    +56.8s][EXEC_TRAJ] GLOBAL result=RTH_NO_FRONTIER | why: goal unreachable (0 verified connections) and no frontier viewpoints for fallback pipe[tot=0 dorm=0 unreach=0 cons=0 nocand=0 topo=0 novis=0 ok=0] | clusters=1(reach 0) vp=0(reach 0) pipe[tot=0 dorm=0 unreach=0 cons=0 nocand=0 topo=0 novis=0 ok=0] tour=2n/1.6m goal=(-0.0, 0.0, 1.2) t=7ms (x4)
[1782979632.079][    +57.2s][EXEC_TRAJ] BATT 24.0V | v=24.14V pct=65%
[1782979632.980][    +58.1s][EXEC_TRAJ] GLOBAL result=RTH_NO_FRONTIER | why: goal unreachable (0 verified connections) and no frontier viewpoints for fallback pipe[tot=0 dorm=0 unreach=0 cons=0 nocand=0 topo=0 novis=0 ok=0] | clusters=1(reach 0) vp=0(reach 0) pipe[tot=0 dorm=0 unreach=0 cons=0 nocand=0 topo=0 novis=0 ok=0] tour=2n/1.6m goal=(-0.0, 0.0, 1.2) t=5ms (x5)
[1782979634.035][    +59.2s][EXEC_TRAJ] GLOBAL result=RTH_NO_FRONTIER | why: goal unreachable (0 verified connections) and no frontier viewpoints for fallback pipe[tot=0 dorm=0 unreach=0 cons=0 nocand=0 topo=0 novis=0 ok=0] | clusters=1(reach 0) vp=0(reach 0) pipe[tot=0 dorm=0 unreach=0 cons=0 nocand=0 topo=0 novis=0 ok=0] tour=2n/1.6m goal=(-0.0, 0.0, 1.2) t=6ms (x4)
[1782979634.077][    +59.2s][EXEC_TRAJ] BATT 24.0V | v=24.18V pct=67%
[1782979635.024][    +60.2s][EXEC_TRAJ] STUCK no motion >8s in EXEC_TRAJ | last-local: OK | pos=(0.14, -0.09, -0.01) still=8s (x141)
[1782979635.528][    +60.7s][EXEC_TRAJ] GLOBAL result=RTH_NO_FRONTIER | why: goal unreachable (0 verified connections) and no frontier viewpoints for fallback pipe[tot=0 dorm=0 unreach=0 cons=0 nocand=0 topo=0 novis=0 ok=0] | clusters=1(reach 0) vp=0(reach 0) pipe[tot=0 dorm=0 unreach=0 cons=0 nocand=0 topo=0 novis=0 ok=0] tour=2n/1.6m goal=(-0.0, 0.0, 1.2) t=5ms (x6)
[1782979636.080][    +61.2s][EXEC_TRAJ] BATT 24.0V | v=24.22V pct=68%
[1782979636.581][    +61.7s][EXEC_TRAJ] GLOBAL result=RTH_NO_FRONTIER | why: goal unreachable (0 verified connections) and no frontier viewpoints for fallback pipe[tot=0 dorm=0 unreach=0 cons=0 nocand=0 topo=0 novis=0 ok=0] | clusters=1(reach 0) vp=0(reach 0) pipe[tot=0 dorm=0 unreach=0 cons=0 nocand=0 topo=0 novis=0 ok=0] tour=2n/1.6m goal=(-0.0, 0.0, 1.2) t=13ms (x4)
[1782979637.645][    +62.8s][EXEC_TRAJ] GLOBAL result=RTH_NO_FRONTIER | why: goal unreachable (0 verified connections) and no frontier viewpoints for fallback pipe[tot=0 dorm=0 unreach=0 cons=0 nocand=0 topo=0 novis=0 ok=0] | clusters=1(reach 0) vp=0(reach 0) pipe[tot=0 dorm=0 unreach=0 cons=0 nocand=0 topo=0 novis=0 ok=0] tour=2n/1.6m goal=(-0.0, 0.0, 1.2) t=7ms (x4)
[1782979638.083][    +63.2s][EXEC_TRAJ] BATT 24.0V | v=24.25V pct=69%
[1782979638.711][    +63.8s][EXEC_TRAJ] GLOBAL result=RTH_NO_FRONTIER | why: goal unreachable (0 verified connections) and no frontier viewpoints for fallback pipe[tot=0 dorm=0 unreach=0 cons=0 nocand=0 topo=0 novis=0 ok=0] | clusters=1(reach 0) vp=0(reach 0) pipe[tot=0 dorm=0 unreach=0 cons=0 nocand=0 topo=0 novis=0 ok=0] tour=2n/1.6m goal=(-0.0, 0.0, 1.2) t=6ms (x4)
[1782979639.756][    +64.9s][EXEC_TRAJ] GLOBAL result=RTH_NO_FRONTIER | why: goal unreachable (0 verified connections) and no frontier viewpoints for fallback pipe[tot=0 dorm=0 unreach=0 cons=0 nocand=0 topo=0 novis=0 ok=0] | clusters=1(reach 0) vp=0(reach 0) pipe[tot=0 dorm=0 unreach=0 cons=0 nocand=0 topo=0 novis=0 ok=0] tour=2n/1.6m goal=(-0.0, 0.0, 1.2) t=5ms (x4)
[1782979640.031][    +65.2s][EXEC_TRAJ] STUCK no motion >8s in EXEC_TRAJ | last-local: OK | pos=(0.14, -0.08, -0.01) still=13s (x497)
[1782979640.076][    +65.2s][EXEC_TRAJ] BATT 24.0V | v=24.28V pct=70%
[1782979640.822][    +66.0s][EXEC_TRAJ] GLOBAL result=RTH_NO_FRONTIER | why: goal unreachable (0 verified connections) and no frontier viewpoints for fallback pipe[tot=0 dorm=0 unreach=0 cons=0 nocand=0 topo=0 novis=0 ok=0] | clusters=1(reach 0) vp=0(reach 0) pipe[tot=0 dorm=0 unreach=0 cons=0 nocand=0 topo=0 novis=0 ok=0] tour=2n/1.6m goal=(-0.0, 0.0, 1.2) t=6ms (x4)
