# console (/rosout_agg) log for epic_2026-07-03-11-42-00.bag
# started at 2026-07-03-11-42-00
[INFO] [1783046520.814] [/record_on_goal]: [record_on_goal] event log -> /home/hmcl/stack1/src/EPIC_poongsan/src/EPIC/src/global_planner/exploration_manager/records/epic_2026-07-03-11-42-00/epic_2026-07-03-11-42-00.events.log
[INFO] [1783046520.819] [/record_on_goal]: [record_on_goal] recording started (pid 12776) -> /home/hmcl/stack1/src/EPIC_poongsan/src/EPIC/src/global_planner/exploration_manager/records/epic_2026-07-03-11-42-00/epic_2026-07-03-11-42-00.bag
[WARN] [1783046525.749] [/exploration_node]: wait for trigger.
[INFO] [1783046530.495] [/mavros]: HP: requesting home position
[WARN] [1783046530.758] [/exploration_node]: wait for trigger.
[WARN] [1783046535.768] [/exploration_node]: wait for trigger.
[INFO] [1783046540.495] [/mavros]: HP: requesting home position
[WARN] [1783046540.768] [/exploration_node]: wait for trigger.
[WARN] [1783046545.778] [/exploration_node]: wait for trigger.
[INFO] [1783046550.498] [/mavros]: HP: requesting home position
[WARN] [1783046550.788] [/exploration_node]: wait for trigger.
[INFO] [1783046551.946] [/exploration_node]: [EV] [1783046551.946][    +32.2s][WAIT_TRIGGER] BATT 24.0V | v=24.29V pct=70% (still, x16/30.0s)
[WARN] [1783046555.798] [/exploration_node]: wait for trigger.
[INFO] [1783046560.495] [/mavros]: HP: requesting home position
[WARN] [1783046560.800] [/exploration_node]: wait for trigger.
[WARN] [1783046565.808] [/exploration_node]: wait for trigger.
[INFO] [1783046570.496] [/mavros]: HP: requesting home position
[WARN] [1783046570.812] [/exploration_node]: wait for trigger.
[WARN] [1783046575.818] [/exploration_node]: wait for trigger.
[INFO] [1783046578.933] [/exploration_node]: [EV] [1783046578.933][    +59.2s][WAIT_TRIGGER] PX4 mode=POSCTL armed=0 (LEFT OFFBOARD: pilot takeover or failsafe) | prev=OFFBOARD
[INFO] [1783046580.495] [/mavros]: HP: requesting home position
[WARN] [1783046580.818] [/exploration_node]: wait for trigger.
[INFO] [1783046582.933] [/exploration_node]: [EV] [1783046582.933][    +63.2s][WAIT_TRIGGER] PX4 mode=POSCTL armed=1 | prev=POSCTL
[INFO] [1783046583.499] [/rvizvisualisation]: Setting goal: Frame:world, Position(5.577, -0.241, 0.000), Orientation(0.000, 0.000, -1.000, 0.008) = Angle: -3.125

[INFO] [1783046583.500] [/exploration_node]: [EV] [1783046583.500][     +0.0s][WAIT_TRIGGER] EVENT 2D-Nav-Goal trigger | trigger received | pos=(0.02, -0.03, -0.00)
[INFO] [1783046583.500] [/exploration_node]: [EV] [1783046583.500][     +0.0s][WAIT_TRIGGER] PARAM box | down=[-150, -150, 0.4] up=[150, 150, 2]
[INFO] [1783046583.500] [/exploration_node]: [EV] [1783046583.500][     +0.0s][WAIT_TRIGGER] PARAM corridor | DilateSoft=0.60 DilateHard=0.45 MaxCorridor=4.0 MaxVel=0.9 max_traj_len=10.0 safe_dist=0.65 bubble_min_r=0.50
[INFO] [1783046583.500] [/exploration_node]: [EV] [1783046583.500][     +0.0s][WAIT_TRIGGER] PARAM frontier | cell=0.20 cluster_sz=[0.5, 7.0] minpts=4 dphi=0.26 znum=3 good_dir_score=0.80
[INFO] [1783046583.500] [/exploration_node]: [EV] [1783046583.500][     +0.0s][WAIT_TRIGGER] PARAM viewpoint | pillar_r=[0.5, 2.0]x8 h=[-1.0, 1.0]x5 circle_n=8 local_tsp=16
[INFO] [1783046583.500] [/exploration_node]: [EV] [1783046583.500][     +0.0s][WAIT_TRIGGER] PARAM fsm | takeoff_h=1.20 goal_tol=0.20 replan_t=0.20 emerg_err=3.0 max_hz=30 avoid_to=0.5 auto_rth_land=1 rth_land_xy_tol=0.20 avoidance=1
[INFO] [1783046583.500] [/exploration_node]: [EV] [1783046583.500][     +0.0s][WAIT_TRIGGER] PARAM topics | odom=/Odometry cloud=/cloud_registered
[INFO] [1783046583.500] [/exploration_node]: [EV] [1783046583.500][     +0.0s][TAKEOFF_HOVER] STATE WAIT_TRIGGER -> TAKEOFF_HOVER [triggerCallback: takeoff & hover]
[INFO] [1783046583.935] [/exploration_node]: [EV] [1783046583.935][     +0.4s][TAKEOFF_HOVER] BATT 24.0V | v=24.30V pct=71% (x15)
[INFO] [1783046584.932] [/exploration_node]: [EV] [1783046584.932][     +1.4s][TAKEOFF_HOVER] PX4 mode=OFFBOARD armed=1 | prev=POSCTL
[INFO] [1783046585.933] [/exploration_node]: [EV] [1783046585.933][     +2.4s][TAKEOFF_HOVER] BATT 24.0V | v=24.27V pct=71%
[INFO] [1783046587.931] [/exploration_node]: [EV] [1783046587.931][     +4.4s][TAKEOFF_HOVER] BATT 23.5V | v=23.75V pct=70%
[INFO] [1783046589.933] [/exploration_node]: [EV] [1783046589.933][     +6.4s][TAKEOFF_HOVER] BATT 23.0V | v=23.50V pct=65%
[INFO] [1783046590.495] [/mavros]: HP: requesting home position
[INFO] [1783046591.929] [/exploration_node]: [EV] [1783046591.929][     +8.4s][TAKEOFF_HOVER] BATT 23.0V | v=23.39V pct=62%
[INFO] [1783046592.488] [/exploration_node]: [EV] [1783046592.488][     +9.0s][PLAN_TRAJ_EXP] STATE TAKEOFF_HOVER -> PLAN_TRAJ_EXP [takeoff: altitude reached & stable -> explore]
[INFO] [1783046592.544] [/exploration_node]: [EV] [1783046592.544][     +9.0s][PLAN_TRAJ_EXP] GLOBAL result=OK | clusters=9(reach 2) vp=2(reach 2) pipe[tot=9 dorm=1 unreach=0 cons=8 nocand=0 topo=6 novis=0 ok=2] tour=3n/4.8m goal=(-0.1, -0.5, 0.9) t=41ms
[INFO] [1783046592.544] [/exploration_node]: [EV] [1783046592.544][     +9.0s][PLAN_TRAJ_EXP] STATE PLAN_TRAJ_EXP -> PLAN_TRAJ_EXP [planGlobalPath: succeed]
[INFO] [1783046592.579] [/exploration_node]: [EV] [1783046592.579][     +9.1s][PLAN_TRAJ_EXP] LOCAL EXP OK | t=33.4ms goal_d=0.7m
[INFO] [1783046592.579] [/exploration_node]: [EV] [1783046592.579][     +9.1s][EXEC_TRAJ] STATE PLAN_TRAJ_EXP -> EXEC_TRAJ [plan success: new traj pub]
[INFO] [1783046592.589] [/traj_server]: [32m[Metrics] Mission started[0m
[INFO] [1783046592.785] [/exploration_node]: [EV] [1783046592.785][     +9.3s][PLAN_TRAJ_EXP] STATE EXEC_TRAJ -> PLAN_TRAJ_EXP [planGlobalPath: succeed]
[INFO] [1783046593.179] [/epic_rosbag_recorder]: Subscribing to /exploration_node/viewpoint_centers
[INFO] [1783046593.180] [/epic_rosbag_recorder]: Subscribing to /exploration_node/occ
[INFO] [1783046593.183] [/epic_rosbag_recorder]: Subscribing to /exploration_node/pocc
[INFO] [1783046593.184] [/epic_rosbag_recorder]: Subscribing to /exploration_node/frt
[INFO] [1783046593.932] [/exploration_node]: [EV] [1783046593.932][    +10.4s][EXEC_TRAJ] BATT 23.0V | v=23.30V pct=59%
[INFO] [1783046594.162] [/exploration_node]: [EV] [1783046594.162][    +10.7s][EXEC_TRAJ] GLOBAL result=OK | clusters=7(reach 2) vp=2(reach 2) pipe[tot=7 dorm=0 unreach=1 cons=6 nocand=0 topo=4 novis=0 ok=2] tour=3n/4.6m goal=(-0.1, -0.5, 0.9) t=43ms (x2)
[INFO] [1783046595.535] [/exploration_node]: [EV] [1783046595.535][    +12.0s][EXEC_TRAJ] GLOBAL result=OK | clusters=8(reach 2) vp=2(reach 2) pipe[tot=8 dorm=0 unreach=1 cons=7 nocand=0 topo=5 novis=0 ok=2] tour=3n/4.2m goal=(-0.1, -0.5, 0.9) t=52ms (x1)
[WARN] [1783046595.538] [/exploration_node]: [local-plan] minco optimize failed
[WARN] [1783046595.569] [/exploration_node]: [EV] [1783046595.569][    +12.1s][PLAN_TRAJ_EXP] LOCAL EXP FAIL | why: minco optimize failed | t=33.4ms goal_d=0.1m (prev x4/2.7s)
[WARN] [1783046595.570] [/exploration_node]: [EV] [1783046595.569][    +12.1s][PLAN_TRAJ_EXP] STATE PLAN_TRAJ_EXP -> PLAN_TRAJ_EXP [PLAN_TRAJ_EXP: plan failed] |  (prev cycle x8/2.8s)
[INFO] [1783046595.805] [/exploration_node]: [EV] [1783046595.805][    +12.3s][PLAN_TRAJ_EXP] STATE PLAN_TRAJ_EXP -> PLAN_TRAJ_EXP [planGlobalPath: succeed] |  (prev x4/0.2s)
[INFO] [1783046595.808] [/exploration_node]: [EV] [1783046595.808][    +12.3s][FINISH] STATE PLAN_TRAJ_EXP -> FINISH [fsm]
[WARN] [1783046595.816] [/exploration_node]: [EV] [1783046595.816][    +12.3s][FINISH] MISSION FINISH (premature? unreached clusters remain) | pos=(-0.09, -0.50, 0.94) elapsed=12s clusters_left=7(reach 1) pipe[tot=7 dorm=0 unreach=1 cons=6 nocand=0 topo=5 novis=0 ok=1]
[INFO] [1783046595.816] [/exploration_node]: [32m[FINISH] exploration done -> hover 1.0s, then return home & land[0m
[INFO] [1783046595.929] [/exploration_node]: [EV] [1783046595.929][    +12.4s][FINISH] BATT 23.0V | v=23.17V pct=57%
[INFO] [1783046596.048] [/exploration_node]: [EV] [1783046596.048][    +12.5s][PLAN_TRAJ_EXP] STATE FINISH -> PLAN_TRAJ_EXP [planGlobalPath: succeed]
[INFO] [1783046596.537] [/exploration_node]: [EV] [1783046596.537][    +13.0s][FINISH] GLOBAL result=OK | clusters=8(reach 2) vp=2(reach 2) pipe[tot=8 dorm=0 unreach=2 cons=6 nocand=0 topo=4 novis=0 ok=2] tour=3n/5.1m goal=(-0.5, -0.5, 0.6) t=41ms (x3)
[INFO] [1783046596.572] [/exploration_node]: [EV] [1783046596.572][    +13.1s][EXEC_TRAJ] STATE PLAN_TRAJ_EXP -> EXEC_TRAJ [plan success: new traj pub] |  (prev cycle x4/0.5s)
[INFO] [1783046597.220] [/exploration_node]: [EV] [1783046597.219][    +13.7s][PLAN_TRAJ_EXP] STATE EXEC_TRAJ -> PLAN_TRAJ_EXP [planGlobalPath: succeed]
[INFO] [1783046597.894] [/exploration_node]: [EV] [1783046597.894][    +14.4s][EXEC_TRAJ] GLOBAL result=OK | clusters=6(reach 1) vp=1(reach 1) pipe[tot=6 dorm=0 unreach=1 cons=5 nocand=0 topo=4 novis=0 ok=1] tour=2n/0.4m goal=(-0.5, -0.5, 0.6) t=39ms (x1)
[INFO] [1783046597.937] [/exploration_node]: [EV] [1783046597.936][    +14.4s][EXEC_TRAJ] BATT 23.0V | v=23.16V pct=54%
[INFO] [1783046598.179] [/epic_rosbag_recorder]: Subscribing to /mem_cost
[INFO] [1783046598.181] [/epic_rosbag_recorder]: Subscribing to /mem_cost_2
[INFO] [1783046598.182] [/epic_rosbag_recorder]: Subscribing to /mem_cost_3
[INFO] [1783046599.265] [/exploration_node]: [EV] [1783046599.265][    +15.8s][EXEC_TRAJ] GLOBAL result=OK | clusters=6(reach 1) vp=1(reach 1) pipe[tot=6 dorm=0 unreach=4 cons=2 nocand=0 topo=1 novis=0 ok=1] tour=2n/0.1m goal=(-0.4, -0.6, 0.6) t=29ms (x1)
[INFO] [1783046599.980] [/exploration_node]: [EV] [1783046599.980][    +16.5s][EXEC_TRAJ] BATT 23.0V | v=23.15V pct=53%
[INFO] [1783046600.495] [/mavros]: HP: requesting home position
[INFO] [1783046600.663] [/exploration_node]: [EV] [1783046600.663][    +17.2s][EXEC_TRAJ] GLOBAL result=OK | clusters=7(reach 2) vp=2(reach 2) pipe[tot=7 dorm=0 unreach=4 cons=3 nocand=0 topo=1 novis=0 ok=2] tour=3n/4.6m goal=(-0.4, -0.6, 0.6) t=53ms (x1)
[WARN] [1783046600.668] [/exploration_node]: [local-plan] minco optimize failed
[WARN] [1783046600.697] [/exploration_node]: [EV] [1783046600.697][    +17.2s][PLAN_TRAJ_EXP] STATE PLAN_TRAJ_EXP -> PLAN_TRAJ_EXP [PLAN_TRAJ_EXP: plan failed] |  (prev cycle x10/3.5s)
[WARN] [1783046600.831] [/exploration_node]: [EV] [1783046600.831][    +17.3s][PLAN_TRAJ_EXP] LOCAL EXP FAIL | why: minco optimize failed | t=35.4ms goal_d=0.2m (x11)
[INFO] [1783046600.909] [/exploration_node]: [EV] [1783046600.909][    +17.4s][PLAN_TRAJ_EXP] STATE PLAN_TRAJ_EXP -> PLAN_TRAJ_EXP [planGlobalPath: succeed] |  (prev x4/0.2s)
[INFO] [1783046600.992] [/exploration_node]: [EV] [1783046600.992][    +17.5s][EXEC_TRAJ] STATE PLAN_TRAJ_EXP -> EXEC_TRAJ [plan success: new traj pub] |  (prev cycle x1/0.1s)
[INFO] [1783046601.613] [/exploration_node]: [EV] [1783046601.613][    +18.1s][PLAN_TRAJ_EXP] STATE EXEC_TRAJ -> PLAN_TRAJ_EXP [planGlobalPath: succeed]
[INFO] [1783046601.925] [/exploration_node]: [EV] [1783046601.924][    +18.4s][EXEC_TRAJ] BATT 23.0V | v=23.11V pct=51%
[INFO] [1783046602.303] [/exploration_node]: [EV] [1783046602.303][    +18.8s][EXEC_TRAJ] GLOBAL result=OK | clusters=6(reach 1) vp=1(reach 1) pipe[tot=6 dorm=0 unreach=1 cons=5 nocand=0 topo=4 novis=0 ok=1] tour=2n/0.1m goal=(-0.4, -0.6, 0.6) t=41ms (x2)
[WARN] [1783046602.338] [/exploration_node]: [EV] [1783046602.338][    +18.8s][PLAN_TRAJ_EXP] STATE PLAN_TRAJ_EXP -> PLAN_TRAJ_EXP [PLAN_TRAJ_EXP: plan failed] |  (prev cycle x2/0.7s)
[INFO] [1783046602.539] [/exploration_node]: [EV] [1783046602.539][    +19.0s][PLAN_TRAJ_EXP] STATE PLAN_TRAJ_EXP -> PLAN_TRAJ_EXP [planGlobalPath: succeed] |  (prev x4/0.2s)
[INFO] [1783046602.622] [/exploration_node]: [EV] [1783046602.622][    +19.1s][EXEC_TRAJ] STATE PLAN_TRAJ_EXP -> EXEC_TRAJ [plan success: new traj pub] |  (prev cycle x1/0.1s)
[INFO] [1783046603.241] [/exploration_node]: [EV] [1783046603.241][    +19.7s][PLAN_TRAJ_EXP] STATE EXEC_TRAJ -> PLAN_TRAJ_EXP [planGlobalPath: succeed]
[INFO] [1783046603.908] [/exploration_node]: [EV] [1783046603.908][    +20.4s][EXEC_TRAJ] GLOBAL result=OK | clusters=6(reach 1) vp=1(reach 1) pipe[tot=6 dorm=0 unreach=4 cons=2 nocand=0 topo=1 novis=0 ok=1] tour=2n/0.2m goal=(-0.4, -0.6, 0.6) t=25ms (x2)
[INFO] [1783046603.945] [/exploration_node]: [EV] [1783046603.945][    +20.4s][EXEC_TRAJ] BATT 23.0V | v=23.07V pct=52%
[WARN] [1783046604.585] [/exploration_node]: [local-plan] minco optimize failed
[WARN] [1783046604.616] [/exploration_node]: [EV] [1783046604.616][    +21.1s][PLAN_TRAJ_EXP] STATE PLAN_TRAJ_EXP -> PLAN_TRAJ_EXP [PLAN_TRAJ_EXP: plan failed] |  (prev cycle x4/1.4s)
[WARN] [1783046604.705] [/exploration_node]: [EV] [1783046604.704][    +21.2s][PLAN_TRAJ_EXP] LOCAL EXP FAIL | why: minco optimize failed | t=33.5ms goal_d=0.2m (x11)
[INFO] [1783046604.824] [/exploration_node]: [EV] [1783046604.824][    +21.3s][PLAN_TRAJ_EXP] STATE PLAN_TRAJ_EXP -> PLAN_TRAJ_EXP [planGlobalPath: succeed] |  (prev x4/0.2s)
[INFO] [1783046604.904] [/exploration_node]: [EV] [1783046604.904][    +21.4s][EXEC_TRAJ] STATE PLAN_TRAJ_EXP -> EXEC_TRAJ [plan success: new traj pub] |  (prev cycle x1/0.1s)
[INFO] [1783046605.503] [/exploration_node]: [EV] [1783046605.503][    +22.0s][EXEC_TRAJ] GLOBAL result=OK | clusters=8(reach 2) vp=2(reach 2) pipe[tot=8 dorm=1 unreach=3 cons=4 nocand=0 topo=2 novis=0 ok=2] tour=3n/4.6m goal=(-0.4, -0.6, 0.6) t=45ms (x2)
[INFO] [1783046605.503] [/exploration_node]: [EV] [1783046605.503][    +22.0s][PLAN_TRAJ_EXP] STATE EXEC_TRAJ -> PLAN_TRAJ_EXP [planGlobalPath: succeed]
[INFO] [1783046605.928] [/exploration_node]: [EV] [1783046605.928][    +22.4s][EXEC_TRAJ] BATT 23.0V | v=23.06V pct=51%
[INFO] [1783046606.931] [/exploration_node]: [EV] [1783046606.931][    +23.4s][EXEC_TRAJ] GLOBAL result=OK | clusters=9(reach 2) vp=2(reach 2) pipe[tot=9 dorm=2 unreach=4 cons=3 nocand=0 topo=1 novis=0 ok=2] tour=3n/4.5m goal=(-0.4, -0.6, 0.6) t=55ms (x1)
[WARN] [1783046607.626] [/exploration_node]: [local-plan] minco optimize failed
[WARN] [1783046607.658] [/exploration_node]: [EV] [1783046607.657][    +24.2s][PLAN_TRAJ_EXP] STATE PLAN_TRAJ_EXP -> PLAN_TRAJ_EXP [PLAN_TRAJ_EXP: plan failed] |  (prev cycle x6/2.2s)
[WARN] [1783046607.701] [/exploration_node]: [EV] [1783046607.701][    +24.2s][PLAN_TRAJ_EXP] LOCAL EXP FAIL | why: minco optimize failed | t=33.5ms goal_d=0.1m (x6)
[INFO] [1783046607.882] [/exploration_node]: [EV] [1783046607.882][    +24.4s][PLAN_TRAJ_EXP] STATE PLAN_TRAJ_EXP -> PLAN_TRAJ_EXP [planGlobalPath: succeed] |  (prev x4/0.2s)
[INFO] [1783046607.960] [/exploration_node]: [EV] [1783046607.960][    +24.5s][EXEC_TRAJ] STATE PLAN_TRAJ_EXP -> EXEC_TRAJ [plan success: new traj pub] |  (prev cycle x1/0.1s)
[INFO] [1783046607.960] [/exploration_node]: [EV] [1783046607.960][    +24.5s][EXEC_TRAJ] BATT 23.0V | v=23.03V pct=49%
[INFO] [1783046608.568] [/exploration_node]: [EV] [1783046608.568][    +25.1s][PLAN_TRAJ_EXP] STATE EXEC_TRAJ -> PLAN_TRAJ_EXP [planGlobalPath: succeed]
[INFO] [1783046609.269] [/exploration_node]: [EV] [1783046609.269][    +25.8s][EXEC_TRAJ] GLOBAL result=OK | clusters=9(reach 2) vp=2(reach 2) pipe[tot=9 dorm=2 unreach=4 cons=3 nocand=0 topo=1 novis=0 ok=2] tour=3n/4.5m goal=(-0.4, -0.6, 0.6) t=36ms (x3)
[INFO] [1783046609.928] [/exploration_node]: [EV] [1783046609.928][    +26.4s][EXEC_TRAJ] BATT 22.5V | v=22.99V pct=49%
[WARN] [1783046609.983] [/exploration_node]: [local-plan] minco optimize failed
[WARN] [1783046610.011] [/exploration_node]: [EV] [1783046610.011][    +26.5s][PLAN_TRAJ_EXP] STATE PLAN_TRAJ_EXP -> PLAN_TRAJ_EXP [PLAN_TRAJ_EXP: plan failed] |  (prev cycle x4/1.4s)
[WARN] [1783046610.143] [/exploration_node]: [EV] [1783046610.143][    +26.6s][PLAN_TRAJ_EXP] LOCAL EXP FAIL | why: minco optimize failed | t=34.7ms goal_d=0.2m (x8)
[INFO] [1783046610.231] [/exploration_node]: [EV] [1783046610.231][    +26.7s][PLAN_TRAJ_EXP] STATE PLAN_TRAJ_EXP -> PLAN_TRAJ_EXP [planGlobalPath: succeed] |  (prev x4/0.2s)
[INFO] [1783046610.309] [/exploration_node]: [EV] [1783046610.309][    +26.8s][EXEC_TRAJ] STATE PLAN_TRAJ_EXP -> EXEC_TRAJ [plan success: new traj pub] |  (prev cycle x1/0.1s)
[INFO] [1783046610.496] [/mavros]: HP: requesting home position
[INFO] [1783046610.935] [/exploration_node]: [EV] [1783046610.935][    +27.4s][EXEC_TRAJ] GLOBAL result=OK | clusters=9(reach 2) vp=2(reach 2) pipe[tot=9 dorm=2 unreach=4 cons=3 nocand=0 topo=1 novis=0 ok=2] tour=3n/4.5m goal=(-0.4, -0.6, 0.6) t=48ms (x2)
[INFO] [1783046610.935] [/exploration_node]: [EV] [1783046610.935][    +27.4s][PLAN_TRAJ_EXP] STATE EXEC_TRAJ -> PLAN_TRAJ_EXP [planGlobalPath: succeed]
[INFO] [1783046611.927] [/exploration_node]: [EV] [1783046611.927][    +28.4s][EXEC_TRAJ] BATT 22.5V | v=22.96V pct=48%
[ERROR] [1783046612.045] [/exploration_node]: [EV] [1783046612.045][    +28.5s][EXEC_TRAJ] STUCK no motion >8s in EXEC_TRAJ | last-local: OK | pos=(-0.42, -0.64, 0.53) still=8s
[INFO] [1783046612.280] [/exploration_node]: [EV] [1783046612.280][    +28.8s][EXEC_TRAJ] GLOBAL result=OK | clusters=9(reach 2) vp=2(reach 2) pipe[tot=9 dorm=2 unreach=4 cons=3 nocand=0 topo=1 novis=0 ok=2] tour=3n/4.4m goal=(-0.4, -0.6, 0.6) t=34ms (x1)
[ERROR] [1783046612.281] [/exploration_node]: [EV] [1783046612.281][    +28.8s][PLAN_TRAJ_EXP] STUCK no motion >8s in PLAN_TRAJ_EXP | last-local: OK | pos=(-0.41, -0.65, 0.55) still=8s (prev x20/0.2s)
[WARN] [1783046612.283] [/exploration_node]: [local-plan] minco optimize failed
[WARN] [1783046612.314] [/exploration_node]: [EV] [1783046612.314][    +28.8s][PLAN_TRAJ_EXP] STATE PLAN_TRAJ_EXP -> PLAN_TRAJ_EXP [PLAN_TRAJ_EXP: plan failed] |  (prev cycle x4/1.4s)
[ERROR] [1783046612.326] [/exploration_node]: [EV] [1783046612.326][    +28.8s][PLAN_TRAJ_EXP] STUCK no motion >8s in PLAN_TRAJ_EXP | last-local: minco optimize failed | pos=(-0.40, -0.64, 0.56) still=8s
[WARN] [1783046612.360] [/exploration_node]: [EV] [1783046612.359][    +28.9s][PLAN_TRAJ_EXP] LOCAL EXP FAIL | why: minco optimize failed | t=33.4ms goal_d=0.0m (x4)
[INFO] [1783046612.543] [/exploration_node]: [EV] [1783046612.542][    +29.0s][PLAN_TRAJ_EXP] STATE PLAN_TRAJ_EXP -> PLAN_TRAJ_EXP [planGlobalPath: succeed] |  (prev x4/0.2s)
[INFO] [1783046612.621] [/exploration_node]: [EV] [1783046612.621][    +29.1s][EXEC_TRAJ] STATE PLAN_TRAJ_EXP -> EXEC_TRAJ [plan success: new traj pub] |  (prev cycle x1/0.1s)
[ERROR] [1783046612.631] [/exploration_node]: [EV] [1783046612.631][    +29.1s][EXEC_TRAJ] STUCK no motion >8s in EXEC_TRAJ | last-local: OK | pos=(-0.40, -0.65, 0.57) still=9s (prev x5/0.3s)
[INFO] [1783046613.250] [/exploration_node]: [EV] [1783046613.250][    +29.7s][PLAN_TRAJ_EXP] STATE EXEC_TRAJ -> PLAN_TRAJ_EXP [planGlobalPath: succeed]
[ERROR] [1783046613.251] [/exploration_node]: [EV] [1783046613.251][    +29.8s][PLAN_TRAJ_EXP] STUCK no motion >8s in PLAN_TRAJ_EXP | last-local: OK | pos=(-0.37, -0.67, 0.55) still=9s (prev x53/0.6s)
[INFO] [1783046613.959] [/exploration_node]: [EV] [1783046613.959][    +30.5s][EXEC_TRAJ] GLOBAL result=OK | clusters=6(reach 1) vp=1(reach 1) pipe[tot=6 dorm=0 unreach=2 cons=4 nocand=0 topo=3 novis=0 ok=1] tour=2n/0.1m goal=(-0.4, -0.6, 0.6) t=46ms (x2)
[INFO] [1783046613.960] [/exploration_node]: [EV] [1783046613.960][    +30.5s][FINISH] STATE PLAN_TRAJ_EXP -> FINISH [fsm] |  (prev cycle x2/0.7s)
[INFO] [1783046613.960] [/exploration_node]: [EV] [1783046613.960][    +30.5s][FINISH] BATT 22.5V | v=22.96V pct=47%
[INFO] [1783046613.962] [/exploration_node]: [32m[FINISH] exploration done -> hover 1.0s, then return home & land[0m
[INFO] [1783046613.962] [/exploration_node]: [EV] [1783046613.962][    +30.5s][PLAN_TRAJ_RTH] STATE FINISH -> PLAN_TRAJ_RTH [FINISH: hover done -> return home]
[ERROR] [1783046613.975] [/exploration_node]: [EV] [1783046613.975][    +30.5s][PLAN_TRAJ_RTH] STUCK no motion >8s in PLAN_TRAJ_RTH | last-local: OK | pos=(-0.38, -0.69, 0.52) still=10s (prev cycle x2/0.7s)
[INFO] [1783046613.975] [/exploration_node]: [EV] [1783046613.975][    +30.5s][PLAN_TRAJ_RTH] RTH d2goal=0.5m | auto-home(xy) dist=0.77m tol=0.20m goal=(0.02, -0.03, 1.20)
[INFO] [1783046613.975] [/traj_server]: [33m[Metrics] RTH mode activated at index 115 (current state: PLAN_TRAJ_RTH)[0m
[INFO] [1783046614.004] [/exploration_node]: [33m[Path Simplification] Reduced path from 4 to 2 nodes, 2 collision checks, 0.01 ms[0m
[INFO] [1783046614.004] [/exploration_node]:   Segment 1: 1.02 m
[INFO] [1783046614.012] [/exploration_node]: [EV] [1783046614.012][    +30.5s][PLAN_TRAJ_RTH] LOCAL RTH OK | t=37.2ms (prev cycle x13/18.4s)
[INFO] [1783046614.012] [/exploration_node]: [EV] [1783046614.012][    +30.5s][EXEC_TRAJ] STATE PLAN_TRAJ_RTH -> EXEC_TRAJ [PLAN_TRAJ_RTH: plan success]
[ERROR] [1783046614.024] [/exploration_node]: [EV] [1783046614.024][    +30.5s][EXEC_TRAJ] STUCK no motion >8s in EXEC_TRAJ | last-local: OK | pos=(-0.38, -0.68, 0.52) still=10s
[INFO] [1783046614.668] [/exploration_node]: [33m[Path Simplification] Reduced path from 4 to 2 nodes, 2 collision checks, 0.01 ms[0m
[INFO] [1783046614.668] [/exploration_node]:   Segment 1: 1.01 m
[INFO] [1783046614.669] [/exploration_node]: [EV] [1783046614.669][    +31.2s][EXEC_TRAJ] GLOBAL result=RTH_PATH_OK | why: path to goal: 2 nodes / 1.0m (connected via 6) | clusters=6(reach 1) vp=1(reach 1) pipe[tot=6 dorm=0 unreach=3 cons=3 nocand=0 topo=2 novis=0 ok=1] tour=2n/1.0m goal=(0.0, -0.0, 1.2) t=35ms
[INFO] [1783046614.669] [/exploration_node]: [EV] [1783046614.669][    +31.2s][PLAN_TRAJ_RTH] STATE EXEC_TRAJ -> PLAN_TRAJ_RTH [planGoalPath: succeed]
[INFO] [1783046614.670] [/exploration_node]: [EV] [1783046614.670][    +31.2s][PLAN_TRAJ_RTH] RTH d2goal=0.5m | auto-home(xy) dist=0.75m tol=0.20m goal=(0.02, -0.03, 1.20)
[INFO] [1783046614.703] [/exploration_node]: [33m[Path Simplification] Reduced path from 4 to 2 nodes, 2 collision checks, 0.01 ms[0m
[INFO] [1783046614.703] [/exploration_node]:   Segment 1: 1.01 m
[INFO] [1783046615.379] [/exploration_node]: [33m[Path Simplification] Reduced path from 4 to 2 nodes, 2 collision checks, 0.01 ms[0m
[INFO] [1783046615.379] [/exploration_node]:   Segment 1: 1.01 m
[INFO] [1783046615.381] [/exploration_node]: [EV] [1783046615.381][    +31.9s][PLAN_TRAJ_RTH] RTH d2goal=0.5m | auto-home(xy) dist=0.74m tol=0.20m goal=(0.02, -0.03, 1.20)
[INFO] [1783046615.408] [/exploration_node]: [33m[Path Simplification] Reduced path from 4 to 2 nodes, 2 collision checks, 0.01 ms[0m
[INFO] [1783046615.408] [/exploration_node]:   Segment 1: 1.01 m
[INFO] [1783046615.923] [/exploration_node]: [EV] [1783046615.923][    +32.4s][EXEC_TRAJ] BATT 22.5V | v=22.87V pct=47%
[INFO] [1783046616.095] [/exploration_node]: [33m[Path Simplification] Reduced path from 4 to 2 nodes, 2 collision checks, 0.01 ms[0m
[INFO] [1783046616.095] [/exploration_node]:   Segment 1: 0.95 m
[INFO] [1783046616.096] [/exploration_node]: [EV] [1783046616.096][    +32.6s][EXEC_TRAJ] GLOBAL result=RTH_PATH_OK | why: path to goal: 2 nodes / 0.9m (connected via 6) | clusters=6(reach 1) vp=1(reach 1) pipe[tot=6 dorm=0 unreach=5 cons=1 nocand=0 topo=0 novis=0 ok=1] tour=2n/0.9m goal=(0.0, -0.0, 1.2) t=38ms (prev x1/0.7s)
[INFO] [1783046616.097] [/exploration_node]: [EV] [1783046616.096][    +32.6s][PLAN_TRAJ_RTH] RTH d2goal=0.5m | auto-home(xy) dist=0.73m tol=0.20m goal=(0.02, -0.03, 1.20)
[INFO] [1783046616.134] [/exploration_node]: [33m[Path Simplification] Reduced path from 4 to 2 nodes, 2 collision checks, 0.01 ms[0m
[INFO] [1783046616.134] [/exploration_node]:   Segment 1: 0.95 m
[INFO] [1783046616.793] [/exploration_node]: [33m[Path Simplification] Reduced path from 4 to 2 nodes, 2 collision checks, 0.01 ms[0m
[INFO] [1783046616.793] [/exploration_node]:   Segment 1: 0.84 m
[INFO] [1783046616.795] [/exploration_node]: [EV] [1783046616.795][    +33.3s][EXEC_TRAJ] GLOBAL result=RTH_PATH_OK | why: path to goal: 2 nodes / 0.8m (connected via 6) | clusters=6(reach 1) vp=1(reach 1) pipe[tot=6 dorm=0 unreach=5 cons=1 nocand=0 topo=0 novis=0 ok=1] tour=2n/0.8m goal=(0.0, -0.0, 1.2) t=31ms
[INFO] [1783046616.795] [/exploration_node]: [EV] [1783046616.795][    +33.3s][PLAN_TRAJ_RTH] RTH d2goal=0.5m | auto-home(xy) dist=0.66m tol=0.20m goal=(0.02, -0.03, 1.20)
[INFO] [1783046616.828] [/exploration_node]: [33m[Path Simplification] Reduced path from 4 to 2 nodes, 2 collision checks, 0.01 ms[0m
[INFO] [1783046616.829] [/exploration_node]:   Segment 1: 0.84 m
[INFO] [1783046617.484] [/exploration_node]: [33m[Path Simplification] Reduced path from 4 to 2 nodes, 2 collision checks, 0.01 ms[0m
[INFO] [1783046617.484] [/exploration_node]:   Segment 1: 0.62 m
[INFO] [1783046617.486] [/exploration_node]: [EV] [1783046617.486][    +34.0s][EXEC_TRAJ] GLOBAL result=RTH_PATH_OK | why: path to goal: 2 nodes / 0.6m (connected via 6) | clusters=6(reach 1) vp=1(reach 1) pipe[tot=6 dorm=0 unreach=5 cons=1 nocand=0 topo=0 novis=0 ok=1] tour=2n/0.6m goal=(0.0, -0.0, 1.2) t=28ms
[INFO] [1783046617.487] [/exploration_node]: [EV] [1783046617.487][    +34.0s][PLAN_TRAJ_RTH] RTH d2goal=0.5m | auto-home(xy) dist=0.52m tol=0.20m goal=(0.02, -0.03, 1.20)
[INFO] [1783046617.513] [/exploration_node]: [33m[Path Simplification] Reduced path from 4 to 2 nodes, 2 collision checks, 0.01 ms[0m
[INFO] [1783046617.513] [/exploration_node]:   Segment 1: 0.62 m
[INFO] [1783046617.919] [/exploration_node]: [EV] [1783046617.919][    +34.4s][EXEC_TRAJ] BATT 22.5V | v=22.87V pct=44%
[INFO] [1783046618.179] [/exploration_node]: [33m[Path Simplification] Reduced path from 4 to 2 nodes, 2 collision checks, 0.01 ms[0m
[INFO] [1783046618.179] [/exploration_node]:   Segment 1: 0.31 m
[INFO] [1783046618.180] [/exploration_node]: [EV] [1783046618.180][    +34.7s][EXEC_TRAJ] GLOBAL result=RTH_PATH_OK | why: path to goal: 2 nodes / 0.3m (connected via 6) | clusters=6(reach 1) vp=1(reach 1) pipe[tot=6 dorm=0 unreach=1 cons=5 nocand=0 topo=4 novis=0 ok=1] tour=2n/0.3m goal=(0.0, -0.0, 1.2) t=47ms
[INFO] [1783046618.182] [/exploration_node]: [EV] [1783046618.182][    +34.7s][PLAN_TRAJ_RTH] RTH d2goal=0.0m | auto-home(xy) dist=0.22m tol=0.20m goal=(0.02, -0.03, 1.20)
[INFO] [1783046618.224] [/exploration_node]: [33m[Path Simplification] Reduced path from 4 to 2 nodes, 2 collision checks, 0.01 ms[0m
[INFO] [1783046618.224] [/exploration_node]:   Segment 1: 0.31 m
[WARN] [1783046618.231] [/exploration_node]: [local-plan] minco optimize failed
[WARN] [1783046618.231] [/exploration_node]: [RTH] local plan failed: minco optimize failed
[WARN] [1783046618.231] [/exploration_node]: [EV] [1783046618.231][    +34.7s][PLAN_TRAJ_RTH] LOCAL RTH FAIL | why: minco optimize failed | t=49.2ms (prev x5/3.5s)
[WARN] [1783046618.231] [/exploration_node]: [EV] [1783046618.231][    +34.7s][PLAN_TRAJ_RTH] STATE PLAN_TRAJ_RTH -> PLAN_TRAJ_RTH [PLAN_TRAJ_RTH: plan failed] |  (prev cycle x10/3.6s)
[INFO] [1783046618.241] [/exploration_node]: [EV] [1783046618.241][    +34.7s][PLAN_TRAJ_RTH] RTH d2goal=0.0m | auto-home(xy) dist=0.15m tol=0.20m goal=(0.02, -0.03, 1.20)
[INFO] [1783046618.242] [/exploration_node]: [EV] [1783046618.242][    +34.7s][LAND] STATE PLAN_TRAJ_RTH -> LAND [RTH: home reached -> AUTO.LAND]
[INFO] [1783046618.242] [/exploration_node]: [32m[RTH] Home reached (xy 0.149 m) -> landing[0m
[INFO] [1783046618.242] [/traj_server]: [33m[Metrics] RTH distance received: 0.149 m, logging metrics...[0m
[INFO] [1783046618.242] [/traj_server]: [32m[Metrics] Mission Complete - Logged to /home/hmcl/.ros/epic_metrics.log[0m
[INFO] [1783046618.242] [/traj_server]: [36m  Mission time: 25.65 s[0m
[INFO] [1783046618.242] [/traj_server]: [36m  RTH distance to goal: 0.149 m[0m
[INFO] [1783046618.242] [/traj_server]: [36m  Avg speed (odometry): 0.171 m/s[0m
[INFO] [1783046618.242] [/traj_server]: [36m  Path length: 4.22 m[0m
[INFO] [1783046618.242] [/traj_server]: [36m  Avg speed (path/time): 0.164 m/s[0m
[INFO] [1783046618.242] [/traj_server]: [36m  Avg tracking error: 0.150 m[0m
[WARN] [1783046618.254] [/exploration_node]: [33m[LAND] AUTO.LAND requested[0m
[WARN] [1783046618.261] [/mavros]: CMD: Unexpected command 176, result 0
[WARN] [1783046618.274] [/mavros]: PositionTargetGlobal failed because no origin
[WARN] [1783046618.376] [/mavros]: PositionTargetGlobal failed because no origin
[WARN] [1783046618.476] [/mavros]: PositionTargetGlobal failed because no origin
[WARN] [1783046618.574] [/mavros]: PositionTargetGlobal failed because no origin
[WARN] [1783046618.677] [/mavros]: PositionTargetGlobal failed because no origin
[WARN] [1783046618.773] [/mavros]: PositionTargetGlobal failed because no origin
[WARN] [1783046618.875] [/mavros]: PositionTargetGlobal failed because no origin
[WARN] [1783046618.917] [/exploration_node]: [EV] [1783046618.917][    +35.4s][LAND] PX4 mode=AUTO.LAND armed=1 (LEFT OFFBOARD: pilot takeover or failsafe) | prev=OFFBOARD
[INFO] [1783046618.927] [/exploration_node]: [32m[LAND] PX4 in AUTO.LAND -> descending & auto-disarm[0m
[WARN] [1783046618.975] [/mavros]: PositionTargetGlobal failed because no origin
[WARN] [1783046619.076] [/mavros]: PositionTargetGlobal failed because no origin
[WARN] [1783046619.177] [/mavros]: PositionTargetGlobal failed because no origin
[WARN] [1783046619.275] [/mavros]: PositionTargetGlobal failed because no origin
[WARN] [1783046619.377] [/mavros]: PositionTargetGlobal failed because no origin
[WARN] [1783046619.475] [/mavros]: PositionTargetGlobal failed because no origin
[WARN] [1783046619.574] [/mavros]: PositionTargetGlobal failed because no origin
[WARN] [1783046619.674] [/mavros]: PositionTargetGlobal failed because no origin
[WARN] [1783046619.773] [/mavros]: PositionTargetGlobal failed because no origin
[WARN] [1783046619.875] [/mavros]: PositionTargetGlobal failed because no origin
[INFO] [1783046619.918] [/exploration_node]: [EV] [1783046619.918][    +36.4s][LAND] BATT 22.5V | v=22.97V pct=44%
[WARN] [1783046619.976] [/mavros]: PositionTargetGlobal failed because no origin
[WARN] [1783046620.076] [/mavros]: PositionTargetGlobal failed because no origin
[WARN] [1783046620.175] [/mavros]: PositionTargetGlobal failed because no origin
[WARN] [1783046620.273] [/mavros]: PositionTargetGlobal failed because no origin
[WARN] [1783046620.374] [/mavros]: PositionTargetGlobal failed because no origin
[WARN] [1783046620.475] [/mavros]: PositionTargetGlobal failed because no origin
[INFO] [1783046620.496] [/mavros]: HP: requesting home position
[WARN] [1783046620.578] [/mavros]: PositionTargetGlobal failed because no origin
[WARN] [1783046620.673] [/mavros]: PositionTargetGlobal failed because no origin
[WARN] [1783046620.777] [/mavros]: PositionTargetGlobal failed because no origin
[WARN] [1783046620.873] [/mavros]: PositionTargetGlobal failed because no origin
[INFO] [1783046620.931] [/exploration_node]: [32m[LAND] PX4 in AUTO.LAND -> descending & auto-disarm[0m
[WARN] [1783046620.977] [/mavros]: PositionTargetGlobal failed because no origin
[WARN] [1783046621.074] [/mavros]: PositionTargetGlobal failed because no origin
[WARN] [1783046621.173] [/mavros]: PositionTargetGlobal failed because no origin
[WARN] [1783046621.275] [/mavros]: PositionTargetGlobal failed because no origin
[WARN] [1783046621.372] [/mavros]: PositionTargetGlobal failed because no origin
[WARN] [1783046621.476] [/mavros]: PositionTargetGlobal failed because no origin
[WARN] [1783046621.572] [/mavros]: PositionTargetGlobal failed because no origin
[WARN] [1783046621.673] [/mavros]: PositionTargetGlobal failed because no origin
[WARN] [1783046621.773] [/mavros]: PositionTargetGlobal failed because no origin
[WARN] [1783046621.876] [/mavros]: PositionTargetGlobal failed because no origin
[WARN] [1783046621.974] [/mavros]: PositionTargetGlobal failed because no origin
[WARN] [1783046622.074] [/mavros]: PositionTargetGlobal failed because no origin
[WARN] [1783046622.173] [/mavros]: PositionTargetGlobal failed because no origin
[WARN] [1783046622.274] [/mavros]: PositionTargetGlobal failed because no origin
[WARN] [1783046622.917] [/exploration_node]: [EV] [1783046622.917][    +39.4s][LAND] PX4 mode=POSCTL armed=0 | prev=AUTO.LAND
[INFO] [1783046622.922] [/exploration_node]: [EV] [1783046622.922][    +39.4s][LANDED] STATE LAND -> LANDED [LAND: touchdown & disarmed]
[INFO] [1783046622.931] [/exploration_node]: [EV] [1783046622.931][    +39.4s][LANDED] MISSION LANDED (mission complete, disarmed)
[INFO] [1783046622.933] [/record_on_goal]: [record_on_goal] FSM state LANDED -> finalize recording
