# EPIC structured flight events for epic_2026-07-03-11-42-00.bag
# line format: [ros_epoch][+rel_s][FSM_STATE] CATEGORY signature | detail
# EPIC session info | published_ros=1783046519.738
# box | down=[-150, -150, 0.4] up=[150, 150, 2]
# corridor | DilateSoft=0.60 DilateHard=0.45 MaxCorridor=4.0 MaxVel=0.9 max_traj_len=10.0 safe_dist=0.65 bubble_min_r=0.50
# frontier | cell=0.20 cluster_sz=[0.5, 7.0] minpts=4 dphi=0.26 znum=3 good_dir_score=0.80
# viewpoint | pillar_r=[0.5, 2.0]x8 h=[-1.0, 1.0]x5 circle_n=8 local_tsp=16
# fsm | takeoff_h=1.20 goal_tol=0.20 replan_t=0.20 emerg_err=3.0 max_hz=30 avoid_to=0.5 auto_rth_land=1 rth_land_xy_tol=0.20 avoidance=1
# topics | odom=/Odometry cloud=/cloud_registered
[1783046551.946][    +32.2s][WAIT_TRIGGER] BATT 24.0V | v=24.29V pct=70% (still, x16/30.0s)
[1783046578.933][    +59.2s][WAIT_TRIGGER] PX4 mode=POSCTL armed=0 (LEFT OFFBOARD: pilot takeover or failsafe) | prev=OFFBOARD
[1783046582.933][    +63.2s][WAIT_TRIGGER] PX4 mode=POSCTL armed=1 | prev=POSCTL
[1783046583.500][     +0.0s][WAIT_TRIGGER] EVENT 2D-Nav-Goal trigger | trigger received | pos=(0.02, -0.03, -0.00)
[1783046583.500][     +0.0s][WAIT_TRIGGER] PARAM box | down=[-150, -150, 0.4] up=[150, 150, 2]
[1783046583.500][     +0.0s][WAIT_TRIGGER] PARAM corridor | DilateSoft=0.60 DilateHard=0.45 MaxCorridor=4.0 MaxVel=0.9 max_traj_len=10.0 safe_dist=0.65 bubble_min_r=0.50
[1783046583.500][     +0.0s][WAIT_TRIGGER] PARAM frontier | cell=0.20 cluster_sz=[0.5, 7.0] minpts=4 dphi=0.26 znum=3 good_dir_score=0.80
[1783046583.500][     +0.0s][WAIT_TRIGGER] PARAM viewpoint | pillar_r=[0.5, 2.0]x8 h=[-1.0, 1.0]x5 circle_n=8 local_tsp=16
[1783046583.500][     +0.0s][WAIT_TRIGGER] PARAM fsm | takeoff_h=1.20 goal_tol=0.20 replan_t=0.20 emerg_err=3.0 max_hz=30 avoid_to=0.5 auto_rth_land=1 rth_land_xy_tol=0.20 avoidance=1
[1783046583.500][     +0.0s][WAIT_TRIGGER] PARAM topics | odom=/Odometry cloud=/cloud_registered
[1783046583.500][     +0.0s][TAKEOFF_HOVER] STATE WAIT_TRIGGER -> TAKEOFF_HOVER [triggerCallback: takeoff & hover]
[1783046583.935][     +0.4s][TAKEOFF_HOVER] BATT 24.0V | v=24.30V pct=71% (x15)
[1783046584.932][     +1.4s][TAKEOFF_HOVER] PX4 mode=OFFBOARD armed=1 | prev=POSCTL
[1783046585.933][     +2.4s][TAKEOFF_HOVER] BATT 24.0V | v=24.27V pct=71%
[1783046587.931][     +4.4s][TAKEOFF_HOVER] BATT 23.5V | v=23.75V pct=70%
[1783046589.933][     +6.4s][TAKEOFF_HOVER] BATT 23.0V | v=23.50V pct=65%
[1783046591.929][     +8.4s][TAKEOFF_HOVER] BATT 23.0V | v=23.39V pct=62%
[1783046592.488][     +9.0s][PLAN_TRAJ_EXP] STATE TAKEOFF_HOVER -> PLAN_TRAJ_EXP [takeoff: altitude reached & stable -> explore]
[1783046592.544][     +9.0s][PLAN_TRAJ_EXP] GLOBAL result=OK | clusters=9(reach 2) vp=2(reach 2) pipe[tot=9 dorm=1 unreach=0 cons=8 nocand=0 topo=6 novis=0 ok=2] tour=3n/4.8m goal=(-0.1, -0.5, 0.9) t=41ms
[1783046592.544][     +9.0s][PLAN_TRAJ_EXP] STATE PLAN_TRAJ_EXP -> PLAN_TRAJ_EXP [planGlobalPath: succeed]
[1783046592.579][     +9.1s][PLAN_TRAJ_EXP] LOCAL EXP OK | t=33.4ms goal_d=0.7m
[1783046592.579][     +9.1s][EXEC_TRAJ] STATE PLAN_TRAJ_EXP -> EXEC_TRAJ [plan success: new traj pub]
[1783046592.785][     +9.3s][PLAN_TRAJ_EXP] STATE EXEC_TRAJ -> PLAN_TRAJ_EXP [planGlobalPath: succeed]
[1783046593.932][    +10.4s][EXEC_TRAJ] BATT 23.0V | v=23.30V pct=59%
[1783046594.162][    +10.7s][EXEC_TRAJ] GLOBAL result=OK | clusters=7(reach 2) vp=2(reach 2) pipe[tot=7 dorm=0 unreach=1 cons=6 nocand=0 topo=4 novis=0 ok=2] tour=3n/4.6m goal=(-0.1, -0.5, 0.9) t=43ms (x2)
[1783046595.535][    +12.0s][EXEC_TRAJ] GLOBAL result=OK | clusters=8(reach 2) vp=2(reach 2) pipe[tot=8 dorm=0 unreach=1 cons=7 nocand=0 topo=5 novis=0 ok=2] tour=3n/4.2m goal=(-0.1, -0.5, 0.9) t=52ms (x1)
[1783046595.569][    +12.1s][PLAN_TRAJ_EXP] LOCAL EXP FAIL | why: minco optimize failed | t=33.4ms goal_d=0.1m (prev x4/2.7s)
[1783046595.569][    +12.1s][PLAN_TRAJ_EXP] STATE PLAN_TRAJ_EXP -> PLAN_TRAJ_EXP [PLAN_TRAJ_EXP: plan failed] |  (prev cycle x8/2.8s)
[1783046595.805][    +12.3s][PLAN_TRAJ_EXP] STATE PLAN_TRAJ_EXP -> PLAN_TRAJ_EXP [planGlobalPath: succeed] |  (prev x4/0.2s)
[1783046595.808][    +12.3s][FINISH] STATE PLAN_TRAJ_EXP -> FINISH [fsm]
[1783046595.816][    +12.3s][FINISH] MISSION FINISH (premature? unreached clusters remain) | pos=(-0.09, -0.50, 0.94) elapsed=12s clusters_left=7(reach 1) pipe[tot=7 dorm=0 unreach=1 cons=6 nocand=0 topo=5 novis=0 ok=1]
[1783046595.929][    +12.4s][FINISH] BATT 23.0V | v=23.17V pct=57%
[1783046596.048][    +12.5s][PLAN_TRAJ_EXP] STATE FINISH -> PLAN_TRAJ_EXP [planGlobalPath: succeed]
[1783046596.537][    +13.0s][FINISH] GLOBAL result=OK | clusters=8(reach 2) vp=2(reach 2) pipe[tot=8 dorm=0 unreach=2 cons=6 nocand=0 topo=4 novis=0 ok=2] tour=3n/5.1m goal=(-0.5, -0.5, 0.6) t=41ms (x3)
[1783046596.572][    +13.1s][EXEC_TRAJ] STATE PLAN_TRAJ_EXP -> EXEC_TRAJ [plan success: new traj pub] |  (prev cycle x4/0.5s)
[1783046597.219][    +13.7s][PLAN_TRAJ_EXP] STATE EXEC_TRAJ -> PLAN_TRAJ_EXP [planGlobalPath: succeed]
[1783046597.894][    +14.4s][EXEC_TRAJ] GLOBAL result=OK | clusters=6(reach 1) vp=1(reach 1) pipe[tot=6 dorm=0 unreach=1 cons=5 nocand=0 topo=4 novis=0 ok=1] tour=2n/0.4m goal=(-0.5, -0.5, 0.6) t=39ms (x1)
[1783046597.936][    +14.4s][EXEC_TRAJ] BATT 23.0V | v=23.16V pct=54%
[1783046599.265][    +15.8s][EXEC_TRAJ] GLOBAL result=OK | clusters=6(reach 1) vp=1(reach 1) pipe[tot=6 dorm=0 unreach=4 cons=2 nocand=0 topo=1 novis=0 ok=1] tour=2n/0.1m goal=(-0.4, -0.6, 0.6) t=29ms (x1)
[1783046599.980][    +16.5s][EXEC_TRAJ] BATT 23.0V | v=23.15V pct=53%
[1783046600.663][    +17.2s][EXEC_TRAJ] GLOBAL result=OK | clusters=7(reach 2) vp=2(reach 2) pipe[tot=7 dorm=0 unreach=4 cons=3 nocand=0 topo=1 novis=0 ok=2] tour=3n/4.6m goal=(-0.4, -0.6, 0.6) t=53ms (x1)
[1783046600.697][    +17.2s][PLAN_TRAJ_EXP] STATE PLAN_TRAJ_EXP -> PLAN_TRAJ_EXP [PLAN_TRAJ_EXP: plan failed] |  (prev cycle x10/3.5s)
[1783046600.831][    +17.3s][PLAN_TRAJ_EXP] LOCAL EXP FAIL | why: minco optimize failed | t=35.4ms goal_d=0.2m (x11)
[1783046600.909][    +17.4s][PLAN_TRAJ_EXP] STATE PLAN_TRAJ_EXP -> PLAN_TRAJ_EXP [planGlobalPath: succeed] |  (prev x4/0.2s)
[1783046600.992][    +17.5s][EXEC_TRAJ] STATE PLAN_TRAJ_EXP -> EXEC_TRAJ [plan success: new traj pub] |  (prev cycle x1/0.1s)
[1783046601.613][    +18.1s][PLAN_TRAJ_EXP] STATE EXEC_TRAJ -> PLAN_TRAJ_EXP [planGlobalPath: succeed]
[1783046601.924][    +18.4s][EXEC_TRAJ] BATT 23.0V | v=23.11V pct=51%
[1783046602.303][    +18.8s][EXEC_TRAJ] GLOBAL result=OK | clusters=6(reach 1) vp=1(reach 1) pipe[tot=6 dorm=0 unreach=1 cons=5 nocand=0 topo=4 novis=0 ok=1] tour=2n/0.1m goal=(-0.4, -0.6, 0.6) t=41ms (x2)
[1783046602.338][    +18.8s][PLAN_TRAJ_EXP] STATE PLAN_TRAJ_EXP -> PLAN_TRAJ_EXP [PLAN_TRAJ_EXP: plan failed] |  (prev cycle x2/0.7s)
[1783046602.539][    +19.0s][PLAN_TRAJ_EXP] STATE PLAN_TRAJ_EXP -> PLAN_TRAJ_EXP [planGlobalPath: succeed] |  (prev x4/0.2s)
[1783046602.622][    +19.1s][EXEC_TRAJ] STATE PLAN_TRAJ_EXP -> EXEC_TRAJ [plan success: new traj pub] |  (prev cycle x1/0.1s)
[1783046603.241][    +19.7s][PLAN_TRAJ_EXP] STATE EXEC_TRAJ -> PLAN_TRAJ_EXP [planGlobalPath: succeed]
[1783046603.908][    +20.4s][EXEC_TRAJ] GLOBAL result=OK | clusters=6(reach 1) vp=1(reach 1) pipe[tot=6 dorm=0 unreach=4 cons=2 nocand=0 topo=1 novis=0 ok=1] tour=2n/0.2m goal=(-0.4, -0.6, 0.6) t=25ms (x2)
[1783046603.945][    +20.4s][EXEC_TRAJ] BATT 23.0V | v=23.07V pct=52%
[1783046604.616][    +21.1s][PLAN_TRAJ_EXP] STATE PLAN_TRAJ_EXP -> PLAN_TRAJ_EXP [PLAN_TRAJ_EXP: plan failed] |  (prev cycle x4/1.4s)
[1783046604.704][    +21.2s][PLAN_TRAJ_EXP] LOCAL EXP FAIL | why: minco optimize failed | t=33.5ms goal_d=0.2m (x11)
[1783046604.824][    +21.3s][PLAN_TRAJ_EXP] STATE PLAN_TRAJ_EXP -> PLAN_TRAJ_EXP [planGlobalPath: succeed] |  (prev x4/0.2s)
[1783046604.904][    +21.4s][EXEC_TRAJ] STATE PLAN_TRAJ_EXP -> EXEC_TRAJ [plan success: new traj pub] |  (prev cycle x1/0.1s)
[1783046605.503][    +22.0s][EXEC_TRAJ] GLOBAL result=OK | clusters=8(reach 2) vp=2(reach 2) pipe[tot=8 dorm=1 unreach=3 cons=4 nocand=0 topo=2 novis=0 ok=2] tour=3n/4.6m goal=(-0.4, -0.6, 0.6) t=45ms (x2)
[1783046605.503][    +22.0s][PLAN_TRAJ_EXP] STATE EXEC_TRAJ -> PLAN_TRAJ_EXP [planGlobalPath: succeed]
[1783046605.928][    +22.4s][EXEC_TRAJ] BATT 23.0V | v=23.06V pct=51%
[1783046606.931][    +23.4s][EXEC_TRAJ] GLOBAL result=OK | clusters=9(reach 2) vp=2(reach 2) pipe[tot=9 dorm=2 unreach=4 cons=3 nocand=0 topo=1 novis=0 ok=2] tour=3n/4.5m goal=(-0.4, -0.6, 0.6) t=55ms (x1)
[1783046607.657][    +24.2s][PLAN_TRAJ_EXP] STATE PLAN_TRAJ_EXP -> PLAN_TRAJ_EXP [PLAN_TRAJ_EXP: plan failed] |  (prev cycle x6/2.2s)
[1783046607.701][    +24.2s][PLAN_TRAJ_EXP] LOCAL EXP FAIL | why: minco optimize failed | t=33.5ms goal_d=0.1m (x6)
[1783046607.882][    +24.4s][PLAN_TRAJ_EXP] STATE PLAN_TRAJ_EXP -> PLAN_TRAJ_EXP [planGlobalPath: succeed] |  (prev x4/0.2s)
[1783046607.960][    +24.5s][EXEC_TRAJ] STATE PLAN_TRAJ_EXP -> EXEC_TRAJ [plan success: new traj pub] |  (prev cycle x1/0.1s)
[1783046607.960][    +24.5s][EXEC_TRAJ] BATT 23.0V | v=23.03V pct=49%
[1783046608.568][    +25.1s][PLAN_TRAJ_EXP] STATE EXEC_TRAJ -> PLAN_TRAJ_EXP [planGlobalPath: succeed]
[1783046609.269][    +25.8s][EXEC_TRAJ] GLOBAL result=OK | clusters=9(reach 2) vp=2(reach 2) pipe[tot=9 dorm=2 unreach=4 cons=3 nocand=0 topo=1 novis=0 ok=2] tour=3n/4.5m goal=(-0.4, -0.6, 0.6) t=36ms (x3)
[1783046609.928][    +26.4s][EXEC_TRAJ] BATT 22.5V | v=22.99V pct=49%
[1783046610.011][    +26.5s][PLAN_TRAJ_EXP] STATE PLAN_TRAJ_EXP -> PLAN_TRAJ_EXP [PLAN_TRAJ_EXP: plan failed] |  (prev cycle x4/1.4s)
[1783046610.143][    +26.6s][PLAN_TRAJ_EXP] LOCAL EXP FAIL | why: minco optimize failed | t=34.7ms goal_d=0.2m (x8)
[1783046610.231][    +26.7s][PLAN_TRAJ_EXP] STATE PLAN_TRAJ_EXP -> PLAN_TRAJ_EXP [planGlobalPath: succeed] |  (prev x4/0.2s)
[1783046610.309][    +26.8s][EXEC_TRAJ] STATE PLAN_TRAJ_EXP -> EXEC_TRAJ [plan success: new traj pub] |  (prev cycle x1/0.1s)
[1783046610.935][    +27.4s][EXEC_TRAJ] GLOBAL result=OK | clusters=9(reach 2) vp=2(reach 2) pipe[tot=9 dorm=2 unreach=4 cons=3 nocand=0 topo=1 novis=0 ok=2] tour=3n/4.5m goal=(-0.4, -0.6, 0.6) t=48ms (x2)
[1783046610.935][    +27.4s][PLAN_TRAJ_EXP] STATE EXEC_TRAJ -> PLAN_TRAJ_EXP [planGlobalPath: succeed]
[1783046611.927][    +28.4s][EXEC_TRAJ] BATT 22.5V | v=22.96V pct=48%
[1783046612.045][    +28.5s][EXEC_TRAJ] STUCK no motion >8s in EXEC_TRAJ | last-local: OK | pos=(-0.42, -0.64, 0.53) still=8s
[1783046612.280][    +28.8s][EXEC_TRAJ] GLOBAL result=OK | clusters=9(reach 2) vp=2(reach 2) pipe[tot=9 dorm=2 unreach=4 cons=3 nocand=0 topo=1 novis=0 ok=2] tour=3n/4.4m goal=(-0.4, -0.6, 0.6) t=34ms (x1)
[1783046612.281][    +28.8s][PLAN_TRAJ_EXP] STUCK no motion >8s in PLAN_TRAJ_EXP | last-local: OK | pos=(-0.41, -0.65, 0.55) still=8s (prev x20/0.2s)
[1783046612.314][    +28.8s][PLAN_TRAJ_EXP] STATE PLAN_TRAJ_EXP -> PLAN_TRAJ_EXP [PLAN_TRAJ_EXP: plan failed] |  (prev cycle x4/1.4s)
[1783046612.326][    +28.8s][PLAN_TRAJ_EXP] STUCK no motion >8s in PLAN_TRAJ_EXP | last-local: minco optimize failed | pos=(-0.40, -0.64, 0.56) still=8s
[1783046612.359][    +28.9s][PLAN_TRAJ_EXP] LOCAL EXP FAIL | why: minco optimize failed | t=33.4ms goal_d=0.0m (x4)
[1783046612.542][    +29.0s][PLAN_TRAJ_EXP] STATE PLAN_TRAJ_EXP -> PLAN_TRAJ_EXP [planGlobalPath: succeed] |  (prev x4/0.2s)
[1783046612.621][    +29.1s][EXEC_TRAJ] STATE PLAN_TRAJ_EXP -> EXEC_TRAJ [plan success: new traj pub] |  (prev cycle x1/0.1s)
[1783046612.631][    +29.1s][EXEC_TRAJ] STUCK no motion >8s in EXEC_TRAJ | last-local: OK | pos=(-0.40, -0.65, 0.57) still=9s (prev x5/0.3s)
[1783046613.250][    +29.7s][PLAN_TRAJ_EXP] STATE EXEC_TRAJ -> PLAN_TRAJ_EXP [planGlobalPath: succeed]
[1783046613.251][    +29.8s][PLAN_TRAJ_EXP] STUCK no motion >8s in PLAN_TRAJ_EXP | last-local: OK | pos=(-0.37, -0.67, 0.55) still=9s (prev x53/0.6s)
[1783046613.959][    +30.5s][EXEC_TRAJ] GLOBAL result=OK | clusters=6(reach 1) vp=1(reach 1) pipe[tot=6 dorm=0 unreach=2 cons=4 nocand=0 topo=3 novis=0 ok=1] tour=2n/0.1m goal=(-0.4, -0.6, 0.6) t=46ms (x2)
[1783046613.960][    +30.5s][FINISH] STATE PLAN_TRAJ_EXP -> FINISH [fsm] |  (prev cycle x2/0.7s)
[1783046613.960][    +30.5s][FINISH] BATT 22.5V | v=22.96V pct=47%
[1783046613.962][    +30.5s][PLAN_TRAJ_RTH] STATE FINISH -> PLAN_TRAJ_RTH [FINISH: hover done -> return home]
[1783046613.975][    +30.5s][PLAN_TRAJ_RTH] STUCK no motion >8s in PLAN_TRAJ_RTH | last-local: OK | pos=(-0.38, -0.69, 0.52) still=10s (prev cycle x2/0.7s)
[1783046613.975][    +30.5s][PLAN_TRAJ_RTH] RTH d2goal=0.5m | auto-home(xy) dist=0.77m tol=0.20m goal=(0.02, -0.03, 1.20)
[1783046614.012][    +30.5s][PLAN_TRAJ_RTH] LOCAL RTH OK | t=37.2ms (prev cycle x13/18.4s)
[1783046614.012][    +30.5s][EXEC_TRAJ] STATE PLAN_TRAJ_RTH -> EXEC_TRAJ [PLAN_TRAJ_RTH: plan success]
[1783046614.024][    +30.5s][EXEC_TRAJ] STUCK no motion >8s in EXEC_TRAJ | last-local: OK | pos=(-0.38, -0.68, 0.52) still=10s
[1783046614.669][    +31.2s][EXEC_TRAJ] GLOBAL result=RTH_PATH_OK | why: path to goal: 2 nodes / 1.0m (connected via 6) | clusters=6(reach 1) vp=1(reach 1) pipe[tot=6 dorm=0 unreach=3 cons=3 nocand=0 topo=2 novis=0 ok=1] tour=2n/1.0m goal=(0.0, -0.0, 1.2) t=35ms
[1783046614.669][    +31.2s][PLAN_TRAJ_RTH] STATE EXEC_TRAJ -> PLAN_TRAJ_RTH [planGoalPath: succeed]
[1783046614.670][    +31.2s][PLAN_TRAJ_RTH] RTH d2goal=0.5m | auto-home(xy) dist=0.75m tol=0.20m goal=(0.02, -0.03, 1.20)
[1783046615.381][    +31.9s][PLAN_TRAJ_RTH] RTH d2goal=0.5m | auto-home(xy) dist=0.74m tol=0.20m goal=(0.02, -0.03, 1.20)
[1783046615.923][    +32.4s][EXEC_TRAJ] BATT 22.5V | v=22.87V pct=47%
[1783046616.096][    +32.6s][EXEC_TRAJ] GLOBAL result=RTH_PATH_OK | why: path to goal: 2 nodes / 0.9m (connected via 6) | clusters=6(reach 1) vp=1(reach 1) pipe[tot=6 dorm=0 unreach=5 cons=1 nocand=0 topo=0 novis=0 ok=1] tour=2n/0.9m goal=(0.0, -0.0, 1.2) t=38ms (prev x1/0.7s)
[1783046616.096][    +32.6s][PLAN_TRAJ_RTH] RTH d2goal=0.5m | auto-home(xy) dist=0.73m tol=0.20m goal=(0.02, -0.03, 1.20)
[1783046616.795][    +33.3s][EXEC_TRAJ] GLOBAL result=RTH_PATH_OK | why: path to goal: 2 nodes / 0.8m (connected via 6) | clusters=6(reach 1) vp=1(reach 1) pipe[tot=6 dorm=0 unreach=5 cons=1 nocand=0 topo=0 novis=0 ok=1] tour=2n/0.8m goal=(0.0, -0.0, 1.2) t=31ms
[1783046616.795][    +33.3s][PLAN_TRAJ_RTH] RTH d2goal=0.5m | auto-home(xy) dist=0.66m tol=0.20m goal=(0.02, -0.03, 1.20)
[1783046617.486][    +34.0s][EXEC_TRAJ] GLOBAL result=RTH_PATH_OK | why: path to goal: 2 nodes / 0.6m (connected via 6) | clusters=6(reach 1) vp=1(reach 1) pipe[tot=6 dorm=0 unreach=5 cons=1 nocand=0 topo=0 novis=0 ok=1] tour=2n/0.6m goal=(0.0, -0.0, 1.2) t=28ms
[1783046617.487][    +34.0s][PLAN_TRAJ_RTH] RTH d2goal=0.5m | auto-home(xy) dist=0.52m tol=0.20m goal=(0.02, -0.03, 1.20)
[1783046617.919][    +34.4s][EXEC_TRAJ] BATT 22.5V | v=22.87V pct=44%
[1783046618.180][    +34.7s][EXEC_TRAJ] GLOBAL result=RTH_PATH_OK | why: path to goal: 2 nodes / 0.3m (connected via 6) | clusters=6(reach 1) vp=1(reach 1) pipe[tot=6 dorm=0 unreach=1 cons=5 nocand=0 topo=4 novis=0 ok=1] tour=2n/0.3m goal=(0.0, -0.0, 1.2) t=47ms
[1783046618.182][    +34.7s][PLAN_TRAJ_RTH] RTH d2goal=0.0m | auto-home(xy) dist=0.22m tol=0.20m goal=(0.02, -0.03, 1.20)
[1783046618.231][    +34.7s][PLAN_TRAJ_RTH] LOCAL RTH FAIL | why: minco optimize failed | t=49.2ms (prev x5/3.5s)
[1783046618.231][    +34.7s][PLAN_TRAJ_RTH] STATE PLAN_TRAJ_RTH -> PLAN_TRAJ_RTH [PLAN_TRAJ_RTH: plan failed] |  (prev cycle x10/3.6s)
[1783046618.241][    +34.7s][PLAN_TRAJ_RTH] RTH d2goal=0.0m | auto-home(xy) dist=0.15m tol=0.20m goal=(0.02, -0.03, 1.20)
[1783046618.242][    +34.7s][LAND] STATE PLAN_TRAJ_RTH -> LAND [RTH: home reached -> AUTO.LAND]
[1783046618.917][    +35.4s][LAND] PX4 mode=AUTO.LAND armed=1 (LEFT OFFBOARD: pilot takeover or failsafe) | prev=OFFBOARD
[1783046619.918][    +36.4s][LAND] BATT 22.5V | v=22.97V pct=44%
[1783046622.917][    +39.4s][LAND] PX4 mode=POSCTL armed=0 | prev=AUTO.LAND
[1783046622.922][    +39.4s][LANDED] STATE LAND -> LANDED [LAND: touchdown & disarmed]
[1783046622.931][    +39.4s][LANDED] MISSION LANDED (mission complete, disarmed)
