# console (/rosout_agg) log for epic_2026-07-02-20-17-50.bag
# started at 2026-07-02-20-17-50
[INFO] [1782991071.036] [/record_on_goal]: [record_on_goal] event log -> /home/hmcl/stack1/src/EPIC_poongsan/src/EPIC/src/global_planner/exploration_manager/records/epic_2026-07-02-20-17-50/epic_2026-07-02-20-17-50.events.log
[INFO] [1782991071.040] [/record_on_goal]: [record_on_goal] recording started (pid 45652) -> /home/hmcl/stack1/src/EPIC_poongsan/src/EPIC/src/global_planner/exploration_manager/records/epic_2026-07-02-20-17-50/epic_2026-07-02-20-17-50.bag
[INFO] [1782991071.923] [/exploration_node]: [EV] [1782991071.923][     +2.0s][WAIT_TRIGGER] BATT 24.5V | v=24.72V pct=84%
[INFO] [1782991073.087] [/mavros]: HP: requesting home position
[INFO] [1782991073.924] [/exploration_node]: [EV] [1782991073.924][     +4.0s][WAIT_TRIGGER] BATT 24.5V | v=24.72V pct=85%
[WARN] [1782991075.982] [/exploration_node]: wait for trigger.
[WARN] [1782991080.992] [/exploration_node]: wait for trigger.
[INFO] [1782991082.995] [/rvizvisualisation]: Setting goal: Frame:world, Position(-0.615, -2.620, 0.000), Orientation(0.000, 0.000, 0.866, 0.500) = Angle: 2.095

[INFO] [1782991082.996] [/exploration_node]: [EV] [1782991082.996][     +0.0s][WAIT_TRIGGER] EVENT 2D-Nav-Goal trigger | trigger received | pos=(0.03, -0.00, 0.01)
[INFO] [1782991082.996] [/exploration_node]: [EV] [1782991082.996][     +0.0s][WAIT_TRIGGER] PARAM box | down=[-150, -150, 0.4] up=[150, 150, 2]
[INFO] [1782991082.996] [/exploration_node]: [EV] [1782991082.996][     +0.0s][WAIT_TRIGGER] PARAM corridor | DilateSoft=0.60 DilateHard=0.45 MaxCorridor=4.0 MaxVel=0.9 max_traj_len=10.0 safe_dist=0.70 bubble_min_r=0.50
[INFO] [1782991082.996] [/exploration_node]: [EV] [1782991082.996][     +0.0s][WAIT_TRIGGER] PARAM frontier | cell=0.40 cluster_sz=[0.5, 5.0] minpts=4 dphi=0.26 znum=3 good_dir_score=0.60
[INFO] [1782991082.996] [/exploration_node]: [EV] [1782991082.996][     +0.0s][WAIT_TRIGGER] PARAM viewpoint | pillar_r=[0.5, 2.0]x8 h=[-1.0, 1.0]x5 circle_n=8 local_tsp=16
[INFO] [1782991082.996] [/exploration_node]: [EV] [1782991082.996][     +0.0s][WAIT_TRIGGER] PARAM fsm | takeoff_h=1.20 goal_tol=0.20 replan_t=0.20 emerg_err=3.0 max_hz=30 avoid_to=0.5 auto_rth_land=1 rth_land_xy_tol=0.20 avoidance=1
[INFO] [1782991082.996] [/exploration_node]: [EV] [1782991082.996][     +0.0s][WAIT_TRIGGER] PARAM topics | odom=/Odometry cloud=/cloud_registered
[INFO] [1782991082.996] [/exploration_node]: [EV] [1782991082.996][     +0.0s][TAKEOFF_HOVER] STATE WAIT_TRIGGER -> TAKEOFF_HOVER [triggerCallback: takeoff & hover]
[INFO] [1782991083.086] [/mavros]: HP: requesting home position
[INFO] [1782991091.914] [/exploration_node]: [EV] [1782991091.914][     +8.9s][TAKEOFF_HOVER] PX4 mode=POSCTL armed=1 | prev=POSCTL
[INFO] [1782991091.916] [/exploration_node]: [EV] [1782991091.916][     +8.9s][TAKEOFF_HOVER] BATT 24.5V | v=24.73V pct=85% (x8)
[INFO] [1782991093.086] [/mavros]: HP: requesting home position
[INFO] [1782991093.914] [/exploration_node]: [EV] [1782991093.914][    +10.9s][TAKEOFF_HOVER] PX4 mode=OFFBOARD armed=1 | prev=POSCTL
[INFO] [1782991095.915] [/exploration_node]: [EV] [1782991095.915][    +12.9s][TAKEOFF_HOVER] BATT 24.0V | v=24.36V pct=86% (prev x1/2.0s)
[INFO] [1782991097.915] [/exploration_node]: [EV] [1782991097.914][    +14.9s][TAKEOFF_HOVER] BATT 23.5V | v=23.96V pct=79%
[INFO] [1782991099.792] [/exploration_node]: [EV] [1782991099.792][    +16.8s][PLAN_TRAJ_EXP] STATE TAKEOFF_HOVER -> PLAN_TRAJ_EXP [takeoff: altitude reached & stable -> explore]
[INFO] [1782991099.823] [/exploration_node]: [EV] [1782991099.822][    +16.8s][PLAN_TRAJ_EXP] GLOBAL result=OK | clusters=1(reach 1) vp=1(reach 1) pipe[tot=1 dorm=0 unreach=0 cons=1 nocand=0 topo=0 novis=0 ok=1] tour=2n/6.4m goal=(0.0, 0.0, 0.0) t=19ms
[INFO] [1782991099.823] [/exploration_node]: [EV] [1782991099.823][    +16.8s][PLAN_TRAJ_EXP] STATE PLAN_TRAJ_EXP -> PLAN_TRAJ_EXP [planGlobalPath: succeed]
[WARN] [1782991099.824] [/exploration_node]: [local-plan] fast-searcher: no path odom->goal
[WARN] [1782991099.824] [/exploration_node]: [EV] [1782991099.824][    +16.8s][PLAN_TRAJ_EXP] LOCAL EXP FAIL | why: fast-searcher: no path odom->goal | t=0.1ms goal_d=1.1m
[WARN] [1782991099.824] [/exploration_node]: [EV] [1782991099.824][    +16.8s][PLAN_TRAJ_EXP] STATE PLAN_TRAJ_EXP -> PLAN_TRAJ_EXP [PLAN_TRAJ_EXP: plan failed]
[INFO] [1782991099.912] [/exploration_node]: [EV] [1782991099.912][    +16.9s][PLAN_TRAJ_EXP] BATT 23.5V | v=23.84V pct=76%
[INFO] [1782991100.079] [/exploration_node]: [EV] [1782991100.079][    +17.1s][PLAN_TRAJ_EXP] LOCAL EXP OK | t=33.4ms goal_d=6.4m (prev x19/0.2s)
[INFO] [1782991100.079] [/exploration_node]: [EV] [1782991100.079][    +17.1s][EXEC_TRAJ] STATE PLAN_TRAJ_EXP -> EXEC_TRAJ [plan success: new traj pub] |  (prev cycle x1/0.3s)
[INFO] [1782991100.093] [/traj_server]: [32m[Metrics] Mission started[0m
[INFO] [1782991100.279] [/exploration_node]: [EV] [1782991100.279][    +17.3s][PLAN_TRAJ_EXP] STATE EXEC_TRAJ -> PLAN_TRAJ_EXP [planGlobalPath: succeed]
[INFO] [1782991100.386] [/epic_rosbag_recorder]: Subscribing to /exploration_node/viewpoint_centers
[INFO] [1782991100.387] [/epic_rosbag_recorder]: Subscribing to /exploration_node/occ
[INFO] [1782991100.388] [/epic_rosbag_recorder]: Subscribing to /exploration_node/pocc
[INFO] [1782991100.389] [/epic_rosbag_recorder]: Subscribing to /exploration_node/frt
[INFO] [1782991100.956] [/exploration_node]: [EV] [1782991100.956][    +18.0s][EXEC_TRAJ] GLOBAL result=OK | clusters=1(reach 1) vp=1(reach 1) pipe[tot=1 dorm=0 unreach=0 cons=1 nocand=0 topo=0 novis=0 ok=1] tour=2n/6.9m goal=(1.9, 6.0, 0.6) t=24ms (x2)
[INFO] [1782991101.912] [/exploration_node]: [EV] [1782991101.912][    +18.9s][EXEC_TRAJ] BATT 23.5V | v=23.76V pct=73%
[INFO] [1782991102.320] [/exploration_node]: [EV] [1782991102.320][    +19.3s][EXEC_TRAJ] GLOBAL result=OK | clusters=1(reach 1) vp=1(reach 1) pipe[tot=1 dorm=0 unreach=0 cons=1 nocand=0 topo=0 novis=0 ok=1] tour=2n/6.6m goal=(3.3, 4.3, 0.6) t=32ms (x1)
[INFO] [1782991103.086] [/mavros]: HP: requesting home position
[WARN] [1782991103.637] [/exploration_node]: [EV] [1782991103.637][    +20.6s][EXEC_TRAJ] GLOBAL result=NO_REACHABLE_VP | why: NO_PATH: 1 viewpoints exist but NONE reachable via topo graph (clusters=1, reachable_clusters=1) | clusters=1(reach 1) vp=1(reach 0) pipe[tot=1 dorm=0 unreach=0 cons=1 nocand=0 topo=0 novis=0 ok=1] tour=2n/8.6m goal=(2.4, 8.4, 0.6) t=15ms (prev x1/0.6s)
[INFO] [1782991103.637] [/exploration_node]: [EV] [1782991103.637][    +20.6s][FINISH] STATE EXEC_TRAJ -> FINISH [planGlobalPath: no frontier] |  (prev cycle x9/3.4s)
[WARN] [1782991103.638] [/exploration_node]: [EV] [1782991103.638][    +20.6s][FINISH] MISSION FINISH (premature? unreached clusters remain) | pos=(0.76, 0.33, 1.02) elapsed=21s clusters_left=1(reach 1) pipe[tot=1 dorm=0 unreach=0 cons=1 nocand=0 topo=0 novis=0 ok=1]
[INFO] [1782991103.638] [/exploration_node]: [32m[FINISH] exploration done -> hover 1.0s, then return home & land[0m
[WARN] [1782991103.851] [/exploration_node]: [EV] [1782991103.851][    +20.9s][FINISH] GLOBAL result=NO_VIEWPOINTS | why: NO_FRONTIER: 0 viewpoints (clusters=1, reachable_clusters=0) pipe[tot=1 dorm=0 unreach=0 cons=1 nocand=0 topo=1 novis=0 ok=0] | clusters=1(reach 0) vp=0(reach 0) pipe[tot=1 dorm=0 unreach=0 cons=1 nocand=0 topo=1 novis=0 ok=0] tour=2n/8.6m goal=(2.4, 8.4, 0.6) t=12ms
[INFO] [1782991103.851] [/exploration_node]: [EV] [1782991103.851][    +20.9s][FINISH] STATE FINISH -> FINISH [planGlobalPath: no frontier]
[INFO] [1782991103.912] [/exploration_node]: [EV] [1782991103.912][    +20.9s][FINISH] BATT 23.5V | v=23.58V pct=70%
[INFO] [1782991104.508] [/exploration_node]: [EV] [1782991104.508][    +21.5s][FINISH] GLOBAL result=OK | clusters=1(reach 1) vp=1(reach 1) pipe[tot=1 dorm=0 unreach=0 cons=1 nocand=0 topo=0 novis=0 ok=1] tour=2n/5.3m goal=(2.4, 8.4, 0.6) t=21ms (prev x2/0.4s)
[INFO] [1782991104.508] [/exploration_node]: [EV] [1782991104.508][    +21.5s][PLAN_TRAJ_EXP] STATE FINISH -> PLAN_TRAJ_EXP [planGlobalPath: succeed] |  (prev x2/0.4s)
[WARN] [1782991104.509] [/exploration_node]: [local-plan] fast-searcher: no path odom->goal
[WARN] [1782991104.509] [/exploration_node]: [EV] [1782991104.509][    +21.5s][PLAN_TRAJ_EXP] STATE PLAN_TRAJ_EXP -> PLAN_TRAJ_EXP [PLAN_TRAJ_EXP: plan failed]
[WARN] [1782991104.560] [/exploration_node]: [EV] [1782991104.559][    +21.6s][PLAN_TRAJ_EXP] LOCAL EXP FAIL | why: fast-searcher: no path odom->goal | t=0.1ms goal_d=7.8m (x9)
[INFO] [1782991104.734] [/exploration_node]: [EV] [1782991104.734][    +21.7s][PLAN_TRAJ_EXP] STATE PLAN_TRAJ_EXP -> PLAN_TRAJ_EXP [planGlobalPath: succeed] |  (prev x19/0.2s)
[INFO] [1782991104.767] [/exploration_node]: [EV] [1782991104.767][    +21.8s][EXEC_TRAJ] STATE PLAN_TRAJ_EXP -> EXEC_TRAJ [plan success: new traj pub]
[INFO] [1782991105.392] [/exploration_node]: [EV] [1782991105.392][    +22.4s][PLAN_TRAJ_EXP] STATE EXEC_TRAJ -> PLAN_TRAJ_EXP [planGlobalPath: succeed]
[INFO] [1782991105.909] [/exploration_node]: [EV] [1782991105.909][    +22.9s][EXEC_TRAJ] BATT 23.5V | v=23.60V pct=70%
[INFO] [1782991106.054] [/exploration_node]: [EV] [1782991106.054][    +23.1s][EXEC_TRAJ] GLOBAL result=OK | clusters=2(reach 1) vp=1(reach 1) pipe[tot=2 dorm=1 unreach=0 cons=1 nocand=0 topo=0 novis=0 ok=1] tour=2n/3.4m goal=(2.4, 4.7, 0.5) t=26ms (x2)
[INFO] [1782991106.386] [/epic_rosbag_recorder]: Subscribing to /mem_cost
[INFO] [1782991106.388] [/epic_rosbag_recorder]: Subscribing to /mem_cost_2
[INFO] [1782991106.388] [/epic_rosbag_recorder]: Subscribing to /mem_cost_3
[WARN] [1782991107.308] [/exploration_node]: [EV] [1782991107.308][    +24.3s][EXEC_TRAJ] GLOBAL result=NO_VIEWPOINTS | why: NO_FRONTIER: 0 viewpoints (clusters=1, reachable_clusters=0) pipe[tot=1 dorm=1 unreach=0 cons=0 nocand=0 topo=0 novis=0 ok=0] | clusters=1(reach 0) vp=0(reach 0) pipe[tot=1 dorm=1 unreach=0 cons=0 nocand=0 topo=0 novis=0 ok=0] tour=2n/3.3m goal=(2.6, 4.2, 0.4) t=7ms (prev x1/0.6s)
[INFO] [1782991107.309] [/exploration_node]: [EV] [1782991107.309][    +24.3s][FINISH] STATE EXEC_TRAJ -> FINISH [planGlobalPath: no frontier] |  (prev cycle x5/1.9s)
[INFO] [1782991107.309] [/exploration_node]: [32m[FINISH] exploration done -> hover 1.0s, then return home & land[0m
[INFO] [1782991107.309] [/exploration_node]: [EV] [1782991107.309][    +24.3s][PLAN_TRAJ_RTH] STATE FINISH -> PLAN_TRAJ_RTH [FINISH: hover done -> return home]
[INFO] [1782991107.311] [/traj_server]: [33m[Metrics] RTH mode activated at index 130 (current state: PLAN_TRAJ_RTH)[0m
[INFO] [1782991107.311] [/exploration_node]: [EV] [1782991107.311][    +24.3s][PLAN_TRAJ_RTH] RTH d2goal=1.5m | auto-home(xy) dist=1.86m tol=0.20m goal=(0.03, -0.00, 1.20)
[INFO] [1782991107.325] [/exploration_node]: [33m[Path Simplification] Reduced path from 5 to 3 nodes, 3 collision checks, 0.08 ms[0m
[INFO] [1782991107.325] [/exploration_node]:   Segment 1: 1.90 m
[INFO] [1782991107.325] [/exploration_node]:   Segment 2: 0.24 m
[INFO] [1782991107.345] [/exploration_node]: [EV] [1782991107.345][    +24.3s][PLAN_TRAJ_RTH] LOCAL RTH OK | t=33.4ms (prev cycle x2/7.3s)
[INFO] [1782991107.345] [/exploration_node]: [EV] [1782991107.345][    +24.3s][EXEC_TRAJ] STATE PLAN_TRAJ_RTH -> EXEC_TRAJ [PLAN_TRAJ_RTH: plan success]
[INFO] [1782991107.909] [/exploration_node]: [EV] [1782991107.909][    +24.9s][EXEC_TRAJ] BATT 23.5V | v=23.53V pct=62%
[INFO] [1782991107.949] [/exploration_node]: [33m[Path Simplification] Reduced path from 5 to 3 nodes, 3 collision checks, 0.09 ms[0m
[INFO] [1782991107.949] [/exploration_node]:   Segment 1: 1.99 m
[INFO] [1782991107.949] [/exploration_node]:   Segment 2: 0.24 m
[INFO] [1782991107.950] [/exploration_node]: [EV] [1782991107.950][    +25.0s][EXEC_TRAJ] GLOBAL result=RTH_PATH_OK | why: path to goal: 3 nodes / 2.2m (connected via 2) | clusters=1(reach 0) vp=0(reach 0) pipe[tot=1 dorm=1 unreach=0 cons=0 nocand=0 topo=0 novis=0 ok=0] tour=3n/2.2m goal=(0.2, -0.1, 1.1) t=16ms
[INFO] [1782991107.950] [/exploration_node]: [EV] [1782991107.950][    +25.0s][PLAN_TRAJ_RTH] STATE EXEC_TRAJ -> PLAN_TRAJ_RTH [planGoalPath: succeed]
[INFO] [1782991107.951] [/exploration_node]: [EV] [1782991107.951][    +25.0s][PLAN_TRAJ_RTH] RTH d2goal=1.5m | auto-home(xy) dist=1.94m tol=0.20m goal=(0.03, -0.00, 1.20)
[INFO] [1782991107.966] [/exploration_node]: [33m[Path Simplification] Reduced path from 5 to 3 nodes, 3 collision checks, 0.20 ms[0m
[INFO] [1782991107.966] [/exploration_node]:   Segment 1: 1.99 m
[INFO] [1782991107.966] [/exploration_node]:   Segment 2: 0.24 m
[WARN] [1782991108.107] [/local_avoidance]: [local_avoidance] ACTIVATED  (min_dist=0.60 m, idx=7451)
[WARN] [1782991108.135] [/px4_ctrl_bridge]: [px4_bridge] AVOIDANCE ACTIVE -> forwarding /target_avoidance
[WARN] [1782991108.135] [/exploration_node]: [EV] [1782991108.134][    +25.1s][EXEC_TRAJ] AVOID ON (obstacle close, reactive layer overrides cmd) | pos=(1.31, 1.45, 0.72)
[INFO] [1782991108.155] [/local_avoidance]: [local_avoidance] avoiding...  min_dist=0.60 m
[INFO] [1782991108.356] [/local_avoidance]: [local_avoidance] DEACTIVATED
[WARN] [1782991108.385] [/px4_ctrl_bridge]: [px4_bridge] avoidance released -> published /planning/replan
[WARN] [1782991108.386] [/exploration_node]: [EV] [1782991108.386][    +25.4s][PLAN_TRAJ_RTH] STATE EXEC_TRAJ -> PLAN_TRAJ_RTH [avoidance released: replan from current pose] |  (prev cycle x1/0.4s)
[INFO] [1782991108.386] [/exploration_node]: [EV] [1782991108.386][    +25.4s][PLAN_TRAJ_RTH] AVOID OFF (released, replan from current pose) | dur=0.3s
[INFO] [1782991108.386] [/exploration_node]: [EV] [1782991108.386][    +25.4s][PLAN_TRAJ_RTH] RTH d2goal=1.5m | auto-home(xy) dist=1.93m tol=0.20m goal=(0.03, -0.00, 1.20)
[INFO] [1782991108.399] [/exploration_node]: [33m[Path Simplification] Reduced path from 5 to 3 nodes, 3 collision checks, 0.06 ms[0m
[INFO] [1782991108.399] [/exploration_node]:   Segment 1: 1.98 m
[INFO] [1782991108.399] [/exploration_node]:   Segment 2: 0.24 m
[WARN] [1782991108.406] [/local_avoidance]: [local_avoidance] ACTIVATED  (min_dist=0.57 m, idx=7230)
[INFO] [1782991108.455] [/local_avoidance]: [local_avoidance] DEACTIVATED
[INFO] [1782991108.480] [/exploration_node]: [EV] [1782991108.480][    +25.5s][PLAN_TRAJ_RTH] RTH d2goal=1.5m | auto-home(xy) dist=1.92m tol=0.20m goal=(0.03, -0.00, 1.20)
[WARN] [1782991108.485] [/px4_ctrl_bridge]: [px4_bridge] avoidance released -> published /planning/replan
[INFO] [1782991108.494] [/exploration_node]: [33m[Path Simplification] Reduced path from 5 to 3 nodes, 3 collision checks, 0.09 ms[0m
[INFO] [1782991108.494] [/exploration_node]:   Segment 1: 1.98 m
[INFO] [1782991108.494] [/exploration_node]:   Segment 2: 0.24 m
[WARN] [1782991108.508] [/local_avoidance]: [local_avoidance] ACTIVATED  (min_dist=0.58 m, idx=2479)
[INFO] [1782991108.556] [/local_avoidance]: [local_avoidance] DEACTIVATED
[WARN] [1782991108.585] [/px4_ctrl_bridge]: [px4_bridge] avoidance released -> published /planning/replan
[INFO] [1782991108.599] [/exploration_node]: [33m[Path Simplification] Reduced path from 5 to 3 nodes, 3 collision checks, 0.09 ms[0m
[INFO] [1782991108.599] [/exploration_node]:   Segment 1: 1.97 m
[INFO] [1782991108.599] [/exploration_node]:   Segment 2: 0.24 m
[WARN] [1782991108.606] [/local_avoidance]: [local_avoidance] ACTIVATED  (min_dist=0.58 m, idx=7682)
[INFO] [1782991108.855] [/local_avoidance]: [local_avoidance] DEACTIVATED
[WARN] [1782991108.887] [/px4_ctrl_bridge]: [px4_bridge] avoidance released -> published /planning/replan
[INFO] [1782991108.887] [/exploration_node]: [EV] [1782991108.887][    +25.9s][PLAN_TRAJ_RTH] RTH d2goal=1.5m | auto-home(xy) dist=1.91m tol=0.20m goal=(0.03, -0.00, 1.20) (x1)
[INFO] [1782991108.899] [/exploration_node]: [33m[Path Simplification] Reduced path from 5 to 3 nodes, 3 collision checks, 0.06 ms[0m
[INFO] [1782991108.899] [/exploration_node]:   Segment 1: 1.98 m
[INFO] [1782991108.899] [/exploration_node]:   Segment 2: 0.24 m
[INFO] [1782991109.594] [/exploration_node]: [33m[Path Simplification] Reduced path from 5 to 3 nodes, 3 collision checks, 0.07 ms[0m
[INFO] [1782991109.594] [/exploration_node]:   Segment 1: 2.03 m
[INFO] [1782991109.594] [/exploration_node]:   Segment 2: 0.24 m
[INFO] [1782991109.595] [/exploration_node]: [EV] [1782991109.595][    +26.6s][EXEC_TRAJ] GLOBAL result=RTH_PATH_OK | why: path to goal: 3 nodes / 2.3m (connected via 2) | clusters=1(reach 0) vp=0(reach 0) pipe[tot=1 dorm=1 unreach=0 cons=0 nocand=0 topo=0 novis=0 ok=0] tour=3n/2.3m goal=(0.2, -0.1, 1.1) t=13ms
[INFO] [1782991109.596] [/exploration_node]: [EV] [1782991109.595][    +26.6s][PLAN_TRAJ_RTH] STATE EXEC_TRAJ -> PLAN_TRAJ_RTH [planGoalPath: succeed] |  (prev cycle x7/1.2s)
[INFO] [1782991109.596] [/exploration_node]: [EV] [1782991109.596][    +26.6s][PLAN_TRAJ_RTH] RTH d2goal=1.5m | auto-home(xy) dist=1.97m tol=0.20m goal=(0.03, -0.00, 1.20)
[INFO] [1782991109.608] [/exploration_node]: [33m[Path Simplification] Reduced path from 5 to 3 nodes, 3 collision checks, 0.06 ms[0m
[INFO] [1782991109.608] [/exploration_node]:   Segment 1: 2.03 m
[INFO] [1782991109.608] [/exploration_node]:   Segment 2: 0.24 m
[INFO] [1782991109.907] [/exploration_node]: [EV] [1782991109.907][    +26.9s][EXEC_TRAJ] BATT 23.0V | v=23.44V pct=69%
[WARN] [1782991110.155] [/local_avoidance]: [local_avoidance] ACTIVATED  (min_dist=0.59 m, idx=1654)
[INFO] [1782991110.183] [/local_avoidance]: [local_avoidance] avoiding...  min_dist=0.58 m
[WARN] [1782991110.185] [/px4_ctrl_bridge]: [px4_bridge] AVOIDANCE ACTIVE -> forwarding /target_avoidance
[INFO] [1782991110.243] [/exploration_node]: [33m[Path Simplification] Reduced path from 5 to 3 nodes, 3 collision checks, 0.07 ms[0m
[INFO] [1782991110.243] [/exploration_node]:   Segment 1: 2.05 m
[INFO] [1782991110.243] [/exploration_node]:   Segment 2: 0.24 m
[INFO] [1782991110.244] [/exploration_node]: [EV] [1782991110.244][    +27.2s][PLAN_TRAJ_RTH] RTH d2goal=1.5m | auto-home(xy) dist=1.98m tol=0.20m goal=(0.03, -0.00, 1.20)
[INFO] [1782991110.256] [/exploration_node]: [33m[Path Simplification] Reduced path from 5 to 3 nodes, 3 collision checks, 0.06 ms[0m
[INFO] [1782991110.256] [/exploration_node]:   Segment 1: 2.05 m
[INFO] [1782991110.256] [/exploration_node]:   Segment 2: 0.24 m
[INFO] [1782991110.656] [/local_avoidance]: [local_avoidance] DEACTIVATED
[WARN] [1782991110.685] [/px4_ctrl_bridge]: [px4_bridge] avoidance released -> published /planning/replan
[WARN] [1782991110.689] [/exploration_node]: [EV] [1782991110.689][    +27.7s][PLAN_TRAJ_RTH] STATE EXEC_TRAJ -> PLAN_TRAJ_RTH [avoidance released: replan from current pose] |  (prev cycle x3/1.1s)
[INFO] [1782991110.689] [/exploration_node]: [EV] [1782991110.689][    +27.7s][PLAN_TRAJ_RTH] RTH d2goal=2.0m | auto-home(xy) dist=2.02m tol=0.20m goal=(0.03, -0.00, 1.20)
[INFO] [1782991110.704] [/exploration_node]: [33m[Path Simplification] Reduced path from 5 to 3 nodes, 3 collision checks, 0.10 ms[0m
[INFO] [1782991110.704] [/exploration_node]:   Segment 1: 2.07 m
[INFO] [1782991110.704] [/exploration_node]:   Segment 2: 0.24 m
[INFO] [1782991111.312] [/exploration_node]: [33m[Path Simplification] Reduced path from 4 to 2 nodes, 2 collision checks, 0.47 ms[0m
[INFO] [1782991111.312] [/exploration_node]:   Segment 1: 2.17 m
[INFO] [1782991111.313] [/exploration_node]: [EV] [1782991111.313][    +28.3s][EXEC_TRAJ] GLOBAL result=RTH_PATH_OK | why: path to goal: 2 nodes / 2.2m (connected via 2) | clusters=1(reach 0) vp=0(reach 0) pipe[tot=1 dorm=1 unreach=0 cons=0 nocand=0 topo=0 novis=0 ok=0] tour=2n/2.2m goal=(0.2, -0.1, 1.1) t=17ms (prev x1/1.1s)
[INFO] [1782991111.313] [/exploration_node]: [EV] [1782991111.313][    +28.3s][PLAN_TRAJ_RTH] STATE EXEC_TRAJ -> PLAN_TRAJ_RTH [planGoalPath: succeed] |  (prev cycle x1/0.6s)
[INFO] [1782991111.314] [/exploration_node]: [EV] [1782991111.314][    +28.3s][PLAN_TRAJ_RTH] RTH d2goal=2.0m | auto-home(xy) dist=2.12m tol=0.20m goal=(0.03, -0.00, 1.20)
[INFO] [1782991111.329] [/exploration_node]: [33m[Path Simplification] Reduced path from 4 to 2 nodes, 2 collision checks, 0.38 ms[0m
[INFO] [1782991111.329] [/exploration_node]:   Segment 1: 2.17 m
[INFO] [1782991111.908] [/exploration_node]: [EV] [1782991111.908][    +28.9s][EXEC_TRAJ] BATT 23.0V | v=23.35V pct=65%
[INFO] [1782991111.973] [/exploration_node]: [33m[Path Simplification] Reduced path from 4 to 2 nodes, 2 collision checks, 0.41 ms[0m
[INFO] [1782991111.974] [/exploration_node]:   Segment 1: 2.19 m
[INFO] [1782991111.989] [/exploration_node]: [33m[Path Simplification] Reduced path from 4 to 2 nodes, 2 collision checks, 0.33 ms[0m
[INFO] [1782991111.989] [/exploration_node]:   Segment 1: 2.19 m
[INFO] [1782991112.612] [/exploration_node]: [33m[Path Simplification] Reduced path from 5 to 3 nodes, 3 collision checks, 0.10 ms[0m
[INFO] [1782991112.612] [/exploration_node]:   Segment 1: 2.08 m
[INFO] [1782991112.612] [/exploration_node]:   Segment 2: 0.24 m
[INFO] [1782991112.613] [/exploration_node]: [EV] [1782991112.613][    +29.6s][PLAN_TRAJ_RTH] RTH d2goal=2.0m | auto-home(xy) dist=2.02m tol=0.20m goal=(0.03, -0.00, 1.20) (x1)
[INFO] [1782991112.625] [/exploration_node]: [33m[Path Simplification] Reduced path from 5 to 3 nodes, 3 collision checks, 0.06 ms[0m
[INFO] [1782991112.625] [/exploration_node]:   Segment 1: 2.08 m
[INFO] [1782991112.625] [/exploration_node]:   Segment 2: 0.24 m
[WARN] [1782991112.856] [/local_avoidance]: [local_avoidance] ACTIVATED  (min_dist=0.58 m, idx=6300)
[WARN] [1782991112.885] [/px4_ctrl_bridge]: [px4_bridge] AVOIDANCE ACTIVE -> forwarding /target_avoidance
[INFO] [1782991112.906] [/local_avoidance]: [local_avoidance] avoiding...  min_dist=0.56 m
[INFO] [1782991113.086] [/mavros]: HP: requesting home position
[INFO] [1782991113.262] [/exploration_node]: [33m[Path Simplification] Reduced path from 5 to 3 nodes, 3 collision checks, 0.09 ms[0m
[INFO] [1782991113.262] [/exploration_node]:   Segment 1: 1.89 m
[INFO] [1782991113.263] [/exploration_node]:   Segment 2: 0.24 m
[INFO] [1782991113.264] [/exploration_node]: [EV] [1782991113.264][    +30.3s][EXEC_TRAJ] GLOBAL result=RTH_PATH_OK | why: path to goal: 3 nodes / 2.1m (connected via 2) | clusters=1(reach 0) vp=0(reach 0) pipe[tot=1 dorm=1 unreach=0 cons=0 nocand=0 topo=0 novis=0 ok=0] tour=3n/2.1m goal=(0.2, -0.1, 1.1) t=16ms (prev cycle x1/2.0s)
[INFO] [1782991113.276] [/exploration_node]: [33m[Path Simplification] Reduced path from 5 to 3 nodes, 3 collision checks, 0.07 ms[0m
[INFO] [1782991113.276] [/exploration_node]:   Segment 1: 1.89 m
[INFO] [1782991113.276] [/exploration_node]:   Segment 2: 0.24 m
[INFO] [1782991113.305] [/local_avoidance]: [local_avoidance] DEACTIVATED
[WARN] [1782991113.335] [/px4_ctrl_bridge]: [px4_bridge] avoidance released -> published /planning/replan
[WARN] [1782991113.339] [/exploration_node]: [EV] [1782991113.339][    +30.3s][PLAN_TRAJ_RTH] STATE EXEC_TRAJ -> PLAN_TRAJ_RTH [avoidance released: replan from current pose] |  (prev cycle x7/2.0s)
[INFO] [1782991113.340] [/exploration_node]: [EV] [1782991113.339][    +30.3s][PLAN_TRAJ_RTH] RTH d2goal=1.5m | auto-home(xy) dist=1.78m tol=0.20m goal=(0.03, -0.00, 1.20)
[INFO] [1782991113.353] [/exploration_node]: [33m[Path Simplification] Reduced path from 5 to 3 nodes, 3 collision checks, 0.08 ms[0m
[INFO] [1782991113.353] [/exploration_node]:   Segment 1: 1.84 m
[INFO] [1782991113.353] [/exploration_node]:   Segment 2: 0.24 m
[WARN] [1782991113.356] [/local_avoidance]: [local_avoidance] ACTIVATED  (min_dist=0.54 m, idx=3526)
[INFO] [1782991113.405] [/local_avoidance]: [local_avoidance] DEACTIVATED
[INFO] [1782991113.433] [/exploration_node]: [EV] [1782991113.433][    +30.4s][PLAN_TRAJ_RTH] RTH d2goal=1.5m | auto-home(xy) dist=1.77m tol=0.20m goal=(0.03, -0.00, 1.20)
[WARN] [1782991113.435] [/px4_ctrl_bridge]: [px4_bridge] avoidance released -> published /planning/replan
[INFO] [1782991113.449] [/exploration_node]: [33m[Path Simplification] Reduced path from 5 to 3 nodes, 3 collision checks, 0.09 ms[0m
[INFO] [1782991113.449] [/exploration_node]:   Segment 1: 1.83 m
[INFO] [1782991113.449] [/exploration_node]:   Segment 2: 0.24 m
[WARN] [1782991113.456] [/local_avoidance]: [local_avoidance] ACTIVATED  (min_dist=0.56 m, idx=7531)
[INFO] [1782991113.506] [/local_avoidance]: [local_avoidance] DEACTIVATED
[WARN] [1782991113.535] [/px4_ctrl_bridge]: [px4_bridge] avoidance released -> published /planning/replan
[INFO] [1782991113.538] [/exploration_node]: [EV] [1782991113.538][    +30.5s][PLAN_TRAJ_RTH] RTH d2goal=1.5m | auto-home(xy) dist=1.74m tol=0.20m goal=(0.03, -0.00, 1.20)
[INFO] [1782991113.554] [/exploration_node]: [33m[Path Simplification] Reduced path from 5 to 3 nodes, 3 collision checks, 0.09 ms[0m
[INFO] [1782991113.554] [/exploration_node]:   Segment 1: 1.79 m
[INFO] [1782991113.554] [/exploration_node]:   Segment 2: 0.24 m
[WARN] [1782991113.555] [/local_avoidance]: [local_avoidance] ACTIVATED  (min_dist=0.59 m, idx=4055)
[INFO] [1782991113.605] [/local_avoidance]: [local_avoidance] DEACTIVATED
[INFO] [1782991113.632] [/exploration_node]: [EV] [1782991113.632][    +30.6s][PLAN_TRAJ_RTH] RTH d2goal=1.5m | auto-home(xy) dist=1.73m tol=0.20m goal=(0.03, -0.00, 1.20)
[WARN] [1782991113.635] [/px4_ctrl_bridge]: [px4_bridge] avoidance released -> published /planning/replan
[INFO] [1782991113.648] [/exploration_node]: [33m[Path Simplification] Reduced path from 5 to 3 nodes, 3 collision checks, 0.14 ms[0m
[INFO] [1782991113.648] [/exploration_node]:   Segment 1: 1.79 m
[INFO] [1782991113.648] [/exploration_node]:   Segment 2: 0.24 m
[INFO] [1782991113.906] [/exploration_node]: [EV] [1782991113.906][    +30.9s][EXEC_TRAJ] BATT 23.0V | v=23.41V pct=66%
[INFO] [1782991114.327] [/exploration_node]: [33m[Path Simplification] Reduced path from 4 to 2 nodes, 2 collision checks, 0.04 ms[0m
[INFO] [1782991114.328] [/exploration_node]:   Segment 1: 1.80 m
[INFO] [1782991114.329] [/exploration_node]: [EV] [1782991114.329][    +31.3s][EXEC_TRAJ] GLOBAL result=RTH_PATH_OK | why: path to goal: 2 nodes / 1.8m (connected via 2) | clusters=1(reach 0) vp=0(reach 0) pipe[tot=1 dorm=1 unreach=0 cons=0 nocand=0 topo=0 novis=0 ok=0] tour=2n/1.8m goal=(0.2, -0.1, 1.1) t=14ms
[INFO] [1782991114.329] [/exploration_node]: [EV] [1782991114.329][    +31.3s][PLAN_TRAJ_RTH] STATE EXEC_TRAJ -> PLAN_TRAJ_RTH [planGoalPath: succeed] |  (prev cycle x7/1.0s)
[INFO] [1782991114.329] [/exploration_node]: [EV] [1782991114.329][    +31.3s][PLAN_TRAJ_RTH] RTH d2goal=1.5m | auto-home(xy) dist=1.70m tol=0.20m goal=(0.03, -0.00, 1.20)
[INFO] [1782991114.343] [/exploration_node]: [33m[Path Simplification] Reduced path from 4 to 2 nodes, 2 collision checks, 0.05 ms[0m
[INFO] [1782991114.343] [/exploration_node]:   Segment 1: 1.80 m
[INFO] [1782991114.362] [/exploration_node]: [EV] [1782991114.362][    +31.4s][PLAN_TRAJ_RTH] LOCAL RTH OK | t=33.5ms (x16)
[INFO] [1782991114.992] [/exploration_node]: [33m[Path Simplification] Reduced path from 4 to 2 nodes, 2 collision checks, 0.04 ms[0m
[INFO] [1782991114.992] [/exploration_node]:   Segment 1: 1.84 m
[INFO] [1782991114.993] [/exploration_node]: [EV] [1782991114.993][    +32.0s][PLAN_TRAJ_RTH] RTH d2goal=1.5m | auto-home(xy) dist=1.74m tol=0.20m goal=(0.03, -0.00, 1.20)
[INFO] [1782991115.008] [/exploration_node]: [33m[Path Simplification] Reduced path from 4 to 2 nodes, 2 collision checks, 0.05 ms[0m
[INFO] [1782991115.008] [/exploration_node]:   Segment 1: 1.84 m
[INFO] [1782991115.648] [/exploration_node]: [33m[Path Simplification] Reduced path from 4 to 2 nodes, 2 collision checks, 0.05 ms[0m
[INFO] [1782991115.648] [/exploration_node]:   Segment 1: 1.83 m
[INFO] [1782991115.651] [/exploration_node]: [EV] [1782991115.651][    +32.7s][EXEC_TRAJ] GLOBAL result=RTH_PATH_OK | why: path to goal: 2 nodes / 1.8m (connected via 2) | clusters=1(reach 0) vp=0(reach 0) pipe[tot=0 dorm=0 unreach=0 cons=0 nocand=0 topo=0 novis=0 ok=0] tour=2n/1.8m goal=(0.0, -0.0, 1.2) t=19ms (x1)
[INFO] [1782991115.664] [/exploration_node]: [33m[Path Simplification] Reduced path from 4 to 2 nodes, 2 collision checks, 0.04 ms[0m
[INFO] [1782991115.664] [/exploration_node]:   Segment 1: 1.83 m
[INFO] [1782991115.905] [/exploration_node]: [EV] [1782991115.905][    +32.9s][EXEC_TRAJ] BATT 23.0V | v=23.40V pct=61%
[INFO] [1782991116.283] [/exploration_node]: [33m[Path Simplification] Reduced path from 5 to 3 nodes, 3 collision checks, 0.10 ms[0m
[INFO] [1782991116.284] [/exploration_node]:   Segment 1: 1.60 m
[INFO] [1782991116.284] [/exploration_node]:   Segment 2: 0.24 m
[INFO] [1782991116.285] [/exploration_node]: [EV] [1782991116.285][    +33.3s][EXEC_TRAJ] GLOBAL result=RTH_PATH_OK | why: path to goal: 3 nodes / 1.8m (connected via 2) | clusters=1(reach 0) vp=0(reach 0) pipe[tot=0 dorm=0 unreach=0 cons=0 nocand=0 topo=0 novis=0 ok=0] tour=3n/1.8m goal=(0.0, -0.0, 1.2) t=16ms
[INFO] [1782991116.285] [/exploration_node]: [EV] [1782991116.285][    +33.3s][PLAN_TRAJ_RTH] RTH d2goal=1.5m | auto-home(xy) dist=1.57m tol=0.20m goal=(0.03, -0.00, 1.20) (x1)
[INFO] [1782991116.297] [/exploration_node]: [33m[Path Simplification] Reduced path from 5 to 3 nodes, 3 collision checks, 0.06 ms[0m
[INFO] [1782991116.297] [/exploration_node]:   Segment 1: 1.60 m
[INFO] [1782991116.297] [/exploration_node]:   Segment 2: 0.24 m
[WARN] [1782991116.355] [/local_avoidance]: [local_avoidance] ACTIVATED  (min_dist=0.58 m, idx=9582)
[WARN] [1782991116.385] [/px4_ctrl_bridge]: [px4_bridge] AVOIDANCE ACTIVE -> forwarding /target_avoidance
[INFO] [1782991116.405] [/local_avoidance]: [local_avoidance] avoiding...  min_dist=0.57 m
[INFO] [1782991116.953] [/exploration_node]: [33m[Path Simplification] Reduced path from 5 to 3 nodes, 3 collision checks, 0.10 ms[0m
[INFO] [1782991116.953] [/exploration_node]:   Segment 1: 1.25 m
[INFO] [1782991116.953] [/exploration_node]:   Segment 2: 0.24 m
[INFO] [1782991116.955] [/exploration_node]: [EV] [1782991116.955][    +34.0s][EXEC_TRAJ] GLOBAL result=RTH_PATH_OK | why: path to goal: 3 nodes / 1.5m (connected via 2) | clusters=1(reach 0) vp=0(reach 0) pipe[tot=0 dorm=0 unreach=0 cons=0 nocand=0 topo=0 novis=0 ok=0] tour=3n/1.5m goal=(0.2, -0.1, 1.1) t=17ms
[INFO] [1782991116.955] [/exploration_node]: [EV] [1782991116.955][    +34.0s][PLAN_TRAJ_RTH] RTH d2goal=1.0m | auto-home(xy) dist=1.21m tol=0.20m goal=(0.03, -0.00, 1.20) (prev cycle x1/6.3s)
[INFO] [1782991116.955] [/local_avoidance]: [local_avoidance] DEACTIVATED
[INFO] [1782991116.971] [/exploration_node]: [33m[Path Simplification] Reduced path from 5 to 3 nodes, 3 collision checks, 0.10 ms[0m
[INFO] [1782991116.971] [/exploration_node]:   Segment 1: 1.25 m
[INFO] [1782991116.971] [/exploration_node]:   Segment 2: 0.24 m
[WARN] [1782991116.985] [/px4_ctrl_bridge]: [px4_bridge] avoidance released -> published /planning/replan
[WARN] [1782991116.998] [/exploration_node]: [EV] [1782991116.998][    +34.0s][PLAN_TRAJ_RTH] STATE EXEC_TRAJ -> PLAN_TRAJ_RTH [avoidance released: replan from current pose] |  (prev cycle x9/2.7s)
[INFO] [1782991116.998] [/exploration_node]: [EV] [1782991116.998][    +34.0s][PLAN_TRAJ_RTH] RTH d2goal=1.0m | auto-home(xy) dist=1.16m tol=0.20m goal=(0.03, -0.00, 1.20)
[WARN] [1782991117.006] [/local_avoidance]: [local_avoidance] ACTIVATED  (min_dist=0.60 m, idx=2158)
[INFO] [1782991117.014] [/exploration_node]: [33m[Path Simplification] Reduced path from 5 to 3 nodes, 3 collision checks, 0.09 ms[0m
[INFO] [1782991117.014] [/exploration_node]:   Segment 1: 1.20 m
[INFO] [1782991117.014] [/exploration_node]:   Segment 2: 0.24 m
[INFO] [1782991117.055] [/local_avoidance]: [local_avoidance] DEACTIVATED
[INFO] [1782991117.082] [/exploration_node]: [EV] [1782991117.082][    +34.1s][PLAN_TRAJ_RTH] RTH d2goal=1.0m | auto-home(xy) dist=1.13m tol=0.20m goal=(0.03, -0.00, 1.20)
[WARN] [1782991117.085] [/px4_ctrl_bridge]: [px4_bridge] avoidance released -> published /planning/replan
[INFO] [1782991117.098] [/exploration_node]: [33m[Path Simplification] Reduced path from 5 to 3 nodes, 3 collision checks, 0.10 ms[0m
[INFO] [1782991117.098] [/exploration_node]:   Segment 1: 1.18 m
[INFO] [1782991117.098] [/exploration_node]:   Segment 2: 0.24 m
[INFO] [1782991117.825] [/exploration_node]: [33m[Path Simplification] Reduced path from 4 to 2 nodes, 2 collision checks, 0.03 ms[0m
[INFO] [1782991117.826] [/exploration_node]:   Segment 1: 0.93 m
[INFO] [1782991117.827] [/exploration_node]: [EV] [1782991117.827][    +34.8s][EXEC_TRAJ] GLOBAL result=RTH_PATH_OK | why: path to goal: 2 nodes / 0.9m (connected via 2) | clusters=1(reach 0) vp=0(reach 0) pipe[tot=0 dorm=0 unreach=0 cons=0 nocand=0 topo=0 novis=0 ok=0] tour=2n/0.9m goal=(0.2, -0.1, 1.1) t=16ms
[INFO] [1782991117.827] [/exploration_node]: [EV] [1782991117.827][    +34.8s][PLAN_TRAJ_RTH] STATE EXEC_TRAJ -> PLAN_TRAJ_RTH [planGoalPath: succeed] |  (prev cycle x3/0.8s)
[INFO] [1782991117.827] [/exploration_node]: [EV] [1782991117.827][    +34.8s][PLAN_TRAJ_RTH] RTH d2goal=0.5m | auto-home(xy) dist=0.85m tol=0.20m goal=(0.03, -0.00, 1.20)
[INFO] [1782991117.842] [/exploration_node]: [33m[Path Simplification] Reduced path from 4 to 2 nodes, 2 collision checks, 0.06 ms[0m
[INFO] [1782991117.842] [/exploration_node]:   Segment 1: 0.93 m
[INFO] [1782991117.906] [/exploration_node]: [EV] [1782991117.906][    +34.9s][EXEC_TRAJ] BATT 23.0V | v=23.39V pct=61%
[INFO] [1782991118.471] [/exploration_node]: [33m[Path Simplification] Reduced path from 4 to 2 nodes, 2 collision checks, 0.03 ms[0m
[INFO] [1782991118.471] [/exploration_node]:   Segment 1: 0.86 m
[INFO] [1782991118.472] [/exploration_node]: [EV] [1782991118.472][    +35.5s][PLAN_TRAJ_RTH] RTH d2goal=0.5m | auto-home(xy) dist=0.77m tol=0.20m goal=(0.03, -0.00, 1.20)
[INFO] [1782991118.488] [/exploration_node]: [33m[Path Simplification] Reduced path from 4 to 2 nodes, 2 collision checks, 0.04 ms[0m
[INFO] [1782991118.488] [/exploration_node]:   Segment 1: 0.86 m
[INFO] [1782991119.119] [/exploration_node]: [33m[Path Simplification] Reduced path from 4 to 2 nodes, 2 collision checks, 0.02 ms[0m
[INFO] [1782991119.119] [/exploration_node]:   Segment 1: 0.84 m
[INFO] [1782991119.121] [/exploration_node]: [EV] [1782991119.121][    +36.1s][EXEC_TRAJ] GLOBAL result=RTH_PATH_OK | why: path to goal: 2 nodes / 0.8m (connected via 2) | clusters=1(reach 0) vp=0(reach 0) pipe[tot=0 dorm=0 unreach=0 cons=0 nocand=0 topo=0 novis=0 ok=0] tour=2n/0.8m goal=(0.0, -0.0, 1.2) t=15ms (prev x1/0.6s)
[INFO] [1782991119.121] [/exploration_node]: [EV] [1782991119.121][    +36.1s][PLAN_TRAJ_RTH] RTH d2goal=0.5m | auto-home(xy) dist=0.79m tol=0.20m goal=(0.03, -0.00, 1.20)
[INFO] [1782991119.136] [/exploration_node]: [33m[Path Simplification] Reduced path from 4 to 2 nodes, 2 collision checks, 0.02 ms[0m
[INFO] [1782991119.136] [/exploration_node]:   Segment 1: 0.84 m
[INFO] [1782991119.776] [/exploration_node]: [33m[Path Simplification] Reduced path from 4 to 2 nodes, 2 collision checks, 0.02 ms[0m
[INFO] [1782991119.776] [/exploration_node]:   Segment 1: 0.62 m
[INFO] [1782991119.777] [/exploration_node]: [EV] [1782991119.777][    +36.8s][EXEC_TRAJ] GLOBAL result=RTH_PATH_OK | why: path to goal: 2 nodes / 0.6m (connected via 2) | clusters=1(reach 0) vp=0(reach 0) pipe[tot=0 dorm=0 unreach=0 cons=0 nocand=0 topo=0 novis=0 ok=0] tour=2n/0.6m goal=(0.0, -0.0, 1.2) t=17ms
[INFO] [1782991119.777] [/exploration_node]: [EV] [1782991119.777][    +36.8s][PLAN_TRAJ_RTH] RTH d2goal=0.5m | auto-home(xy) dist=0.59m tol=0.20m goal=(0.03, -0.00, 1.20)
[INFO] [1782991119.792] [/exploration_node]: [33m[Path Simplification] Reduced path from 4 to 2 nodes, 2 collision checks, 0.02 ms[0m
[INFO] [1782991119.792] [/exploration_node]:   Segment 1: 0.62 m
[WARN] [1782991119.798] [/exploration_node]: [local-plan] minco optimize failed
[WARN] [1782991119.798] [/exploration_node]: [RTH] local plan failed: minco optimize failed
[WARN] [1782991119.810] [/exploration_node]: [EV] [1782991119.810][    +36.8s][PLAN_TRAJ_RTH] LOCAL RTH FAIL | why: minco optimize failed | t=33.4ms (prev x9/4.8s)
[WARN] [1782991119.810] [/exploration_node]: [EV] [1782991119.810][    +36.8s][PLAN_TRAJ_RTH] STATE PLAN_TRAJ_RTH -> PLAN_TRAJ_RTH [PLAN_TRAJ_RTH: plan failed] |  (prev cycle x6/2.0s)
[INFO] [1782991119.821] [/exploration_node]: [EV] [1782991119.821][    +36.8s][PLAN_TRAJ_RTH] RTH d2goal=0.5m | auto-home(xy) dist=0.57m tol=0.20m goal=(0.03, -0.00, 1.20)
[INFO] [1782991119.836] [/exploration_node]: [33m[Path Simplification] Reduced path from 4 to 2 nodes, 2 collision checks, 0.02 ms[0m
[INFO] [1782991119.836] [/exploration_node]:   Segment 1: 0.59 m
[INFO] [1782991119.864] [/exploration_node]: [EV] [1782991119.864][    +36.9s][PLAN_TRAJ_RTH] RTH d2goal=0.5m | auto-home(xy) dist=0.54m tol=0.20m goal=(0.03, -0.00, 1.20)
[INFO] [1782991119.877] [/exploration_node]: [33m[Path Simplification] Reduced path from 4 to 2 nodes, 2 collision checks, 0.01 ms[0m
[INFO] [1782991119.877] [/exploration_node]:   Segment 1: 0.57 m
[INFO] [1782991119.905] [/exploration_node]: [EV] [1782991119.905][    +36.9s][PLAN_TRAJ_RTH] BATT 23.0V | v=23.36V pct=59%
[INFO] [1782991119.908] [/exploration_node]: [EV] [1782991119.908][    +36.9s][PLAN_TRAJ_RTH] RTH d2goal=0.5m | auto-home(xy) dist=0.52m tol=0.20m goal=(0.03, -0.00, 1.20)
[INFO] [1782991119.924] [/exploration_node]: [33m[Path Simplification] Reduced path from 4 to 2 nodes, 2 collision checks, 0.02 ms[0m
[INFO] [1782991119.924] [/exploration_node]:   Segment 1: 0.53 m
[INFO] [1782991119.952] [/exploration_node]: [EV] [1782991119.952][    +37.0s][PLAN_TRAJ_RTH] RTH d2goal=0.0m | auto-home(xy) dist=0.49m tol=0.20m goal=(0.03, -0.00, 1.20)
[INFO] [1782991119.967] [/exploration_node]: [33m[Path Simplification] Reduced path from 4 to 2 nodes, 2 collision checks, 0.01 ms[0m
[INFO] [1782991119.967] [/exploration_node]:   Segment 1: 0.51 m
[INFO] [1782991120.012] [/exploration_node]: [33m[Path Simplification] Reduced path from 4 to 2 nodes, 2 collision checks, 0.02 ms[0m
[INFO] [1782991120.012] [/exploration_node]:   Segment 1: 0.51 m
[INFO] [1782991120.014] [/exploration_node]: [EV] [1782991120.013][    +37.0s][PLAN_TRAJ_RTH] GLOBAL result=RTH_PATH_OK | why: path to goal: 2 nodes / 0.5m (connected via 2) | clusters=1(reach 0) vp=0(reach 0) pipe[tot=0 dorm=0 unreach=0 cons=0 nocand=0 topo=0 novis=0 ok=0] tour=2n/0.5m goal=(0.0, -0.0, 1.2) t=16ms
[INFO] [1782991120.014] [/exploration_node]: [EV] [1782991120.014][    +37.0s][PLAN_TRAJ_RTH] STATE PLAN_TRAJ_RTH -> PLAN_TRAJ_RTH [planGoalPath: succeed] |  (prev x4/0.2s)
[INFO] [1782991120.017] [/exploration_node]: [EV] [1782991120.017][    +37.0s][PLAN_TRAJ_RTH] RTH d2goal=0.0m | auto-home(xy) dist=0.46m tol=0.20m goal=(0.03, -0.00, 1.20)
[INFO] [1782991120.031] [/exploration_node]: [33m[Path Simplification] Reduced path from 4 to 2 nodes, 2 collision checks, 0.02 ms[0m
[INFO] [1782991120.031] [/exploration_node]:   Segment 1: 0.48 m
[INFO] [1782991120.061] [/exploration_node]: [EV] [1782991120.061][    +37.1s][PLAN_TRAJ_RTH] RTH d2goal=0.0m | auto-home(xy) dist=0.44m tol=0.20m goal=(0.03, -0.00, 1.20)
[INFO] [1782991120.076] [/exploration_node]: [33m[Path Simplification] Reduced path from 4 to 2 nodes, 2 collision checks, 0.02 ms[0m
[INFO] [1782991120.076] [/exploration_node]:   Segment 1: 0.45 m
[INFO] [1782991120.095] [/exploration_node]: [EV] [1782991120.094][    +37.1s][EXEC_TRAJ] STATE PLAN_TRAJ_RTH -> EXEC_TRAJ [PLAN_TRAJ_RTH: plan success] |  (prev cycle x1/0.1s)
[INFO] [1782991120.694] [/exploration_node]: [33m[Path Simplification] Reduced path from 4 to 2 nodes, 2 collision checks, 0.02 ms[0m
[INFO] [1782991120.694] [/exploration_node]:   Segment 1: 0.15 m
[INFO] [1782991120.696] [/exploration_node]: [EV] [1782991120.696][    +37.7s][EXEC_TRAJ] GLOBAL result=RTH_PATH_OK | why: path to goal: 2 nodes / 0.2m (connected via 2) | clusters=1(reach 0) vp=0(reach 0) pipe[tot=0 dorm=0 unreach=0 cons=0 nocand=0 topo=0 novis=0 ok=0] tour=2n/0.2m goal=(0.0, -0.0, 1.2) t=18ms
[INFO] [1782991120.696] [/exploration_node]: [EV] [1782991120.696][    +37.7s][PLAN_TRAJ_RTH] STATE EXEC_TRAJ -> PLAN_TRAJ_RTH [planGoalPath: succeed]
[INFO] [1782991120.696] [/exploration_node]: [EV] [1782991120.696][    +37.7s][PLAN_TRAJ_RTH] RTH d2goal=0.0m | auto-home(xy) dist=0.14m tol=0.20m goal=(0.03, -0.00, 1.20)
[INFO] [1782991120.696] [/exploration_node]: [EV] [1782991120.696][    +37.7s][LAND] STATE PLAN_TRAJ_RTH -> LAND [RTH: home reached -> AUTO.LAND]
[INFO] [1782991120.696] [/exploration_node]: [32m[RTH] Home reached (xy 0.135 m) -> landing[0m
[INFO] [1782991120.696] [/traj_server]: [33m[Metrics] RTH distance received: 0.135 m, logging metrics...[0m
[INFO] [1782991120.696] [/traj_server]: [32m[Metrics] Mission Complete - Logged to /home/hmcl/.ros/epic_metrics.log[0m
[INFO] [1782991120.696] [/traj_server]: [36m  Mission time: 20.60 s[0m
[INFO] [1782991120.696] [/traj_server]: [36m  RTH distance to goal: 0.135 m[0m
[INFO] [1782991120.696] [/traj_server]: [36m  Avg speed (odometry): 0.327 m/s[0m
[INFO] [1782991120.696] [/traj_server]: [36m  Path length: 12.18 m[0m
[INFO] [1782991120.696] [/traj_server]: [36m  Avg speed (path/time): 0.591 m/s[0m
[INFO] [1782991120.696] [/traj_server]: [36m  Avg tracking error: 0.363 m[0m
[WARN] [1782991120.700] [/exploration_node]: [33m[LAND] AUTO.LAND requested[0m
[WARN] [1782991120.708] [/mavros]: CMD: Unexpected command 176, result 0
[WARN] [1782991120.719] [/mavros]: PositionTargetGlobal failed because no origin
[WARN] [1782991120.820] [/mavros]: PositionTargetGlobal failed because no origin
[WARN] [1782991120.901] [/exploration_node]: [EV] [1782991120.901][    +37.9s][LAND] PX4 mode=AUTO.LAND armed=1 (LEFT OFFBOARD: pilot takeover or failsafe) | prev=OFFBOARD
[INFO] [1782991120.906] [/exploration_node]: [32m[LAND] PX4 in AUTO.LAND -> descending & auto-disarm[0m
[WARN] [1782991120.919] [/mavros]: PositionTargetGlobal failed because no origin
[WARN] [1782991121.019] [/mavros]: PositionTargetGlobal failed because no origin
[WARN] [1782991121.119] [/mavros]: PositionTargetGlobal failed because no origin
[WARN] [1782991121.220] [/mavros]: PositionTargetGlobal failed because no origin
[WARN] [1782991121.319] [/mavros]: PositionTargetGlobal failed because no origin
[WARN] [1782991121.419] [/mavros]: PositionTargetGlobal failed because no origin
[WARN] [1782991121.519] [/mavros]: PositionTargetGlobal failed because no origin
[WARN] [1782991121.619] [/mavros]: PositionTargetGlobal failed because no origin
[WARN] [1782991121.719] [/mavros]: PositionTargetGlobal failed because no origin
[WARN] [1782991121.819] [/mavros]: PositionTargetGlobal failed because no origin
[INFO] [1782991121.905] [/exploration_node]: [EV] [1782991121.905][    +38.9s][LAND] BATT 23.0V | v=23.42V pct=61%
[WARN] [1782991121.919] [/mavros]: PositionTargetGlobal failed because no origin
[WARN] [1782991122.021] [/mavros]: PositionTargetGlobal failed because no origin
[WARN] [1782991122.120] [/mavros]: PositionTargetGlobal failed because no origin
[WARN] [1782991122.221] [/mavros]: PositionTargetGlobal failed because no origin
[WARN] [1782991122.319] [/mavros]: PositionTargetGlobal failed because no origin
[WARN] [1782991122.420] [/mavros]: PositionTargetGlobal failed because no origin
[WARN] [1782991122.520] [/mavros]: PositionTargetGlobal failed because no origin
[WARN] [1782991122.620] [/mavros]: PositionTargetGlobal failed because no origin
[WARN] [1782991122.719] [/mavros]: PositionTargetGlobal failed because no origin
[WARN] [1782991122.818] [/mavros]: PositionTargetGlobal failed because no origin
[INFO] [1782991122.916] [/exploration_node]: [32m[LAND] PX4 in AUTO.LAND -> descending & auto-disarm[0m
[WARN] [1782991122.921] [/mavros]: PositionTargetGlobal failed because no origin
[WARN] [1782991123.020] [/mavros]: PositionTargetGlobal failed because no origin
[INFO] [1782991123.088] [/mavros]: HP: requesting home position
[WARN] [1782991123.121] [/mavros]: PositionTargetGlobal failed because no origin
[WARN] [1782991123.221] [/mavros]: PositionTargetGlobal failed because no origin
[WARN] [1782991123.319] [/mavros]: PositionTargetGlobal failed because no origin
[WARN] [1782991123.419] [/mavros]: PositionTargetGlobal failed because no origin
[WARN] [1782991123.519] [/mavros]: PositionTargetGlobal failed because no origin
[WARN] [1782991123.619] [/mavros]: PositionTargetGlobal failed because no origin
[WARN] [1782991123.719] [/mavros]: PositionTargetGlobal failed because no origin
[WARN] [1782991123.820] [/mavros]: PositionTargetGlobal failed because no origin
[WARN] [1782991123.919] [/mavros]: PositionTargetGlobal failed because no origin
[WARN] [1782991124.019] [/mavros]: PositionTargetGlobal failed because no origin
[WARN] [1782991124.901] [/exploration_node]: [EV] [1782991124.901][    +41.9s][LAND] PX4 mode=OFFBOARD armed=0 | prev=AUTO.LAND
[INFO] [1782991124.906] [/exploration_node]: [EV] [1782991124.906][    +41.9s][LANDED] STATE LAND -> LANDED [LAND: touchdown & disarmed]
[INFO] [1782991124.916] [/exploration_node]: [EV] [1782991124.916][    +41.9s][LANDED] MISSION LANDED (mission complete, disarmed)
