# EPIC structured flight events for epic_2026-07-02-20-17-50.bag
# line format: [ros_epoch][+rel_s][FSM_STATE] CATEGORY signature | detail
# EPIC session info | published_ros=1782991069.961
# box | down=[-150, -150, 0.4] up=[150, 150, 2]
# corridor | DilateSoft=0.60 DilateHard=0.45 MaxCorridor=4.0 MaxVel=0.9 max_traj_len=10.0 safe_dist=0.70 bubble_min_r=0.50
# frontier | cell=0.40 cluster_sz=[0.5, 5.0] minpts=4 dphi=0.26 znum=3 good_dir_score=0.60
# viewpoint | pillar_r=[0.5, 2.0]x8 h=[-1.0, 1.0]x5 circle_n=8 local_tsp=16
# fsm | takeoff_h=1.20 goal_tol=0.20 replan_t=0.20 emerg_err=3.0 max_hz=30 avoid_to=0.5 auto_rth_land=1 rth_land_xy_tol=0.20 avoidance=1
# topics | odom=/Odometry cloud=/cloud_registered
[1782991071.923][     +2.0s][WAIT_TRIGGER] BATT 24.5V | v=24.72V pct=84%
[1782991073.924][     +4.0s][WAIT_TRIGGER] BATT 24.5V | v=24.72V pct=85%
[1782991082.996][     +0.0s][WAIT_TRIGGER] EVENT 2D-Nav-Goal trigger | trigger received | pos=(0.03, -0.00, 0.01)
[1782991082.996][     +0.0s][WAIT_TRIGGER] PARAM box | down=[-150, -150, 0.4] up=[150, 150, 2]
[1782991082.996][     +0.0s][WAIT_TRIGGER] PARAM corridor | DilateSoft=0.60 DilateHard=0.45 MaxCorridor=4.0 MaxVel=0.9 max_traj_len=10.0 safe_dist=0.70 bubble_min_r=0.50
[1782991082.996][     +0.0s][WAIT_TRIGGER] PARAM frontier | cell=0.40 cluster_sz=[0.5, 5.0] minpts=4 dphi=0.26 znum=3 good_dir_score=0.60
[1782991082.996][     +0.0s][WAIT_TRIGGER] PARAM viewpoint | pillar_r=[0.5, 2.0]x8 h=[-1.0, 1.0]x5 circle_n=8 local_tsp=16
[1782991082.996][     +0.0s][WAIT_TRIGGER] PARAM fsm | takeoff_h=1.20 goal_tol=0.20 replan_t=0.20 emerg_err=3.0 max_hz=30 avoid_to=0.5 auto_rth_land=1 rth_land_xy_tol=0.20 avoidance=1
[1782991082.996][     +0.0s][WAIT_TRIGGER] PARAM topics | odom=/Odometry cloud=/cloud_registered
[1782991082.996][     +0.0s][TAKEOFF_HOVER] STATE WAIT_TRIGGER -> TAKEOFF_HOVER [triggerCallback: takeoff & hover]
[1782991091.914][     +8.9s][TAKEOFF_HOVER] PX4 mode=POSCTL armed=1 | prev=POSCTL
[1782991091.916][     +8.9s][TAKEOFF_HOVER] BATT 24.5V | v=24.73V pct=85% (x8)
[1782991093.914][    +10.9s][TAKEOFF_HOVER] PX4 mode=OFFBOARD armed=1 | prev=POSCTL
[1782991095.915][    +12.9s][TAKEOFF_HOVER] BATT 24.0V | v=24.36V pct=86% (prev x1/2.0s)
[1782991097.914][    +14.9s][TAKEOFF_HOVER] BATT 23.5V | v=23.96V pct=79%
[1782991099.792][    +16.8s][PLAN_TRAJ_EXP] STATE TAKEOFF_HOVER -> PLAN_TRAJ_EXP [takeoff: altitude reached & stable -> explore]
[1782991099.822][    +16.8s][PLAN_TRAJ_EXP] GLOBAL result=OK | clusters=1(reach 1) vp=1(reach 1) pipe[tot=1 dorm=0 unreach=0 cons=1 nocand=0 topo=0 novis=0 ok=1] tour=2n/6.4m goal=(0.0, 0.0, 0.0) t=19ms
[1782991099.823][    +16.8s][PLAN_TRAJ_EXP] STATE PLAN_TRAJ_EXP -> PLAN_TRAJ_EXP [planGlobalPath: succeed]
[1782991099.824][    +16.8s][PLAN_TRAJ_EXP] LOCAL EXP FAIL | why: fast-searcher: no path odom->goal | t=0.1ms goal_d=1.1m
[1782991099.824][    +16.8s][PLAN_TRAJ_EXP] STATE PLAN_TRAJ_EXP -> PLAN_TRAJ_EXP [PLAN_TRAJ_EXP: plan failed]
[1782991099.912][    +16.9s][PLAN_TRAJ_EXP] BATT 23.5V | v=23.84V pct=76%
[1782991100.079][    +17.1s][PLAN_TRAJ_EXP] LOCAL EXP OK | t=33.4ms goal_d=6.4m (prev x19/0.2s)
[1782991100.079][    +17.1s][EXEC_TRAJ] STATE PLAN_TRAJ_EXP -> EXEC_TRAJ [plan success: new traj pub] |  (prev cycle x1/0.3s)
[1782991100.279][    +17.3s][PLAN_TRAJ_EXP] STATE EXEC_TRAJ -> PLAN_TRAJ_EXP [planGlobalPath: succeed]
[1782991100.956][    +18.0s][EXEC_TRAJ] GLOBAL result=OK | clusters=1(reach 1) vp=1(reach 1) pipe[tot=1 dorm=0 unreach=0 cons=1 nocand=0 topo=0 novis=0 ok=1] tour=2n/6.9m goal=(1.9, 6.0, 0.6) t=24ms (x2)
[1782991101.912][    +18.9s][EXEC_TRAJ] BATT 23.5V | v=23.76V pct=73%
[1782991102.320][    +19.3s][EXEC_TRAJ] GLOBAL result=OK | clusters=1(reach 1) vp=1(reach 1) pipe[tot=1 dorm=0 unreach=0 cons=1 nocand=0 topo=0 novis=0 ok=1] tour=2n/6.6m goal=(3.3, 4.3, 0.6) t=32ms (x1)
[1782991103.637][    +20.6s][EXEC_TRAJ] GLOBAL result=NO_REACHABLE_VP | why: NO_PATH: 1 viewpoints exist but NONE reachable via topo graph (clusters=1, reachable_clusters=1) | clusters=1(reach 1) vp=1(reach 0) pipe[tot=1 dorm=0 unreach=0 cons=1 nocand=0 topo=0 novis=0 ok=1] tour=2n/8.6m goal=(2.4, 8.4, 0.6) t=15ms (prev x1/0.6s)
[1782991103.637][    +20.6s][FINISH] STATE EXEC_TRAJ -> FINISH [planGlobalPath: no frontier] |  (prev cycle x9/3.4s)
[1782991103.638][    +20.6s][FINISH] MISSION FINISH (premature? unreached clusters remain) | pos=(0.76, 0.33, 1.02) elapsed=21s clusters_left=1(reach 1) pipe[tot=1 dorm=0 unreach=0 cons=1 nocand=0 topo=0 novis=0 ok=1]
[1782991103.851][    +20.9s][FINISH] GLOBAL result=NO_VIEWPOINTS | why: NO_FRONTIER: 0 viewpoints (clusters=1, reachable_clusters=0) pipe[tot=1 dorm=0 unreach=0 cons=1 nocand=0 topo=1 novis=0 ok=0] | clusters=1(reach 0) vp=0(reach 0) pipe[tot=1 dorm=0 unreach=0 cons=1 nocand=0 topo=1 novis=0 ok=0] tour=2n/8.6m goal=(2.4, 8.4, 0.6) t=12ms
[1782991103.851][    +20.9s][FINISH] STATE FINISH -> FINISH [planGlobalPath: no frontier]
[1782991103.912][    +20.9s][FINISH] BATT 23.5V | v=23.58V pct=70%
[1782991104.508][    +21.5s][FINISH] GLOBAL result=OK | clusters=1(reach 1) vp=1(reach 1) pipe[tot=1 dorm=0 unreach=0 cons=1 nocand=0 topo=0 novis=0 ok=1] tour=2n/5.3m goal=(2.4, 8.4, 0.6) t=21ms (prev x2/0.4s)
[1782991104.508][    +21.5s][PLAN_TRAJ_EXP] STATE FINISH -> PLAN_TRAJ_EXP [planGlobalPath: succeed] |  (prev x2/0.4s)
[1782991104.509][    +21.5s][PLAN_TRAJ_EXP] STATE PLAN_TRAJ_EXP -> PLAN_TRAJ_EXP [PLAN_TRAJ_EXP: plan failed]
[1782991104.559][    +21.6s][PLAN_TRAJ_EXP] LOCAL EXP FAIL | why: fast-searcher: no path odom->goal | t=0.1ms goal_d=7.8m (x9)
[1782991104.734][    +21.7s][PLAN_TRAJ_EXP] STATE PLAN_TRAJ_EXP -> PLAN_TRAJ_EXP [planGlobalPath: succeed] |  (prev x19/0.2s)
[1782991104.767][    +21.8s][EXEC_TRAJ] STATE PLAN_TRAJ_EXP -> EXEC_TRAJ [plan success: new traj pub]
[1782991105.392][    +22.4s][PLAN_TRAJ_EXP] STATE EXEC_TRAJ -> PLAN_TRAJ_EXP [planGlobalPath: succeed]
[1782991105.909][    +22.9s][EXEC_TRAJ] BATT 23.5V | v=23.60V pct=70%
[1782991106.054][    +23.1s][EXEC_TRAJ] GLOBAL result=OK | clusters=2(reach 1) vp=1(reach 1) pipe[tot=2 dorm=1 unreach=0 cons=1 nocand=0 topo=0 novis=0 ok=1] tour=2n/3.4m goal=(2.4, 4.7, 0.5) t=26ms (x2)
[1782991107.308][    +24.3s][EXEC_TRAJ] GLOBAL result=NO_VIEWPOINTS | why: NO_FRONTIER: 0 viewpoints (clusters=1, reachable_clusters=0) pipe[tot=1 dorm=1 unreach=0 cons=0 nocand=0 topo=0 novis=0 ok=0] | clusters=1(reach 0) vp=0(reach 0) pipe[tot=1 dorm=1 unreach=0 cons=0 nocand=0 topo=0 novis=0 ok=0] tour=2n/3.3m goal=(2.6, 4.2, 0.4) t=7ms (prev x1/0.6s)
[1782991107.309][    +24.3s][FINISH] STATE EXEC_TRAJ -> FINISH [planGlobalPath: no frontier] |  (prev cycle x5/1.9s)
[1782991107.309][    +24.3s][PLAN_TRAJ_RTH] STATE FINISH -> PLAN_TRAJ_RTH [FINISH: hover done -> return home]
[1782991107.311][    +24.3s][PLAN_TRAJ_RTH] RTH d2goal=1.5m | auto-home(xy) dist=1.86m tol=0.20m goal=(0.03, -0.00, 1.20)
[1782991107.345][    +24.3s][PLAN_TRAJ_RTH] LOCAL RTH OK | t=33.4ms (prev cycle x2/7.3s)
[1782991107.345][    +24.3s][EXEC_TRAJ] STATE PLAN_TRAJ_RTH -> EXEC_TRAJ [PLAN_TRAJ_RTH: plan success]
[1782991107.909][    +24.9s][EXEC_TRAJ] BATT 23.5V | v=23.53V pct=62%
[1782991107.950][    +25.0s][EXEC_TRAJ] GLOBAL result=RTH_PATH_OK | why: path to goal: 3 nodes / 2.2m (connected via 2) | clusters=1(reach 0) vp=0(reach 0) pipe[tot=1 dorm=1 unreach=0 cons=0 nocand=0 topo=0 novis=0 ok=0] tour=3n/2.2m goal=(0.2, -0.1, 1.1) t=16ms
[1782991107.950][    +25.0s][PLAN_TRAJ_RTH] STATE EXEC_TRAJ -> PLAN_TRAJ_RTH [planGoalPath: succeed]
[1782991107.951][    +25.0s][PLAN_TRAJ_RTH] RTH d2goal=1.5m | auto-home(xy) dist=1.94m tol=0.20m goal=(0.03, -0.00, 1.20)
[1782991108.134][    +25.1s][EXEC_TRAJ] AVOID ON (obstacle close, reactive layer overrides cmd) | pos=(1.31, 1.45, 0.72)
[1782991108.386][    +25.4s][PLAN_TRAJ_RTH] STATE EXEC_TRAJ -> PLAN_TRAJ_RTH [avoidance released: replan from current pose] |  (prev cycle x1/0.4s)
[1782991108.386][    +25.4s][PLAN_TRAJ_RTH] AVOID OFF (released, replan from current pose) | dur=0.3s
[1782991108.386][    +25.4s][PLAN_TRAJ_RTH] RTH d2goal=1.5m | auto-home(xy) dist=1.93m tol=0.20m goal=(0.03, -0.00, 1.20)
[1782991108.480][    +25.5s][PLAN_TRAJ_RTH] RTH d2goal=1.5m | auto-home(xy) dist=1.92m tol=0.20m goal=(0.03, -0.00, 1.20)
[1782991108.887][    +25.9s][PLAN_TRAJ_RTH] RTH d2goal=1.5m | auto-home(xy) dist=1.91m tol=0.20m goal=(0.03, -0.00, 1.20) (x1)
[1782991109.595][    +26.6s][EXEC_TRAJ] GLOBAL result=RTH_PATH_OK | why: path to goal: 3 nodes / 2.3m (connected via 2) | clusters=1(reach 0) vp=0(reach 0) pipe[tot=1 dorm=1 unreach=0 cons=0 nocand=0 topo=0 novis=0 ok=0] tour=3n/2.3m goal=(0.2, -0.1, 1.1) t=13ms
[1782991109.595][    +26.6s][PLAN_TRAJ_RTH] STATE EXEC_TRAJ -> PLAN_TRAJ_RTH [planGoalPath: succeed] |  (prev cycle x7/1.2s)
[1782991109.596][    +26.6s][PLAN_TRAJ_RTH] RTH d2goal=1.5m | auto-home(xy) dist=1.97m tol=0.20m goal=(0.03, -0.00, 1.20)
[1782991109.907][    +26.9s][EXEC_TRAJ] BATT 23.0V | v=23.44V pct=69%
[1782991110.244][    +27.2s][PLAN_TRAJ_RTH] RTH d2goal=1.5m | auto-home(xy) dist=1.98m tol=0.20m goal=(0.03, -0.00, 1.20)
[1782991110.689][    +27.7s][PLAN_TRAJ_RTH] STATE EXEC_TRAJ -> PLAN_TRAJ_RTH [avoidance released: replan from current pose] |  (prev cycle x3/1.1s)
[1782991110.689][    +27.7s][PLAN_TRAJ_RTH] RTH d2goal=2.0m | auto-home(xy) dist=2.02m tol=0.20m goal=(0.03, -0.00, 1.20)
[1782991111.313][    +28.3s][EXEC_TRAJ] GLOBAL result=RTH_PATH_OK | why: path to goal: 2 nodes / 2.2m (connected via 2) | clusters=1(reach 0) vp=0(reach 0) pipe[tot=1 dorm=1 unreach=0 cons=0 nocand=0 topo=0 novis=0 ok=0] tour=2n/2.2m goal=(0.2, -0.1, 1.1) t=17ms (prev x1/1.1s)
[1782991111.313][    +28.3s][PLAN_TRAJ_RTH] STATE EXEC_TRAJ -> PLAN_TRAJ_RTH [planGoalPath: succeed] |  (prev cycle x1/0.6s)
[1782991111.314][    +28.3s][PLAN_TRAJ_RTH] RTH d2goal=2.0m | auto-home(xy) dist=2.12m tol=0.20m goal=(0.03, -0.00, 1.20)
[1782991111.908][    +28.9s][EXEC_TRAJ] BATT 23.0V | v=23.35V pct=65%
[1782991112.613][    +29.6s][PLAN_TRAJ_RTH] RTH d2goal=2.0m | auto-home(xy) dist=2.02m tol=0.20m goal=(0.03, -0.00, 1.20) (x1)
[1782991113.264][    +30.3s][EXEC_TRAJ] GLOBAL result=RTH_PATH_OK | why: path to goal: 3 nodes / 2.1m (connected via 2) | clusters=1(reach 0) vp=0(reach 0) pipe[tot=1 dorm=1 unreach=0 cons=0 nocand=0 topo=0 novis=0 ok=0] tour=3n/2.1m goal=(0.2, -0.1, 1.1) t=16ms (prev cycle x1/2.0s)
[1782991113.339][    +30.3s][PLAN_TRAJ_RTH] STATE EXEC_TRAJ -> PLAN_TRAJ_RTH [avoidance released: replan from current pose] |  (prev cycle x7/2.0s)
[1782991113.339][    +30.3s][PLAN_TRAJ_RTH] RTH d2goal=1.5m | auto-home(xy) dist=1.78m tol=0.20m goal=(0.03, -0.00, 1.20)
[1782991113.433][    +30.4s][PLAN_TRAJ_RTH] RTH d2goal=1.5m | auto-home(xy) dist=1.77m tol=0.20m goal=(0.03, -0.00, 1.20)
[1782991113.538][    +30.5s][PLAN_TRAJ_RTH] RTH d2goal=1.5m | auto-home(xy) dist=1.74m tol=0.20m goal=(0.03, -0.00, 1.20)
[1782991113.632][    +30.6s][PLAN_TRAJ_RTH] RTH d2goal=1.5m | auto-home(xy) dist=1.73m tol=0.20m goal=(0.03, -0.00, 1.20)
[1782991113.906][    +30.9s][EXEC_TRAJ] BATT 23.0V | v=23.41V pct=66%
[1782991114.329][    +31.3s][EXEC_TRAJ] GLOBAL result=RTH_PATH_OK | why: path to goal: 2 nodes / 1.8m (connected via 2) | clusters=1(reach 0) vp=0(reach 0) pipe[tot=1 dorm=1 unreach=0 cons=0 nocand=0 topo=0 novis=0 ok=0] tour=2n/1.8m goal=(0.2, -0.1, 1.1) t=14ms
[1782991114.329][    +31.3s][PLAN_TRAJ_RTH] STATE EXEC_TRAJ -> PLAN_TRAJ_RTH [planGoalPath: succeed] |  (prev cycle x7/1.0s)
[1782991114.329][    +31.3s][PLAN_TRAJ_RTH] RTH d2goal=1.5m | auto-home(xy) dist=1.70m tol=0.20m goal=(0.03, -0.00, 1.20)
[1782991114.362][    +31.4s][PLAN_TRAJ_RTH] LOCAL RTH OK | t=33.5ms (x16)
[1782991114.993][    +32.0s][PLAN_TRAJ_RTH] RTH d2goal=1.5m | auto-home(xy) dist=1.74m tol=0.20m goal=(0.03, -0.00, 1.20)
[1782991115.651][    +32.7s][EXEC_TRAJ] GLOBAL result=RTH_PATH_OK | why: path to goal: 2 nodes / 1.8m (connected via 2) | clusters=1(reach 0) vp=0(reach 0) pipe[tot=0 dorm=0 unreach=0 cons=0 nocand=0 topo=0 novis=0 ok=0] tour=2n/1.8m goal=(0.0, -0.0, 1.2) t=19ms (x1)
[1782991115.905][    +32.9s][EXEC_TRAJ] BATT 23.0V | v=23.40V pct=61%
[1782991116.285][    +33.3s][EXEC_TRAJ] GLOBAL result=RTH_PATH_OK | why: path to goal: 3 nodes / 1.8m (connected via 2) | clusters=1(reach 0) vp=0(reach 0) pipe[tot=0 dorm=0 unreach=0 cons=0 nocand=0 topo=0 novis=0 ok=0] tour=3n/1.8m goal=(0.0, -0.0, 1.2) t=16ms
[1782991116.285][    +33.3s][PLAN_TRAJ_RTH] RTH d2goal=1.5m | auto-home(xy) dist=1.57m tol=0.20m goal=(0.03, -0.00, 1.20) (x1)
[1782991116.955][    +34.0s][EXEC_TRAJ] GLOBAL result=RTH_PATH_OK | why: path to goal: 3 nodes / 1.5m (connected via 2) | clusters=1(reach 0) vp=0(reach 0) pipe[tot=0 dorm=0 unreach=0 cons=0 nocand=0 topo=0 novis=0 ok=0] tour=3n/1.5m goal=(0.2, -0.1, 1.1) t=17ms
[1782991116.955][    +34.0s][PLAN_TRAJ_RTH] RTH d2goal=1.0m | auto-home(xy) dist=1.21m tol=0.20m goal=(0.03, -0.00, 1.20) (prev cycle x1/6.3s)
[1782991116.998][    +34.0s][PLAN_TRAJ_RTH] STATE EXEC_TRAJ -> PLAN_TRAJ_RTH [avoidance released: replan from current pose] |  (prev cycle x9/2.7s)
[1782991116.998][    +34.0s][PLAN_TRAJ_RTH] RTH d2goal=1.0m | auto-home(xy) dist=1.16m tol=0.20m goal=(0.03, -0.00, 1.20)
[1782991117.082][    +34.1s][PLAN_TRAJ_RTH] RTH d2goal=1.0m | auto-home(xy) dist=1.13m tol=0.20m goal=(0.03, -0.00, 1.20)
[1782991117.827][    +34.8s][EXEC_TRAJ] GLOBAL result=RTH_PATH_OK | why: path to goal: 2 nodes / 0.9m (connected via 2) | clusters=1(reach 0) vp=0(reach 0) pipe[tot=0 dorm=0 unreach=0 cons=0 nocand=0 topo=0 novis=0 ok=0] tour=2n/0.9m goal=(0.2, -0.1, 1.1) t=16ms
[1782991117.827][    +34.8s][PLAN_TRAJ_RTH] STATE EXEC_TRAJ -> PLAN_TRAJ_RTH [planGoalPath: succeed] |  (prev cycle x3/0.8s)
[1782991117.827][    +34.8s][PLAN_TRAJ_RTH] RTH d2goal=0.5m | auto-home(xy) dist=0.85m tol=0.20m goal=(0.03, -0.00, 1.20)
[1782991117.906][    +34.9s][EXEC_TRAJ] BATT 23.0V | v=23.39V pct=61%
[1782991118.472][    +35.5s][PLAN_TRAJ_RTH] RTH d2goal=0.5m | auto-home(xy) dist=0.77m tol=0.20m goal=(0.03, -0.00, 1.20)
[1782991119.121][    +36.1s][EXEC_TRAJ] GLOBAL result=RTH_PATH_OK | why: path to goal: 2 nodes / 0.8m (connected via 2) | clusters=1(reach 0) vp=0(reach 0) pipe[tot=0 dorm=0 unreach=0 cons=0 nocand=0 topo=0 novis=0 ok=0] tour=2n/0.8m goal=(0.0, -0.0, 1.2) t=15ms (prev x1/0.6s)
[1782991119.121][    +36.1s][PLAN_TRAJ_RTH] RTH d2goal=0.5m | auto-home(xy) dist=0.79m tol=0.20m goal=(0.03, -0.00, 1.20)
[1782991119.777][    +36.8s][EXEC_TRAJ] GLOBAL result=RTH_PATH_OK | why: path to goal: 2 nodes / 0.6m (connected via 2) | clusters=1(reach 0) vp=0(reach 0) pipe[tot=0 dorm=0 unreach=0 cons=0 nocand=0 topo=0 novis=0 ok=0] tour=2n/0.6m goal=(0.0, -0.0, 1.2) t=17ms
[1782991119.777][    +36.8s][PLAN_TRAJ_RTH] RTH d2goal=0.5m | auto-home(xy) dist=0.59m tol=0.20m goal=(0.03, -0.00, 1.20)
[1782991119.810][    +36.8s][PLAN_TRAJ_RTH] LOCAL RTH FAIL | why: minco optimize failed | t=33.4ms (prev x9/4.8s)
[1782991119.810][    +36.8s][PLAN_TRAJ_RTH] STATE PLAN_TRAJ_RTH -> PLAN_TRAJ_RTH [PLAN_TRAJ_RTH: plan failed] |  (prev cycle x6/2.0s)
[1782991119.821][    +36.8s][PLAN_TRAJ_RTH] RTH d2goal=0.5m | auto-home(xy) dist=0.57m tol=0.20m goal=(0.03, -0.00, 1.20)
[1782991119.864][    +36.9s][PLAN_TRAJ_RTH] RTH d2goal=0.5m | auto-home(xy) dist=0.54m tol=0.20m goal=(0.03, -0.00, 1.20)
[1782991119.905][    +36.9s][PLAN_TRAJ_RTH] BATT 23.0V | v=23.36V pct=59%
[1782991119.908][    +36.9s][PLAN_TRAJ_RTH] RTH d2goal=0.5m | auto-home(xy) dist=0.52m tol=0.20m goal=(0.03, -0.00, 1.20)
[1782991119.952][    +37.0s][PLAN_TRAJ_RTH] RTH d2goal=0.0m | auto-home(xy) dist=0.49m tol=0.20m goal=(0.03, -0.00, 1.20)
[1782991120.013][    +37.0s][PLAN_TRAJ_RTH] GLOBAL result=RTH_PATH_OK | why: path to goal: 2 nodes / 0.5m (connected via 2) | clusters=1(reach 0) vp=0(reach 0) pipe[tot=0 dorm=0 unreach=0 cons=0 nocand=0 topo=0 novis=0 ok=0] tour=2n/0.5m goal=(0.0, -0.0, 1.2) t=16ms
[1782991120.014][    +37.0s][PLAN_TRAJ_RTH] STATE PLAN_TRAJ_RTH -> PLAN_TRAJ_RTH [planGoalPath: succeed] |  (prev x4/0.2s)
[1782991120.017][    +37.0s][PLAN_TRAJ_RTH] RTH d2goal=0.0m | auto-home(xy) dist=0.46m tol=0.20m goal=(0.03, -0.00, 1.20)
[1782991120.061][    +37.1s][PLAN_TRAJ_RTH] RTH d2goal=0.0m | auto-home(xy) dist=0.44m tol=0.20m goal=(0.03, -0.00, 1.20)
[1782991120.094][    +37.1s][EXEC_TRAJ] STATE PLAN_TRAJ_RTH -> EXEC_TRAJ [PLAN_TRAJ_RTH: plan success] |  (prev cycle x1/0.1s)
[1782991120.696][    +37.7s][EXEC_TRAJ] GLOBAL result=RTH_PATH_OK | why: path to goal: 2 nodes / 0.2m (connected via 2) | clusters=1(reach 0) vp=0(reach 0) pipe[tot=0 dorm=0 unreach=0 cons=0 nocand=0 topo=0 novis=0 ok=0] tour=2n/0.2m goal=(0.0, -0.0, 1.2) t=18ms
[1782991120.696][    +37.7s][PLAN_TRAJ_RTH] STATE EXEC_TRAJ -> PLAN_TRAJ_RTH [planGoalPath: succeed]
[1782991120.696][    +37.7s][PLAN_TRAJ_RTH] RTH d2goal=0.0m | auto-home(xy) dist=0.14m tol=0.20m goal=(0.03, -0.00, 1.20)
[1782991120.696][    +37.7s][LAND] STATE PLAN_TRAJ_RTH -> LAND [RTH: home reached -> AUTO.LAND]
[1782991120.901][    +37.9s][LAND] PX4 mode=AUTO.LAND armed=1 (LEFT OFFBOARD: pilot takeover or failsafe) | prev=OFFBOARD
[1782991121.905][    +38.9s][LAND] BATT 23.0V | v=23.42V pct=61%
[1782991124.901][    +41.9s][LAND] PX4 mode=OFFBOARD armed=0 | prev=AUTO.LAND
[1782991124.906][    +41.9s][LANDED] STATE LAND -> LANDED [LAND: touchdown & disarmed]
[1782991124.916][    +41.9s][LANDED] MISSION LANDED (mission complete, disarmed)
