# console (/rosout_agg) log for epic_2026-07-02-17-02-53.bag
# started at 2026-07-02-17-02-53
[INFO] [1782979373.434] [/record_on_goal]: [record_on_goal] event log -> /home/hmcl/stack1/src/EPIC_poongsan/src/EPIC/src/global_planner/exploration_manager/records/epic_2026-07-02-17-02-53/epic_2026-07-02-17-02-53.events.log
[INFO] [1782979374.240] [/exploration_node]: [EV] [1782979374.240][     +1.9s][WAIT_TRIGGER] BATT 24.5V | v=24.83V pct=88%
[INFO] [1782979376.254] [/rvizvisualisation]: Setting goal: Frame:world, Position(-1.435, -1.764, 0.000), Orientation(0.000, 0.000, 0.943, 0.332) = Angle: 2.465

[INFO] [1782979376.255] [/exploration_node]: [EV] [1782979376.255][     +0.0s][WAIT_TRIGGER] EVENT 2D-Nav-Goal trigger | trigger received | pos=(-0.80, 0.10, 1.75)
[INFO] [1782979376.255] [/exploration_node]: [EV] [1782979376.255][     +0.0s][WAIT_TRIGGER] PARAM box | down=[-150, -150, 0.5] up=[150, 150, 2.5]
[INFO] [1782979376.255] [/exploration_node]: [EV] [1782979376.255][     +0.0s][WAIT_TRIGGER] PARAM corridor | DilateSoft=0.60 DilateHard=0.45 MaxCorridor=4.0 MaxVel=1.0 max_traj_len=10.0 safe_dist=0.60 bubble_min_r=0.61
[INFO] [1782979376.255] [/exploration_node]: [EV] [1782979376.255][     +0.0s][WAIT_TRIGGER] PARAM frontier | cell=0.40 cluster_sz=[1.0, 5.0] minpts=5 dphi=0.26 znum=3 good_dir_score=0.60
[INFO] [1782979376.255] [/exploration_node]: [EV] [1782979376.255][     +0.0s][WAIT_TRIGGER] PARAM viewpoint | pillar_r=[0.5, 2.0]x8 h=[-1.0, 1.0]x5 circle_n=4 local_tsp=12
[INFO] [1782979376.255] [/exploration_node]: [EV] [1782979376.255][     +0.0s][WAIT_TRIGGER] PARAM fsm | takeoff_h=1.25 goal_tol=0.10 replan_t=0.20 emerg_err=3.0 max_hz=30 avoid_to=0.5 auto_rth_land=1 rth_land_xy_tol=0.20 avoidance=1
[INFO] [1782979376.255] [/exploration_node]: [EV] [1782979376.255][     +0.0s][WAIT_TRIGGER] PARAM topics | odom=/Odometry cloud=/cloud_registered
[INFO] [1782979376.255] [/exploration_node]: [EV] [1782979376.255][     +0.0s][TAKEOFF_HOVER] STATE WAIT_TRIGGER -> TAKEOFF_HOVER [triggerCallback: takeoff & hover]
[INFO] [1782979377.296] [/mavros]: HP: requesting home position
[WARN] [1782979384.580] [/local_avoidance]: [local_avoidance] ACTIVATED  (min_dist=0.37 m, idx=8359)
[WARN] [1782979384.608] [/exploration_node]: [EV] [1782979384.608][     +8.4s][TAKEOFF_HOVER] AVOID ON (obstacle close, reactive layer overrides cmd) | pos=(-0.70, 0.11, 1.89)
[WARN] [1782979384.613] [/px4_ctrl_bridge]: [px4_bridge] AVOIDANCE ACTIVE -> forwarding /target_avoidance
[INFO] [1782979384.631] [/local_avoidance]: [local_avoidance] DEACTIVATED
[INFO] [1782979384.658] [/exploration_node]: [EV] [1782979384.658][     +8.4s][TAKEOFF_HOVER] AVOID OFF (released, replan from current pose) | dur=0.1s
[WARN] [1782979384.663] [/px4_ctrl_bridge]: [px4_bridge] avoidance released -> published /planning/replan
[WARN] [1782979384.681] [/local_avoidance]: [local_avoidance] ACTIVATED  (min_dist=0.28 m, idx=6579)
[INFO] [1782979384.731] [/local_avoidance]: [local_avoidance] avoiding...  min_dist=0.56 m
[INFO] [1782979384.831] [/local_avoidance]: [local_avoidance] DEACTIVATED
