# console (/rosout_agg) log for epic_2026-07-20-19-46-23.bag
# started at 2026-07-20-19-46-23
[INFO] [1784544383.949] [/record_on_goal]: [record_on_goal] epic log -> /home/hmcl/EPIC-stack/src/EPIC_poongsan/src/EPIC/src/global_planner/exploration_manager/records/epic_2026-07-20-19-46-23/epic_2026-07-20-19-46-23.epic.log
[INFO] [1784544383.953] [/record_on_goal]: [record_on_goal] event log -> /home/hmcl/EPIC-stack/src/EPIC_poongsan/src/EPIC/src/global_planner/exploration_manager/records/epic_2026-07-20-19-46-23/epic_2026-07-20-19-46-23.events.log
[INFO] [1784544383.988] [/local_avoidance]: [local_avoidance] DEACTIVATED
[WARN] [1784544384.013] [/px4_ctrl_bridge]: [px4_bridge] avoidance released -> published /planning/replan
[WARN] [1784544384.039] [/local_avoidance]: [local_avoidance] ACTIVATED  (min_dist=0.52 m, idx=4581)
[WARN] [1784544384.073] [/px4_ctrl_bridge]: [px4_bridge] AVOIDANCE ACTIVE -> forwarding /target_avoidance
[INFO] [1784544384.089] [/local_avoidance]: [local_avoidance] DEACTIVATED
[INFO] [1784544384.109] [/exploration_node]: [EV] [1784544384.109][     +1.3s][WAIT_TRIGGER] BATT 22.5V | voltage=22.71V percent=17%
[WARN] [1784544384.114] [/px4_ctrl_bridge]: [px4_bridge] avoidance released -> published /planning/replan
[WARN] [1784544384.141] [/local_avoidance]: [local_avoidance] ACTIVATED  (min_dist=0.53 m, idx=3925)
[INFO] [1784544384.189] [/local_avoidance]: [local_avoidance] DEACTIVATED
[WARN] [1784544384.213] [/px4_ctrl_bridge]: [px4_bridge] avoidance released -> published /planning/replan
[WARN] [1784544384.243] [/local_avoidance]: [local_avoidance] ACTIVATED  (min_dist=0.52 m, idx=5129)
[INFO] [1784544384.292] [/local_avoidance]: [local_avoidance] DEACTIVATED
[WARN] [1784544384.313] [/px4_ctrl_bridge]: [px4_bridge] avoidance released -> published /planning/replan
[WARN] [1784544384.339] [/local_avoidance]: [local_avoidance] ACTIVATED  (min_dist=0.51 m, idx=4517)
[INFO] [1784544384.389] [/local_avoidance]: [local_avoidance] DEACTIVATED
[WARN] [1784544384.413] [/px4_ctrl_bridge]: [px4_bridge] avoidance released -> published /planning/replan
[WARN] [1784544384.439] [/local_avoidance]: [local_avoidance] ACTIVATED  (min_dist=0.51 m, idx=5577)
[INFO] [1784544384.489] [/local_avoidance]: [local_avoidance] DEACTIVATED
[WARN] [1784544384.514] [/px4_ctrl_bridge]: [px4_bridge] avoidance released -> published /planning/replan
[WARN] [1784544384.547] [/local_avoidance]: [local_avoidance] ACTIVATED  (min_dist=0.55 m, idx=5050)
[INFO] [1784544384.589] [/local_avoidance]: [local_avoidance] DEACTIVATED
[WARN] [1784544384.613] [/px4_ctrl_bridge]: [px4_bridge] avoidance released -> published /planning/replan
[WARN] [1784544384.640] [/local_avoidance]: [local_avoidance] ACTIVATED  (min_dist=0.52 m, idx=8841)
[INFO] [1784544384.695] [/local_avoidance]: [local_avoidance] DEACTIVATED
[WARN] [1784544384.715] [/px4_ctrl_bridge]: [px4_bridge] avoidance released -> published /planning/replan
[WARN] [1784544384.740] [/local_avoidance]: [local_avoidance] ACTIVATED  (min_dist=0.53 m, idx=8289)
[INFO] [1784544384.814] [/local_avoidance]: [local_avoidance] DEACTIVATED
[WARN] [1784544384.839] [/local_avoidance]: [local_avoidance] ACTIVATED  (min_dist=0.53 m, idx=9389)
[WARN] [1784544384.843] [/px4_ctrl_bridge]: [px4_bridge] avoidance released -> published /planning/replan
[INFO] [1784544384.889] [/local_avoidance]: [local_avoidance] DEACTIVATED
[INFO] [1784544384.900] [/mavros]: HP: requesting home position
[WARN] [1784544384.914] [/px4_ctrl_bridge]: [px4_bridge] avoidance released -> published /planning/replan
[WARN] [1784544384.942] [/local_avoidance]: [local_avoidance] ACTIVATED  (min_dist=0.53 m, idx=8737)
[INFO] [1784544384.990] [/local_avoidance]: [local_avoidance] avoiding...  min_dist=0.57 m
[WARN] [1784544385.074] [/px4_ctrl_bridge]: [px4_bridge] AVOIDANCE ACTIVE -> forwarding /target_avoidance
[INFO] [1784544385.089] [/local_avoidance]: [local_avoidance] DEACTIVATED
[WARN] [1784544385.114] [/px4_ctrl_bridge]: [px4_bridge] avoidance released -> published /planning/replan
[WARN] [1784544385.139] [/local_avoidance]: [local_avoidance] ACTIVATED  (min_dist=0.51 m, idx=6449)
[INFO] [1784544385.190] [/local_avoidance]: [local_avoidance] DEACTIVATED
[WARN] [1784544385.213] [/px4_ctrl_bridge]: [px4_bridge] avoidance released -> published /planning/replan
[WARN] [1784544385.239] [/local_avoidance]: [local_avoidance] ACTIVATED  (min_dist=0.53 m, idx=5849)
[INFO] [1784544385.389] [/local_avoidance]: [local_avoidance] DEACTIVATED
[WARN] [1784544385.413] [/px4_ctrl_bridge]: [px4_bridge] avoidance released -> published /planning/replan
[WARN] [1784544385.441] [/local_avoidance]: [local_avoidance] ACTIVATED  (min_dist=0.52 m, idx=6393)
[INFO] [1784544386.039] [/local_avoidance]: [local_avoidance] avoiding...  min_dist=0.31 m
[WARN] [1784544386.084] [/px4_ctrl_bridge]: [px4_bridge] AVOIDANCE ACTIVE -> forwarding /target_avoidance
[INFO] [1784544387.045] [/cloud_crop_bridge]: [CloudCrop] 1771 -> 501 pts (28%)
[INFO] [1784544387.063] [/local_avoidance]: [local_avoidance] avoiding...  min_dist=0.38 m
[WARN] [1784544387.093] [/px4_ctrl_bridge]: [px4_bridge] AVOIDANCE ACTIVE -> forwarding /target_avoidance
[INFO] [1784544387.539] [/local_avoidance]: [local_avoidance] DEACTIVATED
[WARN] [1784544387.564] [/px4_ctrl_bridge]: [px4_bridge] avoidance released -> published /planning/replan
[WARN] [1784544387.588] [/local_avoidance]: [local_avoidance] ACTIVATED  (min_dist=0.33 m, idx=4186)
[INFO] [1784544387.738] [/local_avoidance]: [local_avoidance] DEACTIVATED
[WARN] [1784544387.766] [/px4_ctrl_bridge]: [px4_bridge] avoidance released -> published /planning/replan
[WARN] [1784544387.791] [/local_avoidance]: [local_avoidance] ACTIVATED  (min_dist=0.48 m, idx=505)
[INFO] [1784544387.841] [/local_avoidance]: [local_avoidance] DEACTIVATED
[WARN] [1784544387.864] [/px4_ctrl_bridge]: [px4_bridge] avoidance released -> published /planning/replan
[WARN] [1784544387.893] [/local_avoidance]: [local_avoidance] ACTIVATED  (min_dist=0.52 m, idx=1502)
[INFO] [1784544387.939] [/local_avoidance]: [local_avoidance] DEACTIVATED
[WARN] [1784544387.963] [/px4_ctrl_bridge]: [px4_bridge] avoidance released -> published /planning/replan
[WARN] [1784544387.989] [/local_avoidance]: [local_avoidance] ACTIVATED  (min_dist=0.53 m, idx=1709)
[INFO] [1784544388.041] [/local_avoidance]: [local_avoidance] DEACTIVATED
[WARN] [1784544388.063] [/px4_ctrl_bridge]: [px4_bridge] avoidance released -> published /planning/replan
[WARN] [1784544388.091] [/local_avoidance]: [local_avoidance] ACTIVATED  (min_dist=0.53 m, idx=2837)
[INFO] [1784544388.105] [/exploration_node]: [EV] [1784544388.105][     +5.3s][WAIT_TRIGGER] BATT 22.5V | voltage=22.70V percent=17% (repeated x1)
[WARN] [1784544388.115] [/px4_ctrl_bridge]: [px4_bridge] AVOIDANCE ACTIVE -> forwarding /target_avoidance
[INFO] [1784544388.139] [/local_avoidance]: [local_avoidance] DEACTIVATED
[WARN] [1784544388.163] [/px4_ctrl_bridge]: [px4_bridge] avoidance released -> published /planning/replan
[WARN] [1784544388.189] [/local_avoidance]: [local_avoidance] ACTIVATED  (min_dist=0.53 m, idx=5077)
[INFO] [1784544388.239] [/local_avoidance]: [local_avoidance] DEACTIVATED
[WARN] [1784544388.263] [/px4_ctrl_bridge]: [px4_bridge] avoidance released -> published /planning/replan
[WARN] [1784544388.288] [/local_avoidance]: [local_avoidance] ACTIVATED  (min_dist=0.54 m, idx=6081)
[INFO] [1784544388.340] [/local_avoidance]: [local_avoidance] DEACTIVATED
[WARN] [1784544388.366] [/px4_ctrl_bridge]: [px4_bridge] avoidance released -> published /planning/replan
[WARN] [1784544388.414] [/local_avoidance]: [local_avoidance] ACTIVATED  (min_dist=0.54 m, idx=5754)
[INFO] [1784544388.438] [/local_avoidance]: [local_avoidance] DEACTIVATED
[WARN] [1784544388.463] [/px4_ctrl_bridge]: [px4_bridge] avoidance released -> published /planning/replan
[WARN] [1784544388.489] [/local_avoidance]: [local_avoidance] ACTIVATED  (min_dist=0.52 m, idx=6533)
[INFO] [1784544388.538] [/local_avoidance]: [local_avoidance] DEACTIVATED
[WARN] [1784544388.563] [/px4_ctrl_bridge]: [px4_bridge] avoidance released -> published /planning/replan
[WARN] [1784544388.589] [/local_avoidance]: [local_avoidance] ACTIVATED  (min_dist=0.51 m, idx=3229)
[INFO] [1784544388.638] [/local_avoidance]: [local_avoidance] DEACTIVATED
[WARN] [1784544388.663] [/px4_ctrl_bridge]: [px4_bridge] avoidance released -> published /planning/replan
[WARN] [1784544388.689] [/local_avoidance]: [local_avoidance] ACTIVATED  (min_dist=0.53 m, idx=6961)
[INFO] [1784544388.739] [/local_avoidance]: [local_avoidance] DEACTIVATED
[WARN] [1784544388.763] [/px4_ctrl_bridge]: [px4_bridge] avoidance released -> published /planning/replan
[WARN] [1784544388.789] [/local_avoidance]: [local_avoidance] ACTIVATED  (min_dist=0.52 m, idx=3689)
[INFO] [1784544388.839] [/local_avoidance]: [local_avoidance] DEACTIVATED
[WARN] [1784544388.863] [/px4_ctrl_bridge]: [px4_bridge] avoidance released -> published /planning/replan
[WARN] [1784544388.888] [/exploration_node]: wait for trigger.
[WARN] [1784544388.890] [/local_avoidance]: [local_avoidance] ACTIVATED  (min_dist=0.54 m, idx=7405)
[INFO] [1784544388.938] [/local_avoidance]: [local_avoidance] DEACTIVATED
[WARN] [1784544388.966] [/px4_ctrl_bridge]: [px4_bridge] avoidance released -> published /planning/replan
[WARN] [1784544388.989] [/local_avoidance]: [local_avoidance] ACTIVATED  (min_dist=0.54 m, idx=4269)
[INFO] [1784544389.064] [/local_avoidance]: [local_avoidance] DEACTIVATED
[WARN] [1784544389.090] [/local_avoidance]: [local_avoidance] ACTIVATED  (min_dist=0.53 m, idx=4013)
[WARN] [1784544389.093] [/px4_ctrl_bridge]: [px4_bridge] avoidance released -> published /planning/replan
[WARN] [1784544389.125] [/px4_ctrl_bridge]: [px4_bridge] AVOIDANCE ACTIVE -> forwarding /target_avoidance
[INFO] [1784544389.140] [/local_avoidance]: [local_avoidance] DEACTIVATED
[WARN] [1784544389.164] [/px4_ctrl_bridge]: [px4_bridge] avoidance released -> published /planning/replan
[WARN] [1784544389.191] [/local_avoidance]: [local_avoidance] ACTIVATED  (min_dist=0.49 m, idx=7509)
[INFO] [1784544389.241] [/local_avoidance]: [local_avoidance] DEACTIVATED
[WARN] [1784544389.263] [/px4_ctrl_bridge]: [px4_bridge] avoidance released -> published /planning/replan
[WARN] [1784544389.289] [/local_avoidance]: [local_avoidance] ACTIVATED  (min_dist=0.53 m, idx=4065)
[INFO] [1784544389.340] [/local_avoidance]: [local_avoidance] DEACTIVATED
[WARN] [1784544389.363] [/px4_ctrl_bridge]: [px4_bridge] avoidance released -> published /planning/replan
[WARN] [1784544389.390] [/local_avoidance]: [local_avoidance] ACTIVATED  (min_dist=0.53 m, idx=5173)
[INFO] [1784544389.438] [/local_avoidance]: [local_avoidance] DEACTIVATED
[WARN] [1784544389.463] [/px4_ctrl_bridge]: [px4_bridge] avoidance released -> published /planning/replan
[WARN] [1784544389.489] [/local_avoidance]: [local_avoidance] ACTIVATED  (min_dist=0.54 m, idx=4601)
[INFO] [1784544389.538] [/local_avoidance]: [local_avoidance] DEACTIVATED
[WARN] [1784544389.563] [/px4_ctrl_bridge]: [px4_bridge] avoidance released -> published /planning/replan
[WARN] [1784544389.589] [/local_avoidance]: [local_avoidance] ACTIVATED  (min_dist=0.52 m, idx=5601)
[INFO] [1784544389.638] [/local_avoidance]: [local_avoidance] DEACTIVATED
[WARN] [1784544389.663] [/px4_ctrl_bridge]: [px4_bridge] avoidance released -> published /planning/replan
[WARN] [1784544389.689] [/local_avoidance]: [local_avoidance] ACTIVATED  (min_dist=0.55 m, idx=5179)
[INFO] [1784544389.740] [/local_avoidance]: [local_avoidance] DEACTIVATED
[WARN] [1784544389.764] [/px4_ctrl_bridge]: [px4_bridge] avoidance released -> published /planning/replan
[WARN] [1784544389.790] [/local_avoidance]: [local_avoidance] ACTIVATED  (min_dist=0.52 m, idx=6061)
[INFO] [1784544389.838] [/local_avoidance]: [local_avoidance] DEACTIVATED
[WARN] [1784544389.863] [/px4_ctrl_bridge]: [px4_bridge] avoidance released -> published /planning/replan
[WARN] [1784544389.890] [/local_avoidance]: [local_avoidance] ACTIVATED  (min_dist=0.55 m, idx=9120)
[INFO] [1784544389.938] [/local_avoidance]: [local_avoidance] DEACTIVATED
[WARN] [1784544389.963] [/px4_ctrl_bridge]: [px4_bridge] avoidance released -> published /planning/replan
[WARN] [1784544389.988] [/local_avoidance]: [local_avoidance] ACTIVATED  (min_dist=0.18 m, idx=4390)
[INFO] [1784544390.041] [/local_avoidance]: [local_avoidance] avoiding...  min_dist=0.21 m
[INFO] [1784544390.106] [/exploration_node]: [EV] [1784544390.106][     +7.3s][WAIT_TRIGGER] BATT 22.5V | voltage=22.68V percent=16%
[WARN] [1784544390.133] [/px4_ctrl_bridge]: [px4_bridge] AVOIDANCE ACTIVE -> forwarding /target_avoidance
[INFO] [1784544391.041] [/local_avoidance]: [local_avoidance] avoiding...  min_dist=0.55 m
[WARN] [1784544391.143] [/px4_ctrl_bridge]: [px4_bridge] AVOIDANCE ACTIVE -> forwarding /target_avoidance
[INFO] [1784544392.053] [/cloud_crop_bridge]: [CloudCrop] 2713 -> 494 pts (18%)
[INFO] [1784544392.103] [/exploration_node]: [EV] [1784544392.103][     +9.3s][WAIT_TRIGGER] BATT 22.5V | voltage=22.69V percent=16%
[INFO] [1784544392.114] [/local_avoidance]: [local_avoidance] avoiding...  min_dist=0.55 m
[WARN] [1784544392.144] [/px4_ctrl_bridge]: [px4_bridge] AVOIDANCE ACTIVE -> forwarding /target_avoidance
[INFO] [1784544392.413] [/local_avoidance]: [local_avoidance] DEACTIVATED
[WARN] [1784544392.440] [/local_avoidance]: [local_avoidance] ACTIVATED  (min_dist=0.30 m, idx=5901)
[WARN] [1784544392.447] [/px4_ctrl_bridge]: [px4_bridge] avoidance released -> published /planning/replan
[INFO] [1784544392.588] [/local_avoidance]: [local_avoidance] DEACTIVATED
[WARN] [1784544392.616] [/px4_ctrl_bridge]: [px4_bridge] avoidance released -> published /planning/replan
[WARN] [1784544392.639] [/local_avoidance]: [local_avoidance] ACTIVATED  (min_dist=0.32 m, idx=389)
[INFO] [1784544392.889] [/local_avoidance]: [local_avoidance] DEACTIVATED
[WARN] [1784544392.913] [/px4_ctrl_bridge]: [px4_bridge] avoidance released -> published /planning/replan
[WARN] [1784544392.940] [/local_avoidance]: [local_avoidance] ACTIVATED  (min_dist=0.33 m, idx=4826)
[INFO] [1784544392.988] [/local_avoidance]: [local_avoidance] DEACTIVATED
[WARN] [1784544393.013] [/px4_ctrl_bridge]: [px4_bridge] avoidance released -> published /planning/replan
[WARN] [1784544393.038] [/local_avoidance]: [local_avoidance] ACTIVATED  (min_dist=0.48 m, idx=1772)
[INFO] [1784544393.088] [/local_avoidance]: [local_avoidance] DEACTIVATED
[WARN] [1784544393.113] [/px4_ctrl_bridge]: [px4_bridge] avoidance released -> published /planning/replan
[WARN] [1784544393.138] [/local_avoidance]: [local_avoidance] ACTIVATED  (min_dist=0.54 m, idx=1645)
[WARN] [1784544393.163] [/px4_ctrl_bridge]: [px4_bridge] AVOIDANCE ACTIVE -> forwarding /target_avoidance
[INFO] [1784544393.189] [/local_avoidance]: [local_avoidance] DEACTIVATED
[WARN] [1784544393.213] [/px4_ctrl_bridge]: [px4_bridge] avoidance released -> published /planning/replan
[WARN] [1784544393.238] [/local_avoidance]: [local_avoidance] ACTIVATED  (min_dist=0.52 m, idx=3341)
[INFO] [1784544393.289] [/local_avoidance]: [local_avoidance] DEACTIVATED
[WARN] [1784544393.313] [/px4_ctrl_bridge]: [px4_bridge] avoidance released -> published /planning/replan
[WARN] [1784544393.342] [/local_avoidance]: [local_avoidance] ACTIVATED  (min_dist=0.53 m, idx=2109)
[INFO] [1784544393.391] [/local_avoidance]: [local_avoidance] DEACTIVATED
[WARN] [1784544393.413] [/px4_ctrl_bridge]: [px4_bridge] avoidance released -> published /planning/replan
[WARN] [1784544393.439] [/local_avoidance]: [local_avoidance] ACTIVATED  (min_dist=0.53 m, idx=3221)
[INFO] [1784544393.490] [/local_avoidance]: [local_avoidance] DEACTIVATED
[WARN] [1784544393.513] [/px4_ctrl_bridge]: [px4_bridge] avoidance released -> published /planning/replan
[WARN] [1784544393.540] [/local_avoidance]: [local_avoidance] ACTIVATED  (min_dist=0.53 m, idx=2775)
[INFO] [1784544393.593] [/local_avoidance]: [local_avoidance] DEACTIVATED
[WARN] [1784544393.617] [/px4_ctrl_bridge]: [px4_bridge] avoidance released -> published /planning/replan
[WARN] [1784544393.640] [/local_avoidance]: [local_avoidance] ACTIVATED  (min_dist=0.53 m, idx=3777)
[INFO] [1784544393.688] [/local_avoidance]: [local_avoidance] DEACTIVATED
[WARN] [1784544393.714] [/px4_ctrl_bridge]: [px4_bridge] avoidance released -> published /planning/replan
[WARN] [1784544393.739] [/local_avoidance]: [local_avoidance] ACTIVATED  (min_dist=0.54 m, idx=3227)
[INFO] [1784544393.789] [/local_avoidance]: [local_avoidance] DEACTIVATED
[WARN] [1784544393.813] [/px4_ctrl_bridge]: [px4_bridge] avoidance released -> published /planning/replan
[WARN] [1784544393.838] [/local_avoidance]: [local_avoidance] ACTIVATED  (min_dist=0.53 m, idx=4621)
[WARN] [1784544393.888] [/exploration_node]: wait for trigger.
[INFO] [1784544393.913] [/local_avoidance]: [local_avoidance] DEACTIVATED
[WARN] [1784544393.938] [/local_avoidance]: [local_avoidance] ACTIVATED  (min_dist=0.30 m, idx=2903)
[WARN] [1784544393.944] [/px4_ctrl_bridge]: [px4_bridge] avoidance released -> published /planning/replan
[INFO] [1784544394.016] [/local_avoidance]: [local_avoidance] DEACTIVATED
[WARN] [1784544394.039] [/local_avoidance]: [local_avoidance] ACTIVATED  (min_dist=0.31 m, idx=8359)
[WARN] [1784544394.043] [/px4_ctrl_bridge]: [px4_bridge] avoidance released -> published /planning/replan
[INFO] [1784544394.090] [/local_avoidance]: [local_avoidance] DEACTIVATED
[INFO] [1784544394.103] [/exploration_node]: [EV] [1784544394.103][    +11.3s][WAIT_TRIGGER] BATT 22.5V | voltage=22.68V percent=16%
[WARN] [1784544394.114] [/px4_ctrl_bridge]: [px4_bridge] avoidance released -> published /planning/replan
[WARN] [1784544394.138] [/local_avoidance]: [local_avoidance] ACTIVATED  (min_dist=0.20 m, idx=9158)
[WARN] [1784544394.173] [/px4_ctrl_bridge]: [px4_bridge] AVOIDANCE ACTIVE -> forwarding /target_avoidance
[INFO] [1784544394.213] [/local_avoidance]: [local_avoidance] DEACTIVATED
[WARN] [1784544394.239] [/local_avoidance]: [local_avoidance] ACTIVATED  (min_dist=0.19 m, idx=2862)
[WARN] [1784544394.243] [/px4_ctrl_bridge]: [px4_bridge] avoidance released -> published /planning/replan
[INFO] [1784544394.289] [/local_avoidance]: [local_avoidance] DEACTIVATED
[WARN] [1784544394.313] [/px4_ctrl_bridge]: [px4_bridge] avoidance released -> published /planning/replan
[WARN] [1784544394.365] [/local_avoidance]: [local_avoidance] ACTIVATED  (min_dist=0.31 m, idx=9608)
[INFO] [1784544394.389] [/local_avoidance]: [local_avoidance] DEACTIVATED
[WARN] [1784544394.413] [/px4_ctrl_bridge]: [px4_bridge] avoidance released -> published /planning/replan
[WARN] [1784544394.438] [/local_avoidance]: [local_avoidance] ACTIVATED  (min_dist=0.31 m, idx=9172)
[INFO] [1784544394.489] [/local_avoidance]: [local_avoidance] DEACTIVATED
[WARN] [1784544394.513] [/px4_ctrl_bridge]: [px4_bridge] avoidance released -> published /planning/replan
[WARN] [1784544394.538] [/local_avoidance]: [local_avoidance] ACTIVATED  (min_dist=0.31 m, idx=8679)
[INFO] [1784544394.590] [/local_avoidance]: [local_avoidance] avoiding...  min_dist=0.41 m
[INFO] [1784544394.713] [/local_avoidance]: [local_avoidance] DEACTIVATED
[WARN] [1784544394.739] [/local_avoidance]: [local_avoidance] ACTIVATED  (min_dist=0.31 m, idx=9327)
[WARN] [1784544394.743] [/px4_ctrl_bridge]: [px4_bridge] avoidance released -> published /planning/replan
[INFO] [1784544394.900] [/mavros]: HP: requesting home position
[WARN] [1784544395.173] [/px4_ctrl_bridge]: [px4_bridge] AVOIDANCE ACTIVE -> forwarding /target_avoidance
[INFO] [1784544395.639] [/local_avoidance]: [local_avoidance] avoiding...  min_dist=0.33 m
[INFO] [1784544396.101] [/exploration_node]: [EV] [1784544396.101][    +13.3s][WAIT_TRIGGER] BATT 22.5V | voltage=22.69V percent=16%
[WARN] [1784544396.183] [/px4_ctrl_bridge]: [px4_bridge] AVOIDANCE ACTIVE -> forwarding /target_avoidance
[INFO] [1784544396.639] [/local_avoidance]: [local_avoidance] avoiding...  min_dist=0.53 m
[INFO] [1784544397.093] [/cloud_crop_bridge]: [CloudCrop] 2698 -> 579 pts (21%)
