# console (/rosout_agg) log for epic_2026-07-20-19-59-18.bag
# started at 2026-07-20-19-59-18
[INFO] [1784545158.944] [/record_on_goal]: [record_on_goal] epic log -> /home/hmcl/EPIC-stack/src/EPIC_poongsan/src/EPIC/src/global_planner/exploration_manager/records/epic_2026-07-20-19-59-18/epic_2026-07-20-19-59-18.epic.log
[INFO] [1784545158.947] [/record_on_goal]: [record_on_goal] event log -> /home/hmcl/EPIC-stack/src/EPIC_poongsan/src/EPIC/src/global_planner/exploration_manager/records/epic_2026-07-20-19-59-18/epic_2026-07-20-19-59-18.events.log
[WARN] [1784545159.075] [/px4_ctrl_bridge]: [px4_bridge] AVOIDANCE ACTIVE -> forwarding /target_avoidance
[INFO] [1784545159.252] [/local_avoidance]: [local_avoidance] avoiding...  min_dist=0.59 m
[INFO] [1784545159.615] [/exploration_node]: [EV] [1784545159.615][     +1.8s][WAIT_TRIGGER] BATT 22.5V | voltage=22.55V percent=12%
[WARN] [1784545160.075] [/px4_ctrl_bridge]: [px4_bridge] AVOIDANCE ACTIVE -> forwarding /target_avoidance
[INFO] [1784545160.302] [/local_avoidance]: [local_avoidance] avoiding...  min_dist=0.52 m
[WARN] [1784545161.085] [/px4_ctrl_bridge]: [px4_bridge] AVOIDANCE ACTIVE -> forwarding /target_avoidance
[INFO] [1784545161.351] [/local_avoidance]: [local_avoidance] avoiding...  min_dist=0.53 m
[INFO] [1784545161.898] [/cloud_crop_bridge]: [CloudCrop] 3148 -> 563 pts (18%)
[WARN] [1784545162.087] [/px4_ctrl_bridge]: [px4_bridge] AVOIDANCE ACTIVE -> forwarding /target_avoidance
[INFO] [1784545162.351] [/local_avoidance]: [local_avoidance] avoiding...  min_dist=0.52 m
[WARN] [1784545163.095] [/px4_ctrl_bridge]: [px4_bridge] AVOIDANCE ACTIVE -> forwarding /target_avoidance
[INFO] [1784545163.351] [/local_avoidance]: [local_avoidance] avoiding...  min_dist=0.54 m
[INFO] [1784545163.613] [/exploration_node]: [EV] [1784545163.613][     +5.8s][WAIT_TRIGGER] BATT 22.5V | voltage=22.54V percent=11% (repeated x1)
[WARN] [1784545163.881] [/exploration_node]: wait for trigger.
[WARN] [1784545164.105] [/px4_ctrl_bridge]: [px4_bridge] AVOIDANCE ACTIVE -> forwarding /target_avoidance
[INFO] [1784545164.400] [/local_avoidance]: [local_avoidance] avoiding...  min_dist=0.57 m
[INFO] [1784545164.900] [/mavros]: HP: requesting home position
[WARN] [1784545165.105] [/px4_ctrl_bridge]: [px4_bridge] AVOIDANCE ACTIVE -> forwarding /target_avoidance
[INFO] [1784545165.401] [/local_avoidance]: [local_avoidance] avoiding...  min_dist=0.53 m
[INFO] [1784545165.613] [/exploration_node]: [EV] [1784545165.613][     +7.8s][WAIT_TRIGGER] BATT 22.5V | voltage=22.53V percent=11%
[WARN] [1784545166.105] [/px4_ctrl_bridge]: [px4_bridge] AVOIDANCE ACTIVE -> forwarding /target_avoidance
[INFO] [1784545166.502] [/local_avoidance]: [local_avoidance] avoiding...  min_dist=0.52 m
[INFO] [1784545166.949] [/cloud_crop_bridge]: [CloudCrop] 3195 -> 707 pts (22%)
[WARN] [1784545167.115] [/px4_ctrl_bridge]: [px4_bridge] AVOIDANCE ACTIVE -> forwarding /target_avoidance
[INFO] [1784545167.600] [/local_avoidance]: [local_avoidance] avoiding...  min_dist=0.52 m
[INFO] [1784545167.615] [/exploration_node]: [EV] [1784545167.615][     +9.8s][WAIT_TRIGGER] BATT 22.5V | voltage=22.54V percent=11%
[WARN] [1784545168.115] [/px4_ctrl_bridge]: [px4_bridge] AVOIDANCE ACTIVE -> forwarding /target_avoidance
[INFO] [1784545168.602] [/local_avoidance]: [local_avoidance] avoiding...  min_dist=0.52 m
[WARN] [1784545168.881] [/exploration_node]: wait for trigger.
[WARN] [1784545169.118] [/px4_ctrl_bridge]: [px4_bridge] AVOIDANCE ACTIVE -> forwarding /target_avoidance
[INFO] [1784545169.610] [/exploration_node]: [EV] [1784545169.610][    +11.8s][WAIT_TRIGGER] BATT 22.5V | voltage=22.53V percent=11%
[INFO] [1784545169.651] [/local_avoidance]: [local_avoidance] avoiding...  min_dist=0.57 m
[WARN] [1784545170.125] [/px4_ctrl_bridge]: [px4_bridge] AVOIDANCE ACTIVE -> forwarding /target_avoidance
[INFO] [1784545170.651] [/local_avoidance]: [local_avoidance] avoiding...  min_dist=0.52 m
[WARN] [1784545171.135] [/px4_ctrl_bridge]: [px4_bridge] AVOIDANCE ACTIVE -> forwarding /target_avoidance
[INFO] [1784545171.701] [/local_avoidance]: [local_avoidance] avoiding...  min_dist=0.57 m
[INFO] [1784545171.950] [/cloud_crop_bridge]: [CloudCrop] 2737 -> 480 pts (18%)
[WARN] [1784545172.135] [/px4_ctrl_bridge]: [px4_bridge] AVOIDANCE ACTIVE -> forwarding /target_avoidance
[INFO] [1784545172.751] [/local_avoidance]: [local_avoidance] avoiding...  min_dist=0.54 m
[WARN] [1784545173.145] [/px4_ctrl_bridge]: [px4_bridge] AVOIDANCE ACTIVE -> forwarding /target_avoidance
[INFO] [1784545173.606] [/exploration_node]: [EV] [1784545173.606][    +15.8s][WAIT_TRIGGER] BATT 22.5V | voltage=22.52V percent=11% (repeated x1)
[INFO] [1784545173.851] [/local_avoidance]: [local_avoidance] avoiding...  min_dist=0.52 m
[WARN] [1784545173.881] [/exploration_node]: wait for trigger.
[WARN] [1784545174.155] [/px4_ctrl_bridge]: [px4_bridge] AVOIDANCE ACTIVE -> forwarding /target_avoidance
[INFO] [1784545174.851] [/local_avoidance]: [local_avoidance] avoiding...  min_dist=0.54 m
[INFO] [1784545174.900] [/mavros]: HP: requesting home position
[WARN] [1784545175.155] [/px4_ctrl_bridge]: [px4_bridge] AVOIDANCE ACTIVE -> forwarding /target_avoidance
[INFO] [1784545175.901] [/local_avoidance]: [local_avoidance] avoiding...  min_dist=0.53 m
[WARN] [1784545176.165] [/px4_ctrl_bridge]: [px4_bridge] AVOIDANCE ACTIVE -> forwarding /target_avoidance
[INFO] [1784545176.901] [/local_avoidance]: [local_avoidance] avoiding...  min_dist=0.50 m
[INFO] [1784545176.998] [/cloud_crop_bridge]: [CloudCrop] 2673 -> 457 pts (17%)
[WARN] [1784545177.175] [/px4_ctrl_bridge]: [px4_bridge] AVOIDANCE ACTIVE -> forwarding /target_avoidance
[INFO] [1784545177.605] [/exploration_node]: [EV] [1784545177.605][    +19.8s][WAIT_TRIGGER] BATT 22.5V | voltage=22.50V percent=10% (repeated x1)
[INFO] [1784545177.901] [/local_avoidance]: [local_avoidance] avoiding...  min_dist=0.53 m
[WARN] [1784545178.186] [/px4_ctrl_bridge]: [px4_bridge] AVOIDANCE ACTIVE -> forwarding /target_avoidance
[WARN] [1784545178.891] [/exploration_node]: wait for trigger.
[INFO] [1784545178.951] [/local_avoidance]: [local_avoidance] avoiding...  min_dist=0.56 m
[WARN] [1784545179.195] [/px4_ctrl_bridge]: [px4_bridge] AVOIDANCE ACTIVE -> forwarding /target_avoidance
[INFO] [1784545179.603] [/exploration_node]: [EV] [1784545179.603][    +21.8s][WAIT_TRIGGER] BATT 22.5V | voltage=22.51V percent=11%
[INFO] [1784545180.002] [/local_avoidance]: [local_avoidance] avoiding...  min_dist=0.54 m
[WARN] [1784545180.195] [/px4_ctrl_bridge]: [px4_bridge] AVOIDANCE ACTIVE -> forwarding /target_avoidance
[INFO] [1784545181.051] [/local_avoidance]: [local_avoidance] avoiding...  min_dist=0.55 m
[WARN] [1784545181.205] [/px4_ctrl_bridge]: [px4_bridge] AVOIDANCE ACTIVE -> forwarding /target_avoidance
[INFO] [1784545182.046] [/cloud_crop_bridge]: [CloudCrop] 2756 -> 442 pts (16%)
[INFO] [1784545182.150] [/local_avoidance]: [local_avoidance] avoiding...  min_dist=0.55 m
[WARN] [1784545182.215] [/px4_ctrl_bridge]: [px4_bridge] AVOIDANCE ACTIVE -> forwarding /target_avoidance
[INFO] [1784545183.151] [/local_avoidance]: [local_avoidance] avoiding...  min_dist=0.53 m
[WARN] [1784545183.215] [/px4_ctrl_bridge]: [px4_bridge] AVOIDANCE ACTIVE -> forwarding /target_avoidance
[WARN] [1784545183.902] [/exploration_node]: wait for trigger.
[WARN] [1784545184.225] [/px4_ctrl_bridge]: [px4_bridge] AVOIDANCE ACTIVE -> forwarding /target_avoidance
[INFO] [1784545184.251] [/local_avoidance]: [local_avoidance] avoiding...  min_dist=0.53 m
[INFO] [1784545184.900] [/mavros]: HP: requesting home position
[WARN] [1784545185.225] [/px4_ctrl_bridge]: [px4_bridge] AVOIDANCE ACTIVE -> forwarding /target_avoidance
[INFO] [1784545185.301] [/local_avoidance]: [local_avoidance] avoiding...  min_dist=0.60 m
[INFO] [1784545185.601] [/exploration_node]: [EV] [1784545185.601][    +27.8s][WAIT_TRIGGER] BATT 22.5V | voltage=22.52V percent=11% (repeated x2)
[WARN] [1784545186.225] [/px4_ctrl_bridge]: [px4_bridge] AVOIDANCE ACTIVE -> forwarding /target_avoidance
[INFO] [1784545186.303] [/local_avoidance]: [local_avoidance] avoiding...  min_dist=0.50 m
[INFO] [1784545187.095] [/cloud_crop_bridge]: [CloudCrop] 2690 -> 490 pts (18%)
[WARN] [1784545187.226] [/px4_ctrl_bridge]: [px4_bridge] AVOIDANCE ACTIVE -> forwarding /target_avoidance
[INFO] [1784545187.402] [/local_avoidance]: [local_avoidance] avoiding...  min_dist=0.51 m
[WARN] [1784545188.235] [/px4_ctrl_bridge]: [px4_bridge] AVOIDANCE ACTIVE -> forwarding /target_avoidance
[INFO] [1784545188.501] [/local_avoidance]: [local_avoidance] avoiding...  min_dist=0.51 m
[WARN] [1784545188.911] [/exploration_node]: wait for trigger.
[WARN] [1784545189.245] [/px4_ctrl_bridge]: [px4_bridge] AVOIDANCE ACTIVE -> forwarding /target_avoidance
[INFO] [1784545189.552] [/local_avoidance]: [local_avoidance] avoiding...  min_dist=0.58 m
[WARN] [1784545190.255] [/px4_ctrl_bridge]: [px4_bridge] AVOIDANCE ACTIVE -> forwarding /target_avoidance
[INFO] [1784545190.601] [/local_avoidance]: [local_avoidance] avoiding...  min_dist=0.53 m
[WARN] [1784545191.255] [/px4_ctrl_bridge]: [px4_bridge] AVOIDANCE ACTIVE -> forwarding /target_avoidance
[INFO] [1784545191.652] [/local_avoidance]: [local_avoidance] avoiding...  min_dist=0.54 m
[INFO] [1784545192.096] [/cloud_crop_bridge]: [CloudCrop] 3144 -> 671 pts (21%)
[WARN] [1784545192.255] [/px4_ctrl_bridge]: [px4_bridge] AVOIDANCE ACTIVE -> forwarding /target_avoidance
[INFO] [1784545192.752] [/local_avoidance]: [local_avoidance] avoiding...  min_dist=0.52 m
[WARN] [1784545193.255] [/px4_ctrl_bridge]: [px4_bridge] AVOIDANCE ACTIVE -> forwarding /target_avoidance
[INFO] [1784545193.851] [/local_avoidance]: [local_avoidance] avoiding...  min_dist=0.52 m
[WARN] [1784545193.921] [/exploration_node]: wait for trigger.
[WARN] [1784545194.265] [/px4_ctrl_bridge]: [px4_bridge] AVOIDANCE ACTIVE -> forwarding /target_avoidance
[INFO] [1784545194.852] [/local_avoidance]: [local_avoidance] avoiding...  min_dist=0.53 m
[INFO] [1784545194.900] [/mavros]: HP: requesting home position
[WARN] [1784545195.265] [/px4_ctrl_bridge]: [px4_bridge] AVOIDANCE ACTIVE -> forwarding /target_avoidance
[INFO] [1784545195.901] [/local_avoidance]: [local_avoidance] avoiding...  min_dist=0.55 m
[WARN] [1784545196.266] [/px4_ctrl_bridge]: [px4_bridge] AVOIDANCE ACTIVE -> forwarding /target_avoidance
[INFO] [1784545197.001] [/local_avoidance]: [local_avoidance] avoiding...  min_dist=0.52 m
[INFO] [1784545197.099] [/cloud_crop_bridge]: [CloudCrop] 2693 -> 438 pts (16%)
[WARN] [1784545197.275] [/px4_ctrl_bridge]: [px4_bridge] AVOIDANCE ACTIVE -> forwarding /target_avoidance
[INFO] [1784545198.002] [/local_avoidance]: [local_avoidance] avoiding...  min_dist=0.51 m
[WARN] [1784545198.285] [/px4_ctrl_bridge]: [px4_bridge] AVOIDANCE ACTIVE -> forwarding /target_avoidance
[WARN] [1784545198.931] [/exploration_node]: wait for trigger.
[INFO] [1784545199.101] [/local_avoidance]: [local_avoidance] avoiding...  min_dist=0.51 m
[WARN] [1784545199.295] [/px4_ctrl_bridge]: [px4_bridge] AVOIDANCE ACTIVE -> forwarding /target_avoidance
[INFO] [1784545200.151] [/local_avoidance]: [local_avoidance] avoiding...  min_dist=0.55 m
[WARN] [1784545200.307] [/px4_ctrl_bridge]: [px4_bridge] AVOIDANCE ACTIVE -> forwarding /target_avoidance
[INFO] [1784545201.151] [/local_avoidance]: [local_avoidance] avoiding...  min_dist=0.55 m
[WARN] [1784545201.317] [/px4_ctrl_bridge]: [px4_bridge] AVOIDANCE ACTIVE -> forwarding /target_avoidance
[INFO] [1784545202.146] [/cloud_crop_bridge]: [CloudCrop] 2710 -> 464 pts (17%)
[INFO] [1784545202.152] [/local_avoidance]: [local_avoidance] avoiding...  min_dist=0.53 m
[WARN] [1784545202.327] [/px4_ctrl_bridge]: [px4_bridge] AVOIDANCE ACTIVE -> forwarding /target_avoidance
[INFO] [1784545203.252] [/local_avoidance]: [local_avoidance] avoiding...  min_dist=0.54 m
[WARN] [1784545203.338] [/px4_ctrl_bridge]: [px4_bridge] AVOIDANCE ACTIVE -> forwarding /target_avoidance
[INFO] [1784545203.588] [/exploration_node]: [EV] [1784545203.588][    +45.8s][WAIT_TRIGGER] BATT 22.5V | voltage=22.51V percent=11% (repeated x8)
[WARN] [1784545203.931] [/exploration_node]: wait for trigger.
[INFO] [1784545204.252] [/local_avoidance]: [local_avoidance] avoiding...  min_dist=0.54 m
[WARN] [1784545204.347] [/px4_ctrl_bridge]: [px4_bridge] AVOIDANCE ACTIVE -> forwarding /target_avoidance
[INFO] [1784545204.900] [/mavros]: HP: requesting home position
[INFO] [1784545205.301] [/local_avoidance]: [local_avoidance] avoiding...  min_dist=0.51 m
[WARN] [1784545205.349] [/px4_ctrl_bridge]: [px4_bridge] AVOIDANCE ACTIVE -> forwarding /target_avoidance
[INFO] [1784545205.586] [/exploration_node]: [EV] [1784545205.586][    +47.7s][WAIT_TRIGGER] BATT 22.5V | voltage=22.52V percent=11%
[INFO] [1784545206.301] [/local_avoidance]: [local_avoidance] avoiding...  min_dist=0.52 m
[WARN] [1784545206.349] [/px4_ctrl_bridge]: [px4_bridge] AVOIDANCE ACTIVE -> forwarding /target_avoidance
[INFO] [1784545207.147] [/cloud_crop_bridge]: [CloudCrop] 3140 -> 677 pts (22%)
[WARN] [1784545207.355] [/px4_ctrl_bridge]: [px4_bridge] AVOIDANCE ACTIVE -> forwarding /target_avoidance
[INFO] [1784545207.401] [/local_avoidance]: [local_avoidance] avoiding...  min_dist=0.53 m
[WARN] [1784545208.365] [/px4_ctrl_bridge]: [px4_bridge] AVOIDANCE ACTIVE -> forwarding /target_avoidance
[INFO] [1784545208.402] [/local_avoidance]: [local_avoidance] avoiding...  min_dist=0.55 m
[WARN] [1784545208.941] [/exploration_node]: wait for trigger.
[WARN] [1784545209.365] [/px4_ctrl_bridge]: [px4_bridge] AVOIDANCE ACTIVE -> forwarding /target_avoidance
[INFO] [1784545209.451] [/local_avoidance]: [local_avoidance] avoiding...  min_dist=0.55 m
[WARN] [1784545210.365] [/px4_ctrl_bridge]: [px4_bridge] AVOIDANCE ACTIVE -> forwarding /target_avoidance
[INFO] [1784545210.451] [/local_avoidance]: [local_avoidance] avoiding...  min_dist=0.57 m
[WARN] [1784545211.365] [/px4_ctrl_bridge]: [px4_bridge] AVOIDANCE ACTIVE -> forwarding /target_avoidance
[INFO] [1784545211.551] [/local_avoidance]: [local_avoidance] avoiding...  min_dist=0.55 m
[INFO] [1784545212.149] [/cloud_crop_bridge]: [CloudCrop] 2707 -> 457 pts (17%)
[WARN] [1784545212.365] [/px4_ctrl_bridge]: [px4_bridge] AVOIDANCE ACTIVE -> forwarding /target_avoidance
[INFO] [1784545212.655] [/local_avoidance]: [local_avoidance] avoiding...  min_dist=0.52 m
[WARN] [1784545213.365] [/px4_ctrl_bridge]: [px4_bridge] AVOIDANCE ACTIVE -> forwarding /target_avoidance
[INFO] [1784545213.752] [/local_avoidance]: [local_avoidance] avoiding...  min_dist=0.52 m
[WARN] [1784545213.941] [/exploration_node]: wait for trigger.
[WARN] [1784545214.375] [/px4_ctrl_bridge]: [px4_bridge] AVOIDANCE ACTIVE -> forwarding /target_avoidance
[INFO] [1784545214.801] [/local_avoidance]: [local_avoidance] avoiding...  min_dist=0.56 m
[INFO] [1784545214.900] [/mavros]: HP: requesting home position
[WARN] [1784545215.385] [/px4_ctrl_bridge]: [px4_bridge] AVOIDANCE ACTIVE -> forwarding /target_avoidance
[INFO] [1784545215.802] [/local_avoidance]: [local_avoidance] avoiding...  min_dist=0.53 m
[WARN] [1784545216.385] [/px4_ctrl_bridge]: [px4_bridge] AVOIDANCE ACTIVE -> forwarding /target_avoidance
[INFO] [1784545216.908] [/local_avoidance]: [local_avoidance] avoiding...  min_dist=0.57 m
[INFO] [1784545217.198] [/cloud_crop_bridge]: [CloudCrop] 2690 -> 411 pts (15%)
[WARN] [1784545217.395] [/px4_ctrl_bridge]: [px4_bridge] AVOIDANCE ACTIVE -> forwarding /target_avoidance
[INFO] [1784545217.578] [/exploration_node]: [EV] [1784545217.578][    +59.7s][WAIT_TRIGGER] BATT 22.0V | voltage=22.50V percent=10% (prev repeated x5 over 10.0s)
[INFO] [1784545218.001] [/local_avoidance]: [local_avoidance] avoiding...  min_dist=0.53 m
[WARN] [1784545218.405] [/px4_ctrl_bridge]: [px4_bridge] AVOIDANCE ACTIVE -> forwarding /target_avoidance
[WARN] [1784545218.951] [/exploration_node]: wait for trigger.
[INFO] [1784545219.101] [/local_avoidance]: [local_avoidance] avoiding...  min_dist=0.54 m
[WARN] [1784545219.415] [/px4_ctrl_bridge]: [px4_bridge] AVOIDANCE ACTIVE -> forwarding /target_avoidance
[INFO] [1784545220.101] [/local_avoidance]: [local_avoidance] avoiding...  min_dist=0.52 m
[WARN] [1784545220.425] [/px4_ctrl_bridge]: [px4_bridge] AVOIDANCE ACTIVE -> forwarding /target_avoidance
[INFO] [1784545221.105] [/local_avoidance]: [local_avoidance] avoiding...  min_dist=0.56 m
[WARN] [1784545221.438] [/px4_ctrl_bridge]: [px4_bridge] AVOIDANCE ACTIVE -> forwarding /target_avoidance
[INFO] [1784545221.579] [/exploration_node]: [EV] [1784545221.579][    +63.7s][WAIT_TRIGGER] BATT 22.5V | voltage=22.51V percent=11%
[INFO] [1784545222.151] [/local_avoidance]: [local_avoidance] avoiding...  min_dist=0.52 m
[INFO] [1784545222.255] [/cloud_crop_bridge]: [CloudCrop] 2836 -> 469 pts (17%)
[WARN] [1784545222.445] [/px4_ctrl_bridge]: [px4_bridge] AVOIDANCE ACTIVE -> forwarding /target_avoidance
[INFO] [1784545223.152] [/local_avoidance]: [local_avoidance] avoiding...  min_dist=0.53 m
[WARN] [1784545223.455] [/px4_ctrl_bridge]: [px4_bridge] AVOIDANCE ACTIVE -> forwarding /target_avoidance
[WARN] [1784545223.951] [/exploration_node]: wait for trigger.
[INFO] [1784545224.251] [/local_avoidance]: [local_avoidance] avoiding...  min_dist=0.54 m
[WARN] [1784545224.455] [/px4_ctrl_bridge]: [px4_bridge] AVOIDANCE ACTIVE -> forwarding /target_avoidance
[INFO] [1784545224.900] [/mavros]: HP: requesting home position
[INFO] [1784545225.252] [/local_avoidance]: [local_avoidance] avoiding...  min_dist=0.56 m
[WARN] [1784545225.465] [/px4_ctrl_bridge]: [px4_bridge] AVOIDANCE ACTIVE -> forwarding /target_avoidance
[INFO] [1784545226.301] [/local_avoidance]: [local_avoidance] avoiding...  min_dist=0.53 m
[WARN] [1784545226.475] [/px4_ctrl_bridge]: [px4_bridge] AVOIDANCE ACTIVE -> forwarding /target_avoidance
[INFO] [1784545227.256] [/cloud_crop_bridge]: [CloudCrop] 3182 -> 721 pts (23%)
[INFO] [1784545227.302] [/local_avoidance]: [local_avoidance] avoiding...  min_dist=0.51 m
[WARN] [1784545227.475] [/px4_ctrl_bridge]: [px4_bridge] AVOIDANCE ACTIVE -> forwarding /target_avoidance
[INFO] [1784545228.401] [/local_avoidance]: [local_avoidance] avoiding...  min_dist=0.52 m
[WARN] [1784545228.485] [/px4_ctrl_bridge]: [px4_bridge] AVOIDANCE ACTIVE -> forwarding /target_avoidance
[WARN] [1784545228.961] [/exploration_node]: wait for trigger.
[INFO] [1784545229.402] [/local_avoidance]: [local_avoidance] avoiding...  min_dist=0.50 m
[WARN] [1784545229.496] [/px4_ctrl_bridge]: [px4_bridge] AVOIDANCE ACTIVE -> forwarding /target_avoidance
[INFO] [1784545230.451] [/local_avoidance]: [local_avoidance] avoiding...  min_dist=0.53 m
[WARN] [1784545230.505] [/px4_ctrl_bridge]: [px4_bridge] AVOIDANCE ACTIVE -> forwarding /target_avoidance
[WARN] [1784545231.515] [/px4_ctrl_bridge]: [px4_bridge] AVOIDANCE ACTIVE -> forwarding /target_avoidance
[INFO] [1784545231.552] [/local_avoidance]: [local_avoidance] avoiding...  min_dist=0.53 m
[INFO] [1784545232.298] [/cloud_crop_bridge]: [CloudCrop] 3160 -> 620 pts (20%)
[WARN] [1784545232.525] [/px4_ctrl_bridge]: [px4_bridge] AVOIDANCE ACTIVE -> forwarding /target_avoidance
[INFO] [1784545232.651] [/local_avoidance]: [local_avoidance] avoiding...  min_dist=0.51 m
[WARN] [1784545233.525] [/px4_ctrl_bridge]: [px4_bridge] AVOIDANCE ACTIVE -> forwarding /target_avoidance
[INFO] [1784545233.751] [/local_avoidance]: [local_avoidance] avoiding...  min_dist=0.51 m
[WARN] [1784545233.971] [/exploration_node]: wait for trigger.
[WARN] [1784545234.525] [/px4_ctrl_bridge]: [px4_bridge] AVOIDANCE ACTIVE -> forwarding /target_avoidance
[INFO] [1784545234.800] [/local_avoidance]: [local_avoidance] avoiding...  min_dist=0.55 m
[INFO] [1784545234.900] [/mavros]: HP: requesting home position
[WARN] [1784545235.535] [/px4_ctrl_bridge]: [px4_bridge] AVOIDANCE ACTIVE -> forwarding /target_avoidance
[INFO] [1784545235.567] [/exploration_node]: [EV] [1784545235.567][    +77.7s][WAIT_TRIGGER] BATT 22.0V | voltage=22.48V percent=10% (repeated x5)
[INFO] [1784545235.802] [/local_avoidance]: [local_avoidance] avoiding...  min_dist=0.55 m
[WARN] [1784545236.545] [/px4_ctrl_bridge]: [px4_bridge] AVOIDANCE ACTIVE -> forwarding /target_avoidance
[INFO] [1784545236.902] [/local_avoidance]: [local_avoidance] avoiding...  min_dist=0.40 m
[INFO] [1784545237.298] [/cloud_crop_bridge]: [CloudCrop] 2688 -> 392 pts (15%)
[WARN] [1784545237.555] [/px4_ctrl_bridge]: [px4_bridge] AVOIDANCE ACTIVE -> forwarding /target_avoidance
[INFO] [1784545237.567] [/exploration_node]: [EV] [1784545237.566][    +79.7s][WAIT_TRIGGER] BATT 22.0V | voltage=22.49V percent=10%
[INFO] [1784545238.001] [/local_avoidance]: [local_avoidance] avoiding...  min_dist=0.53 m
[WARN] [1784545238.555] [/px4_ctrl_bridge]: [px4_bridge] AVOIDANCE ACTIVE -> forwarding /target_avoidance
[WARN] [1784545238.971] [/exploration_node]: wait for trigger.
[INFO] [1784545239.005] [/local_avoidance]: [local_avoidance] avoiding...  min_dist=0.54 m
[WARN] [1784545239.565] [/px4_ctrl_bridge]: [px4_bridge] AVOIDANCE ACTIVE -> forwarding /target_avoidance
[INFO] [1784545240.051] [/local_avoidance]: [local_avoidance] avoiding...  min_dist=0.52 m
[WARN] [1784545240.575] [/px4_ctrl_bridge]: [px4_bridge] AVOIDANCE ACTIVE -> forwarding /target_avoidance
[INFO] [1784545241.101] [/local_avoidance]: [local_avoidance] avoiding...  min_dist=0.55 m
[WARN] [1784545241.585] [/px4_ctrl_bridge]: [px4_bridge] AVOIDANCE ACTIVE -> forwarding /target_avoidance
[INFO] [1784545242.154] [/local_avoidance]: [local_avoidance] avoiding...  min_dist=0.54 m
[INFO] [1784545242.347] [/cloud_crop_bridge]: [CloudCrop] 2749 -> 474 pts (17%)
[WARN] [1784545242.585] [/px4_ctrl_bridge]: [px4_bridge] AVOIDANCE ACTIVE -> forwarding /target_avoidance
[INFO] [1784545243.252] [/local_avoidance]: [local_avoidance] avoiding...  min_dist=0.53 m
[WARN] [1784545243.595] [/px4_ctrl_bridge]: [px4_bridge] AVOIDANCE ACTIVE -> forwarding /target_avoidance
[WARN] [1784545243.981] [/exploration_node]: wait for trigger.
[INFO] [1784545244.351] [/local_avoidance]: [local_avoidance] avoiding...  min_dist=0.52 m
[WARN] [1784545244.609] [/px4_ctrl_bridge]: [px4_bridge] AVOIDANCE ACTIVE -> forwarding /target_avoidance
[INFO] [1784545244.900] [/mavros]: HP: requesting home position
[INFO] [1784545245.402] [/local_avoidance]: [local_avoidance] avoiding...  min_dist=0.54 m
[INFO] [1784545245.560] [/exploration_node]: [EV] [1784545245.560][    +87.7s][WAIT_TRIGGER] BATT 22.0V | voltage=22.48V percent=10% (repeated x3)
[WARN] [1784545245.615] [/px4_ctrl_bridge]: [px4_bridge] AVOIDANCE ACTIVE -> forwarding /target_avoidance
[INFO] [1784545246.505] [/local_avoidance]: [local_avoidance] avoiding...  min_dist=0.51 m
[WARN] [1784545246.615] [/px4_ctrl_bridge]: [px4_bridge] AVOIDANCE ACTIVE -> forwarding /target_avoidance
[INFO] [1784545247.410] [/cloud_crop_bridge]: [CloudCrop] 2785 -> 461 pts (17%)
[INFO] [1784545247.601] [/local_avoidance]: [local_avoidance] avoiding...  min_dist=0.53 m
[WARN] [1784545247.625] [/px4_ctrl_bridge]: [px4_bridge] AVOIDANCE ACTIVE -> forwarding /target_avoidance
[INFO] [1784545248.602] [/local_avoidance]: [local_avoidance] avoiding...  min_dist=0.54 m
[WARN] [1784545248.625] [/px4_ctrl_bridge]: [px4_bridge] AVOIDANCE ACTIVE -> forwarding /target_avoidance
[WARN] [1784545248.981] [/exploration_node]: wait for trigger.
[WARN] [1784545249.626] [/px4_ctrl_bridge]: [px4_bridge] AVOIDANCE ACTIVE -> forwarding /target_avoidance
[INFO] [1784545249.651] [/local_avoidance]: [local_avoidance] avoiding...  min_dist=0.53 m
[WARN] [1784545250.635] [/px4_ctrl_bridge]: [px4_bridge] AVOIDANCE ACTIVE -> forwarding /target_avoidance
[INFO] [1784545250.652] [/local_avoidance]: [local_avoidance] avoiding...  min_dist=0.56 m
[WARN] [1784545251.635] [/px4_ctrl_bridge]: [px4_bridge] AVOIDANCE ACTIVE -> forwarding /target_avoidance
[INFO] [1784545251.752] [/local_avoidance]: [local_avoidance] avoiding...  min_dist=0.54 m
[INFO] [1784545252.440] [/cloud_crop_bridge]: [CloudCrop] 2732 -> 485 pts (18%)
[WARN] [1784545252.635] [/px4_ctrl_bridge]: [px4_bridge] AVOIDANCE ACTIVE -> forwarding /target_avoidance
[INFO] [1784545252.850] [/local_avoidance]: [local_avoidance] avoiding...  min_dist=0.51 m
[INFO] [1784545253.556] [/exploration_node]: [EV] [1784545253.556][    +95.7s][WAIT_TRIGGER] BATT 22.0V | voltage=22.49V percent=10% (repeated x3)
[WARN] [1784545253.645] [/px4_ctrl_bridge]: [px4_bridge] AVOIDANCE ACTIVE -> forwarding /target_avoidance
[INFO] [1784545253.851] [/local_avoidance]: [local_avoidance] avoiding...  min_dist=0.52 m
[WARN] [1784545253.992] [/exploration_node]: wait for trigger.
[WARN] [1784545254.645] [/px4_ctrl_bridge]: [px4_bridge] AVOIDANCE ACTIVE -> forwarding /target_avoidance
[INFO] [1784545254.851] [/local_avoidance]: [local_avoidance] avoiding...  min_dist=0.54 m
[INFO] [1784545254.900] [/mavros]: HP: requesting home position
[WARN] [1784545255.655] [/px4_ctrl_bridge]: [px4_bridge] AVOIDANCE ACTIVE -> forwarding /target_avoidance
[INFO] [1784545255.902] [/local_avoidance]: [local_avoidance] avoiding...  min_dist=0.54 m
[WARN] [1784545256.665] [/px4_ctrl_bridge]: [px4_bridge] AVOIDANCE ACTIVE -> forwarding /target_avoidance
[INFO] [1784545257.001] [/local_avoidance]: [local_avoidance] avoiding...  min_dist=0.52 m
[INFO] [1784545257.441] [/cloud_crop_bridge]: [CloudCrop] 3129 -> 662 pts (21%)
[WARN] [1784545257.665] [/px4_ctrl_bridge]: [px4_bridge] AVOIDANCE ACTIVE -> forwarding /target_avoidance
[INFO] [1784545258.001] [/local_avoidance]: [local_avoidance] avoiding...  min_dist=0.53 m
[WARN] [1784545258.665] [/px4_ctrl_bridge]: [px4_bridge] AVOIDANCE ACTIVE -> forwarding /target_avoidance
[WARN] [1784545259.001] [/exploration_node]: wait for trigger.
[INFO] [1784545259.001] [/local_avoidance]: [local_avoidance] avoiding...  min_dist=0.54 m
[WARN] [1784545259.675] [/px4_ctrl_bridge]: [px4_bridge] AVOIDANCE ACTIVE -> forwarding /target_avoidance
[INFO] [1784545260.003] [/local_avoidance]: [local_avoidance] avoiding...  min_dist=0.53 m
[WARN] [1784545260.675] [/px4_ctrl_bridge]: [px4_bridge] AVOIDANCE ACTIVE -> forwarding /target_avoidance
[INFO] [1784545261.051] [/local_avoidance]: [local_avoidance] avoiding...  min_dist=0.53 m
[WARN] [1784545261.675] [/px4_ctrl_bridge]: [px4_bridge] AVOIDANCE ACTIVE -> forwarding /target_avoidance
[INFO] [1784545262.051] [/local_avoidance]: [local_avoidance] avoiding...  min_dist=0.53 m
[INFO] [1784545262.491] [/cloud_crop_bridge]: [CloudCrop] 3150 -> 671 pts (21%)
[WARN] [1784545262.685] [/px4_ctrl_bridge]: [px4_bridge] AVOIDANCE ACTIVE -> forwarding /target_avoidance
[INFO] [1784545263.052] [/local_avoidance]: [local_avoidance] avoiding...  min_dist=0.53 m
[WARN] [1784545263.685] [/px4_ctrl_bridge]: [px4_bridge] AVOIDANCE ACTIVE -> forwarding /target_avoidance
[WARN] [1784545264.002] [/exploration_node]: wait for trigger.
[INFO] [1784545264.053] [/local_avoidance]: [local_avoidance] avoiding...  min_dist=0.55 m
[WARN] [1784545264.685] [/px4_ctrl_bridge]: [px4_bridge] AVOIDANCE ACTIVE -> forwarding /target_avoidance
[INFO] [1784545264.900] [/mavros]: HP: requesting home position
[INFO] [1784545265.100] [/local_avoidance]: [local_avoidance] avoiding...  min_dist=0.54 m
[WARN] [1784545265.695] [/px4_ctrl_bridge]: [px4_bridge] AVOIDANCE ACTIVE -> forwarding /target_avoidance
[INFO] [1784545266.100] [/local_avoidance]: [local_avoidance] avoiding...  min_dist=0.53 m
[WARN] [1784545266.695] [/px4_ctrl_bridge]: [px4_bridge] AVOIDANCE ACTIVE -> forwarding /target_avoidance
[INFO] [1784545267.102] [/local_avoidance]: [local_avoidance] avoiding...  min_dist=0.54 m
[INFO] [1784545267.547] [/cloud_crop_bridge]: [CloudCrop] 3193 -> 615 pts (19%)
[WARN] [1784545267.705] [/px4_ctrl_bridge]: [px4_bridge] AVOIDANCE ACTIVE -> forwarding /target_avoidance
[INFO] [1784545268.201] [/local_avoidance]: [local_avoidance] avoiding...  min_dist=0.52 m
[WARN] [1784545268.705] [/px4_ctrl_bridge]: [px4_bridge] AVOIDANCE ACTIVE -> forwarding /target_avoidance
[WARN] [1784545269.005] [/exploration_node]: wait for trigger.
[INFO] [1784545269.201] [/local_avoidance]: [local_avoidance] avoiding...  min_dist=0.54 m
[WARN] [1784545269.705] [/px4_ctrl_bridge]: [px4_bridge] AVOIDANCE ACTIVE -> forwarding /target_avoidance
[INFO] [1784545270.205] [/local_avoidance]: [local_avoidance] avoiding...  min_dist=0.40 m
[WARN] [1784545270.708] [/px4_ctrl_bridge]: [px4_bridge] AVOIDANCE ACTIVE -> forwarding /target_avoidance
[INFO] [1784545271.251] [/local_avoidance]: [local_avoidance] avoiding...  min_dist=0.51 m
[WARN] [1784545271.715] [/px4_ctrl_bridge]: [px4_bridge] AVOIDANCE ACTIVE -> forwarding /target_avoidance
[INFO] [1784545272.252] [/local_avoidance]: [local_avoidance] avoiding...  min_dist=0.54 m
[INFO] [1784545272.591] [/cloud_crop_bridge]: [CloudCrop] 3299 -> 760 pts (23%)
[WARN] [1784545272.715] [/px4_ctrl_bridge]: [px4_bridge] AVOIDANCE ACTIVE -> forwarding /target_avoidance
[INFO] [1784545273.351] [/local_avoidance]: [local_avoidance] avoiding...  min_dist=0.51 m
[WARN] [1784545273.726] [/px4_ctrl_bridge]: [px4_bridge] AVOIDANCE ACTIVE -> forwarding /target_avoidance
[WARN] [1784545274.011] [/exploration_node]: wait for trigger.
[INFO] [1784545274.351] [/local_avoidance]: [local_avoidance] avoiding...  min_dist=0.53 m
[WARN] [1784545274.735] [/px4_ctrl_bridge]: [px4_bridge] AVOIDANCE ACTIVE -> forwarding /target_avoidance
[INFO] [1784545274.900] [/mavros]: HP: requesting home position
[INFO] [1784545275.402] [/local_avoidance]: [local_avoidance] avoiding...  min_dist=0.53 m
[INFO] [1784545275.540] [/exploration_node]: [EV] [1784545275.540][   +117.7s][WAIT_TRIGGER] BATT 22.0V | voltage=22.48V percent=10% (repeated x10)
[WARN] [1784545275.735] [/px4_ctrl_bridge]: [px4_bridge] AVOIDANCE ACTIVE -> forwarding /target_avoidance
[INFO] [1784545276.500] [/local_avoidance]: [local_avoidance] avoiding...  min_dist=0.54 m
[WARN] [1784545276.735] [/px4_ctrl_bridge]: [px4_bridge] AVOIDANCE ACTIVE -> forwarding /target_avoidance
[INFO] [1784545277.501] [/local_avoidance]: [local_avoidance] avoiding...  min_dist=0.51 m
[INFO] [1784545277.545] [/exploration_node]: [EV] [1784545277.545][   +119.7s][WAIT_TRIGGER] BATT 22.0V | voltage=22.49V percent=10%
[INFO] [1784545277.593] [/cloud_crop_bridge]: [CloudCrop] 2673 -> 484 pts (18%)
[WARN] [1784545277.745] [/px4_ctrl_bridge]: [px4_bridge] AVOIDANCE ACTIVE -> forwarding /target_avoidance
[INFO] [1784545278.601] [/local_avoidance]: [local_avoidance] avoiding...  min_dist=0.56 m
[WARN] [1784545278.756] [/px4_ctrl_bridge]: [px4_bridge] AVOIDANCE ACTIVE -> forwarding /target_avoidance
[WARN] [1784545279.021] [/exploration_node]: wait for trigger.
[INFO] [1784545279.602] [/local_avoidance]: [local_avoidance] avoiding...  min_dist=0.51 m
[WARN] [1784545279.765] [/px4_ctrl_bridge]: [px4_bridge] AVOIDANCE ACTIVE -> forwarding /target_avoidance
[INFO] [1784545280.652] [/local_avoidance]: [local_avoidance] avoiding...  min_dist=0.59 m
[WARN] [1784545280.767] [/px4_ctrl_bridge]: [px4_bridge] AVOIDANCE ACTIVE -> forwarding /target_avoidance
[INFO] [1784545281.537] [/exploration_node]: [EV] [1784545281.537][   +123.7s][WAIT_TRIGGER] BATT 22.0V | voltage=22.48V percent=10% (repeated x1)
[INFO] [1784545281.750] [/local_avoidance]: [local_avoidance] avoiding...  min_dist=0.54 m
[WARN] [1784545281.775] [/px4_ctrl_bridge]: [px4_bridge] AVOIDANCE ACTIVE -> forwarding /target_avoidance
[INFO] [1784545282.640] [/cloud_crop_bridge]: [CloudCrop] 2476 -> 378 pts (15%)
[INFO] [1784545282.752] [/local_avoidance]: [local_avoidance] avoiding...  min_dist=0.54 m
[WARN] [1784545282.785] [/px4_ctrl_bridge]: [px4_bridge] AVOIDANCE ACTIVE -> forwarding /target_avoidance
[INFO] [1784545283.536] [/exploration_node]: [EV] [1784545283.536][   +125.7s][WAIT_TRIGGER] BATT 22.0V | voltage=22.49V percent=10%
[WARN] [1784545283.795] [/px4_ctrl_bridge]: [px4_bridge] AVOIDANCE ACTIVE -> forwarding /target_avoidance
[INFO] [1784545283.851] [/local_avoidance]: [local_avoidance] avoiding...  min_dist=0.50 m
[WARN] [1784545284.031] [/exploration_node]: wait for trigger.
[WARN] [1784545284.805] [/px4_ctrl_bridge]: [px4_bridge] AVOIDANCE ACTIVE -> forwarding /target_avoidance
[INFO] [1784545284.851] [/local_avoidance]: [local_avoidance] avoiding...  min_dist=0.54 m
[INFO] [1784545284.900] [/mavros]: HP: requesting home position
[INFO] [1784545285.534] [/exploration_node]: [EV] [1784545285.534][   +127.7s][WAIT_TRIGGER] BATT 22.0V | voltage=22.48V percent=10%
[WARN] [1784545285.805] [/px4_ctrl_bridge]: [px4_bridge] AVOIDANCE ACTIVE -> forwarding /target_avoidance
[INFO] [1784545285.901] [/local_avoidance]: [local_avoidance] avoiding...  min_dist=0.56 m
[WARN] [1784545286.805] [/px4_ctrl_bridge]: [px4_bridge] AVOIDANCE ACTIVE -> forwarding /target_avoidance
[INFO] [1784545287.003] [/local_avoidance]: [local_avoidance] avoiding...  min_dist=0.53 m
[INFO] [1784545287.534] [/exploration_node]: [EV] [1784545287.534][   +129.7s][WAIT_TRIGGER] BATT 22.0V | voltage=22.49V percent=10%
[INFO] [1784545287.642] [/cloud_crop_bridge]: [CloudCrop] 3294 -> 722 pts (22%)
[WARN] [1784545287.816] [/px4_ctrl_bridge]: [px4_bridge] AVOIDANCE ACTIVE -> forwarding /target_avoidance
[INFO] [1784545288.101] [/local_avoidance]: [local_avoidance] avoiding...  min_dist=0.52 m
[WARN] [1784545288.825] [/px4_ctrl_bridge]: [px4_bridge] AVOIDANCE ACTIVE -> forwarding /target_avoidance
[WARN] [1784545289.031] [/exploration_node]: wait for trigger.
[INFO] [1784545289.101] [/local_avoidance]: [local_avoidance] avoiding...  min_dist=0.54 m
[INFO] [1784545289.533] [/exploration_node]: [EV] [1784545289.533][   +131.7s][WAIT_TRIGGER] BATT 22.0V | voltage=22.48V percent=10%
[WARN] [1784545289.838] [/px4_ctrl_bridge]: [px4_bridge] AVOIDANCE ACTIVE -> forwarding /target_avoidance
[INFO] [1784545290.103] [/local_avoidance]: [local_avoidance] avoiding...  min_dist=0.52 m
[WARN] [1784545290.845] [/px4_ctrl_bridge]: [px4_bridge] AVOIDANCE ACTIVE -> forwarding /target_avoidance
[INFO] [1784545291.151] [/local_avoidance]: [local_avoidance] avoiding...  min_dist=0.55 m
[WARN] [1784545291.855] [/px4_ctrl_bridge]: [px4_bridge] AVOIDANCE ACTIVE -> forwarding /target_avoidance
[INFO] [1784545292.251] [/local_avoidance]: [local_avoidance] avoiding...  min_dist=0.51 m
[INFO] [1784545292.642] [/cloud_crop_bridge]: [CloudCrop] 2779 -> 462 pts (17%)
[WARN] [1784545292.855] [/px4_ctrl_bridge]: [px4_bridge] AVOIDANCE ACTIVE -> forwarding /target_avoidance
[INFO] [1784545293.251] [/local_avoidance]: [local_avoidance] avoiding...  min_dist=0.49 m
[INFO] [1784545293.529] [/exploration_node]: [EV] [1784545293.529][   +135.7s][WAIT_TRIGGER] BATT 22.0V | voltage=22.49V percent=10% (repeated x1)
[WARN] [1784545293.865] [/px4_ctrl_bridge]: [px4_bridge] AVOIDANCE ACTIVE -> forwarding /target_avoidance
[WARN] [1784545294.031] [/exploration_node]: wait for trigger.
[INFO] [1784545294.252] [/local_avoidance]: [local_avoidance] avoiding...  min_dist=0.52 m
[WARN] [1784545294.865] [/px4_ctrl_bridge]: [px4_bridge] AVOIDANCE ACTIVE -> forwarding /target_avoidance
[INFO] [1784545294.900] [/mavros]: HP: requesting home position
[INFO] [1784545295.302] [/local_avoidance]: [local_avoidance] avoiding...  min_dist=0.56 m
[WARN] [1784545295.875] [/px4_ctrl_bridge]: [px4_bridge] AVOIDANCE ACTIVE -> forwarding /target_avoidance
[INFO] [1784545296.352] [/local_avoidance]: [local_avoidance] avoiding...  min_dist=0.57 m
[WARN] [1784545296.887] [/px4_ctrl_bridge]: [px4_bridge] AVOIDANCE ACTIVE -> forwarding /target_avoidance
[INFO] [1784545297.405] [/local_avoidance]: [local_avoidance] avoiding...  min_dist=0.56 m
[INFO] [1784545297.649] [/cloud_crop_bridge]: [CloudCrop] 3178 -> 695 pts (22%)
[WARN] [1784545297.895] [/px4_ctrl_bridge]: [px4_bridge] AVOIDANCE ACTIVE -> forwarding /target_avoidance
[INFO] [1784545298.501] [/local_avoidance]: [local_avoidance] avoiding...  min_dist=0.54 m
[WARN] [1784545298.896] [/px4_ctrl_bridge]: [px4_bridge] AVOIDANCE ACTIVE -> forwarding /target_avoidance
[WARN] [1784545299.041] [/exploration_node]: wait for trigger.
[INFO] [1784545299.503] [/local_avoidance]: [local_avoidance] avoiding...  min_dist=0.52 m
[INFO] [1784545299.526] [/exploration_node]: [EV] [1784545299.526][   +141.7s][WAIT_TRIGGER] BATT 22.0V | voltage=22.48V percent=10% (repeated x2)
[WARN] [1784545299.905] [/px4_ctrl_bridge]: [px4_bridge] AVOIDANCE ACTIVE -> forwarding /target_avoidance
[INFO] [1784545300.551] [/local_avoidance]: [local_avoidance] avoiding...  min_dist=0.56 m
[WARN] [1784545300.915] [/px4_ctrl_bridge]: [px4_bridge] AVOIDANCE ACTIVE -> forwarding /target_avoidance
[INFO] [1784545301.652] [/local_avoidance]: [local_avoidance] avoiding...  min_dist=0.50 m
[WARN] [1784545301.915] [/px4_ctrl_bridge]: [px4_bridge] AVOIDANCE ACTIVE -> forwarding /target_avoidance
[INFO] [1784545302.652] [/local_avoidance]: [local_avoidance] avoiding...  min_dist=0.50 m
[INFO] [1784545302.692] [/cloud_crop_bridge]: [CloudCrop] 3131 -> 693 pts (22%)
[WARN] [1784545302.925] [/px4_ctrl_bridge]: [px4_bridge] AVOIDANCE ACTIVE -> forwarding /target_avoidance
[INFO] [1784545303.523] [/exploration_node]: [EV] [1784545303.523][   +145.7s][WAIT_TRIGGER] BATT 22.0V | voltage=22.49V percent=10% (repeated x1)
[INFO] [1784545303.654] [/local_avoidance]: [local_avoidance] avoiding...  min_dist=0.53 m
[WARN] [1784545303.925] [/px4_ctrl_bridge]: [px4_bridge] AVOIDANCE ACTIVE -> forwarding /target_avoidance
[WARN] [1784545304.045] [/exploration_node]: wait for trigger.
[INFO] [1784545304.701] [/local_avoidance]: [local_avoidance] avoiding...  min_dist=0.56 m
[INFO] [1784545304.900] [/mavros]: HP: requesting home position
[WARN] [1784545304.935] [/px4_ctrl_bridge]: [px4_bridge] AVOIDANCE ACTIVE -> forwarding /target_avoidance
[INFO] [1784545305.522] [/exploration_node]: [EV] [1784545305.522][   +147.7s][WAIT_TRIGGER] BATT 22.0V | voltage=22.48V percent=10%
[INFO] [1784545305.753] [/local_avoidance]: [local_avoidance] avoiding...  min_dist=0.53 m
[WARN] [1784545305.947] [/px4_ctrl_bridge]: [px4_bridge] AVOIDANCE ACTIVE -> forwarding /target_avoidance
[INFO] [1784545306.802] [/local_avoidance]: [local_avoidance] avoiding...  min_dist=0.56 m
[WARN] [1784545306.955] [/px4_ctrl_bridge]: [px4_bridge] AVOIDANCE ACTIVE -> forwarding /target_avoidance
[INFO] [1784545307.748] [/cloud_crop_bridge]: [CloudCrop] 3178 -> 614 pts (19%)
[INFO] [1784545307.803] [/local_avoidance]: [local_avoidance] avoiding...  min_dist=0.52 m
[WARN] [1784545307.955] [/px4_ctrl_bridge]: [px4_bridge] AVOIDANCE ACTIVE -> forwarding /target_avoidance
[INFO] [1784545308.901] [/local_avoidance]: [local_avoidance] avoiding...  min_dist=0.52 m
[WARN] [1784545308.955] [/px4_ctrl_bridge]: [px4_bridge] AVOIDANCE ACTIVE -> forwarding /target_avoidance
[WARN] [1784545309.051] [/exploration_node]: wait for trigger.
[INFO] [1784545309.905] [/local_avoidance]: [local_avoidance] avoiding...  min_dist=0.55 m
[WARN] [1784545309.965] [/px4_ctrl_bridge]: [px4_bridge] AVOIDANCE ACTIVE -> forwarding /target_avoidance
[INFO] [1784545310.951] [/local_avoidance]: [local_avoidance] avoiding...  min_dist=0.51 m
[WARN] [1784545310.965] [/px4_ctrl_bridge]: [px4_bridge] AVOIDANCE ACTIVE -> forwarding /target_avoidance
[WARN] [1784545311.965] [/px4_ctrl_bridge]: [px4_bridge] AVOIDANCE ACTIVE -> forwarding /target_avoidance
[INFO] [1784545312.051] [/local_avoidance]: [local_avoidance] avoiding...  min_dist=0.51 m
[INFO] [1784545312.791] [/cloud_crop_bridge]: [CloudCrop] 3128 -> 710 pts (23%)
[WARN] [1784545312.965] [/px4_ctrl_bridge]: [px4_bridge] AVOIDANCE ACTIVE -> forwarding /target_avoidance
[INFO] [1784545313.051] [/local_avoidance]: [local_avoidance] avoiding...  min_dist=0.54 m
[WARN] [1784545313.975] [/px4_ctrl_bridge]: [px4_bridge] AVOIDANCE ACTIVE -> forwarding /target_avoidance
[INFO] [1784545314.051] [/local_avoidance]: [local_avoidance] avoiding...  min_dist=0.54 m
[WARN] [1784545314.061] [/exploration_node]: wait for trigger.
[INFO] [1784545314.900] [/mavros]: HP: requesting home position
[WARN] [1784545314.975] [/px4_ctrl_bridge]: [px4_bridge] AVOIDANCE ACTIVE -> forwarding /target_avoidance
[INFO] [1784545315.051] [/local_avoidance]: [local_avoidance] avoiding...  min_dist=0.52 m
[WARN] [1784545315.975] [/px4_ctrl_bridge]: [px4_bridge] AVOIDANCE ACTIVE -> forwarding /target_avoidance
[INFO] [1784545316.103] [/local_avoidance]: [local_avoidance] avoiding...  min_dist=0.52 m
[WARN] [1784545316.985] [/px4_ctrl_bridge]: [px4_bridge] AVOIDANCE ACTIVE -> forwarding /target_avoidance
[INFO] [1784545317.202] [/local_avoidance]: [local_avoidance] avoiding...  min_dist=0.50 m
[INFO] [1784545317.514] [/exploration_node]: [EV] [1784545317.514][   +159.7s][WAIT_TRIGGER] BATT 22.0V | voltage=22.48V percent=9% (repeated x5)
[INFO] [1784545317.792] [/cloud_crop_bridge]: [CloudCrop] 2732 -> 460 pts (17%)
[WARN] [1784545317.985] [/px4_ctrl_bridge]: [px4_bridge] AVOIDANCE ACTIVE -> forwarding /target_avoidance
[INFO] [1784545318.301] [/local_avoidance]: [local_avoidance] avoiding...  min_dist=0.51 m
[WARN] [1784545318.997] [/px4_ctrl_bridge]: [px4_bridge] AVOIDANCE ACTIVE -> forwarding /target_avoidance
[WARN] [1784545319.071] [/exploration_node]: wait for trigger.
[INFO] [1784545319.303] [/local_avoidance]: [local_avoidance] avoiding...  min_dist=0.49 m
[WARN] [1784545320.005] [/px4_ctrl_bridge]: [px4_bridge] AVOIDANCE ACTIVE -> forwarding /target_avoidance
[INFO] [1784545320.303] [/local_avoidance]: [local_avoidance] avoiding...  min_dist=0.51 m
[WARN] [1784545321.015] [/px4_ctrl_bridge]: [px4_bridge] AVOIDANCE ACTIVE -> forwarding /target_avoidance
[INFO] [1784545321.351] [/local_avoidance]: [local_avoidance] avoiding...  min_dist=0.52 m
[WARN] [1784545322.025] [/px4_ctrl_bridge]: [px4_bridge] AVOIDANCE ACTIVE -> forwarding /target_avoidance
[INFO] [1784545322.352] [/local_avoidance]: [local_avoidance] avoiding...  min_dist=0.53 m
[INFO] [1784545322.793] [/cloud_crop_bridge]: [CloudCrop] 3157 -> 674 pts (21%)
[WARN] [1784545323.035] [/px4_ctrl_bridge]: [px4_bridge] AVOIDANCE ACTIVE -> forwarding /target_avoidance
[INFO] [1784545323.353] [/local_avoidance]: [local_avoidance] avoiding...  min_dist=0.51 m
[WARN] [1784545324.035] [/px4_ctrl_bridge]: [px4_bridge] AVOIDANCE ACTIVE -> forwarding /target_avoidance
[WARN] [1784545324.071] [/exploration_node]: wait for trigger.
[INFO] [1784545324.401] [/local_avoidance]: [local_avoidance] avoiding...  min_dist=0.53 m
[INFO] [1784545324.900] [/mavros]: HP: requesting home position
[WARN] [1784545325.045] [/px4_ctrl_bridge]: [px4_bridge] AVOIDANCE ACTIVE -> forwarding /target_avoidance
[INFO] [1784545325.451] [/local_avoidance]: [local_avoidance] avoiding...  min_dist=0.52 m
[WARN] [1784545326.055] [/px4_ctrl_bridge]: [px4_bridge] AVOIDANCE ACTIVE -> forwarding /target_avoidance
[INFO] [1784545326.500] [/local_avoidance]: [local_avoidance] avoiding...  min_dist=0.54 m
[WARN] [1784545327.055] [/px4_ctrl_bridge]: [px4_bridge] AVOIDANCE ACTIVE -> forwarding /target_avoidance
[INFO] [1784545327.501] [/local_avoidance]: [local_avoidance] avoiding...  min_dist=0.53 m
[INFO] [1784545327.846] [/cloud_crop_bridge]: [CloudCrop] 3150 -> 612 pts (19%)
[WARN] [1784545328.065] [/px4_ctrl_bridge]: [px4_bridge] AVOIDANCE ACTIVE -> forwarding /target_avoidance
[INFO] [1784545328.601] [/local_avoidance]: [local_avoidance] avoiding...  min_dist=0.54 m
[WARN] [1784545329.065] [/px4_ctrl_bridge]: [px4_bridge] AVOIDANCE ACTIVE -> forwarding /target_avoidance
[WARN] [1784545329.082] [/exploration_node]: wait for trigger.
[INFO] [1784545329.507] [/exploration_node]: [EV] [1784545329.507][   +171.7s][WAIT_TRIGGER] BATT 22.0V | voltage=22.47V percent=9% (repeated x5)
[INFO] [1784545329.653] [/local_avoidance]: [local_avoidance] avoiding...  min_dist=0.58 m
[WARN] [1784545330.075] [/px4_ctrl_bridge]: [px4_bridge] AVOIDANCE ACTIVE -> forwarding /target_avoidance
[INFO] [1784545330.701] [/local_avoidance]: [local_avoidance] avoiding...  min_dist=0.54 m
[WARN] [1784545331.075] [/px4_ctrl_bridge]: [px4_bridge] AVOIDANCE ACTIVE -> forwarding /target_avoidance
[INFO] [1784545331.505] [/exploration_node]: [EV] [1784545331.505][   +173.7s][WAIT_TRIGGER] BATT 22.0V | voltage=22.48V percent=9%
[INFO] [1784545331.756] [/local_avoidance]: [local_avoidance] avoiding...  min_dist=0.53 m
[WARN] [1784545332.085] [/px4_ctrl_bridge]: [px4_bridge] AVOIDANCE ACTIVE -> forwarding /target_avoidance
[INFO] [1784545332.852] [/local_avoidance]: [local_avoidance] avoiding...  min_dist=0.55 m
[INFO] [1784545332.894] [/cloud_crop_bridge]: [CloudCrop] 3174 -> 729 pts (23%)
[WARN] [1784545333.095] [/px4_ctrl_bridge]: [px4_bridge] AVOIDANCE ACTIVE -> forwarding /target_avoidance
[INFO] [1784545333.503] [/exploration_node]: [EV] [1784545333.503][   +175.7s][WAIT_TRIGGER] BATT 22.0V | voltage=22.48V percent=10%
[INFO] [1784545333.852] [/local_avoidance]: [local_avoidance] avoiding...  min_dist=0.52 m
[WARN] [1784545334.094] [/exploration_node]: wait for trigger.
[WARN] [1784545334.095] [/px4_ctrl_bridge]: [px4_bridge] AVOIDANCE ACTIVE -> forwarding /target_avoidance
[INFO] [1784545334.900] [/mavros]: HP: requesting home position
[INFO] [1784545334.902] [/local_avoidance]: [local_avoidance] avoiding...  min_dist=0.59 m
[WARN] [1784545335.106] [/px4_ctrl_bridge]: [px4_bridge] AVOIDANCE ACTIVE -> forwarding /target_avoidance
[INFO] [1784545335.502] [/exploration_node]: [EV] [1784545335.502][   +177.7s][WAIT_TRIGGER] BATT 22.0V | voltage=22.48V percent=9%
[INFO] [1784545335.903] [/local_avoidance]: [local_avoidance] avoiding...  min_dist=0.54 m
[WARN] [1784545336.115] [/px4_ctrl_bridge]: [px4_bridge] AVOIDANCE ACTIVE -> forwarding /target_avoidance
[INFO] [1784545337.001] [/local_avoidance]: [local_avoidance] avoiding...  min_dist=0.52 m
[WARN] [1784545337.115] [/px4_ctrl_bridge]: [px4_bridge] AVOIDANCE ACTIVE -> forwarding /target_avoidance
[INFO] [1784545337.943] [/cloud_crop_bridge]: [CloudCrop] 3103 -> 585 pts (19%)
[INFO] [1784545338.101] [/local_avoidance]: [local_avoidance] avoiding...  min_dist=0.55 m
[WARN] [1784545338.125] [/px4_ctrl_bridge]: [px4_bridge] AVOIDANCE ACTIVE -> forwarding /target_avoidance
[WARN] [1784545339.101] [/exploration_node]: wait for trigger.
[INFO] [1784545339.101] [/local_avoidance]: [local_avoidance] avoiding...  min_dist=0.52 m
[WARN] [1784545339.135] [/px4_ctrl_bridge]: [px4_bridge] AVOIDANCE ACTIVE -> forwarding /target_avoidance
[INFO] [1784545339.502] [/exploration_node]: [EV] [1784545339.502][   +181.7s][WAIT_TRIGGER] BATT 22.0V | voltage=22.47V percent=9% (repeated x1)
[WARN] [1784545340.145] [/px4_ctrl_bridge]: [px4_bridge] AVOIDANCE ACTIVE -> forwarding /target_avoidance
[INFO] [1784545340.153] [/local_avoidance]: [local_avoidance] avoiding...  min_dist=0.54 m
[WARN] [1784545341.149] [/px4_ctrl_bridge]: [px4_bridge] AVOIDANCE ACTIVE -> forwarding /target_avoidance
[INFO] [1784545341.201] [/local_avoidance]: [local_avoidance] avoiding...  min_dist=0.55 m
[WARN] [1784545342.155] [/px4_ctrl_bridge]: [px4_bridge] AVOIDANCE ACTIVE -> forwarding /target_avoidance
[INFO] [1784545342.252] [/local_avoidance]: [local_avoidance] avoiding...  min_dist=0.54 m
[INFO] [1784545342.992] [/cloud_crop_bridge]: [CloudCrop] 3182 -> 754 pts (24%)
[WARN] [1784545343.168] [/px4_ctrl_bridge]: [px4_bridge] AVOIDANCE ACTIVE -> forwarding /target_avoidance
[INFO] [1784545343.252] [/local_avoidance]: [local_avoidance] avoiding...  min_dist=0.52 m
[WARN] [1784545344.101] [/exploration_node]: wait for trigger.
[WARN] [1784545344.175] [/px4_ctrl_bridge]: [px4_bridge] AVOIDANCE ACTIVE -> forwarding /target_avoidance
[INFO] [1784545344.253] [/local_avoidance]: [local_avoidance] avoiding...  min_dist=0.53 m
[INFO] [1784545344.900] [/mavros]: HP: requesting home position
[WARN] [1784545345.186] [/px4_ctrl_bridge]: [px4_bridge] AVOIDANCE ACTIVE -> forwarding /target_avoidance
[INFO] [1784545345.303] [/local_avoidance]: [local_avoidance] avoiding...  min_dist=0.53 m
[WARN] [1784545346.195] [/px4_ctrl_bridge]: [px4_bridge] AVOIDANCE ACTIVE -> forwarding /target_avoidance
[INFO] [1784545346.351] [/local_avoidance]: [local_avoidance] avoiding...  min_dist=0.54 m
[WARN] [1784545347.196] [/px4_ctrl_bridge]: [px4_bridge] AVOIDANCE ACTIVE -> forwarding /target_avoidance
[INFO] [1784545347.402] [/local_avoidance]: [local_avoidance] avoiding...  min_dist=0.53 m
[INFO] [1784545348.043] [/cloud_crop_bridge]: [CloudCrop] 3162 -> 611 pts (19%)
[WARN] [1784545348.205] [/px4_ctrl_bridge]: [px4_bridge] AVOIDANCE ACTIVE -> forwarding /target_avoidance
[INFO] [1784545348.501] [/local_avoidance]: [local_avoidance] avoiding...  min_dist=0.51 m
[WARN] [1784545349.111] [/exploration_node]: wait for trigger.
[WARN] [1784545349.205] [/px4_ctrl_bridge]: [px4_bridge] AVOIDANCE ACTIVE -> forwarding /target_avoidance
[INFO] [1784545349.551] [/local_avoidance]: [local_avoidance] avoiding...  min_dist=0.55 m
[WARN] [1784545350.205] [/px4_ctrl_bridge]: [px4_bridge] AVOIDANCE ACTIVE -> forwarding /target_avoidance
[INFO] [1784545350.551] [/local_avoidance]: [local_avoidance] avoiding...  min_dist=0.53 m
[WARN] [1784545351.215] [/px4_ctrl_bridge]: [px4_bridge] AVOIDANCE ACTIVE -> forwarding /target_avoidance
[INFO] [1784545351.552] [/local_avoidance]: [local_avoidance] avoiding...  min_dist=0.53 m
[WARN] [1784545352.215] [/px4_ctrl_bridge]: [px4_bridge] AVOIDANCE ACTIVE -> forwarding /target_avoidance
[INFO] [1784545352.651] [/local_avoidance]: [local_avoidance] avoiding...  min_dist=0.54 m
[INFO] [1784545353.099] [/cloud_crop_bridge]: [CloudCrop] 3170 -> 666 pts (21%)
[WARN] [1784545353.225] [/px4_ctrl_bridge]: [px4_bridge] AVOIDANCE ACTIVE -> forwarding /target_avoidance
[INFO] [1784545353.653] [/local_avoidance]: [local_avoidance] avoiding...  min_dist=0.51 m
[WARN] [1784545354.111] [/exploration_node]: wait for trigger.
[WARN] [1784545354.225] [/px4_ctrl_bridge]: [px4_bridge] AVOIDANCE ACTIVE -> forwarding /target_avoidance
[INFO] [1784545354.701] [/local_avoidance]: [local_avoidance] avoiding...  min_dist=0.54 m
[INFO] [1784545354.900] [/mavros]: HP: requesting home position
[WARN] [1784545355.235] [/px4_ctrl_bridge]: [px4_bridge] AVOIDANCE ACTIVE -> forwarding /target_avoidance
[INFO] [1784545355.702] [/local_avoidance]: [local_avoidance] avoiding...  min_dist=0.57 m
[WARN] [1784545356.245] [/px4_ctrl_bridge]: [px4_bridge] AVOIDANCE ACTIVE -> forwarding /target_avoidance
[INFO] [1784545356.803] [/local_avoidance]: [local_avoidance] avoiding...  min_dist=0.53 m
[WARN] [1784545357.245] [/px4_ctrl_bridge]: [px4_bridge] AVOIDANCE ACTIVE -> forwarding /target_avoidance
[INFO] [1784545357.900] [/local_avoidance]: [local_avoidance] avoiding...  min_dist=0.51 m
[INFO] [1784545358.141] [/cloud_crop_bridge]: [CloudCrop] 3197 -> 714 pts (22%)
[WARN] [1784545358.245] [/px4_ctrl_bridge]: [px4_bridge] AVOIDANCE ACTIVE -> forwarding /target_avoidance
[INFO] [1784545358.901] [/local_avoidance]: [local_avoidance] avoiding...  min_dist=0.53 m
[WARN] [1784545359.111] [/exploration_node]: wait for trigger.
[WARN] [1784545359.255] [/px4_ctrl_bridge]: [px4_bridge] AVOIDANCE ACTIVE -> forwarding /target_avoidance
[INFO] [1784545359.951] [/local_avoidance]: [local_avoidance] avoiding...  min_dist=0.52 m
[WARN] [1784545360.255] [/px4_ctrl_bridge]: [px4_bridge] AVOIDANCE ACTIVE -> forwarding /target_avoidance
[INFO] [1784545360.951] [/local_avoidance]: [local_avoidance] avoiding...  min_dist=0.50 m
[WARN] [1784545361.265] [/px4_ctrl_bridge]: [px4_bridge] AVOIDANCE ACTIVE -> forwarding /target_avoidance
[INFO] [1784545361.487] [/exploration_node]: [EV] [1784545361.486][   +203.6s][WAIT_TRIGGER] BATT 22.0V | voltage=22.46V percent=9% (repeated x10)
[INFO] [1784545362.050] [/local_avoidance]: [local_avoidance] avoiding...  min_dist=0.51 m
[WARN] [1784545362.265] [/px4_ctrl_bridge]: [px4_bridge] AVOIDANCE ACTIVE -> forwarding /target_avoidance
[INFO] [1784545363.051] [/local_avoidance]: [local_avoidance] avoiding...  min_dist=0.53 m
[INFO] [1784545363.147] [/cloud_crop_bridge]: [CloudCrop] 2588 -> 317 pts (12%)
[WARN] [1784545363.275] [/px4_ctrl_bridge]: [px4_bridge] AVOIDANCE ACTIVE -> forwarding /target_avoidance
[INFO] [1784545364.051] [/local_avoidance]: [local_avoidance] avoiding...  min_dist=0.55 m
[WARN] [1784545364.121] [/exploration_node]: wait for trigger.
[WARN] [1784545364.285] [/px4_ctrl_bridge]: [px4_bridge] AVOIDANCE ACTIVE -> forwarding /target_avoidance
[INFO] [1784545364.900] [/mavros]: HP: requesting home position
[INFO] [1784545365.052] [/local_avoidance]: [local_avoidance] avoiding...  min_dist=0.56 m
[WARN] [1784545365.295] [/px4_ctrl_bridge]: [px4_bridge] AVOIDANCE ACTIVE -> forwarding /target_avoidance
[INFO] [1784545366.102] [/local_avoidance]: [local_avoidance] avoiding...  min_dist=0.49 m
[WARN] [1784545366.295] [/px4_ctrl_bridge]: [px4_bridge] AVOIDANCE ACTIVE -> forwarding /target_avoidance
[INFO] [1784545367.201] [/local_avoidance]: [local_avoidance] avoiding...  min_dist=0.53 m
[WARN] [1784545367.305] [/px4_ctrl_bridge]: [px4_bridge] AVOIDANCE ACTIVE -> forwarding /target_avoidance
[INFO] [1784545368.199] [/cloud_crop_bridge]: [CloudCrop] 2721 -> 451 pts (17%)
[INFO] [1784545368.203] [/local_avoidance]: [local_avoidance] avoiding...  min_dist=0.52 m
[WARN] [1784545368.315] [/px4_ctrl_bridge]: [px4_bridge] AVOIDANCE ACTIVE -> forwarding /target_avoidance
[WARN] [1784545369.123] [/exploration_node]: wait for trigger.
[INFO] [1784545369.302] [/local_avoidance]: [local_avoidance] avoiding...  min_dist=0.52 m
[WARN] [1784545369.325] [/px4_ctrl_bridge]: [px4_bridge] AVOIDANCE ACTIVE -> forwarding /target_avoidance
[INFO] [1784545370.302] [/local_avoidance]: [local_avoidance] avoiding...  min_dist=0.53 m
[WARN] [1784545370.327] [/px4_ctrl_bridge]: [px4_bridge] AVOIDANCE ACTIVE -> forwarding /target_avoidance
[WARN] [1784545371.335] [/px4_ctrl_bridge]: [px4_bridge] AVOIDANCE ACTIVE -> forwarding /target_avoidance
[INFO] [1784545371.354] [/local_avoidance]: [local_avoidance] avoiding...  min_dist=0.52 m
[WARN] [1784545372.345] [/px4_ctrl_bridge]: [px4_bridge] AVOIDANCE ACTIVE -> forwarding /target_avoidance
[INFO] [1784545372.452] [/local_avoidance]: [local_avoidance] avoiding...  min_dist=0.51 m
[INFO] [1784545373.243] [/cloud_crop_bridge]: [CloudCrop] 2676 -> 479 pts (18%)
[WARN] [1784545373.345] [/px4_ctrl_bridge]: [px4_bridge] AVOIDANCE ACTIVE -> forwarding /target_avoidance
[INFO] [1784545373.551] [/local_avoidance]: [local_avoidance] avoiding...  min_dist=0.54 m
[WARN] [1784545374.132] [/exploration_node]: wait for trigger.
[WARN] [1784545374.345] [/px4_ctrl_bridge]: [px4_bridge] AVOIDANCE ACTIVE -> forwarding /target_avoidance
[INFO] [1784545374.553] [/local_avoidance]: [local_avoidance] avoiding...  min_dist=0.53 m
[INFO] [1784545374.902] [/mavros]: HP: requesting home position
[WARN] [1784545375.345] [/px4_ctrl_bridge]: [px4_bridge] AVOIDANCE ACTIVE -> forwarding /target_avoidance
[INFO] [1784545375.477] [/exploration_node]: [EV] [1784545375.477][   +217.6s][WAIT_TRIGGER] BATT 22.0V | voltage=22.45V percent=8% (repeated x6)
[INFO] [1784545375.601] [/local_avoidance]: [local_avoidance] avoiding...  min_dist=0.56 m
[WARN] [1784545376.356] [/px4_ctrl_bridge]: [px4_bridge] AVOIDANCE ACTIVE -> forwarding /target_avoidance
[INFO] [1784545376.601] [/local_avoidance]: [local_avoidance] avoiding...  min_dist=0.52 m
[WARN] [1784545377.356] [/px4_ctrl_bridge]: [px4_bridge] AVOIDANCE ACTIVE -> forwarding /target_avoidance
[INFO] [1784545377.476] [/exploration_node]: [EV] [1784545377.476][   +219.6s][WAIT_TRIGGER] BATT 22.0V | voltage=22.46V percent=9%
[INFO] [1784545377.603] [/local_avoidance]: [local_avoidance] avoiding...  min_dist=0.51 m
[INFO] [1784545378.249] [/cloud_crop_bridge]: [CloudCrop] 3177 -> 659 pts (21%)
[WARN] [1784545378.365] [/px4_ctrl_bridge]: [px4_bridge] AVOIDANCE ACTIVE -> forwarding /target_avoidance
[INFO] [1784545378.701] [/local_avoidance]: [local_avoidance] avoiding...  min_dist=0.51 m
[WARN] [1784545379.141] [/exploration_node]: wait for trigger.
[WARN] [1784545379.367] [/px4_ctrl_bridge]: [px4_bridge] AVOIDANCE ACTIVE -> forwarding /target_avoidance
[INFO] [1784545379.702] [/local_avoidance]: [local_avoidance] avoiding...  min_dist=0.52 m
[WARN] [1784545380.375] [/px4_ctrl_bridge]: [px4_bridge] AVOIDANCE ACTIVE -> forwarding /target_avoidance
[INFO] [1784545380.703] [/local_avoidance]: [local_avoidance] avoiding...  min_dist=0.53 m
[WARN] [1784545381.375] [/px4_ctrl_bridge]: [px4_bridge] AVOIDANCE ACTIVE -> forwarding /target_avoidance
[INFO] [1784545381.473] [/exploration_node]: [EV] [1784545381.473][   +223.6s][WAIT_TRIGGER] BATT 22.0V | voltage=22.45V percent=8% (repeated x1)
[INFO] [1784545381.752] [/local_avoidance]: [local_avoidance] avoiding...  min_dist=0.55 m
[WARN] [1784545382.375] [/px4_ctrl_bridge]: [px4_bridge] AVOIDANCE ACTIVE -> forwarding /target_avoidance
[INFO] [1784545382.850] [/local_avoidance]: [local_avoidance] avoiding...  min_dist=0.54 m
[INFO] [1784545383.301] [/cloud_crop_bridge]: [CloudCrop] 3195 -> 602 pts (19%)
[WARN] [1784545383.376] [/px4_ctrl_bridge]: [px4_bridge] AVOIDANCE ACTIVE -> forwarding /target_avoidance
[INFO] [1784545383.472] [/exploration_node]: [EV] [1784545383.472][   +225.6s][WAIT_TRIGGER] BATT 22.0V | voltage=22.43V percent=8%
[INFO] [1784545383.852] [/local_avoidance]: [local_avoidance] avoiding...  min_dist=0.52 m
[WARN] [1784545384.151] [/exploration_node]: wait for trigger.
[WARN] [1784545384.385] [/px4_ctrl_bridge]: [px4_bridge] AVOIDANCE ACTIVE -> forwarding /target_avoidance
[INFO] [1784545384.900] [/mavros]: HP: requesting home position
[INFO] [1784545384.903] [/local_avoidance]: [local_avoidance] avoiding...  min_dist=0.56 m
[WARN] [1784545385.385] [/px4_ctrl_bridge]: [px4_bridge] AVOIDANCE ACTIVE -> forwarding /target_avoidance
[INFO] [1784545385.470] [/exploration_node]: [EV] [1784545385.470][   +227.6s][WAIT_TRIGGER] BATT 22.0V | voltage=22.45V percent=8%
[INFO] [1784545385.953] [/local_avoidance]: [local_avoidance] avoiding...  min_dist=0.53 m
[WARN] [1784545386.395] [/px4_ctrl_bridge]: [px4_bridge] AVOIDANCE ACTIVE -> forwarding /target_avoidance
[INFO] [1784545387.001] [/local_avoidance]: [local_avoidance] avoiding...  min_dist=0.54 m
[WARN] [1784545387.396] [/px4_ctrl_bridge]: [px4_bridge] AVOIDANCE ACTIVE -> forwarding /target_avoidance
[INFO] [1784545387.469] [/exploration_node]: [EV] [1784545387.469][   +229.6s][WAIT_TRIGGER] BATT 22.0V | voltage=22.44V percent=8%
[INFO] [1784545388.001] [/local_avoidance]: [local_avoidance] avoiding...  min_dist=0.52 m
[INFO] [1784545388.345] [/cloud_crop_bridge]: [CloudCrop] 3144 -> 721 pts (23%)
[WARN] [1784545388.405] [/px4_ctrl_bridge]: [px4_bridge] AVOIDANCE ACTIVE -> forwarding /target_avoidance
[INFO] [1784545389.052] [/local_avoidance]: [local_avoidance] avoiding...  min_dist=0.56 m
[WARN] [1784545389.161] [/exploration_node]: wait for trigger.
[WARN] [1784545389.418] [/px4_ctrl_bridge]: [px4_bridge] AVOIDANCE ACTIVE -> forwarding /target_avoidance
[INFO] [1784545389.468] [/exploration_node]: [EV] [1784545389.468][   +231.6s][WAIT_TRIGGER] BATT 22.0V | voltage=22.39V percent=6%
[INFO] [1784545390.102] [/local_avoidance]: [local_avoidance] avoiding...  min_dist=0.54 m
[WARN] [1784545390.425] [/px4_ctrl_bridge]: [px4_bridge] AVOIDANCE ACTIVE -> forwarding /target_avoidance
[INFO] [1784545391.158] [/local_avoidance]: [local_avoidance] avoiding...  min_dist=0.49 m
[WARN] [1784545391.425] [/px4_ctrl_bridge]: [px4_bridge] AVOIDANCE ACTIVE -> forwarding /target_avoidance
[INFO] [1784545392.251] [/local_avoidance]: [local_avoidance] avoiding...  min_dist=0.55 m
[WARN] [1784545392.425] [/px4_ctrl_bridge]: [px4_bridge] AVOIDANCE ACTIVE -> forwarding /target_avoidance
[INFO] [1784545393.251] [/local_avoidance]: [local_avoidance] avoiding...  min_dist=0.56 m
[INFO] [1784545393.395] [/cloud_crop_bridge]: [CloudCrop] 3156 -> 593 pts (19%)
[WARN] [1784545393.425] [/px4_ctrl_bridge]: [px4_bridge] AVOIDANCE ACTIVE -> forwarding /target_avoidance
[INFO] [1784545393.465] [/exploration_node]: [EV] [1784545393.465][   +235.6s][WAIT_TRIGGER] BATT 22.0V | voltage=22.38V percent=6% (repeated x1)
[WARN] [1784545394.171] [/exploration_node]: wait for trigger.
[INFO] [1784545394.251] [/local_avoidance]: [local_avoidance] avoiding...  min_dist=0.51 m
[WARN] [1784545394.435] [/px4_ctrl_bridge]: [px4_bridge] AVOIDANCE ACTIVE -> forwarding /target_avoidance
[INFO] [1784545394.900] [/mavros]: HP: requesting home position
[INFO] [1784545395.253] [/local_avoidance]: [local_avoidance] avoiding...  min_dist=0.52 m
[WARN] [1784545395.445] [/px4_ctrl_bridge]: [px4_bridge] AVOIDANCE ACTIVE -> forwarding /target_avoidance
[INFO] [1784545396.301] [/local_avoidance]: [local_avoidance] avoiding...  min_dist=0.52 m
[WARN] [1784545396.445] [/px4_ctrl_bridge]: [px4_bridge] AVOIDANCE ACTIVE -> forwarding /target_avoidance
[INFO] [1784545397.301] [/local_avoidance]: [local_avoidance] avoiding...  min_dist=0.53 m
[WARN] [1784545397.455] [/px4_ctrl_bridge]: [px4_bridge] AVOIDANCE ACTIVE -> forwarding /target_avoidance
[INFO] [1784545397.466] [/exploration_node]: [EV] [1784545397.466][   +239.6s][WAIT_TRIGGER] BATT 22.0V | voltage=22.39V percent=6% (repeated x1)
[INFO] [1784545398.301] [/local_avoidance]: [local_avoidance] avoiding...  min_dist=0.50 m
[INFO] [1784545398.401] [/cloud_crop_bridge]: [CloudCrop] 2784 -> 471 pts (17%)
[WARN] [1784545398.455] [/px4_ctrl_bridge]: [px4_bridge] AVOIDANCE ACTIVE -> forwarding /target_avoidance
[WARN] [1784545399.171] [/exploration_node]: wait for trigger.
[INFO] [1784545399.351] [/local_avoidance]: [local_avoidance] avoiding...  min_dist=0.52 m
[INFO] [1784545399.462] [/exploration_node]: [EV] [1784545399.461][   +241.6s][WAIT_TRIGGER] BATT 22.0V | voltage=22.38V percent=6%
[WARN] [1784545399.465] [/px4_ctrl_bridge]: [px4_bridge] AVOIDANCE ACTIVE -> forwarding /target_avoidance
[INFO] [1784545400.351] [/local_avoidance]: [local_avoidance] avoiding...  min_dist=0.56 m
[WARN] [1784545400.465] [/px4_ctrl_bridge]: [px4_bridge] AVOIDANCE ACTIVE -> forwarding /target_avoidance
[INFO] [1784545401.452] [/local_avoidance]: [local_avoidance] avoiding...  min_dist=0.53 m
[WARN] [1784545401.465] [/px4_ctrl_bridge]: [px4_bridge] AVOIDANCE ACTIVE -> forwarding /target_avoidance
[WARN] [1784545402.475] [/px4_ctrl_bridge]: [px4_bridge] AVOIDANCE ACTIVE -> forwarding /target_avoidance
[INFO] [1784545402.553] [/local_avoidance]: [local_avoidance] avoiding...  min_dist=0.53 m
[INFO] [1784545403.447] [/cloud_crop_bridge]: [CloudCrop] 2741 -> 465 pts (17%)
[INFO] [1784545403.461] [/exploration_node]: [EV] [1784545403.461][   +245.6s][WAIT_TRIGGER] BATT 22.0V | voltage=22.39V percent=7% (repeated x1)
[WARN] [1784545403.475] [/px4_ctrl_bridge]: [px4_bridge] AVOIDANCE ACTIVE -> forwarding /target_avoidance
[INFO] [1784545403.651] [/local_avoidance]: [local_avoidance] avoiding...  min_dist=0.54 m
[WARN] [1784545404.181] [/exploration_node]: wait for trigger.
[WARN] [1784545404.476] [/px4_ctrl_bridge]: [px4_bridge] AVOIDANCE ACTIVE -> forwarding /target_avoidance
[INFO] [1784545404.702] [/local_avoidance]: [local_avoidance] avoiding...  min_dist=0.56 m
[INFO] [1784545404.900] [/mavros]: HP: requesting home position
[INFO] [1784545405.458] [/exploration_node]: [EV] [1784545405.458][   +247.6s][WAIT_TRIGGER] BATT 22.0V | voltage=22.40V percent=7%
[WARN] [1784545405.485] [/px4_ctrl_bridge]: [px4_bridge] AVOIDANCE ACTIVE -> forwarding /target_avoidance
[INFO] [1784545405.801] [/local_avoidance]: [local_avoidance] avoiding...  min_dist=0.50 m
[WARN] [1784545406.495] [/px4_ctrl_bridge]: [px4_bridge] AVOIDANCE ACTIVE -> forwarding /target_avoidance
[INFO] [1784545406.903] [/local_avoidance]: [local_avoidance] avoiding...  min_dist=0.52 m
[INFO] [1784545407.457] [/exploration_node]: [EV] [1784545407.456][   +249.6s][WAIT_TRIGGER] BATT 22.0V | voltage=22.39V percent=6%
[WARN] [1784545407.505] [/px4_ctrl_bridge]: [px4_bridge] AVOIDANCE ACTIVE -> forwarding /target_avoidance
[INFO] [1784545408.002] [/local_avoidance]: [local_avoidance] avoiding...  min_dist=0.54 m
[INFO] [1784545408.458] [/cloud_crop_bridge]: [CloudCrop] 3143 -> 702 pts (22%)
[WARN] [1784545408.505] [/px4_ctrl_bridge]: [px4_bridge] AVOIDANCE ACTIVE -> forwarding /target_avoidance
[INFO] [1784545409.103] [/local_avoidance]: [local_avoidance] avoiding...  min_dist=0.54 m
[WARN] [1784545409.181] [/exploration_node]: wait for trigger.
[INFO] [1784545409.455] [/exploration_node]: [EV] [1784545409.455][   +251.6s][WAIT_TRIGGER] BATT 22.0V | voltage=22.40V percent=7%
[WARN] [1784545409.505] [/px4_ctrl_bridge]: [px4_bridge] AVOIDANCE ACTIVE -> forwarding /target_avoidance
[INFO] [1784545410.159] [/local_avoidance]: [local_avoidance] avoiding...  min_dist=0.54 m
[WARN] [1784545410.505] [/px4_ctrl_bridge]: [px4_bridge] AVOIDANCE ACTIVE -> forwarding /target_avoidance
[INFO] [1784545411.252] [/local_avoidance]: [local_avoidance] avoiding...  min_dist=0.53 m
[INFO] [1784545411.454] [/exploration_node]: [EV] [1784545411.454][   +253.6s][WAIT_TRIGGER] BATT 22.0V | voltage=22.37V percent=6%
[WARN] [1784545411.516] [/px4_ctrl_bridge]: [px4_bridge] AVOIDANCE ACTIVE -> forwarding /target_avoidance
[INFO] [1784545412.357] [/local_avoidance]: [local_avoidance] avoiding...  min_dist=0.53 m
[WARN] [1784545412.526] [/px4_ctrl_bridge]: [px4_bridge] AVOIDANCE ACTIVE -> forwarding /target_avoidance
[INFO] [1784545413.454] [/exploration_node]: [EV] [1784545413.454][   +255.6s][WAIT_TRIGGER] BATT 22.0V | voltage=22.36V percent=5%
[INFO] [1784545413.455] [/local_avoidance]: [local_avoidance] avoiding...  min_dist=0.51 m
[INFO] [1784545413.494] [/cloud_crop_bridge]: [CloudCrop] 3252 -> 646 pts (20%)
[WARN] [1784545413.535] [/px4_ctrl_bridge]: [px4_bridge] AVOIDANCE ACTIVE -> forwarding /target_avoidance
[WARN] [1784545414.191] [/exploration_node]: wait for trigger.
[INFO] [1784545414.459] [/local_avoidance]: [local_avoidance] avoiding...  min_dist=0.54 m
[WARN] [1784545414.545] [/px4_ctrl_bridge]: [px4_bridge] AVOIDANCE ACTIVE -> forwarding /target_avoidance
[INFO] [1784545414.900] [/mavros]: HP: requesting home position
[INFO] [1784545415.454] [/exploration_node]: [EV] [1784545415.454][   +257.6s][WAIT_TRIGGER] BATT 22.0V | voltage=22.34V percent=5%
[INFO] [1784545415.508] [/local_avoidance]: [local_avoidance] avoiding...  min_dist=0.56 m
[WARN] [1784545415.560] [/px4_ctrl_bridge]: [px4_bridge] AVOIDANCE ACTIVE -> forwarding /target_avoidance
[WARN] [1784545416.565] [/px4_ctrl_bridge]: [px4_bridge] AVOIDANCE ACTIVE -> forwarding /target_avoidance
[INFO] [1784545416.609] [/local_avoidance]: [local_avoidance] avoiding...  min_dist=0.54 m
[INFO] [1784545417.449] [/exploration_node]: [EV] [1784545417.449][   +259.6s][WAIT_TRIGGER] BATT 22.0V | voltage=22.32V percent=4%
[WARN] [1784545417.566] [/px4_ctrl_bridge]: [px4_bridge] AVOIDANCE ACTIVE -> forwarding /target_avoidance
[INFO] [1784545417.705] [/local_avoidance]: [local_avoidance] avoiding...  min_dist=0.52 m
[INFO] [1784545418.502] [/cloud_crop_bridge]: [CloudCrop] 2726 -> 414 pts (15%)
[WARN] [1784545418.575] [/px4_ctrl_bridge]: [px4_bridge] AVOIDANCE ACTIVE -> forwarding /target_avoidance
[INFO] [1784545418.801] [/local_avoidance]: [local_avoidance] avoiding...  min_dist=0.50 m
[WARN] [1784545419.204] [/exploration_node]: wait for trigger.
[INFO] [1784545419.450] [/exploration_node]: [EV] [1784545419.450][   +261.6s][WAIT_TRIGGER] BATT 22.0V | voltage=22.33V percent=5%
[WARN] [1784545419.585] [/px4_ctrl_bridge]: [px4_bridge] AVOIDANCE ACTIVE -> forwarding /target_avoidance
[INFO] [1784545419.802] [/local_avoidance]: [local_avoidance] avoiding...  min_dist=0.55 m
[WARN] [1784545420.585] [/px4_ctrl_bridge]: [px4_bridge] AVOIDANCE ACTIVE -> forwarding /target_avoidance
[INFO] [1784545420.802] [/local_avoidance]: [local_avoidance] avoiding...  min_dist=0.54 m
[INFO] [1784545421.450] [/exploration_node]: [EV] [1784545421.450][   +263.6s][WAIT_TRIGGER] BATT 22.0V | voltage=22.33V percent=4%
[WARN] [1784545421.595] [/px4_ctrl_bridge]: [px4_bridge] AVOIDANCE ACTIVE -> forwarding /target_avoidance
[INFO] [1784545421.853] [/local_avoidance]: [local_avoidance] avoiding...  min_dist=0.53 m
[WARN] [1784545422.605] [/px4_ctrl_bridge]: [px4_bridge] AVOIDANCE ACTIVE -> forwarding /target_avoidance
[INFO] [1784545422.954] [/local_avoidance]: [local_avoidance] avoiding...  min_dist=0.56 m
[INFO] [1784545423.446] [/exploration_node]: [EV] [1784545423.446][   +265.6s][WAIT_TRIGGER] BATT 22.0V | voltage=22.33V percent=5%
[INFO] [1784545423.548] [/cloud_crop_bridge]: [CloudCrop] 2730 -> 465 pts (17%)
[WARN] [1784545423.605] [/px4_ctrl_bridge]: [px4_bridge] AVOIDANCE ACTIVE -> forwarding /target_avoidance
[INFO] [1784545424.051] [/local_avoidance]: [local_avoidance] avoiding...  min_dist=0.54 m
[WARN] [1784545424.211] [/exploration_node]: wait for trigger.
[WARN] [1784545424.606] [/px4_ctrl_bridge]: [px4_bridge] AVOIDANCE ACTIVE -> forwarding /target_avoidance
[INFO] [1784545424.900] [/mavros]: HP: requesting home position
[INFO] [1784545425.052] [/local_avoidance]: [local_avoidance] avoiding...  min_dist=0.51 m
[INFO] [1784545425.446] [/exploration_node]: [EV] [1784545425.446][   +267.6s][WAIT_TRIGGER] BATT 22.0V | voltage=22.33V percent=4%
[WARN] [1784545425.615] [/px4_ctrl_bridge]: [px4_bridge] AVOIDANCE ACTIVE -> forwarding /target_avoidance
[INFO] [1784545426.101] [/local_avoidance]: [local_avoidance] avoiding...  min_dist=0.54 m
[WARN] [1784545426.615] [/px4_ctrl_bridge]: [px4_bridge] AVOIDANCE ACTIVE -> forwarding /target_avoidance
[INFO] [1784545427.207] [/local_avoidance]: [local_avoidance] avoiding...  min_dist=0.51 m
[WARN] [1784545427.625] [/px4_ctrl_bridge]: [px4_bridge] AVOIDANCE ACTIVE -> forwarding /target_avoidance
[INFO] [1784545428.302] [/local_avoidance]: [local_avoidance] avoiding...  min_dist=0.52 m
[INFO] [1784545428.557] [/cloud_crop_bridge]: [CloudCrop] 3125 -> 666 pts (21%)
[WARN] [1784545428.625] [/px4_ctrl_bridge]: [px4_bridge] AVOIDANCE ACTIVE -> forwarding /target_avoidance
[WARN] [1784545429.221] [/exploration_node]: wait for trigger.
[INFO] [1784545429.402] [/local_avoidance]: [local_avoidance] avoiding...  min_dist=0.56 m
[WARN] [1784545429.635] [/px4_ctrl_bridge]: [px4_bridge] AVOIDANCE ACTIVE -> forwarding /target_avoidance
[INFO] [1784545430.452] [/local_avoidance]: [local_avoidance] avoiding...  min_dist=0.56 m
[WARN] [1784545430.645] [/px4_ctrl_bridge]: [px4_bridge] AVOIDANCE ACTIVE -> forwarding /target_avoidance
[INFO] [1784545431.551] [/local_avoidance]: [local_avoidance] avoiding...  min_dist=0.53 m
[WARN] [1784545431.655] [/px4_ctrl_bridge]: [px4_bridge] AVOIDANCE ACTIVE -> forwarding /target_avoidance
[INFO] [1784545432.651] [/local_avoidance]: [local_avoidance] avoiding...  min_dist=0.52 m
[WARN] [1784545432.655] [/px4_ctrl_bridge]: [px4_bridge] AVOIDANCE ACTIVE -> forwarding /target_avoidance
[INFO] [1784545433.443] [/exploration_node]: [EV] [1784545433.443][   +275.6s][WAIT_TRIGGER] BATT 22.0V | voltage=22.32V percent=4% (repeated x3)
[INFO] [1784545433.601] [/cloud_crop_bridge]: [CloudCrop] 3188 -> 587 pts (18%)
[INFO] [1784545433.663] [/local_avoidance]: [local_avoidance] avoiding...  min_dist=0.53 m
[WARN] [1784545433.665] [/px4_ctrl_bridge]: [px4_bridge] AVOIDANCE ACTIVE -> forwarding /target_avoidance
[WARN] [1784545434.231] [/exploration_node]: wait for trigger.
[WARN] [1784545434.675] [/px4_ctrl_bridge]: [px4_bridge] AVOIDANCE ACTIVE -> forwarding /target_avoidance
[INFO] [1784545434.701] [/local_avoidance]: [local_avoidance] avoiding...  min_dist=0.54 m
[INFO] [1784545434.900] [/mavros]: HP: requesting home position
[WARN] [1784545435.685] [/px4_ctrl_bridge]: [px4_bridge] AVOIDANCE ACTIVE -> forwarding /target_avoidance
[INFO] [1784545435.701] [/local_avoidance]: [local_avoidance] avoiding...  min_dist=0.55 m
[WARN] [1784545436.695] [/px4_ctrl_bridge]: [px4_bridge] AVOIDANCE ACTIVE -> forwarding /target_avoidance
[INFO] [1784545436.803] [/local_avoidance]: [local_avoidance] avoiding...  min_dist=0.53 m
[INFO] [1784545437.438] [/exploration_node]: [EV] [1784545437.438][   +279.6s][WAIT_TRIGGER] BATT 22.0V | voltage=22.31V percent=4% (repeated x1)
[WARN] [1784545437.695] [/px4_ctrl_bridge]: [px4_bridge] AVOIDANCE ACTIVE -> forwarding /target_avoidance
                                                                                                                                                                                                                                                                                                                                                                                                                                                                                                                                                                                                                                                                                                                                                                                                                                                                                                                                                                                                                                                                                                                                                                                                                                                                                                                                                                                                                                                                                                                                                                                                                                                                                                                             